    Finished `test` profile [optimized + debuginfo] target(s) in 0.21s
     Running tests/hdr_raster_swap.rs (/tmp/rrrah-required-corpus-target/debug/deps/hdr_raster_swap-8a71b2c683d0b56c)

running 9 tests
test pict_external_directbits_oracle_swap_pressure_and_metal ... ignored, requires actual GPU and external PICT/TwelveMonkeys corpus
test corrupt_raster_swap_entries_release_memory_and_allow_replacement ... ok
HDR raster adapter: AdapterInfo { name: "Apple M4 Max", vendor: 0, device: 0, device_type: IntegratedGpu, device_pci_bus_id: "", driver: "", driver_info: "", backend: Metal, subgroup_min_size: 4, subgroup_max_size: 64, transient_saves_memory: Some(true), limit_bucket: None }
HDR raster adapter: AdapterInfo { name: "Apple M4 Max", vendor: 0, device: 0, device_type: IntegratedGpu, device_pci_bus_id: "", driver: "", driver_info: "", backend: Metal, subgroup_min_size: 4, subgroup_max_size: 64, transient_saves_memory: Some(true), limit_bucket: None }
Raster transport adapter: Metal Apple M4 Max
Raster transport adapter: Metal Apple M4 Max
Masked XCF adapter: Metal Apple M4 Max
ICC raster swap adapter: Metal Apple M4 Max
Raster transport adapter: Metal Apple M4 Max
test float_rla_swap_preserves_hdr_samples_and_linear_metal_output ... ok
test hdr_raster_swap_preserves_samples_and_linear_metal_output ... ok
test pict_public_route_lease_swap_pressure_and_metal_preserve_rgba ... ok
test avif_clean_aperture_ram_swap_and_metal_preserve_pixels ... ok
Raster transport adapter: Metal Apple M4 Max
test pict_unpacked_xrgb_macos_pixels_survive_swap_pressure_and_metal ... ok
test profiled_png_and_archives_keep_color_through_swap_and_metal ... ok
test masked_legacy_xcf_preserves_explicit_color_assumption_through_swap_and_metal ... ok

test result: ok. 8 passed; 0 failed; 1 ignored; 0 measured; 0 filtered out; finished in 0.15s

