Svt[info]: -------------------------------------------
Svt[info]: SVT [version]:	SVT-AV1 Encoder Lib v4.2.0
Svt[info]: SVT [build]  :	Apple LLVM 21.0.0 (clang-2100.0.123.102)	 64 bit
Svt[info]: LIB Build date: Jul 13 2026 18:06:33
Svt[info]: -------------------------------------------
Svt[info]: Level of Parallelism: 5
Svt[info]: Number of PPCS 140
Svt[info]: [asm level on system : up to neon_i8mm]
Svt[info]: [asm level selected : up to neon_i8mm]
Svt[info]: -------------------------------------------
Svt[info]: SVT [config]: main profile	tier (auto)	level (auto)
Svt[info]: SVT [config]: width / height / fps numerator / fps denominator 		: 128 / 64 / 1 / 1
Svt[info]: SVT [config]: bit-depth / color format 					: 10 / YUV420
Svt[info]: SVT [config]: preset / tune / pred struct 					: 8 / PSNR / random access
Svt[info]: SVT [config]: gop size / mini-gop size / key-frame type 			: 161 / 32 / key frame
Svt[info]: SVT [config]: BRC mode / rate factor 					: CRF / 35.00 
Svt[info]: SVT [config]: AQ mode / Variance Boost 					: 2 / 0
Svt[info]: SVT [config]: sharpness / luminance-based QP bias 				: 0 / 0
Svt[info]: SVT [config]: QP scale compress strength 					: 0
Svt[info]: -------------------------------------------
