warning: function `error` is never used
 --> crates/rrrah-decode/src/camtiff/mef_sensor.rs:4:4
  |
4 | fn error(message: &str) -> DecodeError {
  |    ^^^^^
  |
  = note: `#[warn(dead_code)]` (part of `#[warn(unused)]`) on by default

warning: function `packed_12` is never used
 --> crates/rrrah-decode/src/camtiff/mef_sensor.rs:9:4
  |
9 | fn packed_12(
  |    ^^^^^^^^^

warning: function `decode_zd` is never used
  --> crates/rrrah-decode/src/camtiff/mef_sensor.rs:48:15
   |
48 | pub(super) fn decode_zd(
   |               ^^^^^^^^^

warning: `rrrah-decode` (lib) generated 3 warnings
   Compiling rrrah v0.1.0 (/Users/themoretheless/Documents/Sources/rrrah/crates/rrrah-app)
    Finished `test` profile [optimized + debuginfo] target(s) in 28.32s
     Running unittests src/main.rs (/tmp/rrrah-required-corpus-target/debug/deps/rrrah-9f57a70452950339)

running 2 tests
test cache_maintenance::tests::disabled_and_idle_completion_do_not_create_extra_sweeps ... ok
test cache_maintenance::tests::continuous_neighbours_do_not_postpone_expiry_and_pins_survive ... ok

test result: ok. 2 passed; 0 failed; 0 ignored; 0 measured; 161 filtered out; finished in 0.00s

