    Blocking waiting for file lock on build directory
    Checking cfg-if v1.0.4
    Checking bitflags v2.13.1
    Checking once_cell v1.21.4
    Checking log v0.4.33
    Checking arrayvec v0.7.8
    Checking smallvec v1.15.2
    Checking simd-adler32 v0.3.10
    Checking adler2 v2.0.1
    Checking libm v0.2.16
    Checking libc v0.2.190
    Checking objc2-encode v4.1.0
    Checking bytemuck v1.25.2
    Checking zerocopy v0.8.55
    Checking thiserror v2.0.19
    Checking pin-project-lite v0.2.17
    Checking zlib-rs v0.6.8
    Checking crc32fast v1.5.2
    Checking foldhash v0.2.0
    Checking tracing-core v0.1.36
    Checking miniz_oxide v0.9.1
    Checking static_assertions v1.1.0
    Checking memchr v2.8.3
    Checking equivalent v1.0.2
    Checking miniz_oxide v0.8.9
    Checking fdeflate v0.3.7
    Checking hashbrown v0.17.1
    Checking rustc-hash v1.1.0
    Checking alloc-no-stdlib v2.0.4
    Checking zune-core v0.5.3
   Compiling libloading v0.8.9
    Checking raw-window-handle v0.6.2
    Checking objc2 v0.6.4
    Checking siphasher v1.0.4
    Checking alloc-stdlib v0.2.4
   Compiling clang-sys v1.9.1
    Checking tracing v0.1.44
    Checking bitflags v1.3.2
    Checking arrayref v0.3.9
    Checking fearless_simd v0.4.1
    Checking weezl v0.1.12
    Checking unicode-width v0.2.2
    Checking indexmap v2.14.0
    Checking bit-vec v0.9.1
    Checking zune-jpeg v0.5.15
    Checking brotli-decompressor v5.0.3
    Checking polycool v0.4.0
    Checking unicode-ident v1.0.24
    Checking num-traits v0.2.19
    Checking quick-error v2.0.1
    Checking jxl-bitstream v1.1.0
    Checking jxl-grid v0.6.2
    Checking flate2 v1.1.10
    Checking jxl-threadpool v1.0.0
    Checking bit-set v0.10.0
    Checking codespan-reporting v0.13.1
    Checking scopeguard v1.2.0
    Checking pxfm v0.1.30
    Checking color_quant v1.1.0
    Checking jxl-oxide-common v1.0.0
    Checking jxl-coding v1.0.1
    Checking lock_api v0.4.14
    Checking png v0.18.1
    Checking jxl-image v0.13.0
   Compiling phf_shared v0.13.1
    Checking kurbo v0.13.1
    Checking naga-types v30.0.0
    Checking core_maths v0.1.1
    Checking serde_core v1.0.229
    Checking num-integer v0.1.47
    Checking jxl-modular v0.11.3
    Checking num-complex v0.4.6
    Checking parking_lot_core v0.9.12
    Checking reborrow v0.5.5
    Checking bytes v1.12.1
    Checking wgpu-types v30.0.0
    Checking byteorder-lite v0.1.0
    Checking objc2-core-foundation v0.3.2
    Checking block2 v0.6.2
    Checking num-bigint v0.4.8
    Checking float-cmp v0.9.0
    Checking byte-slice-cast v1.2.3
    Checking pulp-wasm-simd-flag v0.1.1
   Compiling phf_generator v0.13.1
    Checking strict-num v0.1.1
    Checking pulp v0.22.3
    Checking image-webp v0.2.4
    Checking parking_lot v0.12.5
    Checking ttf-parser v0.25.1
    Checking euclid v0.22.14
    Checking jxl-vardct v0.11.1
    Checking dav1d-sys v0.8.3
    Checking objc-sys v0.3.5
    Checking color v0.3.3
    Checking font-types v0.11.3
    Checking zune-inflate v0.2.54
    Checking bitreader v0.3.11
    Checking profiling v1.0.18
    Checking rrrah-memory v0.1.0 (/Users/themoretheless/Documents/Sources/rrrah/crates/rrrah-memory)
    Checking fax v0.2.7
   Compiling lazy_static v1.5.1
    Checking objc2-foundation v0.3.2
    Checking objc2-core-graphics v0.3.2
    Checking linebender_resource_handle v0.1.1
    Checking utf8parse v0.2.2
    Checking hayro-ccitt v0.3.0
    Checking byteorder v1.5.0
    Checking num-rational v0.4.2
   Compiling rustc-hash v2.1.3
    Checking lebe v0.5.3
    Checking bit_field v0.10.3
    Checking anstyle-parse v1.0.0
    Checking peniko v0.6.1
    Checking jxl-frame v0.13.3
    Checking guillotiere v0.7.0
    Checking read-fonts v0.39.2
    Checking objc2 v0.5.2
    Checking av-data v0.4.4
   Compiling bindgen v0.72.1
   Compiling bindgen v0.69.5
    Checking zerofrom v0.1.8
   Compiling phf_macros v0.13.1
    Checking dav1d v0.11.1
    Checking slotmap v1.1.1
    Checking hayro-jpeg2000 v0.3.5
    Checking hayro-jbig2 v0.3.0
    Checking serde v1.0.229
    Checking tiny-skia-path v0.11.4
    Checking brotli v8.0.4
    Checking moxcms v0.8.1
    Checking gif v0.14.2
    Checking half v2.7.1
    Checking ahash v0.8.12
    Checking errno v0.3.14
    Checking aho-corasick v1.1.4
    Checking qoi v0.4.1
    Checking kurbo v0.11.3
    Checking hashbrown v0.13.2
    Checking naga v30.0.0
    Checking tiff v0.11.3
    Checking constant_time_eq v0.4.2
    Checking unicode-script v0.5.8
    Checking regex-syntax v0.8.11
    Checking fallible_collections v0.4.9
    Checking stable_deref_trait v1.2.1
    Checking core-foundation-sys v0.8.7
    Checking mp4parse v0.17.0
    Checking unicode-bidi-mirroring v0.4.0
    Checking objc2-metal v0.3.2
    Checking hayro-postscript v0.1.0
    Checking tinyvec v1.13.3
    Checking colorchoice v1.0.5
    Checking unicode-ccc v0.4.0
    Checking anstyle v1.0.14
    Checking anstyle-query v1.1.5
    Checking is_terminal_polyfill v1.70.2
    Checking unicode-properties v0.1.4
    Checking fontdb v0.23.0
    Checking svgtypes v0.15.3
    Checking core-foundation v0.9.4
    Checking anstream v1.0.0
    Checking rustybuzz v0.20.1
    Checking yoke v0.8.3
    Checking regex-automata v0.4.16
    Checking hayro-syntax v0.7.2
    Checking blake3 v1.8.5
    Checking thiserror v1.0.69
    Checking rustix v1.1.4
    Checking rrrah-core v0.1.0 (/Users/themoretheless/Documents/Sources/rrrah/crates/rrrah-core)
    Checking block2 v0.5.1
    Checking vello_common v0.0.8
    Checking getrandom v0.4.3
    Checking link-cplusplus v1.0.12
    Checking jxl-color v0.11.0
    Checking png v0.17.16
    Checking hayro-cmap v0.1.0
    Checking simplecss v0.2.2
    Checking exr v1.74.2
   Compiling foreign-types-macros v0.2.3
    Checking foreign-types-shared v0.3.1
    Checking xmlwriter v0.1.0
    Checking pico-args v0.5.0
    Checking data-url v0.3.2
    Checking base64 v0.22.1
    Checking fastrand v2.5.0
    Checking unicode-vo v0.1.0
    Checking roxmltree v0.20.0
    Checking imagesize v0.13.0
    Checking zune-core v0.4.12
    Checking dispatch v0.2.0
    Checking unicode-bidi v0.3.18
    Checking objc2-foundation v0.2.2
    Checking zune-jpeg v0.4.21
    Checking tempfile v3.27.0
    Checking regex v1.13.1
    Checking tiny-skia v0.11.4
    Checking usvg v0.45.1
    Checking jxl-render v0.12.4
    Checking vello_cpu v0.0.8
    Checking charls-sys v2.4.5
    Checking libheif-sys v5.3.1+1.23.1
    Checking openjpeg-sys v1.0.12
    Checking basis-universal-sys v0.3.1
    Checking core-graphics-types v0.1.3
    Checking anyhow v1.0.104
    Checking zmij v1.0.23
    Checking pic-scale v0.7.12
    Checking jxl-jbr v0.2.1
    Checking objc2-quartz-core v0.3.2
    Checking gif v0.13.3
    Checking rgb v0.8.53
    Checking raw-window-metal v1.1.0
    Checking four-cc v0.4.0
    Checking strsim v0.11.1
    Checking jiff-core v0.1.0
    Checking itoa v1.0.18
    Checking option-ext v0.2.0
    Checking clap_lex v1.1.0
    Checking dirs-sys v0.5.0
    Checking libheif-rs v3.0.0
    Checking serde_json v1.0.151
    Checking resvg v0.45.1
    Checking clap_builder v4.6.2
    Checking basis-universal v0.3.1
    Checking jpeg2k v0.10.1
    Checking charls v0.4.2
    Checking env_filter v2.0.0
    Checking rrrah-swap v0.1.0 (/Users/themoretheless/Documents/Sources/rrrah/crates/rrrah-swap)
    Checking crossbeam-utils v0.8.22
    Checking zip v6.0.0
    Checking texture2ddecoder v0.1.2
    Checking cursor-icon v1.2.0
    Checking jiff v0.2.34
    Checking dpi v0.1.2
    Checking smol_str v0.2.2
    Checking crossbeam-channel v0.5.16
    Checking rrrah-cache v0.1.0 (/Users/themoretheless/Documents/Sources/rrrah/crates/rrrah-cache)
    Checking image v0.25.10
    Checking phf v0.13.1
    Checking directories v6.0.0
    Checking pollster v0.4.0
    Checking skrifa v0.42.1
    Checking clap v4.6.3
    Checking objc2-app-kit v0.2.2
    Checking foreign-types v0.5.0
    Checking core-graphics v0.23.2
    Checking wgpu-naga-bridge v30.0.0
    Checking wgpu-hal v30.0.0
    Checking env_logger v0.11.11
    Checking hayro-interpret v0.7.0
    Checking jxl-oxide v0.12.6
    Checking wgpu-core-deps-apple v30.0.0
    Checking wgpu-core v30.0.0
    Checking winit v0.30.13
    Checking hayro v0.7.1
   Compiling jpegxr v0.3.1
   Compiling astcenc-sys v0.2.0
    Checking wgpu v30.0.0
    Checking rrrah-gpu v0.1.0 (/Users/themoretheless/Documents/Sources/rrrah/crates/rrrah-gpu)
    Checking rrrah-decode v0.1.0 (/Users/themoretheless/Documents/Sources/rrrah/crates/rrrah-decode)
    Checking rrrah v0.1.0 (/Users/themoretheless/Documents/Sources/rrrah/crates/rrrah-app)
    Finished `dev` profile [optimized + debuginfo] target(s) in 32.71s
