
running 3 tests
test pict_public_route_lease_swap_pressure_and_metal_preserve_rgba ... ok
test pict_unpacked_xrgb_macos_pixels_survive_swap_pressure_and_metal ... ok
test pict_external_directbits_oracle_swap_pressure_and_metal ... ok

test result: ok. 3 passed; 0 failed; 0 ignored; 0 measured; 4 filtered out; finished in 2.57s

warning: function `error` is never used
 --> crates/rrrah-decode/src/camtiff/mef_sensor.rs:4:4
  |
4 | fn error(message: &str) -> DecodeError {
  |    ^^^^^
  |
  = note: `#[warn(dead_code)]` (part of `#[warn(unused)]`) on by default

warning: function `packed_12` is never used
 --> crates/rrrah-decode/src/camtiff/mef_sensor.rs:9:4
  |
9 | fn packed_12(
  |    ^^^^^^^^^

warning: function `decode_zd` is never used
  --> crates/rrrah-decode/src/camtiff/mef_sensor.rs:48:15
   |
48 | pub(super) fn decode_zd(
   |               ^^^^^^^^^

warning: `rrrah-decode` (lib) generated 3 warnings
    Finished `test` profile [optimized + debuginfo] target(s) in 0.19s
     Running tests/hdr_raster_swap.rs (/private/tmp/rrrah-required-corpus-target/debug/deps/hdr_raster_swap-eb06de8f57128bfc)
PICT adapter: Metal Apple M4 Max
PICT adapter: Metal Apple M4 Max
PICT adapter: Metal Apple M4 Max
PICT adapter: Metal Apple M4 Max
PICT adapter: Metal Apple M4 Max
PICT adapter: Metal Apple M4 Max
PICT adapter: Metal Apple M4 Max
