{
  "status": "verified_six_region_collection_prefix",
  "report_sha256": "6b6ef8b9d3afa3d281578c1cb132a701b3bafc983985f2c2d6de36291736eb47",
  "verified_queries": 2,
  "verified_models": 2,
  "verified_native_collection_queries": 2,
  "lane_support_gains": [
    {
      "query_id": "200001.jpg",
      "lane": 0,
      "old_supports": 7,
      "new_supports": 21
    },
    {
      "query_id": "200001.jpg",
      "lane": 1,
      "old_supports": 7,
      "new_supports": 21
    }
  ],
  "scope": "Completed ordered prefix only. Independent domains/pixel admission and prior constituent parity; not full corpus, precision or full-library qualification.",
  "required_queries": 229,
  "six_whole_candidates": [
    "200001.jpg"
  ],
  "spatial_region_supported_queries": [
    "200001.jpg"
  ],
  "whole_or_region_supported_queries": [
    "200001.jpg"
  ]
}
