   Compiling hayro-interpret v0.7.0 (/Users/themoretheless/Documents/Sources/rrrah/vendor/hayro-interpret)
   Compiling hayro v0.7.1 (/Users/themoretheless/Documents/Sources/rrrah/vendor/hayro)
   Compiling rrrah-decode v0.1.0 (/Users/themoretheless/Documents/Sources/rrrah/crates/rrrah-decode)
   Compiling rrrah-dedup v0.1.0 (/Users/themoretheless/Documents/Sources/rrrah/crates/rrrah-dedup)
warning: type does not implement `Debug`; consider adding `#[derive(Debug)]` or a manual implementation
  --> crates/rrrah-dedup/src/gradient_index.rs:17:1
   |
17 | / pub struct GradientDescriptorIndex<'a> {
18 | |     entries: &'a [(u64, GradientDescriptor)],
19 | |     order: SharedBuffer<usize>,
20 | |     axis: usize,
21 | |     recipe: GradientCellRecipe,
22 | | }
   | |_^
   |
   = note: requested on the command line with `-W missing-debug-implementations`

warning: `rrrah-dedup` (lib) generated 1 warning
warning: unused import: `LocalFileError`
  --> crates/rrrah-dedup/tests/five_region_lifecycle.rs:49:13
   |
49 |             LocalFileError, ProjectiveComplementaryFilePolicy, ProjectivePortfolioFilePolicy,
   |             ^^^^^^^^^^^^^^
   |
   = note: `#[warn(unused_imports)]` (part of `#[warn(unused)]`) on by default

warning: unused import: `LocalFileError`
  --> crates/rrrah-dedup/tests/five_region_admission.rs:49:13
   |
49 |             LocalFileError, ProjectiveComplementaryFilePolicy, ProjectivePortfolioFilePolicy,
   |             ^^^^^^^^^^^^^^
   |
   = note: `#[warn(unused_imports)]` (part of `#[warn(unused)]`) on by default

warning: unused imports: `cell::Cell` and `io::Write`
  --> crates/rrrah-dedup/tests/five_region_admission.rs:58:15
   |
58 |     use std::{cell::Cell, io::Write};
   |               ^^^^^^^^^^  ^^^^^^^^^

warning: unused import: `scan_projective_local_collection_five_searches`
   --> crates/rrrah-dedup/tests/five_region_admission.rs:190:51
    |
190 |             ProjectiveFiveSearchCollectionPolicy, scan_projective_local_collection_five_searches,
    |                                                   ^^^^^^^^^^^^^^^^^^^^^^^^^^^^^^^^^^^^^^^^^^^^^^

warning: variable does not need to be mutable
   --> crates/rrrah-dedup/tests/five_region_admission.rs:194:9
    |
194 |     let mut files = vec![
    |         ----^^^^^
    |         |
    |         help: remove this `mut`
    |
    = note: `#[warn(unused_mut)]` (part of `#[warn(unused)]`) on by default

warning: unused variable: `budget`
   --> crates/rrrah-dedup/tests/five_region_admission.rs:145:9
    |
145 |     let budget = MemoryBudget::new(64 * 1024 * 1024);
    |         ^^^^^^ help: if this is intentional, prefix it with an underscore: `_budget`
    |
    = note: `#[warn(unused_variables)]` (part of `#[warn(unused)]`) on by default

warning: unused variable: `files`
   --> crates/rrrah-dedup/tests/five_region_admission.rs:194:9
    |
194 |     let mut files = vec![
    |         ^^^^^^^^^ help: if this is intentional, prefix it with an underscore: `_files`

warning: taking a mutable reference to a `const` item
    --> crates/rrrah-dedup/src/managed_metric.rs:218:59
     |
 218 |                     .search(query, radius, entries.len(), &mut usize::MAX, &budget, || false)
     |                                                           ^^^^^^^^^^^^^^^
     |
     = note: each usage of a `const` item creates a new temporary
     = note: the mutable reference will refer to this temporary, not the original `const` item
note: `const` item defined here
    --> /Users/themoretheless/.rustup/toolchains/stable-aarch64-apple-darwin/lib/rustlib/src/rust/library/core/src/num/uint_macros.rs:51:9
     |
  51 |           pub const MAX: Self = !0;
     |           ^^^^^^^^^^^^^^^^^^^
     |
    ::: /Users/themoretheless/.rustup/toolchains/stable-aarch64-apple-darwin/lib/rustlib/src/rust/library/core/src/num/mod.rs:1449:5
     |
1449 | /     uint_impl! {
1450 | |         Self = usize,
1451 | |         ActualT = u64,
1452 | |         SignedT = isize,
...    |
1472 | |         bound_condition = " on 64-bit targets",
1473 | |     }
     | |_____- in this macro invocation
     = note: `#[warn(const_item_mutation)]` on by default
     = note: this warning originates in the macro `uint_impl` (in Nightly builds, run with -Z macro-backtrace for more info)

warning: taking a mutable reference to a `const` item
    --> crates/rrrah-dedup/src/managed_metric.rs:237:36
     |
 237 |             index.search(0, 64, 0, &mut usize::MAX, &budget, || false),
     |                                    ^^^^^^^^^^^^^^^
     |
     = note: each usage of a `const` item creates a new temporary
     = note: the mutable reference will refer to this temporary, not the original `const` item
note: `const` item defined here
    --> /Users/themoretheless/.rustup/toolchains/stable-aarch64-apple-darwin/lib/rustlib/src/rust/library/core/src/num/uint_macros.rs:51:9
     |
  51 |           pub const MAX: Self = !0;
     |           ^^^^^^^^^^^^^^^^^^^
     |
    ::: /Users/themoretheless/.rustup/toolchains/stable-aarch64-apple-darwin/lib/rustlib/src/rust/library/core/src/num/mod.rs:1449:5
     |
1449 | /     uint_impl! {
1450 | |         Self = usize,
1451 | |         ActualT = u64,
1452 | |         SignedT = isize,
...    |
1472 | |         bound_condition = " on 64-bit targets",
1473 | |     }
     | |_____- in this macro invocation
     = note: this warning originates in the macro `uint_impl` (in Nightly builds, run with -Z macro-backtrace for more info)

warning: taking a mutable reference to a `const` item
    --> crates/rrrah-dedup/src/managed_metric.rs:242:37
     |
 242 |             index.search(0, 64, 96, &mut usize::MAX, &budget, || true),
     |                                     ^^^^^^^^^^^^^^^
     |
     = note: each usage of a `const` item creates a new temporary
     = note: the mutable reference will refer to this temporary, not the original `const` item
note: `const` item defined here
    --> /Users/themoretheless/.rustup/toolchains/stable-aarch64-apple-darwin/lib/rustlib/src/rust/library/core/src/num/uint_macros.rs:51:9
     |
  51 |           pub const MAX: Self = !0;
     |           ^^^^^^^^^^^^^^^^^^^
     |
    ::: /Users/themoretheless/.rustup/toolchains/stable-aarch64-apple-darwin/lib/rustlib/src/rust/library/core/src/num/mod.rs:1449:5
     |
1449 | /     uint_impl! {
1450 | |         Self = usize,
1451 | |         ActualT = u64,
1452 | |         SignedT = isize,
...    |
1472 | |         bound_condition = " on 64-bit targets",
1473 | |     }
     | |_____- in this macro invocation
     = note: this warning originates in the macro `uint_impl` (in Nightly builds, run with -Z macro-backtrace for more info)

warning: calls to `std::mem::drop` with a value that implements `Copy` does nothing
   --> crates/rrrah-dedup/examples/mesh_rank_probe.rs:130:5
    |
130 |     drop(av);
    |     ^^^^^--^
    |          |
    |          argument has type `LinearRgbaView<'_>`
    |
    = note: `#[warn(dropping_copy_types)]` on by default
help: use `let _ = ...` to ignore the expression or result
    |
130 -     drop(av);
130 +     let _ = av;
    |

warning: calls to `std::mem::drop` with a value that implements `Copy` does nothing
   --> crates/rrrah-dedup/examples/mesh_rank_probe.rs:131:5
    |
131 |     drop(bv);
    |     ^^^^^--^
    |          |
    |          argument has type `LinearRgbaView<'_>`
    |
help: use `let _ = ...` to ignore the expression or result
    |
131 -     drop(bv);
131 +     let _ = bv;
    |

warning: `rrrah-dedup` (example "mesh_rank_probe") generated 2 warnings
warning: unused import: `LocalFileError`
  --> crates/rrrah-dedup/tests/five_gradient_region_lifecycle.rs:49:13
   |
49 |             LocalFileError, ProjectiveComplementaryFilePolicy, ProjectivePortfolioFilePolicy,
   |             ^^^^^^^^^^^^^^
   |
   = note: `#[warn(unused_imports)]` (part of `#[warn(unused)]`) on by default

warning: unused import: `scan_projective_local_collection_five_searches`
   --> crates/rrrah-dedup/tests/five_gradient_region_lifecycle.rs:190:51
    |
190 |             ProjectiveFiveSearchCollectionPolicy, scan_projective_local_collection_five_searches,
    |                                                   ^^^^^^^^^^^^^^^^^^^^^^^^^^^^^^^^^^^^^^^^^^^^^^

warning: `rrrah-dedup` (test "five_region_lifecycle") generated 1 warning (run `cargo fix --test "five_region_lifecycle" -p rrrah-dedup` to apply 1 suggestion)
warning: `rrrah-dedup` (test "five_gradient_region_lifecycle") generated 2 warnings (run `cargo fix --test "five_gradient_region_lifecycle" -p rrrah-dedup` to apply 2 suggestions)
warning: `rrrah-dedup` (test "five_region_admission") generated 6 warnings (run `cargo fix --test "five_region_admission" -p rrrah-dedup` to apply 6 suggestions)
warning: unused import: `compare_local_files_projective`
 --> crates/rrrah-dedup/tests/region_transform.rs:8:35
  |
8 |     local_scan::{LocalFilePolicy, compare_local_files_projective},
  |                                   ^^^^^^^^^^^^^^^^^^^^^^^^^^^^^^
  |
  = note: `#[warn(unused_imports)]` (part of `#[warn(unused)]`) on by default

warning: unused import: `compare_local_files_projective_pyramid_photometric`
  --> crates/rrrah-dedup/tests/region_transform.rs:50:13
   |
50 |             compare_local_files_projective_pyramid_photometric,
   |             ^^^^^^^^^^^^^^^^^^^^^^^^^^^^^^^^^^^^^^^^^^^^^^^^^^

warning: calls to `std::mem::drop` with a value that implements `Copy` does nothing
   --> crates/rrrah-dedup/tests/region_transform.rs:119:183
    |
119 | ...r.accepted_region));drop(negative);drop(unrelated_view);drop(unrelated);drop(view);drop(image);drop(direct);assert_eq!(budget.us...
    |                                       ^^^^^--------------^
    |                                            |
    |                                            argument has type `LinearRgbaView<'_>`
    |
    = note: `#[warn(dropping_copy_types)]` on by default
help: use `let _ = ...` to ignore the expression or result
    |
119 -     let negative=verify_projective_region_grid_views(&view,&unrelated_view,model,q,(2,2),&budget,||false).unwrap();assert!(!negative.iter().any(|r|r.accepted_region));drop(negative);drop(unrelated_view);drop(unrelated);drop(view);drop(image);drop(direct);assert_eq!(budget.used(),0);
119 +     let negative=verify_projective_region_grid_views(&view,&unrelated_view,model,q,(2,2),&budget,||false).unwrap();assert!(!negative.iter().any(|r|r.accepted_region));drop(negative);let _ = unrelated_view;drop(unrelated);drop(view);drop(image);drop(direct);assert_eq!(budget.used(),0);
    |

warning: calls to `std::mem::drop` with a value that implements `Copy` does nothing
   --> crates/rrrah-dedup/tests/region_transform.rs:119:220
    |
119 | ...e);drop(unrelated_view);drop(unrelated);drop(view);drop(image);drop(direct);assert_eq!(budget.used(),0);
    |                                            ^^^^^----^
    |                                                 |
    |                                                 argument has type `LinearRgbaView<'_>`
    |
help: use `let _ = ...` to ignore the expression or result
    |
119 -     let negative=verify_projective_region_grid_views(&view,&unrelated_view,model,q,(2,2),&budget,||false).unwrap();assert!(!negative.iter().any(|r|r.accepted_region));drop(negative);drop(unrelated_view);drop(unrelated);drop(view);drop(image);drop(direct);assert_eq!(budget.used(),0);
119 +     let negative=verify_projective_region_grid_views(&view,&unrelated_view,model,q,(2,2),&budget,||false).unwrap();assert!(!negative.iter().any(|r|r.accepted_region));drop(negative);drop(unrelated_view);drop(unrelated);let _ = view;drop(image);drop(direct);assert_eq!(budget.used(),0);
    |

warning: unused import: `LocalFileError`
  --> crates/rrrah-dedup/tests/five_collection.rs:49:13
   |
49 |             LocalFileError, ProjectiveComplementaryFilePolicy, ProjectivePortfolioFilePolicy,
   |             ^^^^^^^^^^^^^^
   |
   = note: `#[warn(unused_imports)]` (part of `#[warn(unused)]`) on by default

warning: unused imports: `LocalFileError`, `ProjectiveComplementaryFilePolicy`, `ProjectivePortfolioFilePolicy`, `ProjectiveRegistrationPolicy`, `ProjectiveRegistrationPortfolioPolicy`, and `ProjectiveRegistrationTrustPolicy`
  --> crates/rrrah-dedup/tests/gradient_collection.rs:49:13
   |
49 |             LocalFileError, ProjectiveComplementaryFilePolicy, ProjectivePortfolioFilePolicy,
   |             ^^^^^^^^^^^^^^  ^^^^^^^^^^^^^^^^^^^^^^^^^^^^^^^^^  ^^^^^^^^^^^^^^^^^^^^^^^^^^^^^
...
54 |             ProjectiveRegistrationPolicy, ProjectiveRegistrationPortfolioPolicy,
   |             ^^^^^^^^^^^^^^^^^^^^^^^^^^^^  ^^^^^^^^^^^^^^^^^^^^^^^^^^^^^^^^^^^^^
55 |             ProjectiveRegistrationTrustPolicy,
   |             ^^^^^^^^^^^^^^^^^^^^^^^^^^^^^^^^^
   |
   = note: `#[warn(unused_imports)]` (part of `#[warn(unused)]`) on by default

warning: `rrrah-dedup` (test "region_transform") generated 4 warnings (run `cargo fix --test "region_transform" -p rrrah-dedup` to apply 2 suggestions)
warning: `rrrah-dedup` (test "gradient_collection") generated 1 warning (run `cargo fix --test "gradient_collection" -p rrrah-dedup` to apply 1 suggestion)
warning: unused import: `compare_local_files_projective`
 --> crates/rrrah-dedup/tests/region_grid_files.rs:8:35
  |
8 |     local_scan::{LocalFilePolicy, compare_local_files_projective},
  |                                   ^^^^^^^^^^^^^^^^^^^^^^^^^^^^^^
  |
  = note: `#[warn(unused_imports)]` (part of `#[warn(unused)]`) on by default

warning: unused import: `compare_local_files_projective_pyramid_photometric`
  --> crates/rrrah-dedup/tests/region_grid_files.rs:50:13
   |
50 |             compare_local_files_projective_pyramid_photometric,
   |             ^^^^^^^^^^^^^^^^^^^^^^^^^^^^^^^^^^^^^^^^^^^^^^^^^^

warning: `rrrah-dedup` (test "five_collection") generated 1 warning (run `cargo fix --test "five_collection" -p rrrah-dedup` to apply 1 suggestion)
warning: `rrrah-dedup` (test "region_grid_files") generated 2 warnings (run `cargo fix --test "region_grid_files" -p rrrah-dedup` to apply 2 suggestions)
warning: `rrrah-dedup` (lib test) generated 4 warnings (1 duplicate)
    Finished `test` profile [optimized + debuginfo] target(s) in 7m 08s
     Running unittests src/lib.rs (target/debug/deps/rrrah_dedup-f6ec6102079208bb)

running 52 tests
test animated::timeline_key_tests::rational_sum_overflow_is_inconclusive_despite_direct_timeline_equality ... ok
test animated::timeline_key_tests::zero_duration_timelines_ignore_pixels_but_retain_repetition ... ok
test exact::collision_tests::final_content_validation_rejects_change_even_when_metadata_matches ... ok
test exact::collision_tests::read_buffer_capacity_failure_is_explicit_and_retry_succeeds ... ok
test container::reuse_tests::retained_left_survives_memory_refusal_and_releases_before_row_change ... ok
test container::reuse_tests::stale_different_signatures_are_errors_and_equal_signatures_require_confirmation ... ok
test exact::collision_tests::verified_observations_detect_metadata_invisible_pruned_mutations ... ok
test container::reuse_tests::retained_left_reuses_pixels_and_rejects_changed_source_and_cancellation ... ok
test gradient_scale::area_tests::footprint_average_removes_stripe_alias_and_matches_fractional_oracle ... ok
test local_collection::compact_portfolio_tests::incremental_batches_admit_overlap_and_preserve_previous_batch_on_failure ... ok
test local_collection::compact_portfolio_tests::compaction_admits_overlap_preserves_order_and_rolls_back ... ok
test local_index::managed_owner_slots_tests::binary_owner_table_parity_credit_lifetime_and_refusals ... ok
test local_collection::gradient_metadata_tests::gradient_id_scratch_exact_limit_cancellation_and_ownership ... ok
test container::reuse_tests::indexed_groups_remove_changed_sources_without_losing_healthy_edges ... ok
test local_scan::feature_memory_tests::grayscale_admission_accounts_for_other_owners_and_releases_on_cancel ... ok
test exact::observed_snapshot_policy_tests::replacement_after_initial_metadata_cannot_bypass_observed_size_limit ... ok
test local_scan::reflected_model_confirmation_tests::a_rejected_second_model_does_not_convert_first_fit_failure_to_a_negative ... ok
test local_scan::reflected_model_confirmation_tests::alternative_confirmation_cancel_and_work_limits_remain_terminal ... ok
test local_scan::feature_memory_tests::retained_feature_storage_keeps_credit_until_last_owner ... ok
test local_scan::reflected_model_confirmation_tests::exhausted_model_fits_preserve_first_inconclusive_reason ... ok
test local_scan::reflected_model_confirmation_tests::insufficient_fit_support_in_first_model_does_not_hide_second_verified_model ... ok
test local_scan::reflected_model_confirmation_tests::coefficient_bounds_and_low_variance_failures_are_also_model_specific ... ok
test local_scan::reflected_model_confirmation_tests::reflected_ranged_models_recover_fit_and_preserve_selected_domain ... ok
test local_scan::reflected_model_confirmation_tests::ordinary_alternative_models_recover_photometric_range_and_display_fits ... ok
test container::reuse_tests::signature_preparation_errors_remain_pair_issues_without_unique_classification ... ok
test managed_descriptor_union::tests::sparse_union_equals_independent_minimum_distance_and_releases ... ok
test managed_pair_counts::tests::collision_chain_cancellation_preserves_counts_at_every_checkpoint ... ok
test managed_pair_counts::tests::pair_table_matches_independent_counts_and_admits_before_allocating ... ok
test managed_metric::tests::managed_tree_equals_exhaustive_and_retains_results_credit ... ok
test local_scan::reflected_model_confirmation_tests::selected_encoded_filter_retains_auxiliary_linear_failure ... ok
test managed_pair_counts::tests::sparse_growth_admission_and_every_transfer_cancellation_are_atomic ... ok
test managed_targets::tests::targets_reuse_credit_and_preserve_unique_sorted_opaque_ids ... ok
test tests::empty_and_duplicate_fingerprints ... ok
test exact::collision_tests::colliding_samples_and_full_hashes_still_partition_by_bytes ... ok
test tests::traversal_work_exhaustion_is_distinct_from_failure ... ok
test cache::publication_tests::directory_sync_failure_reports_already_published_complete_cache ... ok
test visual::distinct_variant_tests::repeated_complete_variants_preserve_all_ids_and_exact_metric ... ok
test tests::collision_membership_keeps_arbitrary_order_and_pair_identity ... ok
test tests::indexed_search_matches_independent_exhaustive_scan ... ok
test managed_visual::tests::managed_complete_recipe_matches_independent_comparison_and_cancellation ... ok
test warp::encoded_signal_tests::extended_srgb_landmarks_match_independent_decimal_oracle_without_clipping ... ok
test warp::encoded_signal_tests::transfer_precedes_premultiplication_and_bilinear_sampling ... ok
test warp::bounded_fit_tests::boundary_fit_matches_exhaustive_rectangle_and_beats_independent_clipping ... ok
test warp::regional_reuse_tests::reused_whole_evidence_preserves_regions_and_reduces_observed_work ... ok
test container::reuse_tests::candidate_collisions_and_signature_failures_cannot_replace_direct_evidence ... ok
test pages::page_key_tests::key_retains_page_order_and_count_independently_of_first_page ... ok
test pixel_index::tests::injected_constant_keys_still_require_direct_pixel_confirmation ... ok
test container::reuse_tests::indexed_groups_keep_labels_under_collisions_failure_and_candidate_caps ... ok
test container::reuse_tests::reused_pair_latches_every_cancellation_checkpoint_and_generation_token ... ok
test container::reuse_tests::indexed_groups_keep_selected_pages_and_animation_scopes_separate ... ok
test container::reuse_tests::whole_signature_pipeline_cancels_at_every_checkpoint_without_report_or_leaks ... ok
test container::reuse_tests::indexed_groups_cancel_without_partial_output_at_every_normal_checkpoint ... ok

test result: ok. 52 passed; 0 failed; 0 ignored; 0 measured; 0 filtered out; finished in 4.40s

     Running tests/affine_candidate_search.rs (target/debug/deps/affine_candidate_search-08064898fff9db7b)

running 1 test
test native_geometry_drives_guarded_affine_grid_without_manual_model ... ok

test result: ok. 1 passed; 0 failed; 0 ignored; 0 measured; 0 filtered out; finished in 1.14s

     Running tests/affine_color.rs (target/debug/deps/affine_color-99874c80e9e0df40)

running 4 tests
test every_fit_and_validation_checkpoint_cancels_without_partial_evidence ... ok
test uniform_rank_deficient_and_target_singular_inputs_refuse ... ok
test coefficient_offset_range_and_preflight_work_bounds ... ok
test independent_mixed_channel_transform_and_disjoint_validation ... ok

test result: ok. 4 passed; 0 failed; 0 ignored; 0 measured; 0 filtered out; finished in 0.00s

     Running tests/affine_color_heldout_negative.rs (target/debug/deps/affine_color_heldout_negative-e89686fdeb1588ab)

running 1 test
test fitted_color_does_not_accept_unrelated_heldout_samples ... ok

test result: ok. 1 passed; 0 failed; 0 ignored; 0 measured; 0 filtered out; finished in 0.00s

     Running tests/affine_region.rs (target/debug/deps/affine_region-804a1ecf7c045aba)

running 8 tests
test preflight_and_mid_sampling_cancel_release_credit ... ok
test diagnostic_training_pass_cancels_and_releases_samples ... ok
test identity_is_heldout_verified_and_memory_released ... ok
test source_footprint_mid_tap_cancel_releases_all_managed_credit ... ok
test source_footprint_preserves_analytic_anisotropic_pair_and_accounts_eight_reads ... ok
test training_diagnostic_distinguishes_heldout_damage_without_extra_pixels ... ok
test saturated_uniform_filter_refuses_as_uninformative_not_invalid ... ok
test radius24_is_admitted_by_work_budget_and_refused_before_allocation_when_short ... ok

test result: ok. 8 passed; 0 failed; 0 ignored; 0 measured; 0 filtered out; finished in 0.03s

     Running tests/affine_region_file.rs (target/debug/deps/affine_region_file-8bab19142faf8a42)

running 5 tests
test cancellation_and_cumulative_work_refuse_before_missing_source_io ... ok
test common_footprint_files_preserve_mutation_replacement_and_sticky_cancel ... ok
test stable_files_verify_and_mutation_or_replacement_discards_evidence ... ok
test diagnostic_files_preserve_mutation_replacement_and_sticky_cancel ... ok
test automatic_file_grid_guards_source_and_retains_managed_regions ... ok

test result: ok. 5 passed; 0 failed; 0 ignored; 0 measured; 0 filtered out; finished in 0.01s

     Running tests/affine_region_grid.rs (target/debug/deps/affine_region_grid-529e087169e79346)

running 2 tests
test uniform_regions_are_retained_as_refusals_and_cancel_discards_partial_grid ... ok
test automatic_grid_retains_both_direction_results_and_managed_ownership ... ok

test result: ok. 2 passed; 0 failed; 0 ignored; 0 measured; 0 filtered out; finished in 0.05s

     Running tests/affine_region_input_contract.rs (target/debug/deps/affine_region_input_contract-353248817946ce9f)

running 2 tests
test overflowed_domains_and_radius_refuse_before_allocation ... ok
test unsupported_alpha_and_scene_range_refuse_in_either_direction_without_clipping ... ok

test result: ok. 2 passed; 0 failed; 0 ignored; 0 measured; 0 filtered out; finished in 0.00s

     Running tests/animated.rs (target/debug/deps/animated-2b032b23c07ec228)

running 7 tests
test changed_gif_timing_prevents_whole_animation_equality ... ok
test independent_cross_container_timeline_splits_and_negatives ... ok
test complete_existing_composition_fixtures_decode_and_compare ... ok
test gif_disposal_modes_match_independently_composited_full_canvas_apng ... ok
test every_observed_animation_cancellation_checkpoint_releases_and_allows_retry ... ok
test every_apng_truncation_and_crc_damage_refuses_without_leaking_then_retries ... ok
test every_gif_and_webp_truncation_refuses_releases_memory_and_recovers ... ok

test result: ok. 7 passed; 0 failed; 0 ignored; 0 measured; 0 filtered out; finished in 0.50s

     Running tests/build_context.rs (target/debug/deps/build_context-6c23fae5a6bd9385)

running 2 tests
test context_is_order_independent_and_excludes_unrelated_environment ... ok
test native_build_inputs_and_previously_absent_target_overrides_change_context ... ok

test result: ok. 2 passed; 0 failed; 0 ignored; 0 measured; 0 filtered out; finished in 0.00s

     Running tests/cache.rs (target/debug/deps/cache-dbb7ab66f431719a)

running 7 tests
test cache_publication_child ... ok
test roundtrip_requires_content_recipe_and_frame_identity ... ok
test disk_persistence_is_deterministic_and_rejects_invalid_values ... ok
test atomic_replacement_and_cancel_preserve_previous_cache ... ok
test unwritable_parent_refuses_before_publication_and_preserves_retry ... ok
test process_exit_during_temp_write_preserves_previous_publication_and_retry ... ok
test concurrent_process_writers_publish_only_complete_single_writer_caches ... ok

test result: ok. 7 passed; 0 failed; 0 ignored; 0 measured; 0 filtered out; finished in 0.93s

     Running tests/candidate_union_files.rs (target/debug/deps/candidate_union_files-ef5cb4d3585751fc)

running 9 tests
test fresh_union_regions_match_supplied_model_and_refuse_unrelated ... ok
test asymmetric_smoothing_keeps_original_pixel_confirmation_and_terminal_release ... ok
test asymmetric_smoothing_late_cancellation_and_source_replacement_are_atomic ... ok
test common_source_guard_cancellation_and_preio_aggregate_admission ... ok
test union_collection_retains_every_fresh_positive_and_exact_pair_evidence ... ok
test fallback_preserves_symmetric_positive_and_runs_all_misses_with_atomic_refusal ... ok
test fallback_collection_preserves_fresh_pair_evidence_and_preiteration_admission ... ok
test fallback_collection_cancellation_source_change_and_restored_retry has been running for over 60 seconds
test union_collection_removes_all_changed_source_edges_and_restores_reversed_retry has been running for over 60 seconds
test union_collection_removes_all_changed_source_edges_and_restores_reversed_retry ... ok
test fallback_collection_cancellation_source_change_and_restored_retry ... ok

test result: ok. 9 passed; 0 failed; 0 ignored; 0 measured; 0 filtered out; finished in 200.55s

     Running tests/container.rs (target/debug/deps/container-1c11545eba16d303)

running 14 tests
test generation_change_at_final_group_admission_returns_no_result ... ok
test recursive_complete_animation_groups_preserve_paths_aliases_and_errors ... ok
test exhaustive_scan_does_not_filter_on_zero_duration_first_frame ... ok
test selected_frame_does_not_establish_whole_animation_identity ... ok
test complete_animation_groups_remove_stale_edges_and_keep_healthy_group ... ok
test batch_full_presentations_preserve_negative_and_error_evidence ... ok
test automatic_directory_search_groups_renamed_containers_and_retains_detection_failures ... ok
test dcx_icon_and_cursor_page_modes_use_existing_full_decoders ... ok
test indexed_recursive_corrupt_animation_is_inconclusive_and_preserves_healthy_edges ... ok
test indexed_recursive_memory_refusals_are_attributed_and_retry_recovers_all_edges ... ok
test complete_page_comparison_rejects_last_page_changes_and_limits ... ok
test indexed_recursive_source_change_removes_stale_edges_and_retry_restores_them ... ok
test mixed_recursive_indexed_presentations_cover_all_three_scope_classes ... ok
test indexed_recursive_modes_retain_labelled_groups_with_candidate_only_budget ... ok

test result: ok. 14 passed; 0 failed; 0 ignored; 0 measured; 0 filtered out; finished in 2.59s

     Running tests/content_snapshot.rs (target/debug/deps/content_snapshot-ca7bfd8e2edaaa35)

running 1 test
test full_digest_rejects_equal_length_mutation_and_budget_excess ... ok

test result: ok. 1 passed; 0 failed; 0 ignored; 0 measured; 0 filtered out; finished in 0.00s

     Running tests/correspondence_union.rs (target/debug/deps/correspondence_union-9c6d644bde40f187)

running 2 tests
test checked_admission_invalid_inputs_every_cancellation_and_retry ... ok
test union_matches_independent_greedy_oracle_including_boundaries_duplicates_and_order ... ok

test result: ok. 2 passed; 0 failed; 0 ignored; 0 measured; 0 filtered out; finished in 0.00s

     Running tests/crop.rs (target/debug/deps/crop-59ca6667701a229d)

running 3 tests
test bordered_hdr_image_matches_only_the_full_crop ... ok
test work_budget_and_mid_search_cancel_are_inconclusive ... ok
test uniform_transparent_matches_expose_ambiguity_and_result_limits ... ok

test result: ok. 3 passed; 0 failed; 0 ignored; 0 measured; 0 filtered out; finished in 0.00s

     Running tests/decode.rs (target/debug/deps/decode-2f9383a69f3b6c82)

running 14 tests
test corrupt_missing_cancelled_and_frame_out_of_range_are_errors ... ok
test public_selected_decode_rejects_a_source_changed_after_output_admission ... ok
test actual_files_ignore_comments_but_not_changed_pixels ... ok
test layered_xcf_duplicates_preserve_color_errors_and_managed_ownership ... ok
test cached_content_does_not_bypass_extension_selected_decoder_errors ... ok
test cached_wal_tracks_external_palette_changes_and_removal ... ok
test mutation_during_processing_never_admits_cached_evidence ... ok
test pre_icc_fix_persisted_recipe_cannot_reuse_current_fingerprint ... ok
test icc_conversion_cancellation_releases_partial_output ... ok
test tiff_shaped_raw_never_uses_generic_page_fallback ... ok
test cached_file_fingerprints_reuse_only_current_content_and_recipe ... ok
test cached_page_selection_and_color_assumptions_never_cross_reuse ... ok
test cache_hits_revalidate_source_and_cancellation_before_returning_evidence ... ok
test multiblock_cache_hit_cancellation_preserves_retry_and_releases_memory ... ok

test result: ok. 14 passed; 0 failed; 0 ignored; 0 measured; 0 filtered out; finished in 1.34s

     Running tests/diagonal_proposals.rs (target/debug/deps/diagonal_proposals-361ecc499849ca81)

running 2 tests
test diagonal_proposal_preserves_landmarks_and_passes_complete_mesh_validation ... ok
test cancellation_budgets_and_invalid_indices_have_no_partial_output ... ok

test result: ok. 2 passed; 0 failed; 0 ignored; 0 measured; 0 filtered out; finished in 0.00s

     Running tests/encoded_srgb.rs (target/debug/deps/encoded_srgb-e3022dd0ed776e3e)

running 2 tests
test encoded_affine_changes_match_independent_decimal_fixtures_and_preserve_linear_identity ... ok
test seven_by_seven_encoded_windows_retain_broad_color_and_alpha_edits ... ok

test result: ok. 2 passed; 0 failed; 0 ignored; 0 measured; 0 filtered out; finished in 0.01s

     Running tests/exact_files.rs (target/debug/deps/exact_files-5b55ae4b220b4c94)

running 16 tests
test hardlink_aliases_and_followed_symlink_cycles ... ok
test missing_input_and_overlap_do_not_lose_valid_results ... ok
test unavailable_non_utf8_path_preserves_diagnostic_bytes ... ok
test same_length_mutation_during_sample_is_detected ... ok
test same_samples_different_middle_are_not_duplicates ... ok
test copies_empty_files_and_equal_size_negatives ... ok
test cancellation_during_full_hash_is_bounded ... ok
test unreadable_file_is_explicit_and_does_not_hide_healthy_copies ... ok
test physical_hardlinks_are_aliases_while_copied_bytes_are_separate_files ... ok
test size_depth_and_entry_limits_are_visible ... ok
test same_bytes_and_modified_time_do_not_hide_physical_file_replacement ... ok
test verified_scan_preserves_groups_and_observes_every_admitted_file ... ok
test fifo_replacement_does_not_block_or_hide_healthy_copies ... ok
test verified_scan_discards_groups_for_one_shot_cancel_at_every_checkpoint ... ok
test nested_overlapping_roots_match_the_full_authored_partition ... ok
test changing_any_member_does_not_hide_healthy_duplicates ... ok

test result: ok. 16 passed; 0 failed; 0 ignored; 0 measured; 0 filtered out; finished in 0.55s

     Running tests/filtered.rs (target/debug/deps/filtered-50416c8ab6b2003a)

running 4 tests
test independently_known_box_mean_retains_strict_high_frequency_differences ... ok
test complete_work_is_admitted_before_sampling_and_cancellation_has_no_partial_evidence ... ok
test broad_content_edits_and_alpha_changes_remain_visible_after_filtering ... ok
test reflected_filter_retains_color_space_alpha_work_and_cancel_policy ... ok

test result: ok. 4 passed; 0 failed; 0 ignored; 0 measured; 0 filtered out; finished in 0.00s

     Running tests/five_collection.rs (target/debug/deps/five_collection-f4c402bb3d4afb17)

running 1 test
test five_search_collection_matches_direct_and_source_lifecycle has been running for over 60 seconds
test five_search_collection_matches_direct_and_source_lifecycle ... ok

test result: ok. 1 passed; 0 failed; 0 ignored; 0 measured; 0 filtered out; finished in 565.83s

     Running tests/five_gradient_region_lifecycle.rs (target/debug/deps/five_gradient_region_lifecycle-8ae5adafed92845f)

running 1 test
test gradient_region_phase_cancellation_and_source_guard has been running for over 60 seconds
test gradient_region_phase_cancellation_and_source_guard ... ok

test result: ok. 1 passed; 0 failed; 0 ignored; 0 measured; 0 filtered out; finished in 114.75s

     Running tests/five_lifecycle.rs (target/debug/deps/five_lifecycle-3f637fc9e4f22335)

running 1 test
test five_search_source_replacement_discards_prior_positives has been running for over 60 seconds
test five_search_source_replacement_discards_prior_positives ... ok

test result: ok. 1 passed; 0 failed; 0 ignored; 0 measured; 0 filtered out; finished in 86.27s

     Running tests/five_region_admission.rs (target/debug/deps/five_region_admission-298b6a89a48c3f12)

running 1 test
test joined_cumulative_caps_refuse_before_source_io ... ok

test result: ok. 1 passed; 0 failed; 0 ignored; 0 measured; 0 filtered out; finished in 0.00s

     Running tests/five_region_lifecycle.rs (target/debug/deps/five_region_lifecycle-f18bd8ff2026a790)

running 1 test
test joined_regions_cancel_mutation_and_retry_are_atomic has been running for over 60 seconds
test joined_regions_cancel_mutation_and_retry_are_atomic ... ok

test result: ok. 1 passed; 0 failed; 0 ignored; 0 measured; 0 filtered out; finished in 162.40s

     Running tests/geometry.rs (target/debug/deps/geometry-802002a1bbc655e7)

running 9 tests
test scaled_rotated_crop_translation_rejects_watermark_outliers ... ok
test degenerate_least_squares_refinement_preserves_prior_hypothesis ... ok
test one_shot_cancel_never_publishes_partial_geometry_and_retry_recovers_support ... ok
test reflected_geometry_keeps_support_original_coordinates_and_cancel_atomicity ... ok
test alternative_geometry_budget_and_cancellation_never_publish_partial_models ... ok
test noisy_corners_refine_to_independently_known_least_squares_solution ... ok
test duplicate_and_collinear_support_cannot_inflate_evidence ... ok
test alternative_geometry_keeps_degeneracy_guards_and_deduplicates_identical_models ... ok
test capped_residual_candidate_preserves_exact_majority_beside_count_winner ... ok

test result: ok. 9 passed; 0 failed; 0 ignored; 0 measured; 0 filtered out; finished in 0.01s

     Running tests/gradient.rs (target/debug/deps/gradient-0cabdb1d957f6416)

running 9 tests
test gradient_matching_mutual_ties_admission_and_cancel ... ok
test independently_rotated_texture_and_alpha_refusal ... ok
test rotated_uniform_patches_never_create_descriptors ... ok
test dominant_gradient_orientation_analytic_angles_flat_and_limits ... ok
test managed_spatial_pyramid_matches_unmanaged_and_releases_last_owner ... ok
test gradient_affine_light_flat_refusals_and_cancel ... ok
test spatial_gradient_selection_preserves_recipe_and_cell_limits ... ok
test extracted_gradients_identity_unrelated_work_and_cancel ... ok
test gradient_pyramid_independent_double_size_coordinates_and_work ... ok

test result: ok. 9 passed; 0 failed; 0 ignored; 0 measured; 0 filtered out; finished in 0.07s

     Running tests/gradient_candidate_smoothing.rs (target/debug/deps/gradient_candidate_smoothing-d0e5eb8143a588cf)

running 2 tests
test work_memory_opacity_and_every_cancellation_refuse_without_retained_output ... ok
test smoothing_matches_independent_footprints_and_exact_last_owner_credit ... ok

test result: ok. 2 passed; 0 failed; 0 ignored; 0 measured; 0 filtered out; finished in 0.00s

     Running tests/gradient_collection.rs (target/debug/deps/gradient_collection-dff98ac9b22fd6e8)

running 1 test
test gradient_collection_matches_direct_pairs_and_atomic_admission ... ok

test result: ok. 1 passed; 0 failed; 0 ignored; 0 measured; 0 filtered out; finished in 25.09s

     Running tests/gradient_distinct_locations.rs (target/debug/deps/gradient_distinct_locations-e67b51d9dcc2d0fd)

running 4 tests
test distinct_location_work_validation_and_atomic_cancellation ... ok
test managed_distinct_match_admission_last_owner_and_cancellation ... ok
test distinct_location_results_equal_independent_sorted_distance_oracle ... ok
test nearby_scale_duplicates_preserve_distinct_landmarks_and_reject_ambiguity ... ok

test result: ok. 4 passed; 0 failed; 0 ignored; 0 measured; 0 filtered out; finished in 0.00s

     Running tests/gradient_empty.rs (target/debug/deps/gradient_empty-b9763e03596f72a5)

running 1 test
test empty_gradient_inputs_honor_terminal_cancellation_and_retry ... ok

test result: ok. 1 passed; 0 failed; 0 ignored; 0 measured; 0 filtered out; finished in 0.00s

     Running tests/gradient_index.rs (target/debug/deps/gradient_index-94217f8544145f6f)

running 7 tests
test admission_cancel_recipe_and_owned_reservation ... ok
test invalid_vectors_exact_memory_and_build_cancellation ... ok
test proposal_scratch_and_retained_report_admit_exact_peak ... ok
test file_proposal_cancellation_never_returns_partial_pairs ... ok
test retrieval_equals_exhaustive_including_boundaries_and_collisions ... ok
test file_proposals_equal_exhaustive_without_ambiguity_loss ... ok
test repeated_descriptor_hits_retain_one_pair_with_bounded_memory ... ok

test result: ok. 7 passed; 0 failed; 0 ignored; 0 measured; 0 filtered out; finished in 0.00s

     Running tests/gradient_interpolated.rs (target/debug/deps/gradient_interpolated-738809b54ec7059f)

running 4 tests
test interpolated_recipe_flat_alpha_work_and_cancellation_refusals ... ok
test interpolated_cells_reduce_one_pixel_edge_localization_error ... ok
test interpolated_recipe_preserves_independent_quarter_turn_and_affine_light ... ok
test explicit_recipe_pyramid_preserves_positions_limits_cancel_and_managed_ownership ... ok

test result: ok. 4 passed; 0 failed; 0 ignored; 0 measured; 0 filtered out; finished in 0.09s

     Running tests/gradient_scale.rs (target/debug/deps/gradient_scale-31cc1cad8844f67a)

running 6 tests
test scale_admission_can_cancel_before_allocating ... ok
test area_scale_matches_independent_box_reference_and_managed_lifecycle ... ok
test admission_and_cancellation_return_no_partial_features ... ok
test spatial_scale_selection_recipe_limits_and_owned_memory ... ok
test managed_scales_exact_peak_last_owner_and_cancellation ... ok
test intermediate_scale_recovers_authored_reduction_without_acceptance_relaxation ... ok

test result: ok. 6 passed; 0 failed; 0 ignored; 0 measured; 0 filtered out; finished in 0.60s

     Running tests/gradient_scale_files.rs (target/debug/deps/gradient_scale_files-11fa47296a20481c)

running 19 tests
test scale_list_cancellation_precedes_file_and_iterator_access ... ok
test scaled_files_confirm_pixels_and_refuse_unrelated ... ok
test scale_file_admission_and_cancellation_are_atomic ... ok
test distinct_managed_file_results_preserve_copy_refusal_and_last_owner ... ok
test changed_source_refuses_scale_evidence_and_restored_retry_succeeds ... ok
test area_distinct_file_keeps_original_confirmation_and_preio_admission ... ok
test area_distinct_managed_file_cancel_mutation_and_restored_retry_release_credit ... ok
test distinct_managed_file_cancel_mutation_and_restored_retry_release_credit ... ok
test collection_scale_edges_equal_fresh_pair_confirmation ... ok
test spatial_collection_scale_edges_equal_fresh_pair_confirmation ... ok
test intermediate_scale_files_retain_authored_rotations_and_enlargements ... ok
test area_distinct_collection_matches_all_fresh_pairs_and_preiteration_admission ... ok
test distinct_managed_collection_matches_all_fresh_pairs_and_preiteration_admission ... ok
test collection_scale_mutation_and_cancellation_remove_partial_results ... ok
test area_distinct_regions_common_source_lifecycle_and_admission ... ok
test distinct_managed_regions_common_source_lifecycle_and_admission ... ok
test spatial_scale_regions_match_fresh_supplied_model_confirmation ... ok
test distinct_managed_collection_cancel_changed_source_and_restored_retry ... ok
test area_distinct_collection_cancel_changed_source_and_restored_retry ... ok

test result: ok. 19 passed; 0 failed; 0 ignored; 0 measured; 0 filtered out; finished in 51.93s

     Running tests/groups.rs (target/debug/deps/groups-5ec2f255e602b02d)

running 5 tests
test invalid_input_budget_and_cancellation_are_explicit ... ok
test every_emitted_group_has_all_pairs_for_all_small_graphs ... ok
test nontransitive_chain_preserves_edge_without_inventing_pair ... ok
test isolated_and_sparse_entries_avoid_unrelated_group_checks ... ok
test sparse_selection_matches_independent_exhaustive_reference_for_all_six_node_graphs ... ok

test result: ok. 5 passed; 0 failed; 0 ignored; 0 measured; 0 filtered out; finished in 0.10s

     Running tests/icc_oracle.rs (target/debug/deps/icc_oracle-7bbffd5ce16f4cdb)

running 3 tests
test camera_gamma_profile_preserves_exact_black_and_unfitted_alpha ... ok
test independent_lcms_boundary_samples_preserve_black_channel_endpoints ... ok
test independent_lcms_camera_render_grid_preserves_profiled_linear_samples ... ok

test result: ok. 3 passed; 0 failed; 0 ignored; 0 measured; 0 filtered out; finished in 0.00s

     Running tests/information.rs (target/debug/deps/information-1a46672edaa80cce)

running 5 tests
test informative_hash_collision_remains_candidate_and_fails_full_resolution_confirmation ... ok
test uniform_candidates_and_invisible_rgb_never_invent_visible_pixel_equality ... ok
test standalone_pixel_search_recovers_equal_transparent_files_without_visual_candidates ... ok
test indexed_candidates_match_exhaustive_pixel_equality_and_avoid_unrelated_pairs ... ok
test uniform_local_search_cannot_invent_geometry_or_color_fit ... ok

test result: ok. 5 passed; 0 failed; 0 ignored; 0 measured; 0 filtered out; finished in 0.21s

     Running tests/jpeg_orientation.rs (target/debug/deps/jpeg_orientation-6ca8f60d6c664098)

running 1 test
test all_jpeg_exif_orientations_preserve_normalized_profiled_pixels ... ok

test result: ok. 1 passed; 0 failed; 0 ignored; 0 measured; 0 filtered out; finished in 0.07s

     Running tests/linear.rs (target/debug/deps/linear-3005a7ea40bff6a7)

running 4 tests
test invisible_rgb_and_signed_zero_are_canonical ... ok
test hdr_fingerprints_keep_highlight_structure_without_quantization ... ok
test hdr_and_sub_byte_differences_are_retained ... ok
test invalid_samples_budget_and_cancel_are_explicit ... ok

test result: ok. 4 passed; 0 failed; 0 ignored; 0 measured; 0 filtered out; finished in 0.00s

     Running tests/local.rs (target/debug/deps/local-4f293eb60e03cf79)

running 4 tests
test flat_images_ambiguous_descriptors_budgets_and_cancel_are_explicit ... ok
test one_shot_matching_cancellation_discards_every_partial_result_and_retries ... ok
test quarter_turn_crops_are_found_without_manual_correspondences ... ok
test extracted_crop_matches_drive_geometry_and_pixel_verification ... ok

test result: ok. 4 passed; 0 failed; 0 ignored; 0 measured; 0 filtered out; finished in 0.01s

     Running tests/local_collection.rs (target/debug/deps/local_collection-bf0c3717c3800c48)

running 17 tests
test reflected_ranged_modes_validate_before_consuming_sources ... ok
test recursive_collection_preserves_aliases_errors_and_request_settings ... ok
test reflected_collection_discards_changed_sources_batch_wide ... ok
test indexed_collection_changed_before_decode_is_invalidated_without_losing_healthy_pair ... ok
test recursive_spatial_collection_preserves_requests_and_rejects_substitution ... ok
test indexed_collection_reports_bad_and_insufficient_sources_and_admission_errors ... ok
test reflected_file_pair_confirms_pixels_and_releases_managed_features ... ok
test spatial_collection_matches_exhaustive_spatial_pair_acceptance ... ok
test reflected_spatial_collection_matches_spatial_file_oracle ... ok
test ranged_fit_collection_matches_pair_results_and_exposes_selected_domain ... ok
test display_projection_collection_matches_pairs_and_preserves_strict_evidence ... ok
test indexed_collection_retains_every_exhaustively_verified_crop_scale_rotation_pair ... ok
test indexed_watermark_and_large_edit_preserve_pixel_policy ... ok
test reflected_recursive_collection_keeps_aliases_paths_and_request_policy ... ok
test indexed_arbitrary_angles_and_intermediate_scales_keep_labelled_pairs ... ok
test indexed_collection_final_generation_and_one_shot_cancel_discard_report ... ok
test reflected_collection_retrieves_labelled_pairs_and_cancels_without_report ... ok

test result: ok. 17 passed; 0 failed; 0 ignored; 0 measured; 0 filtered out; finished in 19.67s

     Running tests/local_index.rs (target/debug/deps/local_index-79e8612ba1ac1565)

running 7 tests
test collision_buckets_recipes_and_limits_never_return_partial_results ... ok
test file_pair_storage_limits_preserve_sorted_complete_results ... ok
test reverse_matching_preserves_asymmetric_variant_metric_and_hit_limits ... ok
test descriptor_index_equals_independent_exhaustive_variant_search ... ok
test file_pair_retrieval_equals_exhaustive_distinct_query_feature_counts ... ok
test indexed_mutual_matching_equals_exhaustive_ratios_for_every_recipe ... ok
test extracted_rotation_and_scale_features_keep_exhaustive_correspondences ... ok

test result: ok. 7 passed; 0 failed; 0 ignored; 0 measured; 0 filtered out; finished in 0.18s

     Running tests/local_scan.rs (target/debug/deps/local_scan-903b834e544317e9)

running 11 tests
test fitted_scan_validates_policy_before_consuming_input ... ok
test file_pair_limits_cancel_and_invalid_acceptance_are_inconclusive ... ok
test recursive_local_search_preserves_paths_aliases_and_decode_errors ... ok
test spatial_file_policy_preserves_pixel_proof_errors_and_source_guards ... ok
test full_file_search_finds_crop_scale_rotation_and_rejects_unrelated_and_corrupt_sources ... ok
test unfiltered_photometric_batch_uses_fitted_residuals_and_retains_strict_pixels ... ok
test batch_source_mutation_discards_all_stale_pairs_and_keeps_healthy_evidence ... ok
test constrained_batch_mutation_discards_stale_pairs ... ok
test final_generation_change_and_one_shot_cancellation_return_no_partial_report ... ok
test constrained_batch_final_generation_and_cancellation_discard_report ... ok
test fitted_batch_and_roots_preserve_signal_selection_and_corrupt_file_diagnostics ... ok

test result: ok. 11 passed; 0 failed; 0 ignored; 0 measured; 0 filtered out; finished in 16.87s

     Running tests/managed_evidence.rs (target/debug/deps/managed_evidence-c029164ebed4e2f9)

running 2 tests
test evidence_adoption_preserves_allocations_capacity_and_independent_last_owners ... ok
test evidence_adoption_cancellation_discards_all_stages_and_handles_absent_geometry ... ok

test result: ok. 2 passed; 0 failed; 0 ignored; 0 measured; 0 filtered out; finished in 0.00s

     Running tests/mesh_grid.rs (target/debug/deps/mesh_grid-49045891a3958640)

running 2 tests
test both_directions_match_point_queries_and_preserve_holes_and_credit ... ok
test every_cancel_and_one_short_memory_work_refuse_without_partial_grid ... ok

test result: ok. 2 passed; 0 failed; 0 ignored; 0 measured; 0 filtered out; finished in 0.00s

     Running tests/mesh_rank.rs (target/debug/deps/mesh_rank-3903837064f8ed14)

running 2 tests
test summed_mesh_windows_match_direct_projective_windows_and_reject_inversion ... ok
test cancellation_memory_reads_and_overflow_refuse_without_retaining_scratch ... ok

test result: ok. 2 passed; 0 failed; 0 ignored; 0 measured; 0 filtered out; finished in 0.02s

     Running tests/ordinal.rs (target/debug/deps/ordinal-29af47b33ccb0410)

running 1 test
test monotone_neutral_transfers_preserve_features_and_indexed_correspondences ... ok

test result: ok. 1 passed; 0 failed; 0 ignored; 0 measured; 0 filtered out; finished in 0.04s

     Running tests/oriented.rs (target/debug/deps/oriented-2b2688d50a961594)

running 4 tests
test oriented_extraction_cancels_inside_descriptor_work_and_enforces_budgets ... ok
test independent_arbitrary_rotations_recover_geometry_and_reject_unrelated_texture ... ok
test independently_resized_images_estimate_non_dyadic_scale_and_rotation ... ok
test reflected_descriptors_reach_original_geometry_and_pixel_proof ... ok

test result: ok. 4 passed; 0 failed; 0 ignored; 0 measured; 0 filtered out; finished in 0.29s

     Running tests/pages.rs (target/debug/deps/pages-c006f0d6c40a345d)

running 11 tests
test all_dcx_pages_and_changed_second_page_are_compared ... ok
test untagged_tiff_requires_explicit_color_transform ... ok
test cursor_hotspot_and_invalid_resource_offsets_are_not_ignored ... ok
test every_icon_resource_is_compared_including_the_last ... ok
test complete_tiff_pages_with_icc_detect_last_page_changes_and_cycles ... ok
test selected_tiff_pages_use_their_own_profile_and_keep_complete_count ... ok
test identical_tiff_samples_with_different_page_profiles_produce_distinct_colors ... ok
test selected_tiff_budget_refusals_release_metadata_and_allow_retry ... ok
test independent_tiff_precision_and_orientation_are_preserved ... ok
test public_selected_frame_honors_tiff_page_profiles_metadata_and_explicit_limits ... ok
test independently_encoded_tiff_endian_bigtiff_and_compression_matrix ... ok

test result: ok. 11 passed; 0 failed; 0 ignored; 0 measured; 0 filtered out; finished in 0.14s

     Running tests/periodic_capture.rs (target/debug/deps/periodic_capture-1038aff54e33c452)

running 1 test
test periodic_capture_bands_keep_strict_evidence_and_reject_broad_content_changes ... ok

test result: ok. 1 passed; 0 failed; 0 ignored; 0 measured; 0 filtered out; finished in 4.86s

     Running tests/photo_collages.rs (target/debug/deps/photo_collages-daf63fe99db0d056)

running 3 tests
test dark_signal_can_pass_selected_encoded_metric_with_auxiliary_linear_failure_retained ... ok
test partial_copy_challenges_distinguish_residual_rejections_from_inconclusive_fits ... ok
test constrained_partial_copies_reject_residuals_without_relaxing_model_bounds has been running for over 60 seconds
test constrained_partial_copies_reject_residuals_without_relaxing_model_bounds ... ok

test result: ok. 3 passed; 0 failed; 0 ignored; 0 measured; 0 filtered out; finished in 113.24s

     Running tests/photo_files.rs (target/debug/deps/photo_files-00fcf8879fe3d267)

running 27 tests
test invalid_fitting_policy_is_rejected_before_source_access ... ok
test recursive_filtered_reflection_keeps_frame_selection_and_factory_guards ... ok
test recursive_ranged_reflection_keeps_frame_selection_and_factory_guards ... ok
test reflected_brightness_1084_known_fixture_geometry_passes_unchanged_pixel_policy ... ok
test ordinary_spatial_brightness_keeps_all_four_labelled_camera_scenes ... ok
test filtered_file_evidence_is_discarded_on_late_cancellation_generation_or_mutation ... ok
test reflected_filtered_invalid_policy_precedes_source_and_collection_access ... ok
test reflected_filtered_file_guards_discard_late_results ... ok
test filtered_natural_photo_jpegs_are_candidates_and_other_scenes_remain_rejected ... ok
test recursive_spatial_reflected_brightness_shares_pair_and_frame_policy ... ok
test real_camera_preview_brightness_is_a_visual_candidate_with_strict_residuals_retained ... ok
test ordinary_spatial_brightness_collection_matches_complete_spatial_oracle ... ok
test reflected_natural_brightness_fitting_keeps_original_pixel_evidence ... ok
test real_photo_resize_crop_rotation_and_brightness_have_filtered_evidence ... ok
test recursive_reflected_brightness_keeps_fitted_mode_paths_and_frame_settings ... ok
test strict_reflected_natural_files_keep_scene_pairs_and_reject_cross_scene_negatives ... ok
test spatial_reflected_brightness_collection_matches_complete_spatial_oracle ... ok
test indexed_natural_photo_collection_matches_exhaustive_filtered_candidates ... ok
test reflected_filtered_jpegs_preserve_original_evidence_in_both_spaces_and_fit_modes ... ok
test reflected_range_and_display_collection_match_all_labelled_pairs ... ok
test recursive_ranged_reflections_preserve_oracle_aliases_errors_and_modes ... ok
test reflected_filtered_collection_matches_spatial_file_oracle_in_both_spaces_and_fit_modes ... ok
test explicit_seven_by_seven_windows_cover_all_twenty_photo_derivatives_in_both_spaces has been running for over 60 seconds
test indexed_natural_rotations_and_resizes_preserve_labelled_scene_pairs has been running for over 60 seconds
test indexed_reflected_brightness_collection_preserves_fitted_and_strict_evidence has been running for over 60 seconds
test indexed_reflected_natural_collection_matches_complete_pair_oracle has been running for over 60 seconds
test recursive_filtered_reflections_preserve_oracle_aliases_errors_and_modes has been running for over 60 seconds
test indexed_reflected_brightness_collection_preserves_fitted_and_strict_evidence ... ok
test indexed_reflected_natural_collection_matches_complete_pair_oracle ... ok
test indexed_natural_rotations_and_resizes_preserve_labelled_scene_pairs ... ok
test explicit_seven_by_seven_windows_cover_all_twenty_photo_derivatives_in_both_spaces ... ok
test recursive_filtered_reflections_preserve_oracle_aliases_errors_and_modes ... ok

test result: ok. 27 passed; 0 failed; 0 ignored; 0 measured; 0 filtered out; finished in 108.04s

     Running tests/photo_jpeg_oracle.rs (target/debug/deps/photo_jpeg_oracle-57b6ac876cd65fdc)

running 1 test
test native_jpeg_pixels_are_qualified_against_independent_libjpeg_readback ... ok

test result: ok. 1 passed; 0 failed; 0 ignored; 0 measured; 0 filtered out; finished in 0.03s

     Running tests/photometric.rs (target/debug/deps/photometric-89fcbfb58b7711de)

running 7 tests
test incomplete_fits_have_specific_reasons_instead_of_invalid_pixel_errors ... ok
test explicit_display_projection_retains_hdr_disagreement_and_alpha_edits ... ok
test bounded_fit_excludes_saturation_from_model_but_never_from_residuals ... ok
test flat_content_alpha_edits_limits_and_cancellation_do_not_disappear ... ok
test known_channel_gains_offsets_and_spatial_edit_are_separate_evidence ... ok
test reflected_gain_offset_preserves_strict_evidence_and_cancel_atomicity ... ok
test reflected_range_and_display_keep_hdr_alpha_inverse_and_cancellation_evidence ... ok

test result: ok. 7 passed; 0 failed; 0 ignored; 0 measured; 0 filtered out; finished in 0.00s

     Running tests/photos_heldout.rs (target/debug/deps/photos_heldout-ab238376510feac8)

running 5 tests
test exact_pixels_keep_related_captures_and_other_scenes_distinct ... ok
test related_garden_views_keep_exact_pixel_evidence_separate_from_visual_candidate ... ok
test unchanged_filter_policy_rejects_unrelated_heldout_scenes ... ok
test unchanged_filter_policy_accepts_heldout_derivatives ... ok
test heldout_indexed_crop_collection_matches_complete_pair_oracle ... ok

test result: ok. 5 passed; 0 failed; 0 ignored; 0 measured; 0 filtered out; finished in 24.43s

     Running tests/piecewise_warp.rs (target/debug/deps/piecewise_warp-447527197c6650c1)

running 4 tests
test inverted_degenerate_duplicate_overlapping_and_t_junction_faces_refuse ... ok
test source_only_overlap_and_input_aliases_are_rejected ... ok
test curved_grid_is_continuous_invertible_and_shared_credit_is_retained ... ok
test exact_memory_and_work_admission_and_every_checkpoint_cancel_are_atomic ... ok

test result: ok. 4 passed; 0 failed; 0 ignored; 0 measured; 0 filtered out; finished in 0.00s

     Running tests/pixel_search.rs (target/debug/deps/pixel_search-1f376e97795bf34b)

running 16 tests
test opaque_uniform_png_and_independently_encoded_bmp_are_discovered_as_equal ... ok
test indexed_source_changed_before_its_decode_is_not_admitted_as_fresh ... ok
test indexed_wal_palette_mutation_discards_stale_source_decisions ... ok
test changed_source_discards_every_stale_decision_and_preserves_healthy_pairs ... ok
test explicitly_qualified_linear_hdr_matches_endianness_without_losing_precision_or_scale ... ok
test recursive_request_factory_preserves_explicit_hdr_color_and_discovered_paths ... ok
test indexed_changed_source_discards_stale_pairs ... ok
test untagged_hdr_requires_color_qualification_even_with_encoded_srgb_assumption ... ok
test indexed_roots_preserve_non_utf8_diagnostics_without_losing_healthy_equality ... ok
test indexed_recursive_search_isolates_corruption_and_preserves_overlapping_roots ... ok
test indexed_pixel_permission_error_preserves_healthy_pairs_and_recovers ... ok
test recursive_pixel_search_keeps_corrupt_and_missing_sources_as_diagnostics ... ok
test final_generation_change_and_transient_user_cancel_return_no_report ... ok
test indexed_final_generation_and_transient_cancel_return_no_report ... ok
test indexed_two_key_groups_are_deterministic_across_request_orders ... ok
test indexed_unique_collection_fits_zero_pair_budget_and_decodes_once_per_key ... ok

test result: ok. 16 passed; 0 failed; 0 ignored; 0 measured; 0 filtered out; finished in 0.10s

     Running tests/pixels.rs (target/debug/deps/pixels-62ed06a7f09db632)

running 4 tests
test gradient_has_independently_known_difference_bits ... ok
test invisible_rgb_is_canonical_but_visible_pixels_are_exact ... ok
test uniform_hash_collision_is_not_informative ... ok
test validates_layout_budget_and_cancellation ... ok

test result: ok. 4 passed; 0 failed; 0 ignored; 0 measured; 0 filtered out; finished in 0.00s

     Running tests/presentation_digest.rs (target/debug/deps/presentation_digest-c05e19deb9c3694b)

running 2 tests
test timeline_keys_preserve_cross_encoding_splits_zero_prefix_and_labelled_negatives ... ok
test page_keys_cover_every_page_across_compression_and_byte_order ... ok

test result: ok. 2 passed; 0 failed; 0 ignored; 0 measured; 0 filtered out; finished in 0.01s

     Running tests/presentation_kind.rs (target/debug/deps/presentation_kind-9f95760ce178d4ea)

running 1 test
test content_detection_ignores_extensions_and_preserves_sensor_routing ... ok

test result: ok. 1 passed; 0 failed; 0 ignored; 0 measured; 0 filtered out; finished in 0.00s

     Running tests/projective_domains.rs (target/debug/deps/projective_domains-0131d660b7222eb8)

running 4 tests
test supported_horizon_model_is_excluded_from_whole_domains ... ok
test inverse_horizon_is_rejected_even_when_forward_domain_is_valid ... ok
test admissible_model_matches_original_and_cancellation_is_atomic ... ok
test valid_alternative_survives_a_stronger_horizon_consensus ... ok

test result: ok. 4 passed; 0 failed; 0 ignored; 0 measured; 0 filtered out; finished in 0.01s

     Running tests/projective_files.rs (target/debug/deps/projective_files-46fb11bc4b887651)

running 28 tests
test indexed_spatial_projective_matches_direct_pairs ... ok
test real_file_projective_identity_and_terminal_refusals ... ok
test filtered_projective_unrelated_pairs_and_lifecycle ... ok
test recursive_projective_collection_preserves_aliases_errors_and_requests ... ok
test registration_phase_cancel_and_budget_return_no_partial_file_candidate ... ok
test registration_policy_is_validated_before_source_io ... ok
test pyramid_collection_and_nested_roots_match_direct_pairs_and_refusals ... ok
test anchored_projective_collection_mutation_cancel_and_limits ... ok
test perspective_generator_geometry_diagnostic ... ok
test indexed_projective_collection_mutation_cancel_and_limits ... ok
test projective_photometric_collection_mutation_cancel_and_limits ... ok
test anchored_projective_file_objective_never_bypasses_pixel_acceptance ... ok
test spatial_projective_registration_preserves_identity_and_admission ... ok
test sampled_projective_files_preserve_pixels_and_terminal_refusals ... ok
test sampled_projective_collection_mutation_cancel_and_limits ... ok
test indexed_projective_collection_finds_derivative_and_rejects_other_scene ... ok
test registration_portfolio_collection_mutation_cancel_and_limits ... ok
test pyramid_photometric_files_preserve_identity_refusals_and_cancel_retry ... ok
test registration_portfolio_files_preserve_both_residuals_and_atomic_refusals ... ok
test projective_photometric_file_fit_keeps_strict_errors_and_refusals ... ok
test complementary_collection_keeps_separate_matching_and_nested_source_lifecycle ... ok
test real_preview_perspective_derivatives ... ok
test anchored_projective_collection_matches_all_pairs_on_six_source_corpus has been running for over 60 seconds
test combined_perspective_light_photos_require_all_six_positives_and_unrelated_rejection has been running for over 60 seconds
test complementary_files_preserve_both_searches_and_atomic_refusals has been running for over 60 seconds
test indexed_projective_collection_matches_all_pairs_on_six_source_corpus has been running for over 60 seconds
test registration_portfolio_collection_matches_all_pairs_on_six_source_corpus has been running for over 60 seconds
test combined_perspective_light_photos_require_all_six_positives_and_unrelated_rejection ... ok
test sampled_projective_collection_matches_all_pairs_on_six_source_corpus has been running for over 60 seconds
test indexed_projective_collection_matches_all_pairs_on_six_source_corpus ... ok
test anchored_projective_collection_matches_all_pairs_on_six_source_corpus ... ok
test sampled_projective_collection_matches_all_pairs_on_six_source_corpus ... ok
test registration_portfolio_collection_matches_all_pairs_on_six_source_corpus ... ok
test complementary_files_preserve_both_searches_and_atomic_refusals ... ok

test result: ok. 28 passed; 0 failed; 0 ignored; 0 measured; 0 filtered out; finished in 207.18s

     Running tests/projective_geometry.rs (target/debug/deps/projective_geometry-14bf47d79d926bf5)

running 14 tests
test invalid_horizon_and_cancel_checkpoints ... ok
test perspective_inverse_grid_catches_unsampled_edit ... ok
test perspective_mapping_and_permutations ... ok
test perspective_pixels_hdr_edits_horizon_and_cancel ... ok
test full_support_refinement_beats_minimal_hypotheses_on_noisy_points ... ok
test projective_filter_preserves_strict_edits_and_terminal_cancellation ... ok
test robust_perspective_outliers_budget_and_cancellation ... ok
test sampled_projective_cancellation_discards_models_and_retry_is_deterministic ... ok
test sampled_projective_recovers_large_outlier_set_with_fixed_work ... ok
test registration_candidates_keep_independent_full_grid_evidence_and_shared_limits ... ok
test registration_portfolio_admits_shared_work_and_discards_partial_models_on_cancel ... ok
test perspective_photometric_fit_preserves_unfitted_errors_and_limits ... ok
test photometric_registration_keeps_geometry_under_affine_encoded_light_change ... ok
test pixel_registration_reduces_known_offset_and_obeys_terminal_limits ... ok

test result: ok. 14 passed; 0 failed; 0 ignored; 0 measured; 0 filtered out; finished in 0.12s

     Running tests/pyramid.rs (target/debug/deps/pyramid-81cbf627a19acba8)

running 5 tests
test enlarged_quarter_turn_recovers_scale_and_rotation_together ... ok
test scale_is_estimated_from_extracted_multiresolution_features ... ok
test managed_oriented_pyramid_admission_cancel_retry_and_last_owner_release ... ok
test oriented_pyramid_keeps_recipe_source_coordinates_and_admission ... ok
test spatial_pyramid_preserves_level_coordinates_admission_and_cancellation ... ok

test result: ok. 5 passed; 0 failed; 0 ignored; 0 measured; 0 filtered out; finished in 0.03s

     Running tests/rank_region.rs (target/debug/deps/rank_region-268a0036b10e64a9)

running 7 tests
test filter_zero_preserves_evidence_and_callback_work ... ok
test filtered_overflow_and_mid_window_cancel_return_no_partial_evidence ... ok
test invalid_domains_policy_alpha_and_scene_range_are_explicit ... ok
test flat_pixels_budget_and_cancellation_do_not_produce_evidence ... ok
test independent_textures_are_not_high_agreement_evidence ... ok
test nonlinear_monotone_transfer_preserves_local_order_but_inversion_does_not ... ok
test filtered_identity_matches_independent_box_counts_and_read_budget ... ok

test result: ok. 7 passed; 0 failed; 0 ignored; 0 measured; 0 filtered out; finished in 0.00s

     Running tests/raster.rs (target/debug/deps/raster-cf4b6c255b802a82)

running 5 tests
test storage_precision_and_frame_metadata_are_preserved ... ok
test selected_frame_key_tracks_equality_metadata_but_excludes_container_selection ... ok
test normalized_keys_and_direct_equality_agree_with_independent_hdr_alpha_precision_labels ... ok
test unqualified_color_and_insufficient_budget_fail ... ok
test cancellation_interrupts_each_pixel_representation ... ok

test result: ok. 5 passed; 0 failed; 0 ignored; 0 measured; 0 filtered out; finished in 0.00s

     Running tests/raster_equality.rs (target/debug/deps/raster_equality-07578e26f98cb559)

running 7 tests
test untagged_policy_is_explicit_cached_and_does_not_override_declared_linear_color ... ok
test independent_lossless_encodings_preserve_pixels_alpha_and_one_code_negatives ... ok
test malformed_associated_alpha_refuses_releases_memory_and_retries ... ok
test associated_tiff_alpha_matches_independent_straight_png ... ok
test cross_encoding_batch_confirms_every_pair_and_rejects_single_pixel_edits ... ok
test indexed_cross_encoding_collection_preserves_all_equal_pairs_and_one_pixel_negative ... ok
test indexed_alpha_encodings_ignore_hidden_rgb_and_separate_visible_edits ... ok

test result: ok. 7 passed; 0 failed; 0 ignored; 0 measured; 0 filtered out; finished in 0.14s

     Running tests/region_footprint.rs (target/debug/deps/region_footprint-15d7a9a31309e1ca)

running 5 tests
test inlier_domain_rejects_unbounded_indices_coordinates_and_work ... ok
test inlier_domain_rounds_neighbors_and_stays_inside_fitting_region ... ok
test inlier_domain_observes_mid_and_final_cancel_without_partial_result ... ok
test invalid_horizon_singular_and_cancelled_refuse ... ok
test scale_rotation_and_homography_magnitude_preserve_footprint ... ok

test result: ok. 5 passed; 0 failed; 0 ignored; 0 measured; 0 filtered out; finished in 0.00s

     Running tests/region_grid.rs (target/debug/deps/region_grid-df10d33290209f6d)

running 4 tests
test irregular_identity_grid_partitions_and_owned_credit ... ok
test bidirectional_translation_covers_clipped_overlap_and_cancels_atomically ... ok
test horizons_limits_and_final_cancellation_refuse_atomically ... ok
test independent_translation_quarter_turn_and_small_image_domains ... ok

test result: ok. 4 passed; 0 failed; 0 ignored; 0 measured; 0 filtered out; finished in 0.00s

     Running tests/region_grid_files.rs (target/debug/deps/region_grid_files-e0adea322b988ad0)

running 1 test
test automatic_region_grid_matches_declared_regions_and_lifecycle ... ok

test result: ok. 1 passed; 0 failed; 0 ignored; 0 measured; 0 filtered out; finished in 4.97s

     Running tests/region_transform.rs (target/debug/deps/region_transform-13cecb3ee0815c93)

running 1 test
test supplied_model_regions_require_pixels_and_cancel_atomically ... ok

test result: ok. 1 passed; 0 failed; 0 ignored; 0 measured; 0 filtered out; finished in 4.55s

     Running tests/scan.rs (target/debug/deps/scan-49c79050556dbdbd)

running 7 tests
test group_admission_invalidates_edges_from_changed_source ... ok
test pixel_group_final_checks_observe_generation_cancellation ... ok
test recursive_visual_discovery_keeps_aliases_and_errors_visible ... ok
test confirmation_mutation_generation_and_memory_are_inconclusive ... ok
test batch_errors_cache_and_pair_evidence_are_integrated ... ok
test tiff_page_fingerprints_and_confirmation_share_profile_and_limits ... ok
test nested_visual_roots_preserve_all_copy_edges_and_corrupt_file_attribution ... ok

test result: ok. 7 passed; 0 failed; 0 ignored; 0 measured; 0 filtered out; finished in 0.04s

     Running tests/sequence.rs (target/debug/deps/sequence-a81d93adfcd22f33)

running 7 tests
test complete_coverage_is_required ... ok
test animation_requires_timing_and_compares_repetitions ... ok
test admission_cancel_at_every_checkpoint_returns_no_partial_sequence_and_retry_succeeds ... ok
test equivalent_timelines_ignore_frame_splits_but_keep_time_and_pixels ... ok
test first_frame_match_does_not_hide_changed_last_frame ... ok
test rational_extremes_fail_explicitly_without_wrapping ... ok
test timeline_comparison_matches_independent_discrete_presentation_oracle ... ok

test result: ok. 7 passed; 0 failed; 0 ignored; 0 measured; 0 filtered out; finished in 0.00s

     Running tests/spatial.rs (target/debug/deps/spatial-3e483d730115ab38)

running 1 test
test spatial_quotas_keep_self_geometry_and_reject_unrelated_texture ... ok

test result: ok. 1 passed; 0 failed; 0 ignored; 0 measured; 0 filtered out; finished in 0.00s

     Running tests/triangulation.rs (target/debug/deps/triangulation-e928f7829f6feeaf)

running 3 tests
test grid_topology_is_deterministic_and_passes_source_validation ... ok
test seeded_clouds_match_independent_hull_and_empty_circumcircle_oracles ... ok
test invalid_budget_and_every_cancellation_release_credit ... ok

test result: ok. 3 passed; 0 failed; 0 ignored; 0 measured; 0 filtered out; finished in 0.00s

     Running tests/visual.rs (target/debug/deps/visual-2573875b5f679efd)

running 8 tests
test duplicate_ids_budgets_and_cancel_do_not_return_partial_indexes ... ok
test cancellation_inside_large_collision_bucket_is_observed ... ok
test fallible_insert_enforces_total_ids_without_partial_mutation ... ok
test fallible_search_result_caps_are_inconclusive_and_leave_index_unchanged ... ok
test full_radius_direct_search_cancellation_never_returns_partial_matches ... ok
test cancelled_insertions_preserve_collision_buckets_and_deep_trees ... ok
test dense_adaptive_search_keeps_oracle_and_cancellation ... ok
test complete_recipe_index_matches_exhaustive_oracle ... ok

test result: ok. 8 passed; 0 failed; 0 ignored; 0 measured; 0 filtered out; finished in 0.00s

     Running tests/wal_dependency.rs (target/debug/deps/wal_dependency-289506e2b9b5551c)

running 4 tests
test wal_external_palette_obeys_source_byte_limit_even_with_warm_cache ... ok
test selected_presentation_rejects_external_palette_mutation_and_recovers ... ok
test wal_fingerprint_one_shot_cancellation_never_admits_partial_cache_and_retries ... ok
test presentation_groups_remove_external_palette_stale_edges_and_retry ... ok

test result: ok. 4 passed; 0 failed; 0 ignored; 0 measured; 0 filtered out; finished in 0.12s

     Running tests/warp.rs (target/debug/deps/warp-014cb3ee4a7381df)

running 5 tests
test bilinear_sampling_keeps_alpha_and_invisible_rgb_separate ... ok
test crop_overlap_and_single_pixel_edits_are_explicit ... ok
test reverse_verification_catches_edits_between_scaled_sample_centers ... ok
test reflected_grids_preserve_hdr_alpha_and_inverse_with_atomic_cancel ... ok
test explicit_projective_regions_retain_edits_domains_and_atomic_refusals ... ok

test result: ok. 5 passed; 0 failed; 0 ignored; 0 measured; 0 filtered out; finished in 0.01s

   Doc-tests rrrah_dedup

running 0 tests

test result: ok. 0 passed; 0 failed; 0 ignored; 0 measured; 0 filtered out; finished in 0.00s

