   Compiling rrrah-dedup v0.1.0 (/workspace/crates/rrrah-dedup)
warning: function `error` is never used
 --> crates/rrrah-decode/src/camtiff/mef_sensor.rs:4:4
  |
4 | fn error(message: &str) -> DecodeError {
  |    ^^^^^
  |
  = note: `#[warn(dead_code)]` (part of `#[warn(unused)]`) on by default

warning: function `packed_12` is never used
 --> crates/rrrah-decode/src/camtiff/mef_sensor.rs:9:4
  |
9 | fn packed_12(
  |    ^^^^^^^^^

warning: function `decode_zd` is never used
  --> crates/rrrah-decode/src/camtiff/mef_sensor.rs:48:15
   |
48 | pub(super) fn decode_zd(
   |               ^^^^^^^^^

warning: `rrrah-decode` (lib) generated 3 warnings
warning: linker stderr: /validation/sysroot/usr/bin/ld: /validation/target/debug/deps/libjpegxr-8d01a0594e000fc4.rlib(2e643c6506a180d9-strenc.o): in function `StrIOEncInit':
         /validation/cargo/registry/src/index.crates.io-1949cf8c6b5b557f/jpegxr-0.3.1/jxrlib/image/encode/strenc.c:485:(.text.StrIOEncInit+0xf0): the use of `tmpnam' is dangerous, better use `mkstemp'
  |
  = note: `#[warn(linker_messages)]` on by default

warning: linker stdout: /validation/sysroot/usr/bin/ld: /validation/target/debug/deps/libjpegxr-8d01a0594e000fc4.rlib(2e643c6506a180d9-strenc.o): note: the message above does not take linker garbage collection into account

warning: `rrrah-dedup` (test "cache") generated 2 warnings
    Finished `test` profile [optimized + debuginfo] target(s) in 9.26s
     Running tests/cache.rs (/validation/target/debug/deps/cache-00421ae7a9c4c564)

running 7 tests
test disk_persistence_is_deterministic_and_rejects_invalid_values ... ok
test cache_publication_child ... ok
test roundtrip_requires_content_recipe_and_frame_identity ... ok
test atomic_replacement_and_cancel_preserve_previous_cache ... ok
test unwritable_parent_refuses_before_publication_and_preserves_retry ... ok
test process_exit_during_temp_write_preserves_previous_publication_and_retry ... ok
test concurrent_process_writers_publish_only_complete_single_writer_caches ... ok

test result: ok. 7 passed; 0 failed; 0 ignored; 0 measured; 0 filtered out; finished in 0.08s

