warning: function `error` is never used
 --> crates/rrrah-decode/src/camtiff/mef_sensor.rs:4:4
  |
4 | fn error(message: &str) -> DecodeError {
  |    ^^^^^
  |
  = note: `#[warn(dead_code)]` (part of `#[warn(unused)]`) on by default

warning: function `packed_12` is never used
 --> crates/rrrah-decode/src/camtiff/mef_sensor.rs:9:4
  |
9 | fn packed_12(
  |    ^^^^^^^^^

warning: function `decode_zd` is never used
  --> crates/rrrah-decode/src/camtiff/mef_sensor.rs:48:15
   |
48 | pub(super) fn decode_zd(
   |               ^^^^^^^^^

warning: `rrrah-decode` (lib) generated 3 warnings
   Compiling rrrah-dedup v0.1.0 (/workspace/crates/rrrah-dedup)
warning: linker stderr: /validation/sysroot/usr/bin/ld: /validation/target/debug/deps/libjpegxr-8d01a0594e000fc4.rlib(2e643c6506a180d9-strenc.o): in function `StrIOEncInit':
         /validation/cargo/registry/src/index.crates.io-1949cf8c6b5b557f/jpegxr-0.3.1/jxrlib/image/encode/strenc.c:485:(.text.StrIOEncInit+0xf0): the use of `tmpnam' is dangerous, better use `mkstemp'
  |
  = note: `#[warn(linker_messages)]` on by default

warning: linker stdout: /validation/sysroot/usr/bin/ld: /validation/target/debug/deps/libjpegxr-8d01a0594e000fc4.rlib(2e643c6506a180d9-strenc.o): note: the message above does not take linker garbage collection into account

warning: `rrrah-dedup` (example "font_cache_probe") generated 2 warnings
    Finished `dev` profile [optimized + debuginfo] target(s) in 13.44s
     Running `/validation/target/debug/examples/font_cache_probe /validation/font-cache-fixtures/source.svg /validation/font-cache-fixtures/cache.bin`
cache_hit=false equal_to_fresh=true reused=Fingerprint { variants: [[12153149036796881064, 18374966856621981728, 12153149036796881064, 18374966856621981728], [1876323232987613706, 18374966859414896896, 1876323232987613706, 18374966859414896896], [723436913289734698, 12868189952, 723436913289734698, 12868189952], [11863792760620885668, 184722231721728, 11863792760620885668, 184722231721728], [3029279922503420426, 18374966856021901832, 3029279922503420426, 18374966856021901832], [12009026152139367588, 18374966859414896640, 12009026152139367588, 18374966859414896640], [12153149036796881066, 554034069248, 12153149036796881066, 554034069248], [723401728380770826, 47283278249728, 723401728380770826, 47283278249728]], mean_linear_rgb: [0.9999999999999934, 0.9999999999999934, 0.9999999999999934], luminance_stddev: 2.482534153247273e-16 } fresh=Fingerprint { variants: [[12153149036796881064, 18374966856621981728, 12153149036796881064, 18374966856621981728], [1876323232987613706, 18374966859414896896, 1876323232987613706, 18374966859414896896], [723436913289734698, 12868189952, 723436913289734698, 12868189952], [11863792760620885668, 184722231721728, 11863792760620885668, 184722231721728], [3029279922503420426, 18374966856021901832, 3029279922503420426, 18374966856021901832], [12009026152139367588, 18374966859414896640, 12009026152139367588, 18374966859414896640], [12153149036796881066, 554034069248, 12153149036796881066, 554034069248], [723401728380770826, 47283278249728, 723401728380770826, 47283278249728]], mean_linear_rgb: [0.9999999999999934, 0.9999999999999934, 0.9999999999999934], luminance_stddev: 2.482534153247273e-16 }
