   Compiling hayro-interpret v0.7.0 (/Users/themoretheless/Documents/Sources/rrrah/vendor/hayro-interpret)
   Compiling rrrah-dedup v0.1.0 (/Users/themoretheless/Documents/Sources/rrrah/crates/rrrah-dedup)
   Compiling hayro v0.7.1
   Compiling rrrah-decode v0.1.0 (/Users/themoretheless/Documents/Sources/rrrah/crates/rrrah-decode)
warning: type does not implement `Debug`; consider adding `#[derive(Debug)]` or a manual implementation
  --> crates/rrrah-dedup/src/gradient_index.rs:17:1
   |
17 | / pub struct GradientDescriptorIndex<'a> {
18 | |     entries: &'a [(u64, GradientDescriptor)],
19 | |     order: SharedBuffer<usize>,
20 | |     axis: usize,
21 | |     recipe: GradientCellRecipe,
22 | | }
   | |_^
   |
   = note: requested on the command line with `-W missing-debug-implementations`

warning: `rrrah-dedup` (lib) generated 1 warning
warning: unused import: `compare_local_files_projective`
 --> crates/rrrah-dedup/tests/region_grid_files.rs:8:35
  |
8 |     local_scan::{LocalFilePolicy, compare_local_files_projective},
  |                                   ^^^^^^^^^^^^^^^^^^^^^^^^^^^^^^
  |
  = note: `#[warn(unused_imports)]` (part of `#[warn(unused)]`) on by default

warning: unused import: `compare_local_files_projective_pyramid_photometric`
  --> crates/rrrah-dedup/tests/region_grid_files.rs:50:13
   |
50 |             compare_local_files_projective_pyramid_photometric,
   |             ^^^^^^^^^^^^^^^^^^^^^^^^^^^^^^^^^^^^^^^^^^^^^^^^^^

warning: unused import: `LocalFileError`
  --> crates/rrrah-dedup/tests/five_collection.rs:49:13
   |
49 |             LocalFileError, ProjectiveComplementaryFilePolicy, ProjectivePortfolioFilePolicy,
   |             ^^^^^^^^^^^^^^
   |
   = note: `#[warn(unused_imports)]` (part of `#[warn(unused)]`) on by default

error[E0382]: borrow of moved value: `files`
   --> crates/rrrah-dedup/tests/five_collection.rs:308:64
    |
194 |     let files = vec![
    |         ----- move occurs because `files` has type `Vec<(u64, DecodeRequest)>`, which does not implement the `Copy` trait
...
287 |     let mut reversed = files;
    |                        ----- value moved here
...
308 |     let combined=scan_projective_local_collection_five_regions(files.clone(),joined,&budget,||false).unwrap();
    |                                                                ^^^^^ value borrowed here after move
    |
help: consider cloning the value if the performance cost is acceptable
    |
287 |     let mut reversed = files.clone();
    |                             ++++++++

For more information about this error, try `rustc --explain E0382`.
warning: `rrrah-dedup` (test "five_collection") generated 1 warning
error: could not compile `rrrah-dedup` (test "five_collection") due to 1 previous error; 1 warning emitted
warning: build failed, waiting for other jobs to finish...
warning: `rrrah-dedup` (test "region_grid_files") generated 2 warnings (run `cargo fix --test "region_grid_files" -p rrrah-dedup` to apply 2 suggestions)
