   Compiling rrrah-dedup v0.1.0 (/workspace/crates/rrrah-dedup)
    Finished `test` profile [optimized + debuginfo] target(s) in 6.84s
     Running tests/gradient.rs (/validation/target/debug/deps/gradient-d0e1aa10ce20b557)

running 7 tests
test dominant_gradient_orientation_analytic_angles_flat_and_limits ... ok
test gradient_matching_mutual_ties_admission_and_cancel ... ok
test independently_rotated_texture_and_alpha_refusal ... ok
test gradient_affine_light_flat_refusals_and_cancel ... ok
test rotated_uniform_patches_never_create_descriptors ... ok
test gradient_pyramid_independent_double_size_coordinates_and_work ... ok
test extracted_gradients_identity_unrelated_work_and_cancel ... ok

test result: ok. 7 passed; 0 failed; 0 ignored; 0 measured; 0 filtered out; finished in 0.03s

     Running tests/gradient_empty.rs (/validation/target/debug/deps/gradient_empty-09e26cf54d624581)

running 1 test
test empty_gradient_inputs_honor_terminal_cancellation_and_retry ... ok

test result: ok. 1 passed; 0 failed; 0 ignored; 0 measured; 0 filtered out; finished in 0.00s

     Running tests/gradient_interpolated.rs (/validation/target/debug/deps/gradient_interpolated-6230af8228d27440)

running 3 tests
test interpolated_recipe_flat_alpha_work_and_cancellation_refusals ... ok
test interpolated_recipe_preserves_independent_quarter_turn_and_affine_light ... ok
test interpolated_cells_reduce_one_pixel_edge_localization_error ... ok

test result: ok. 3 passed; 0 failed; 0 ignored; 0 measured; 0 filtered out; finished in 0.00s

