   Compiling rrrah-dedup v0.1.0 (/Users/themoretheless/Documents/Sources/rrrah/crates/rrrah-dedup)
warning: function `error` is never used
 --> crates/rrrah-decode/src/camtiff/mef_sensor.rs:4:4
  |
4 | fn error(message: &str) -> DecodeError {
  |    ^^^^^
  |
  = note: `#[warn(dead_code)]` (part of `#[warn(unused)]`) on by default

warning: function `packed_12` is never used
 --> crates/rrrah-decode/src/camtiff/mef_sensor.rs:9:4
  |
9 | fn packed_12(
  |    ^^^^^^^^^

warning: function `decode_zd` is never used
  --> crates/rrrah-decode/src/camtiff/mef_sensor.rs:48:15
   |
48 | pub(super) fn decode_zd(
   |               ^^^^^^^^^

warning: `rrrah-decode` (lib) generated 3 warnings
    Finished `test` profile [optimized + debuginfo] target(s) in 1m 04s
     Running tests/local_collection.rs (target/debug/deps/local_collection-836142ca90df3a74)

running 17 tests
test reflected_ranged_modes_validate_before_consuming_sources ... ok
test recursive_collection_preserves_aliases_errors_and_request_settings ... ok
test reflected_collection_discards_changed_sources_batch_wide ... ok
test indexed_collection_changed_before_decode_is_invalidated_without_losing_healthy_pair ... ok
test recursive_spatial_collection_preserves_requests_and_rejects_substitution ... ok
test indexed_collection_reports_bad_and_insufficient_sources_and_admission_errors ... ok
test reflected_file_pair_confirms_pixels_and_releases_managed_features ... ok
test spatial_collection_matches_exhaustive_spatial_pair_acceptance ... ok
test reflected_spatial_collection_matches_spatial_file_oracle ... ok
test display_projection_collection_matches_pairs_and_preserves_strict_evidence ... ok
test ranged_fit_collection_matches_pair_results_and_exposes_selected_domain ... ok
test indexed_collection_retains_every_exhaustively_verified_crop_scale_rotation_pair ... ok
test indexed_watermark_and_large_edit_preserve_pixel_policy ... ok
test reflected_recursive_collection_keeps_aliases_paths_and_request_policy ... ok
test indexed_arbitrary_angles_and_intermediate_scales_keep_labelled_pairs ... ok
test indexed_collection_final_generation_and_one_shot_cancel_discard_report ... ok
test reflected_collection_retrieves_labelled_pairs_and_cancels_without_report ... ok

test result: ok. 17 passed; 0 failed; 0 ignored; 0 measured; 0 filtered out; finished in 20.21s

     Running tests/local_scan.rs (target/debug/deps/local_scan-6ca78a88d5d9843f)

running 11 tests
test fitted_scan_validates_policy_before_consuming_input ... ok
test file_pair_limits_cancel_and_invalid_acceptance_are_inconclusive ... ok
test recursive_local_search_preserves_paths_aliases_and_decode_errors ... ok
test full_file_search_finds_crop_scale_rotation_and_rejects_unrelated_and_corrupt_sources ... ok
test spatial_file_policy_preserves_pixel_proof_errors_and_source_guards ... ok
test unfiltered_photometric_batch_uses_fitted_residuals_and_retains_strict_pixels ... ok
test batch_source_mutation_discards_all_stale_pairs_and_keeps_healthy_evidence ... ok
test constrained_batch_mutation_discards_stale_pairs ... ok
test final_generation_change_and_one_shot_cancellation_return_no_partial_report ... ok
test constrained_batch_final_generation_and_cancellation_discard_report ... ok
test fitted_batch_and_roots_preserve_signal_selection_and_corrupt_file_diagnostics ... ok

test result: ok. 11 passed; 0 failed; 0 ignored; 0 measured; 0 filtered out; finished in 21.90s

