warning: type does not implement `Debug`; consider adding `#[derive(Debug)]` or a manual implementation
  --> crates/rrrah-dedup/src/gradient_index.rs:17:1
   |
17 | / pub struct GradientDescriptorIndex<'a> {
18 | |     entries: &'a [(u64, GradientDescriptor)],
19 | |     order: SharedBuffer<usize>,
20 | |     axis: usize,
21 | |     recipe: GradientCellRecipe,
22 | | }
   | |_^
   |
   = note: requested on the command line with `-W missing-debug-implementations`

warning: `rrrah-dedup` (lib) generated 1 warning
   Compiling rrrah-dedup v0.1.0 (/Users/themoretheless/Documents/Sources/rrrah/crates/rrrah-dedup)
    Finished `test` profile [optimized + debuginfo] target(s) in 0.86s
     Running tests/gradient_scale_files.rs (target/debug/deps/gradient_scale_files-bb10e6c0211261b6)

running 9 tests
test scale_list_cancellation_precedes_file_and_iterator_access ... ok
test scaled_files_confirm_pixels_and_refuse_unrelated ... ok
test scale_file_admission_and_cancellation_are_atomic ... ok
test changed_source_refuses_scale_evidence_and_restored_retry_succeeds ... ok
test collection_scale_edges_equal_fresh_pair_confirmation ... ok
test spatial_collection_scale_edges_equal_fresh_pair_confirmation ... ok
test intermediate_scale_files_retain_authored_rotations_and_enlargements ... ok
test collection_scale_mutation_and_cancellation_remove_partial_results ... ok
test spatial_scale_regions_match_fresh_supplied_model_confirmation ... ok

test result: ok. 9 passed; 0 failed; 0 ignored; 0 measured; 0 filtered out; finished in 8.49s

