   Compiling rrrah-dedup v0.1.0 (/Users/themoretheless/Documents/Sources/rrrah/crates/rrrah-dedup)
   Compiling rrrah-decode v0.1.0 (/Users/themoretheless/Documents/Sources/rrrah/crates/rrrah-decode)
warning: function `error` is never used
 --> crates/rrrah-decode/src/camtiff/mef_sensor.rs:4:4
  |
4 | fn error(message: &str) -> DecodeError {
  |    ^^^^^
  |
  = note: `#[warn(dead_code)]` (part of `#[warn(unused)]`) on by default

warning: function `packed_12` is never used
 --> crates/rrrah-decode/src/camtiff/mef_sensor.rs:9:4
  |
9 | fn packed_12(
  |    ^^^^^^^^^

warning: function `decode_zd` is never used
  --> crates/rrrah-decode/src/camtiff/mef_sensor.rs:48:15
   |
48 | pub(super) fn decode_zd(
   |               ^^^^^^^^^

warning: `rrrah-decode` (lib) generated 3 warnings
    Finished `test` profile [optimized + debuginfo] target(s) in 7.60s
     Running tests/raster_equality.rs (target/debug/deps/raster_equality-ea252da97797e76c)

running 1 test
test associated_tiff_alpha_matches_independent_straight_png ... FAILED

failures:

---- associated_tiff_alpha_matches_independent_straight_png stdout ----

thread 'associated_tiff_alpha_matches_independent_straight_png' (47512489) panicked at crates/rrrah-dedup/tests/raster_equality.rs:183:5:
assertion failed: png.same_selected_frame(&tiff, || false).unwrap()
note: run with `RUST_BACKTRACE=1` environment variable to display a backtrace


failures:
    associated_tiff_alpha_matches_independent_straight_png

test result: FAILED. 0 passed; 1 failed; 0 ignored; 0 measured; 3 filtered out; finished in 0.01s

error: test failed, to rerun pass `-p rrrah-dedup --test raster_equality`
