   Compiling rrrah-dedup v0.1.0 (/Users/themoretheless/Documents/Sources/rrrah/crates/rrrah-dedup)
warning: function `error` is never used
 --> crates/rrrah-decode/src/camtiff/mef_sensor.rs:4:4
  |
4 | fn error(message: &str) -> DecodeError {
  |    ^^^^^
  |
  = note: `#[warn(dead_code)]` (part of `#[warn(unused)]`) on by default

warning: function `packed_12` is never used
 --> crates/rrrah-decode/src/camtiff/mef_sensor.rs:9:4
  |
9 | fn packed_12(
  |    ^^^^^^^^^

warning: function `decode_zd` is never used
  --> crates/rrrah-decode/src/camtiff/mef_sensor.rs:48:15
   |
48 | pub(super) fn decode_zd(
   |               ^^^^^^^^^

warning: `rrrah-decode` (lib) generated 3 warnings
    Finished `test` profile [optimized + debuginfo] target(s) in 3.12s
     Running tests/animated.rs (target/debug/deps/animated-f7c32f10868277bd)

running 6 tests
test changed_gif_timing_prevents_whole_animation_equality ... ok
test complete_existing_composition_fixtures_decode_and_compare ... ok
test gif_disposal_modes_match_independently_composited_full_canvas_apng ... ok
test independent_cross_container_timeline_splits_and_negatives ... ok
test every_apng_truncation_and_crc_damage_refuses_without_leaking_then_retries ... ok
test every_gif_and_webp_truncation_refuses_releases_memory_and_recovers ... ok

test result: ok. 6 passed; 0 failed; 0 ignored; 0 measured; 0 filtered out; finished in 0.56s

