   Compiling hayro-interpret v0.7.0 (/Users/themoretheless/Documents/Sources/rrrah/vendor/hayro-interpret)
   Compiling rrrah-dedup v0.1.0 (/Users/themoretheless/Documents/Sources/rrrah/crates/rrrah-dedup)
   Compiling hayro v0.7.1 (/Users/themoretheless/Documents/Sources/rrrah/vendor/hayro)
   Compiling rrrah-decode v0.1.0 (/Users/themoretheless/Documents/Sources/rrrah/crates/rrrah-decode)
warning: type does not implement `Debug`; consider adding `#[derive(Debug)]` or a manual implementation
  --> crates/rrrah-dedup/src/gradient_index.rs:17:1
   |
17 | / pub struct GradientDescriptorIndex<'a> {
18 | |     entries: &'a [(u64, GradientDescriptor)],
19 | |     order: SharedBuffer<usize>,
20 | |     axis: usize,
21 | |     recipe: GradientCellRecipe,
22 | | }
   | |_^
   |
   = note: requested on the command line with `-W missing-debug-implementations`

warning: `rrrah-dedup` (lib) generated 1 warning
error[E0609]: no field `attempted_recipes` on type `&AnchorGeometrySearchEvidence`
   --> crates/rrrah-dedup/examples/anchor_rank_driven_real_collection_probe.rs:167:26
    |
167 |             assert_eq!(e.attempted_recipes,direct.attempted_recipes);
    |                          ^^^^^^^^^^^^^^^^^ unknown field
    |
    = note: available fields are: `search`, `anchors`

error[E0609]: no field `smoothing_radii` on type `&AnchorGeometrySearchEvidence`
   --> crates/rrrah-dedup/examples/anchor_rank_driven_real_collection_probe.rs:168:26
    |
168 |             assert_eq!(e.smoothing_radii,direct.smoothing_radii);
    |                          ^^^^^^^^^^^^^^^ unknown field
    |
    = note: available fields are: `search`, `anchors`

error[E0609]: no field `evidence` on type `&AnchorGeometrySearchEvidence`
   --> crates/rrrah-dedup/examples/anchor_rank_driven_real_collection_probe.rs:169:26
    |
169 |             assert_eq!(e.evidence.anchors,direct.evidence.anchors);
    |                          ^^^^^^^^ unknown field
    |
    = note: available fields are: `search`, `anchors`

error[E0609]: no field `evidence` on type `&AnchorGeometrySearchEvidence`
   --> crates/rrrah-dedup/examples/anchor_rank_driven_real_collection_probe.rs:171:34
    |
171 |             assert_eq!(points(&e.evidence.search),points(&direct.evidence.search));
    |                                  ^^^^^^^^ unknown field
    |
    = note: available fields are: `search`, `anchors`

error[E0609]: no field `evidence` on type `&AnchorGeometrySearchEvidence`
   --> crates/rrrah-dedup/examples/anchor_rank_driven_real_collection_probe.rs:172:41
    |
172 |             assert_eq!(format!("{:?}",e.evidence.search.geometry),format!("{:?}",direct.evidence.search.geometry));
    |                                         ^^^^^^^^ unknown field
    |
    = note: available fields are: `search`, `anchors`

For more information about this error, try `rustc --explain E0609`.
error: could not compile `rrrah-dedup` (example "anchor_rank_driven_real_collection_probe") due to 5 previous errors
