   Compiling rrrah-dedup v0.1.0 (/Users/themoretheless/Documents/Sources/rrrah/crates/rrrah-dedup)
warning: function `error` is never used
 --> crates/rrrah-decode/src/camtiff/mef_sensor.rs:4:4
  |
4 | fn error(message: &str) -> DecodeError {
  |    ^^^^^
  |
  = note: `#[warn(dead_code)]` (part of `#[warn(unused)]`) on by default

warning: function `packed_12` is never used
 --> crates/rrrah-decode/src/camtiff/mef_sensor.rs:9:4
  |
9 | fn packed_12(
  |    ^^^^^^^^^

warning: function `decode_zd` is never used
  --> crates/rrrah-decode/src/camtiff/mef_sensor.rs:48:15
   |
48 | pub(super) fn decode_zd(
   |               ^^^^^^^^^

warning: `rrrah-decode` (lib) generated 3 warnings
    Finished `test` profile [optimized + debuginfo] target(s) in 28.08s
     Running tests/photo_files.rs (/tmp/rrrah-dedup-target/debug/deps/photo_files-4e5b78f1f6fb0410)

running 2 tests
ordinary spatial brightness 830: matches=256 geometry=Some(Transform { a: 0.9999367686321244, b: 2.07795406600942e-5, translation: [0.015990722085467528, -0.0004038203265537277] }) candidate=true
ordinary spatial brightness 898: matches=92 geometry=Some(Transform { a: 1.0, b: 0.0, translation: [0.0, 0.0] }) candidate=true
ordinary spatial brightness 1084: matches=294 geometry=Some(Transform { a: 1.0000610698374428, b: 9.253005673095763e-6, translation: [-0.009010153749497544, -0.008937696083236801] }) candidate=true
ordinary spatial brightness 1294: matches=238 geometry=Some(Transform { a: 0.9999599179906828, b: -1.565813792366884e-5, translation: [0.008912541856403984, 0.006958682077424783] }) candidate=true
test ordinary_spatial_brightness_keeps_all_four_labelled_camera_scenes ... ok
1084 automatically selected ordinary transform: Transform { a: 1.0000610698374428, b: 9.253005673095763e-6, translation: [-0.009010153749497544, -0.008937696083236801] }
indexed_features=1890 descriptor_hits=187066 proposed_pairs=28 pixel_verification_pairs=4 peak_managed_bytes=3908000
test ordinary_spatial_brightness_collection_matches_complete_spatial_oracle ... ok

test result: ok. 2 passed; 0 failed; 0 ignored; 0 measured; 22 filtered out; finished in 3.33s

