    Checking once_cell v1.21.4
   Compiling blake3 v1.8.5
    Checking thiserror v2.0.19
    Checking tempfile v3.27.0
   Compiling rrrah-dedup v0.1.0 (/Users/themoretheless/Documents/Sources/rrrah/crates/rrrah-dedup)
warning: unused variable: `cancel`
   --> crates/rrrah-dedup/src/local_index.rs:715:5
    |
715 |     cancel: impl Fn() -> bool,
    |     ^^^^^^ help: if this is intentional, prefix it with an underscore: `_cancel`
    |
    = note: `#[warn(unused_variables)]` (part of `#[warn(unused)]`) on by default

error[E0433]: cannot find module or crate `rrrah_core` in this scope
   --> crates/rrrah-dedup/src/gradient.rs:494:38
    |
494 |     competitor_radius: f64, budget: &rrrah_core::MemoryBudget, cancel: impl Fn() -> bool,
    |                                      ^^^^^^^^^^ use of unresolved module or unlinked crate `rrrah_core`
    |
    = help: if you wanted to use a crate named `rrrah_core`, use `cargo add rrrah_core` to add it to your `Cargo.toml`

error[E0433]: cannot find module or crate `rrrah_core` in this scope
   --> crates/rrrah-dedup/src/gradient.rs:495:13
    |
495 | ) -> Result<rrrah_core::SharedBuffer<crate::geometry::Correspondence>, LocalError> {
    |             ^^^^^^^^^^ use of unresolved module or unlinked crate `rrrah_core`
    |
    = help: if you wanted to use a crate named `rrrah_core`, use `cargo add rrrah_core` to add it to your `Cargo.toml`

For more information about this error, try `rustc --explain E0433`.
warning: `rrrah-dedup` (lib) generated 1 warning
error: could not compile `rrrah-dedup` (lib) due to 2 previous errors; 1 warning emitted
