   Compiling find-msvc-tools v0.1.9
   Compiling shlex v2.0.1
   Compiling proc-macro2 v1.0.107
   Compiling quote v1.0.47
    Checking windows-link v0.2.1
   Compiling getrandom v0.4.3
    Checking cfg-if v1.0.4
   Compiling thiserror v2.0.19
    Checking fastrand v2.5.0
    Checking arrayvec v0.7.8
    Checking cpufeatures v0.3.0
    Checking constant_time_eq v0.4.2
    Checking arrayref v0.3.9
    Checking once_cell v1.21.4
    Checking windows-sys v0.61.2
   Compiling cc v1.3.0
    Checking winapi-util v0.1.11
    Checking tempfile v3.27.0
   Compiling syn v3.0.2
   Compiling blake3 v1.8.5
   Compiling thiserror-impl v2.0.19
   Compiling rrrah-dedup v0.1.0 (/Users/themoretheless/Documents/Sources/rrrah/crates/rrrah-dedup)
    Finished `dev` profile [optimized + debuginfo] target(s) in 6.05s
