   Compiling rrrah-decode v0.1.0 (/Users/themoretheless/Documents/Sources/rrrah/crates/rrrah-decode)
   Compiling rrrah-dedup v0.1.0 (/Users/themoretheless/Documents/Sources/rrrah/crates/rrrah-dedup)
warning: function `error` is never used
 --> crates/rrrah-decode/src/camtiff/mef_sensor.rs:4:4
  |
4 | fn error(message: &str) -> DecodeError {
  |    ^^^^^
  |
  = note: `#[warn(dead_code)]` (part of `#[warn(unused)]`) on by default

warning: function `packed_12` is never used
 --> crates/rrrah-decode/src/camtiff/mef_sensor.rs:9:4
  |
9 | fn packed_12(
  |    ^^^^^^^^^

warning: function `decode_zd` is never used
  --> crates/rrrah-decode/src/camtiff/mef_sensor.rs:48:15
   |
48 | pub(super) fn decode_zd(
   |               ^^^^^^^^^

warning: `rrrah-decode` (lib) generated 3 warnings
    Finished `release` profile [optimized] target(s) in 1m 15s
     Running `/tmp/rrrah-dedup-target/release/examples/presentation_scale_probe --indexed-groups`
{"indexed":true,"candidate_pairs":16,"pages":false,"files":8,"pairs":28,"encoded_bytes":2141,"repetition":1,"seconds":0.011937542,"equal":16,"different":0,"peak_managed_bytes":768,"retained_managed_bytes":0}
{"indexed":true,"candidate_pairs":16,"pages":false,"files":8,"pairs":28,"encoded_bytes":2141,"repetition":2,"seconds":0.01248525,"equal":16,"different":0,"peak_managed_bytes":768,"retained_managed_bytes":0}
{"indexed":true,"candidate_pairs":16,"pages":false,"files":8,"pairs":28,"encoded_bytes":2141,"repetition":3,"seconds":0.011322708,"equal":16,"different":0,"peak_managed_bytes":768,"retained_managed_bytes":0}
{"indexed":true,"candidate_pairs":276,"pages":false,"files":32,"pairs":496,"encoded_bytes":8805,"repetition":1,"seconds":0.115211291,"equal":276,"different":0,"peak_managed_bytes":768,"retained_managed_bytes":0}
{"indexed":true,"candidate_pairs":276,"pages":false,"files":32,"pairs":496,"encoded_bytes":8805,"repetition":2,"seconds":0.097139125,"equal":276,"different":0,"peak_managed_bytes":768,"retained_managed_bytes":0}
{"indexed":true,"candidate_pairs":276,"pages":false,"files":32,"pairs":496,"encoded_bytes":8805,"repetition":3,"seconds":0.097752708,"equal":276,"different":0,"peak_managed_bytes":768,"retained_managed_bytes":0}
{"indexed":true,"candidate_pairs":4516,"pages":false,"files":128,"pairs":8128,"encoded_bytes":35461,"repetition":1,"seconds":1.24894525,"equal":4516,"different":0,"peak_managed_bytes":768,"retained_managed_bytes":0}
{"indexed":true,"candidate_pairs":4516,"pages":false,"files":128,"pairs":8128,"encoded_bytes":35461,"repetition":2,"seconds":1.208871416,"equal":4516,"different":0,"peak_managed_bytes":768,"retained_managed_bytes":0}
{"indexed":true,"candidate_pairs":4516,"pages":false,"files":128,"pairs":8128,"encoded_bytes":35461,"repetition":3,"seconds":1.215236958,"equal":4516,"different":0,"peak_managed_bytes":768,"retained_managed_bytes":0}
{"indexed":true,"candidate_pairs":16,"pages":true,"files":8,"pairs":28,"encoded_bytes":22898,"repetition":1,"seconds":0.047406125,"equal":16,"different":0,"peak_managed_bytes":4678,"retained_managed_bytes":0}
{"indexed":true,"candidate_pairs":16,"pages":true,"files":8,"pairs":28,"encoded_bytes":22898,"repetition":2,"seconds":0.050143375,"equal":16,"different":0,"peak_managed_bytes":4678,"retained_managed_bytes":0}
{"indexed":true,"candidate_pairs":16,"pages":true,"files":8,"pairs":28,"encoded_bytes":22898,"repetition":3,"seconds":0.047208666,"equal":16,"different":0,"peak_managed_bytes":4678,"retained_managed_bytes":0}
{"indexed":true,"candidate_pairs":276,"pages":true,"files":32,"pairs":496,"encoded_bytes":91954,"repetition":1,"seconds":0.506283709,"equal":276,"different":0,"peak_managed_bytes":4678,"retained_managed_bytes":0}
{"indexed":true,"candidate_pairs":276,"pages":true,"files":32,"pairs":496,"encoded_bytes":91954,"repetition":2,"seconds":0.474263208,"equal":276,"different":0,"peak_managed_bytes":4678,"retained_managed_bytes":0}
{"indexed":true,"candidate_pairs":276,"pages":true,"files":32,"pairs":496,"encoded_bytes":91954,"repetition":3,"seconds":0.486384125,"equal":276,"different":0,"peak_managed_bytes":4678,"retained_managed_bytes":0}
{"indexed":true,"candidate_pairs":4516,"pages":true,"files":128,"pairs":8128,"encoded_bytes":368178,"repetition":1,"seconds":10.523731666,"equal":4516,"different":0,"peak_managed_bytes":4678,"retained_managed_bytes":0}
{"indexed":true,"candidate_pairs":4516,"pages":true,"files":128,"pairs":8128,"encoded_bytes":368178,"repetition":2,"seconds":7.566242167,"equal":4516,"different":0,"peak_managed_bytes":4678,"retained_managed_bytes":0}
{"indexed":true,"candidate_pairs":4516,"pages":true,"files":128,"pairs":8128,"encoded_bytes":368178,"repetition":3,"seconds":6.998516667,"equal":4516,"different":0,"peak_managed_bytes":4678,"retained_managed_bytes":0}
