   Compiling rrrah-dedup v0.1.0 (/Users/themoretheless/Documents/Sources/rrrah/crates/rrrah-dedup)
warning: function `error` is never used
 --> crates/rrrah-decode/src/camtiff/mef_sensor.rs:4:4
  |
4 | fn error(message: &str) -> DecodeError {
  |    ^^^^^
  |
  = note: `#[warn(dead_code)]` (part of `#[warn(unused)]`) on by default

warning: function `packed_12` is never used
 --> crates/rrrah-decode/src/camtiff/mef_sensor.rs:9:4
  |
9 | fn packed_12(
  |    ^^^^^^^^^

warning: function `decode_zd` is never used
  --> crates/rrrah-decode/src/camtiff/mef_sensor.rs:48:15
   |
48 | pub(super) fn decode_zd(
   |               ^^^^^^^^^

warning: `rrrah-decode` (lib) generated 3 warnings
error[E0599]: no variant, associated function, or constant named `Warp` found for enum `LocalFileError` in the current scope
  --> crates/rrrah-dedup/tests/projective_files.rs:85:117
   |
85 | ...alse),Err(LocalFileError::Warp(WarpError::Budget))));assert_eq!(budget.used(),0);
   |                              ^^^^ variant, associated function, or constant not found in `LocalFileError`

For more information about this error, try `rustc --explain E0599`.
error: could not compile `rrrah-dedup` (test "projective_files") due to 1 previous error
