{
  "status": "verified_six_region_collection",
  "report_sha256": "856e4421bc3bcc52f64bca96f168ac235c6a423adaadc26bdc8c15a6be189cd4",
  "verified_queries": 229,
  "verified_models": 325,
  "verified_native_collection_queries": 229,
  "lane_support_gains": [
    {
      "query_id": "200001.jpg",
      "lane": 0,
      "old_supports": 7,
      "new_supports": 21
    },
    {
      "query_id": "200001.jpg",
      "lane": 1,
      "old_supports": 7,
      "new_supports": 21
    },
    {
      "query_id": "200102.jpg",
      "lane": 0,
      "old_supports": 6,
      "new_supports": 14
    },
    {
      "query_id": "200102.jpg",
      "lane": 1,
      "old_supports": 6,
      "new_supports": 14
    },
    {
      "query_id": "200303.jpg",
      "lane": 0,
      "old_supports": 16,
      "new_supports": 32
    },
    {
      "query_id": "200303.jpg",
      "lane": 1,
      "old_supports": 16,
      "new_supports": 32
    },
    {
      "query_id": "200701.jpg",
      "lane": 0,
      "old_supports": 7,
      "new_supports": 20
    },
    {
      "query_id": "200701.jpg",
      "lane": 1,
      "old_supports": 9,
      "new_supports": 25
    },
    {
      "query_id": "200901.jpg",
      "lane": 0,
      "old_supports": 1,
      "new_supports": 7
    },
    {
      "query_id": "200901.jpg",
      "lane": 1,
      "old_supports": 1,
      "new_supports": 7
    },
    {
      "query_id": "201001.jpg",
      "lane": 0,
      "old_supports": 5,
      "new_supports": 10
    },
    {
      "query_id": "201001.jpg",
      "lane": 1,
      "old_supports": 5,
      "new_supports": 10
    },
    {
      "query_id": "201101.jpg",
      "lane": 0,
      "old_supports": 5,
      "new_supports": 17
    },
    {
      "query_id": "201101.jpg",
      "lane": 1,
      "old_supports": 6,
      "new_supports": 19
    },
    {
      "query_id": "201201.jpg",
      "lane": 0,
      "old_supports": 5,
      "new_supports": 9
    },
    {
      "query_id": "201201.jpg",
      "lane": 1,
      "old_supports": 6,
      "new_supports": 12
    },
    {
      "query_id": "201202.jpg",
      "lane": 0,
      "old_supports": 1,
      "new_supports": 2
    },
    {
      "query_id": "201202.jpg",
      "lane": 1,
      "old_supports": 1,
      "new_supports": 2
    },
    {
      "query_id": "201302.jpg",
      "lane": 0,
      "old_supports": 11,
      "new_supports": 27
    },
    {
      "query_id": "201302.jpg",
      "lane": 1,
      "old_supports": 11,
      "new_supports": 27
    },
    {
      "query_id": "201401.jpg",
      "lane": 0,
      "old_supports": 7,
      "new_supports": 14
    },
    {
      "query_id": "201401.jpg",
      "lane": 1,
      "old_supports": 8,
      "new_supports": 16
    },
    {
      "query_id": "201501.jpg",
      "lane": 0,
      "old_supports": 8,
      "new_supports": 21
    },
    {
      "query_id": "201501.jpg",
      "lane": 1,
      "old_supports": 6,
      "new_supports": 14
    },
    {
      "query_id": "201701.jpg",
      "lane": 0,
      "old_supports": 0,
      "new_supports": 4
    },
    {
      "query_id": "201701.jpg",
      "lane": 1,
      "old_supports": 0,
      "new_supports": 1
    },
    {
      "query_id": "201901.jpg",
      "lane": 0,
      "old_supports": 3,
      "new_supports": 8
    },
    {
      "query_id": "201901.jpg",
      "lane": 1,
      "old_supports": 2,
      "new_supports": 6
    },
    {
      "query_id": "202002.jpg",
      "lane": 0,
      "old_supports": 4,
      "new_supports": 10
    },
    {
      "query_id": "202002.jpg",
      "lane": 1,
      "old_supports": 5,
      "new_supports": 12
    },
    {
      "query_id": "202302.jpg",
      "lane": 0,
      "old_supports": 9,
      "new_supports": 24
    },
    {
      "query_id": "202302.jpg",
      "lane": 1,
      "old_supports": 10,
      "new_supports": 25
    },
    {
      "query_id": "202501.jpg",
      "lane": 1,
      "old_supports": 0,
      "new_supports": 1
    },
    {
      "query_id": "202601.jpg",
      "lane": 0,
      "old_supports": 3,
      "new_supports": 6
    },
    {
      "query_id": "202601.jpg",
      "lane": 1,
      "old_supports": 5,
      "new_supports": 9
    },
    {
      "query_id": "202701.jpg",
      "lane": 0,
      "old_supports": 8,
      "new_supports": 23
    },
    {
      "query_id": "202701.jpg",
      "lane": 1,
      "old_supports": 6,
      "new_supports": 18
    },
    {
      "query_id": "202901.jpg",
      "lane": 0,
      "old_supports": 0,
      "new_supports": 3
    },
    {
      "query_id": "202901.jpg",
      "lane": 1,
      "old_supports": 2,
      "new_supports": 6
    },
    {
      "query_id": "203102.jpg",
      "lane": 0,
      "old_supports": 6,
      "new_supports": 21
    },
    {
      "query_id": "203102.jpg",
      "lane": 1,
      "old_supports": 6,
      "new_supports": 19
    },
    {
      "query_id": "203201.jpg",
      "lane": 0,
      "old_supports": 1,
      "new_supports": 4
    },
    {
      "query_id": "203201.jpg",
      "lane": 1,
      "old_supports": 1,
      "new_supports": 5
    },
    {
      "query_id": "203302.jpg",
      "lane": 0,
      "old_supports": 8,
      "new_supports": 24
    },
    {
      "query_id": "203302.jpg",
      "lane": 1,
      "old_supports": 6,
      "new_supports": 19
    },
    {
      "query_id": "203401.jpg",
      "lane": 0,
      "old_supports": 1,
      "new_supports": 2
    },
    {
      "query_id": "203401.jpg",
      "lane": 1,
      "old_supports": 0,
      "new_supports": 1
    },
    {
      "query_id": "203501.jpg",
      "lane": 0,
      "old_supports": 8,
      "new_supports": 15
    },
    {
      "query_id": "203501.jpg",
      "lane": 1,
      "old_supports": 8,
      "new_supports": 16
    },
    {
      "query_id": "203601.jpg",
      "lane": 0,
      "old_supports": 5,
      "new_supports": 15
    },
    {
      "query_id": "203601.jpg",
      "lane": 1,
      "old_supports": 6,
      "new_supports": 14
    },
    {
      "query_id": "204201.jpg",
      "lane": 0,
      "old_supports": 2,
      "new_supports": 4
    },
    {
      "query_id": "204201.jpg",
      "lane": 1,
      "old_supports": 2,
      "new_supports": 5
    },
    {
      "query_id": "204301.jpg",
      "lane": 0,
      "old_supports": 3,
      "new_supports": 6
    },
    {
      "query_id": "204301.jpg",
      "lane": 1,
      "old_supports": 7,
      "new_supports": 12
    },
    {
      "query_id": "204401.jpg",
      "lane": 1,
      "old_supports": 0,
      "new_supports": 1
    },
    {
      "query_id": "204501.jpg",
      "lane": 0,
      "old_supports": 2,
      "new_supports": 3
    },
    {
      "query_id": "204501.jpg",
      "lane": 1,
      "old_supports": 3,
      "new_supports": 7
    },
    {
      "query_id": "204701.jpg",
      "lane": 0,
      "old_supports": 1,
      "new_supports": 5
    },
    {
      "query_id": "204701.jpg",
      "lane": 1,
      "old_supports": 3,
      "new_supports": 10
    },
    {
      "query_id": "204801.jpg",
      "lane": 0,
      "old_supports": 10,
      "new_supports": 24
    },
    {
      "query_id": "204801.jpg",
      "lane": 1,
      "old_supports": 7,
      "new_supports": 19
    },
    {
      "query_id": "204901.jpg",
      "lane": 0,
      "old_supports": 1,
      "new_supports": 2
    },
    {
      "query_id": "204901.jpg",
      "lane": 1,
      "old_supports": 1,
      "new_supports": 2
    },
    {
      "query_id": "205001.jpg",
      "lane": 1,
      "old_supports": 5,
      "new_supports": 13
    },
    {
      "query_id": "205101.jpg",
      "lane": 0,
      "old_supports": 11,
      "new_supports": 23
    },
    {
      "query_id": "205101.jpg",
      "lane": 1,
      "old_supports": 12,
      "new_supports": 26
    },
    {
      "query_id": "205201.jpg",
      "lane": 0,
      "old_supports": 4,
      "new_supports": 7
    },
    {
      "query_id": "205201.jpg",
      "lane": 1,
      "old_supports": 3,
      "new_supports": 6
    },
    {
      "query_id": "205202.jpg",
      "lane": 0,
      "old_supports": 1,
      "new_supports": 4
    },
    {
      "query_id": "205202.jpg",
      "lane": 1,
      "old_supports": 1,
      "new_supports": 4
    },
    {
      "query_id": "205301.jpg",
      "lane": 0,
      "old_supports": 8,
      "new_supports": 16
    },
    {
      "query_id": "205301.jpg",
      "lane": 1,
      "old_supports": 8,
      "new_supports": 16
    },
    {
      "query_id": "205302.jpg",
      "lane": 0,
      "old_supports": 1,
      "new_supports": 3
    },
    {
      "query_id": "205302.jpg",
      "lane": 1,
      "old_supports": 2,
      "new_supports": 4
    },
    {
      "query_id": "205401.jpg",
      "lane": 0,
      "old_supports": 11,
      "new_supports": 22
    },
    {
      "query_id": "205401.jpg",
      "lane": 1,
      "old_supports": 11,
      "new_supports": 22
    },
    {
      "query_id": "205402.jpg",
      "lane": 0,
      "old_supports": 8,
      "new_supports": 16
    },
    {
      "query_id": "205402.jpg",
      "lane": 1,
      "old_supports": 7,
      "new_supports": 15
    },
    {
      "query_id": "205501.jpg",
      "lane": 0,
      "old_supports": 4,
      "new_supports": 8
    },
    {
      "query_id": "205501.jpg",
      "lane": 1,
      "old_supports": 5,
      "new_supports": 9
    },
    {
      "query_id": "205502.jpg",
      "lane": 0,
      "old_supports": 3,
      "new_supports": 11
    },
    {
      "query_id": "205502.jpg",
      "lane": 1,
      "old_supports": 1,
      "new_supports": 5
    },
    {
      "query_id": "205601.jpg",
      "lane": 0,
      "old_supports": 4,
      "new_supports": 12
    },
    {
      "query_id": "205601.jpg",
      "lane": 1,
      "old_supports": 4,
      "new_supports": 12
    },
    {
      "query_id": "205702.jpg",
      "lane": 1,
      "old_supports": 3,
      "new_supports": 7
    },
    {
      "query_id": "205703.jpg",
      "lane": 0,
      "old_supports": 12,
      "new_supports": 28
    },
    {
      "query_id": "205703.jpg",
      "lane": 1,
      "old_supports": 12,
      "new_supports": 28
    },
    {
      "query_id": "205801.jpg",
      "lane": 0,
      "old_supports": 4,
      "new_supports": 7
    },
    {
      "query_id": "205801.jpg",
      "lane": 1,
      "old_supports": 5,
      "new_supports": 9
    },
    {
      "query_id": "206001.jpg",
      "lane": 0,
      "old_supports": 5,
      "new_supports": 10
    },
    {
      "query_id": "206001.jpg",
      "lane": 1,
      "old_supports": 5,
      "new_supports": 10
    },
    {
      "query_id": "206201.jpg",
      "lane": 0,
      "old_supports": 1,
      "new_supports": 5
    },
    {
      "query_id": "206201.jpg",
      "lane": 1,
      "old_supports": 0,
      "new_supports": 1
    },
    {
      "query_id": "206401.jpg",
      "lane": 0,
      "old_supports": 6,
      "new_supports": 11
    },
    {
      "query_id": "206401.jpg",
      "lane": 1,
      "old_supports": 6,
      "new_supports": 11
    },
    {
      "query_id": "206501.jpg",
      "lane": 0,
      "old_supports": 10,
      "new_supports": 19
    },
    {
      "query_id": "206501.jpg",
      "lane": 1,
      "old_supports": 9,
      "new_supports": 18
    },
    {
      "query_id": "206502.jpg",
      "lane": 0,
      "old_supports": 4,
      "new_supports": 12
    },
    {
      "query_id": "206502.jpg",
      "lane": 1,
      "old_supports": 3,
      "new_supports": 11
    },
    {
      "query_id": "206601.jpg",
      "lane": 0,
      "old_supports": 4,
      "new_supports": 14
    },
    {
      "query_id": "206601.jpg",
      "lane": 1,
      "old_supports": 4,
      "new_supports": 14
    },
    {
      "query_id": "206602.jpg",
      "lane": 0,
      "old_supports": 2,
      "new_supports": 11
    },
    {
      "query_id": "206602.jpg",
      "lane": 1,
      "old_supports": 3,
      "new_supports": 12
    },
    {
      "query_id": "206801.jpg",
      "lane": 0,
      "old_supports": 13,
      "new_supports": 27
    },
    {
      "query_id": "206801.jpg",
      "lane": 1,
      "old_supports": 13,
      "new_supports": 25
    },
    {
      "query_id": "207001.jpg",
      "lane": 0,
      "old_supports": 8,
      "new_supports": 16
    },
    {
      "query_id": "207001.jpg",
      "lane": 1,
      "old_supports": 8,
      "new_supports": 16
    },
    {
      "query_id": "207101.jpg",
      "lane": 0,
      "old_supports": 3,
      "new_supports": 9
    },
    {
      "query_id": "207101.jpg",
      "lane": 1,
      "old_supports": 2,
      "new_supports": 8
    },
    {
      "query_id": "207201.jpg",
      "lane": 0,
      "old_supports": 6,
      "new_supports": 19
    },
    {
      "query_id": "207201.jpg",
      "lane": 1,
      "old_supports": 7,
      "new_supports": 21
    },
    {
      "query_id": "207302.jpg",
      "lane": 0,
      "old_supports": 4,
      "new_supports": 11
    },
    {
      "query_id": "207302.jpg",
      "lane": 1,
      "old_supports": 7,
      "new_supports": 19
    },
    {
      "query_id": "207401.jpg",
      "lane": 0,
      "old_supports": 0,
      "new_supports": 1
    },
    {
      "query_id": "207401.jpg",
      "lane": 1,
      "old_supports": 0,
      "new_supports": 1
    },
    {
      "query_id": "207502.jpg",
      "lane": 0,
      "old_supports": 7,
      "new_supports": 22
    },
    {
      "query_id": "207502.jpg",
      "lane": 1,
      "old_supports": 6,
      "new_supports": 19
    },
    {
      "query_id": "207601.jpg",
      "lane": 0,
      "old_supports": 5,
      "new_supports": 7
    },
    {
      "query_id": "207601.jpg",
      "lane": 1,
      "old_supports": 3,
      "new_supports": 5
    },
    {
      "query_id": "207602.jpg",
      "lane": 0,
      "old_supports": 15,
      "new_supports": 31
    },
    {
      "query_id": "207602.jpg",
      "lane": 1,
      "old_supports": 15,
      "new_supports": 31
    },
    {
      "query_id": "207801.jpg",
      "lane": 1,
      "old_supports": 1,
      "new_supports": 2
    },
    {
      "query_id": "208001.jpg",
      "lane": 0,
      "old_supports": 7,
      "new_supports": 18
    },
    {
      "query_id": "208001.jpg",
      "lane": 1,
      "old_supports": 8,
      "new_supports": 19
    },
    {
      "query_id": "208102.jpg",
      "lane": 0,
      "old_supports": 7,
      "new_supports": 16
    },
    {
      "query_id": "208102.jpg",
      "lane": 1,
      "old_supports": 9,
      "new_supports": 20
    },
    {
      "query_id": "208201.jpg",
      "lane": 0,
      "old_supports": 1,
      "new_supports": 5
    },
    {
      "query_id": "208201.jpg",
      "lane": 1,
      "old_supports": 1,
      "new_supports": 6
    },
    {
      "query_id": "208301.jpg",
      "lane": 0,
      "old_supports": 0,
      "new_supports": 2
    },
    {
      "query_id": "208301.jpg",
      "lane": 1,
      "old_supports": 0,
      "new_supports": 1
    },
    {
      "query_id": "208401.jpg",
      "lane": 0,
      "old_supports": 5,
      "new_supports": 18
    },
    {
      "query_id": "208401.jpg",
      "lane": 1,
      "old_supports": 6,
      "new_supports": 22
    },
    {
      "query_id": "208501.jpg",
      "lane": 0,
      "old_supports": 7,
      "new_supports": 14
    },
    {
      "query_id": "208501.jpg",
      "lane": 1,
      "old_supports": 6,
      "new_supports": 12
    },
    {
      "query_id": "208601.jpg",
      "lane": 0,
      "old_supports": 0,
      "new_supports": 2
    },
    {
      "query_id": "208801.jpg",
      "lane": 1,
      "old_supports": 2,
      "new_supports": 8
    },
    {
      "query_id": "209101.jpg",
      "lane": 0,
      "old_supports": 10,
      "new_supports": 20
    },
    {
      "query_id": "209101.jpg",
      "lane": 1,
      "old_supports": 9,
      "new_supports": 19
    },
    {
      "query_id": "209202.jpg",
      "lane": 0,
      "old_supports": 0,
      "new_supports": 4
    },
    {
      "query_id": "209202.jpg",
      "lane": 1,
      "old_supports": 1,
      "new_supports": 6
    },
    {
      "query_id": "209301.jpg",
      "lane": 0,
      "old_supports": 16,
      "new_supports": 32
    },
    {
      "query_id": "209301.jpg",
      "lane": 1,
      "old_supports": 16,
      "new_supports": 32
    },
    {
      "query_id": "209303.jpg",
      "lane": 0,
      "old_supports": 12,
      "new_supports": 28
    },
    {
      "query_id": "209303.jpg",
      "lane": 1,
      "old_supports": 12,
      "new_supports": 28
    },
    {
      "query_id": "209601.jpg",
      "lane": 0,
      "old_supports": 4,
      "new_supports": 9
    },
    {
      "query_id": "209601.jpg",
      "lane": 1,
      "old_supports": 0,
      "new_supports": 1
    },
    {
      "query_id": "209701.jpg",
      "lane": 0,
      "old_supports": 3,
      "new_supports": 5
    },
    {
      "query_id": "209701.jpg",
      "lane": 1,
      "old_supports": 5,
      "new_supports": 9
    },
    {
      "query_id": "209901.jpg",
      "lane": 0,
      "old_supports": 8,
      "new_supports": 19
    },
    {
      "query_id": "209901.jpg",
      "lane": 1,
      "old_supports": 7,
      "new_supports": 18
    },
    {
      "query_id": "210101.jpg",
      "lane": 0,
      "old_supports": 4,
      "new_supports": 15
    },
    {
      "query_id": "210101.jpg",
      "lane": 1,
      "old_supports": 4,
      "new_supports": 15
    },
    {
      "query_id": "210401.jpg",
      "lane": 0,
      "old_supports": 6,
      "new_supports": 19
    },
    {
      "query_id": "210401.jpg",
      "lane": 1,
      "old_supports": 7,
      "new_supports": 21
    },
    {
      "query_id": "210501.jpg",
      "lane": 0,
      "old_supports": 16,
      "new_supports": 32
    },
    {
      "query_id": "210501.jpg",
      "lane": 1,
      "old_supports": 16,
      "new_supports": 32
    },
    {
      "query_id": "210801.jpg",
      "lane": 0,
      "old_supports": 10,
      "new_supports": 19
    },
    {
      "query_id": "210801.jpg",
      "lane": 1,
      "old_supports": 10,
      "new_supports": 20
    },
    {
      "query_id": "210901.jpg",
      "lane": 0,
      "old_supports": 8,
      "new_supports": 17
    },
    {
      "query_id": "210901.jpg",
      "lane": 1,
      "old_supports": 8,
      "new_supports": 16
    },
    {
      "query_id": "211101.jpg",
      "lane": 0,
      "old_supports": 2,
      "new_supports": 4
    },
    {
      "query_id": "211101.jpg",
      "lane": 1,
      "old_supports": 2,
      "new_supports": 5
    },
    {
      "query_id": "211501.jpg",
      "lane": 0,
      "old_supports": 1,
      "new_supports": 4
    },
    {
      "query_id": "211501.jpg",
      "lane": 1,
      "old_supports": 3,
      "new_supports": 9
    },
    {
      "query_id": "211602.jpg",
      "lane": 0,
      "old_supports": 14,
      "new_supports": 30
    },
    {
      "query_id": "211602.jpg",
      "lane": 1,
      "old_supports": 14,
      "new_supports": 30
    },
    {
      "query_id": "211701.jpg",
      "lane": 0,
      "old_supports": 4,
      "new_supports": 17
    },
    {
      "query_id": "211701.jpg",
      "lane": 1,
      "old_supports": 4,
      "new_supports": 17
    },
    {
      "query_id": "211801.jpg",
      "lane": 0,
      "old_supports": 4,
      "new_supports": 10
    },
    {
      "query_id": "211801.jpg",
      "lane": 1,
      "old_supports": 5,
      "new_supports": 18
    },
    {
      "query_id": "211802.jpg",
      "lane": 1,
      "old_supports": 2,
      "new_supports": 6
    },
    {
      "query_id": "212001.jpg",
      "lane": 0,
      "old_supports": 3,
      "new_supports": 5
    },
    {
      "query_id": "212001.jpg",
      "lane": 1,
      "old_supports": 2,
      "new_supports": 4
    },
    {
      "query_id": "212101.jpg",
      "lane": 0,
      "old_supports": 10,
      "new_supports": 20
    },
    {
      "query_id": "212101.jpg",
      "lane": 1,
      "old_supports": 10,
      "new_supports": 20
    },
    {
      "query_id": "212102.jpg",
      "lane": 0,
      "old_supports": 5,
      "new_supports": 12
    },
    {
      "query_id": "212102.jpg",
      "lane": 1,
      "old_supports": 4,
      "new_supports": 11
    },
    {
      "query_id": "212401.jpg",
      "lane": 0,
      "old_supports": 0,
      "new_supports": 3
    },
    {
      "query_id": "212401.jpg",
      "lane": 1,
      "old_supports": 1,
      "new_supports": 4
    },
    {
      "query_id": "212402.jpg",
      "lane": 0,
      "old_supports": 7,
      "new_supports": 17
    },
    {
      "query_id": "212402.jpg",
      "lane": 1,
      "old_supports": 6,
      "new_supports": 14
    },
    {
      "query_id": "212601.jpg",
      "lane": 0,
      "old_supports": 1,
      "new_supports": 2
    },
    {
      "query_id": "212601.jpg",
      "lane": 1,
      "old_supports": 1,
      "new_supports": 2
    },
    {
      "query_id": "212702.jpg",
      "lane": 0,
      "old_supports": 5,
      "new_supports": 10
    },
    {
      "query_id": "212702.jpg",
      "lane": 1,
      "old_supports": 5,
      "new_supports": 10
    },
    {
      "query_id": "212801.jpg",
      "lane": 0,
      "old_supports": 10,
      "new_supports": 20
    },
    {
      "query_id": "212801.jpg",
      "lane": 1,
      "old_supports": 10,
      "new_supports": 20
    },
    {
      "query_id": "213002.jpg",
      "lane": 1,
      "old_supports": 5,
      "new_supports": 11
    },
    {
      "query_id": "213202.jpg",
      "lane": 1,
      "old_supports": 3,
      "new_supports": 4
    },
    {
      "query_id": "213301.jpg",
      "lane": 0,
      "old_supports": 9,
      "new_supports": 22
    },
    {
      "query_id": "213301.jpg",
      "lane": 1,
      "old_supports": 10,
      "new_supports": 23
    },
    {
      "query_id": "213501.jpg",
      "lane": 0,
      "old_supports": 10,
      "new_supports": 19
    },
    {
      "query_id": "213501.jpg",
      "lane": 1,
      "old_supports": 10,
      "new_supports": 19
    },
    {
      "query_id": "213502.jpg",
      "lane": 0,
      "old_supports": 11,
      "new_supports": 26
    },
    {
      "query_id": "213502.jpg",
      "lane": 1,
      "old_supports": 10,
      "new_supports": 26
    },
    {
      "query_id": "213601.jpg",
      "lane": 0,
      "old_supports": 4,
      "new_supports": 8
    },
    {
      "query_id": "213601.jpg",
      "lane": 1,
      "old_supports": 3,
      "new_supports": 6
    },
    {
      "query_id": "213801.jpg",
      "lane": 0,
      "old_supports": 4,
      "new_supports": 12
    },
    {
      "query_id": "213801.jpg",
      "lane": 1,
      "old_supports": 4,
      "new_supports": 12
    },
    {
      "query_id": "213803.jpg",
      "lane": 0,
      "old_supports": 3,
      "new_supports": 10
    },
    {
      "query_id": "213803.jpg",
      "lane": 1,
      "old_supports": 5,
      "new_supports": 12
    },
    {
      "query_id": "213804.jpg",
      "lane": 0,
      "old_supports": 5,
      "new_supports": 15
    },
    {
      "query_id": "213804.jpg",
      "lane": 1,
      "old_supports": 5,
      "new_supports": 15
    },
    {
      "query_id": "213805.jpg",
      "lane": 0,
      "old_supports": 16,
      "new_supports": 32
    },
    {
      "query_id": "213805.jpg",
      "lane": 1,
      "old_supports": 16,
      "new_supports": 32
    },
    {
      "query_id": "213901.jpg",
      "lane": 0,
      "old_supports": 5,
      "new_supports": 12
    },
    {
      "query_id": "213901.jpg",
      "lane": 1,
      "old_supports": 8,
      "new_supports": 17
    },
    {
      "query_id": "214101.jpg",
      "lane": 0,
      "old_supports": 4,
      "new_supports": 8
    },
    {
      "query_id": "214101.jpg",
      "lane": 1,
      "old_supports": 4,
      "new_supports": 8
    },
    {
      "query_id": "214102.jpg",
      "lane": 0,
      "old_supports": 7,
      "new_supports": 18
    },
    {
      "query_id": "214102.jpg",
      "lane": 1,
      "old_supports": 6,
      "new_supports": 16
    },
    {
      "query_id": "214301.jpg",
      "lane": 1,
      "old_supports": 0,
      "new_supports": 1
    },
    {
      "query_id": "214401.jpg",
      "lane": 0,
      "old_supports": 3,
      "new_supports": 4
    },
    {
      "query_id": "214401.jpg",
      "lane": 1,
      "old_supports": 5,
      "new_supports": 9
    },
    {
      "query_id": "214501.jpg",
      "lane": 0,
      "old_supports": 4,
      "new_supports": 14
    },
    {
      "query_id": "214501.jpg",
      "lane": 1,
      "old_supports": 9,
      "new_supports": 22
    },
    {
      "query_id": "214701.jpg",
      "lane": 0,
      "old_supports": 8,
      "new_supports": 14
    },
    {
      "query_id": "214701.jpg",
      "lane": 1,
      "old_supports": 8,
      "new_supports": 14
    },
    {
      "query_id": "214901.jpg",
      "lane": 1,
      "old_supports": 2,
      "new_supports": 3
    },
    {
      "query_id": "215101.jpg",
      "lane": 0,
      "old_supports": 4,
      "new_supports": 9
    },
    {
      "query_id": "215101.jpg",
      "lane": 1,
      "old_supports": 2,
      "new_supports": 6
    },
    {
      "query_id": "215201.jpg",
      "lane": 0,
      "old_supports": 1,
      "new_supports": 7
    },
    {
      "query_id": "215201.jpg",
      "lane": 1,
      "old_supports": 0,
      "new_supports": 4
    },
    {
      "query_id": "215301.jpg",
      "lane": 1,
      "old_supports": 2,
      "new_supports": 3
    },
    {
      "query_id": "215401.jpg",
      "lane": 0,
      "old_supports": 11,
      "new_supports": 22
    },
    {
      "query_id": "215401.jpg",
      "lane": 1,
      "old_supports": 11,
      "new_supports": 22
    },
    {
      "query_id": "215601.jpg",
      "lane": 0,
      "old_supports": 9,
      "new_supports": 22
    },
    {
      "query_id": "215601.jpg",
      "lane": 1,
      "old_supports": 11,
      "new_supports": 26
    }
  ],
  "scope": "Pinned selected queries. Independent bidirectional grid bounds and original pixel admission; exact prior first-grid parity. Supports overlap; no whole-image promotion, broad precision or full-library qualification.",
  "six_whole_candidates": [
    "200001.jpg",
    "200303.jpg",
    "200701.jpg",
    "201101.jpg",
    "201302.jpg",
    "201501.jpg",
    "201801.jpg",
    "202002.jpg",
    "202302.jpg",
    "202701.jpg",
    "203102.jpg",
    "203302.jpg",
    "203601.jpg",
    "204801.jpg",
    "205703.jpg",
    "206801.jpg",
    "207201.jpg",
    "207302.jpg",
    "207502.jpg",
    "207602.jpg",
    "208001.jpg",
    "208102.jpg",
    "208801.jpg",
    "209303.jpg",
    "209901.jpg",
    "210401.jpg",
    "210501.jpg",
    "211501.jpg",
    "211602.jpg",
    "212501.jpg",
    "213002.jpg",
    "213301.jpg",
    "213502.jpg",
    "213805.jpg",
    "214102.jpg",
    "214501.jpg",
    "215601.jpg"
  ],
  "spatial_region_supported_queries": [
    "200001.jpg",
    "200102.jpg",
    "200303.jpg",
    "200701.jpg",
    "200901.jpg",
    "201001.jpg",
    "201101.jpg",
    "201201.jpg",
    "201202.jpg",
    "201301.jpg",
    "201302.jpg",
    "201401.jpg",
    "201501.jpg",
    "201801.jpg",
    "201901.jpg",
    "202002.jpg",
    "202101.jpg",
    "202302.jpg",
    "202501.jpg",
    "202601.jpg",
    "202701.jpg",
    "202801.jpg",
    "202901.jpg",
    "203102.jpg",
    "203201.jpg",
    "203302.jpg",
    "203401.jpg",
    "203501.jpg",
    "203601.jpg",
    "203801.jpg",
    "204201.jpg",
    "204301.jpg",
    "204403.jpg",
    "204501.jpg",
    "204601.jpg",
    "204701.jpg",
    "204801.jpg",
    "204901.jpg",
    "205001.jpg",
    "205101.jpg",
    "205201.jpg",
    "205202.jpg",
    "205301.jpg",
    "205302.jpg",
    "205401.jpg",
    "205402.jpg",
    "205501.jpg",
    "205502.jpg",
    "205601.jpg",
    "205702.jpg",
    "205703.jpg",
    "205801.jpg",
    "206001.jpg",
    "206201.jpg",
    "206401.jpg",
    "206501.jpg",
    "206502.jpg",
    "206601.jpg",
    "206602.jpg",
    "206701.jpg",
    "206801.jpg",
    "207001.jpg",
    "207101.jpg",
    "207201.jpg",
    "207302.jpg",
    "207601.jpg",
    "207602.jpg",
    "207801.jpg",
    "208001.jpg",
    "208102.jpg",
    "208201.jpg",
    "208401.jpg",
    "208501.jpg",
    "208601.jpg",
    "208801.jpg",
    "208901.jpg",
    "208902.jpg",
    "209101.jpg",
    "209202.jpg",
    "209301.jpg",
    "209303.jpg",
    "209501.jpg",
    "209601.jpg",
    "209701.jpg",
    "209901.jpg",
    "210101.jpg",
    "210301.jpg",
    "210401.jpg",
    "210501.jpg",
    "210701.jpg",
    "210801.jpg",
    "210901.jpg",
    "210902.jpg",
    "211001.jpg",
    "211101.jpg",
    "211602.jpg",
    "211701.jpg",
    "211801.jpg",
    "211802.jpg",
    "212001.jpg",
    "212101.jpg",
    "212102.jpg",
    "212401.jpg",
    "212402.jpg",
    "212501.jpg",
    "212702.jpg",
    "212801.jpg",
    "213001.jpg",
    "213101.jpg",
    "213202.jpg",
    "213301.jpg",
    "213501.jpg",
    "213502.jpg",
    "213601.jpg",
    "213701.jpg",
    "213801.jpg",
    "213802.jpg",
    "213803.jpg",
    "213804.jpg",
    "213805.jpg",
    "213901.jpg",
    "214101.jpg",
    "214102.jpg",
    "214301.jpg",
    "214401.jpg",
    "214501.jpg",
    "214701.jpg",
    "214801.jpg",
    "215101.jpg",
    "215201.jpg",
    "215401.jpg",
    "215601.jpg"
  ],
  "whole_or_region_supported_queries": [
    "200001.jpg",
    "200102.jpg",
    "200303.jpg",
    "200701.jpg",
    "200901.jpg",
    "201001.jpg",
    "201101.jpg",
    "201201.jpg",
    "201202.jpg",
    "201301.jpg",
    "201302.jpg",
    "201401.jpg",
    "201501.jpg",
    "201601.jpg",
    "201701.jpg",
    "201801.jpg",
    "201901.jpg",
    "202002.jpg",
    "202101.jpg",
    "202202.jpg",
    "202302.jpg",
    "202501.jpg",
    "202601.jpg",
    "202701.jpg",
    "202801.jpg",
    "202901.jpg",
    "203102.jpg",
    "203201.jpg",
    "203302.jpg",
    "203401.jpg",
    "203501.jpg",
    "203601.jpg",
    "203801.jpg",
    "204201.jpg",
    "204301.jpg",
    "204401.jpg",
    "204402.jpg",
    "204403.jpg",
    "204501.jpg",
    "204601.jpg",
    "204701.jpg",
    "204801.jpg",
    "204901.jpg",
    "205001.jpg",
    "205101.jpg",
    "205201.jpg",
    "205202.jpg",
    "205301.jpg",
    "205302.jpg",
    "205401.jpg",
    "205402.jpg",
    "205501.jpg",
    "205502.jpg",
    "205601.jpg",
    "205702.jpg",
    "205703.jpg",
    "205801.jpg",
    "206001.jpg",
    "206201.jpg",
    "206401.jpg",
    "206501.jpg",
    "206502.jpg",
    "206601.jpg",
    "206602.jpg",
    "206603.jpg",
    "206701.jpg",
    "206801.jpg",
    "206901.jpg",
    "207001.jpg",
    "207101.jpg",
    "207201.jpg",
    "207301.jpg",
    "207302.jpg",
    "207401.jpg",
    "207502.jpg",
    "207601.jpg",
    "207602.jpg",
    "207801.jpg",
    "208001.jpg",
    "208101.jpg",
    "208102.jpg",
    "208201.jpg",
    "208301.jpg",
    "208401.jpg",
    "208501.jpg",
    "208601.jpg",
    "208801.jpg",
    "208901.jpg",
    "208902.jpg",
    "209101.jpg",
    "209202.jpg",
    "209301.jpg",
    "209303.jpg",
    "209501.jpg",
    "209601.jpg",
    "209701.jpg",
    "209901.jpg",
    "210101.jpg",
    "210301.jpg",
    "210401.jpg",
    "210501.jpg",
    "210601.jpg",
    "210701.jpg",
    "210801.jpg",
    "210802.jpg",
    "210901.jpg",
    "210902.jpg",
    "211001.jpg",
    "211101.jpg",
    "211301.jpg",
    "211401.jpg",
    "211501.jpg",
    "211601.jpg",
    "211602.jpg",
    "211701.jpg",
    "211801.jpg",
    "211802.jpg",
    "212001.jpg",
    "212101.jpg",
    "212102.jpg",
    "212103.jpg",
    "212401.jpg",
    "212402.jpg",
    "212501.jpg",
    "212601.jpg",
    "212702.jpg",
    "212801.jpg",
    "213001.jpg",
    "213002.jpg",
    "213101.jpg",
    "213202.jpg",
    "213301.jpg",
    "213501.jpg",
    "213502.jpg",
    "213601.jpg",
    "213701.jpg",
    "213801.jpg",
    "213802.jpg",
    "213803.jpg",
    "213804.jpg",
    "213805.jpg",
    "213901.jpg",
    "214101.jpg",
    "214102.jpg",
    "214301.jpg",
    "214401.jpg",
    "214501.jpg",
    "214701.jpg",
    "214801.jpg",
    "214901.jpg",
    "215101.jpg",
    "215201.jpg",
    "215301.jpg",
    "215401.jpg",
    "215601.jpg"
  ]
}
