 Downloading crates ...
  Downloaded plotters-svg v0.3.7
  Downloaded same-file v1.0.6
  Downloaded is-terminal v0.4.17
  Downloaded itoa v1.0.18
  Downloaded ciborium-io v0.2.2
  Downloaded cast v0.3.0
  Downloaded ciborium-ll v0.2.2
  Downloaded plotters-backend v0.3.7
  Downloaded clap_lex v1.1.0
  Downloaded zmij v1.0.23
  Downloaded anstyle v1.0.14
  Downloaded ciborium v0.2.2
  Downloaded criterion-plot v0.5.0
  Downloaded walkdir v2.5.0
  Downloaded anes v0.1.6
  Downloaded oorandom v11.1.5
  Downloaded tinytemplate v1.2.1
  Downloaded crossbeam-epoch v0.9.20
  Downloaded crossbeam-utils v0.8.22
  Downloaded crossbeam-deque v0.8.7
  Downloaded clap v4.6.3
  Downloaded rayon-core v1.13.0
  Downloaded criterion v0.5.1
  Downloaded rayon v1.12.0
  Downloaded plotters v0.3.7
  Downloaded serde_json v1.0.151
  Downloaded clap_builder v4.6.2
   Compiling bitflags v2.13.1
   Compiling serde_core v1.0.229
   Compiling crossbeam-utils v0.8.22
   Compiling serde v1.0.229
   Compiling crossbeam-epoch v0.9.20
   Compiling rustix v0.38.44
   Compiling png v0.18.1
   Compiling zmij v1.0.23
   Compiling crossbeam-deque v0.8.7
   Compiling which v4.4.2
   Compiling rayon-core v1.13.0
   Compiling either v1.16.0
   Compiling serde_json v1.0.151
   Compiling bindgen v0.69.5
   Compiling dav1d v0.11.1
   Compiling bindgen v0.72.1
   Compiling regex-syntax v0.8.11
   Compiling anstyle v1.0.14
   Compiling ciborium-io v0.2.2
   Compiling itoa v1.0.18
   Compiling plotters-backend v0.3.7
   Compiling clap_lex v1.1.0
   Compiling rustybuzz v0.20.1
   Compiling clap_builder v4.6.2
   Compiling plotters-svg v0.3.7
   Compiling ciborium-ll v0.2.2
   Compiling regex-automata v0.4.16
   Compiling image v0.25.10
   Compiling astcenc-sys v0.2.0
   Compiling vello_common v0.0.8
   Compiling jpegxr v0.3.1
   Compiling itertools v0.10.5
   Compiling same-file v1.0.6
   Compiling cast v0.3.0
   Compiling usvg v0.45.1
   Compiling criterion-plot v0.5.0
   Compiling walkdir v2.5.0
   Compiling hayro-interpret v0.7.0
   Compiling vello_cpu v0.0.8
   Compiling rayon v1.12.0
   Compiling regex v1.13.1
   Compiling ciborium v0.2.2
   Compiling tinytemplate v1.2.1
   Compiling plotters v0.3.7
   Compiling clap v4.6.3
   Compiling is-terminal v0.4.17
   Compiling anes v0.1.6
   Compiling oorandom v11.1.5
   Compiling rrrah-core v0.1.0 (/workspace/crates/rrrah-core)
   Compiling criterion v0.5.1
   Compiling resvg v0.45.1
   Compiling hayro v0.7.1
   Compiling jxl-oxide v0.12.6
   Compiling rrrah-decode v0.1.0 (/workspace/crates/rrrah-decode)
warning: linker stderr: /validation/sysroot/usr/bin/ld: /validation/target/debug/deps/libjpegxr-61e4c82e0f52fb6c.rlib(2e643c6506a180d9-strenc.o): in function `StrIOEncInit':
         /validation/cargo/registry/src/index.crates.io-1949cf8c6b5b557f/jpegxr-0.3.1/jxrlib/image/encode/strenc.c:485:(.text.StrIOEncInit+0xf0): the use of `tmpnam' is dangerous, better use `mkstemp'
  |
  = note: `#[warn(linker_messages)]` on by default

warning: linker stdout: /validation/sysroot/usr/bin/ld: /validation/target/debug/deps/libjpegxr-61e4c82e0f52fb6c.rlib(2e643c6506a180d9-strenc.o): note: the message above does not take linker garbage collection into account

warning: `rrrah-decode` (lib test) generated 2 warnings
    Finished `test` profile [optimized + debuginfo] target(s) in 5m 57s
     Running unittests src/lib.rs (/validation/target/debug/deps/rrrah_decode-c11902d0fca8bb48)

running 4 tests
test heif::tests::hevc_brands_do_not_capture_avif ... ok
test heif::tests::truncated_native_container_and_excessive_dimensions_are_rejected ... ok
test heif::tests::twelve_bit_samples_remain_distinct ... ok
test heif::tests::profiled_image_reaches_display ... ok

test result: ok. 4 passed; 0 failed; 0 ignored; 0 measured; 816 filtered out; finished in 0.01s

scripts/run-dedup-linux-native.sh: line 55: idation/sysroot/usr/lib/aarch64-linux-gnu/pkgconfig:/validation/sysroot/usr/share/pkgconfig: No such file or directory
