    Updating crates.io index
     Locking 266 packages to latest Rust 1.98.1 compatible versions
 Downloading crates ...
  Downloaded either v1.19.0
  Downloaded cfg-expr v0.20.10
  Downloaded toml v1.1.6+spec-1.1.0
  Downloaded itertools v0.12.1
  Downloaded zerocopy-derive v0.8.60
  Downloaded zerocopy v0.8.60
  Downloaded fearless_simd v1.1.0
   Compiling proc-macro2 v1.0.107
   Compiling quote v1.0.47
   Compiling unicode-ident v1.0.26
   Compiling cfg-if v1.0.5
   Compiling libc v0.2.190
   Compiling shlex v2.0.1
   Compiling find-msvc-tools v0.1.14
   Compiling bitflags v2.13.2
   Compiling autocfg v1.5.1
   Compiling once_cell v1.21.4
   Compiling simd-adler32 v0.3.10
   Compiling version_check v0.9.5
   Compiling adler2 v2.0.1
   Compiling crc32fast v1.5.2
   Compiling target-lexicon v0.13.5
   Compiling smallvec v1.16.2
   Compiling winnow v1.0.4
   Compiling miniz_oxide v0.9.1
   Compiling zlib-rs v0.6.8
   Compiling arrayvec v0.7.8
   Compiling pin-project-lite v0.2.17
   Compiling toml_datetime v1.1.1+spec-1.1.0
   Compiling serde_spanned v1.1.1
   Compiling tracing-core v0.1.36
   Compiling version-compare v0.2.1
   Compiling glob v0.3.4
   Compiling libm v0.2.16
   Compiling num-traits v0.2.19
   Compiling heck v0.5.0
   Compiling log v0.4.34
   Compiling toml_parser v1.1.3+spec-1.1.0
   Compiling pkg-config v0.3.34
   Compiling zerocopy v0.8.60
   Compiling clang-sys v1.9.1
   Compiling prettyplease v0.2.37
   Compiling either v1.19.0
   Compiling miniz_oxide v0.8.9
   Compiling toml v1.1.6+spec-1.1.0
   Compiling tracing v0.1.44
   Compiling memchr v2.8.3
   Compiling regex-syntax v0.8.11
   Compiling jxl-bitstream v1.1.0
   Compiling minimal-lexical v0.2.1
   Compiling fdeflate v0.3.7
   Compiling libloading v0.8.9
   Compiling siphasher v1.0.4
   Compiling nom v7.1.3
   Compiling jxl-oxide-common v1.0.0
   Compiling jxl-grid v0.6.2
   Compiling ahash v0.8.12
   Compiling paste v1.0.15
   Compiling alloc-no-stdlib v2.0.4
   Compiling shlex v1.3.0
   Compiling alloc-stdlib v0.2.4
   Compiling jxl-coding v1.0.1
   Compiling jxl-threadpool v1.0.0
   Compiling rustc-hash v2.1.3
   Compiling rustix v0.38.44
   Compiling syn v3.0.6
   Compiling syn v2.0.119
   Compiling weezl v0.1.12
   Compiling cfg-expr v0.20.10
   Compiling regex-automata v0.4.18
   Compiling zune-core v0.5.3
   Compiling zune-jpeg v0.5.15
   Compiling num-integer v0.1.47
   Compiling system-deps v7.0.8
   Compiling num-bigint v0.4.8
   Compiling brotli-decompressor v5.0.3
   Compiling polycool v0.4.0
   Compiling cexpr v0.6.0
   Compiling pulp v0.22.3
   Compiling quick-error v2.0.1
   Compiling color_quant v1.1.0
   Compiling pxfm v0.1.30
   Compiling thiserror v2.0.21
   Compiling dav1d-sys v0.8.3
   Compiling system-deps v8.0.0
   Compiling foldhash v0.2.0
   Compiling fearless_simd v0.4.1
   Compiling hashbrown v0.17.1
   Compiling core_maths v0.1.1
   Compiling kurbo v0.13.1
   Compiling jxl-modular v0.11.3
   Compiling jxl-image v0.13.0
   Compiling jobserver v0.1.35
   Compiling cc v1.6.0
   Compiling errno v0.3.14
   Compiling num-rational v0.4.2
   Compiling phf_shared v0.13.1
   Compiling slotmap v1.1.1
   Compiling regex v1.13.1
   Compiling byteorder-lite v0.1.0
   Compiling byte-slice-cast v1.2.3
   Compiling bindgen v0.69.5
   Compiling reborrow v0.5.5
   Compiling fastrand v2.5.0
   Compiling synstructure v0.14.0
   Compiling lazy_static v1.5.1
   Compiling pulp-wasm-simd-flag v0.1.1
   Compiling bindgen v0.72.1
   Compiling static_assertions v1.1.0
   Compiling bytes v1.12.1
   Compiling float-cmp v0.9.0
   Compiling home v0.5.12
   Compiling strict-num v0.1.1
   Compiling phf_generator v0.13.1
   Compiling jxl-vardct v0.11.1
   Compiling image-webp v0.2.4
   Compiling ttf-parser v0.25.1
   Compiling bytemuck_derive v1.12.1
   Compiling thiserror-impl v2.0.21
   Compiling zerofrom-derive v0.1.8
   Compiling cmake v0.1.58
   Compiling which v4.4.2
   Compiling euclid v0.22.14
   Compiling itertools v0.12.1
   Compiling itertools v0.13.0
   Compiling zune-inflate v0.2.54
   Compiling bitreader v0.3.11
   Compiling link-cplusplus v1.0.12
   Compiling blake3 v1.8.7
   Compiling bit_field v0.10.3
   Compiling serde_core v1.0.229
   Compiling bitflags v1.3.2
   Compiling byteorder v1.5.0
   Compiling linebender_resource_handle v0.1.1
   Compiling bytemuck v1.25.2
   Compiling lebe v0.5.3
   Compiling thiserror v1.0.69
   Compiling moxcms v0.8.1
   Compiling fearless_simd v1.1.0
   Compiling flate2 v1.1.10
   Compiling num-complex v0.4.6
   Compiling font-types v0.11.3
   Compiling color v0.3.3
   Compiling arrayref v0.3.9
   Compiling lazycell v1.3.0
   Compiling png v0.18.1
   Compiling rustc-hash v1.1.0
   Compiling hayro-ccitt v0.4.0
   Compiling fax v0.2.7
   Compiling read-fonts v0.39.2
   Compiling tiny-skia-path v0.11.4
   Compiling qoi v0.4.1
   Compiling guillotiere v0.7.0
   Compiling zerocopy-derive v0.8.60
   Compiling num-derive v0.4.2
   Compiling hayro-jpeg2000 v0.3.5
   Compiling peniko v0.6.1
   Compiling phf_macros v0.13.1
   Compiling thiserror-impl v1.0.69
   Compiling av-data v0.4.4
   Compiling jxl-frame v0.13.3
   Compiling charls-sys v2.4.5
   Compiling openjpeg-sys v1.0.12
   Compiling basis-universal-sys v0.3.1
   Compiling libheif-sys v5.3.1+1.23.1
   Compiling zerofrom v0.1.8
   Compiling yoke-derive v0.8.4
   Compiling brotli v8.0.4
   Compiling gif v0.14.2
   Compiling dav1d v0.11.1
   Compiling kurbo v0.11.3
   Compiling unicode-ccc v0.4.0
   Compiling tinyvec v1.13.3
   Compiling anyhow v1.0.104
   Compiling constant_time_eq v0.4.2
   Compiling unicode-properties v0.1.4
   Compiling hayro-ccitt v0.3.0
   Compiling hayro-postscript v0.1.0
   Compiling unicode-bidi-mirroring v0.4.0
   Compiling stable_deref_trait v1.2.1
   Compiling unicode-script v0.5.8
   Compiling serde v1.0.229
   Compiling yoke v0.8.3
   Compiling fontdb v0.23.0
   Compiling rustybuzz v0.20.1
   Compiling svgtypes v0.15.3
   Compiling phf v0.13.1
   Compiling vello_common v0.0.8
   Compiling hayro-jbig2 v0.3.1
   Compiling png v0.17.16
   Compiling hayro-syntax v0.7.2
   Compiling hayro-cmap v0.1.0
   Compiling serde_derive v1.0.229
   Compiling jpegxr v0.3.1
   Compiling jxl-color v0.11.0
   Compiling simplecss v0.2.2
   Compiling xmlwriter v0.1.0
   Compiling base64 v0.22.1
   Compiling unicode-bidi v0.3.18
   Compiling unicode-vo v0.1.0
   Compiling zune-core v0.4.12
   Compiling equivalent v1.0.2
   Compiling pico-args v0.5.0
   Compiling rustix v1.1.5
   Compiling data-url v0.3.2
   Compiling roxmltree v0.20.0
   Compiling getrandom v0.4.3
   Compiling imagesize v0.13.0
   Compiling astcenc-sys v0.2.0
   Compiling jxl-render v0.12.4
   Compiling zune-jpeg v0.4.21
   Compiling usvg v0.45.1
   Compiling indexmap v2.14.2
   Compiling half v2.7.1
   Compiling hashbrown v0.13.2
   Compiling vello_cpu v0.0.8
   Compiling tiff v0.11.3
   Compiling exr v1.74.2
   Compiling tiny-skia v0.11.4
   Compiling fallible_collections v0.4.9
   Compiling mp4parse v0.17.0
   Compiling skrifa v0.42.1
   Compiling jxl-jbr v0.2.1
   Compiling enumn v0.1.14
   Compiling rgb v0.8.53
   Compiling pic-scale v0.7.12
   Compiling gif v0.13.3
   Compiling rrrah-memory v0.1.0 (/Users/themoretheless/Documents/Sources/rrrah/crates/rrrah-memory)
   Compiling four-cc v0.4.0
   Compiling libheif-rs v3.0.0
   Compiling rrrah-core v0.1.0 (/Users/themoretheless/Documents/Sources/rrrah/crates/rrrah-core)
   Compiling resvg v0.45.1
   Compiling charls v0.4.2
   Compiling jpeg2k v0.10.1
   Compiling zip v6.0.0
   Compiling rrrah-dedup v0.1.0 (/Users/themoretheless/Documents/Sources/rrrah/crates/rrrah-dedup)
   Compiling texture2ddecoder v0.1.2
   Compiling tempfile v3.27.0
   Compiling hayro-interpret v0.7.0
   Compiling image v0.25.10
   Compiling hayro v0.7.1
   Compiling jxl-oxide v0.12.6
   Compiling basis-universal v0.3.1
   Compiling rrrah-decode v0.1.0 (/Users/themoretheless/Documents/Sources/rrrah/crates/rrrah-decode)
error[E0560]: struct `TransformOptions` has no field named `rrrah_cmyk_hybrid`
   --> /Users/themoretheless/Documents/Sources/rrrah/crates/rrrah-decode/src/jpeg_cmyk.rs:104:17
    |
104 |                 rrrah_cmyk_hybrid: true,
    |                 ^^^^^^^^^^^^^^^^^ `TransformOptions` does not have this field
    |
    = note: available fields are: `rendering_intent`, `allow_use_cicp_transfer`, `prefer_fixed_point`, `interpolation_method`, `barycentric_weight_scale`, `allow_extended_range_rgb_xyz`

For more information about this error, try `rustc --explain E0560`.
error: could not compile `rrrah-decode` (lib) due to 1 previous error
