
running 4 tests
test fresh_union_regions_match_supplied_model_and_refuse_unrelated ... ok
test common_source_guard_cancellation_and_preio_aggregate_admission ... ok
test union_collection_retains_every_fresh_positive_and_exact_pair_evidence ... ok
test union_collection_removes_all_changed_source_edges_and_restores_reversed_retry has been running for over 60 seconds
test union_collection_removes_all_changed_source_edges_and_restores_reversed_retry ... ok

test result: ok. 4 passed; 0 failed; 0 ignored; 0 measured; 0 filtered out; finished in 77.97s


running 2 tests
test checked_admission_invalid_inputs_every_cancellation_and_retry ... ok
test union_matches_independent_greedy_oracle_including_boundaries_duplicates_and_order ... ok

test result: ok. 2 passed; 0 failed; 0 ignored; 0 measured; 0 filtered out; finished in 0.00s


running 2 tests
test smoothing_matches_independent_footprints_and_exact_last_owner_credit ... ok
test work_memory_opacity_and_every_cancellation_refuse_without_retained_output ... ok

test result: ok. 2 passed; 0 failed; 0 ignored; 0 measured; 0 filtered out; finished in 0.00s


running 19 tests
test area_distinct_file_keeps_original_confirmation_and_preio_admission ... ok
test area_distinct_managed_file_cancel_mutation_and_restored_retry_release_credit ... ok
test changed_source_refuses_scale_evidence_and_restored_retry_succeeds ... ok
test area_distinct_collection_matches_all_fresh_pairs_and_preiteration_admission ... ok
test collection_scale_edges_equal_fresh_pair_confirmation ... ok
test area_distinct_regions_common_source_lifecycle_and_admission ... ok
test collection_scale_mutation_and_cancellation_remove_partial_results ... ok
test distinct_managed_file_cancel_mutation_and_restored_retry_release_credit ... ok
test distinct_managed_collection_matches_all_fresh_pairs_and_preiteration_admission ... ok
test distinct_managed_file_results_preserve_copy_refusal_and_last_owner ... ok
test intermediate_scale_files_retain_authored_rotations_and_enlargements ... ok
test distinct_managed_regions_common_source_lifecycle_and_admission ... ok
test scale_list_cancellation_precedes_file_and_iterator_access ... ok
test scale_file_admission_and_cancellation_are_atomic ... ok
test scaled_files_confirm_pixels_and_refuse_unrelated ... ok
test spatial_collection_scale_edges_equal_fresh_pair_confirmation ... ok
test spatial_scale_regions_match_fresh_supplied_model_confirmation ... ok
test area_distinct_collection_cancel_changed_source_and_restored_retry ... ok
test distinct_managed_collection_cancel_changed_source_and_restored_retry ... ok

test result: ok. 19 passed; 0 failed; 0 ignored; 0 measured; 0 filtered out; finished in 54.81s

