    Blocking waiting for file lock on build directory
   Compiling rrrah-dedup v0.1.0 (/Users/themoretheless/Documents/Sources/rrrah/crates/rrrah-dedup)
warning: function `error` is never used
 --> crates/rrrah-decode/src/camtiff/mef_sensor.rs:4:4
  |
4 | fn error(message: &str) -> DecodeError {
  |    ^^^^^
  |
  = note: `#[warn(dead_code)]` (part of `#[warn(unused)]`) on by default

warning: function `packed_12` is never used
 --> crates/rrrah-decode/src/camtiff/mef_sensor.rs:9:4
  |
9 | fn packed_12(
  |    ^^^^^^^^^

warning: function `decode_zd` is never used
  --> crates/rrrah-decode/src/camtiff/mef_sensor.rs:48:15
   |
48 | pub(super) fn decode_zd(
   |               ^^^^^^^^^

warning: `rrrah-decode` (lib) generated 3 warnings
warning: this function has too many lines (101/100)
   --> crates/rrrah-dedup/tests/photo_files.rs:698:1
    |
698 | fn spatial_reflected_brightness_collection_matches_complete_spatial_oracle() {
    | ^^^^^^^^^^^^^^^^^^^^^^^^^^^^^^^^^^^^^^^^^^^^^^^^^^^^^^^^^^^^^^^^^^^^^^^^^^^^
    |
    = help: for further information visit https://rust-lang.github.io/rust-clippy/rust-1.98.0/index.html#too_many_lines
    = note: `-W clippy::too-many-lines` implied by `-W clippy::pedantic`
    = help: to override `-W clippy::pedantic` add `#[allow(clippy::too_many_lines)]`

warning: this function has too many lines (102/100)
   --> crates/rrrah-dedup/tests/photo_files.rs:900:1
    |
900 | fn recursive_spatial_reflected_brightness_shares_pair_and_frame_policy() {
    | ^^^^^^^^^^^^^^^^^^^^^^^^^^^^^^^^^^^^^^^^^^^^^^^^^^^^^^^^^^^^^^^^^^^^^^^^
    |
    = help: for further information visit https://rust-lang.github.io/rust-clippy/rust-1.98.0/index.html#too_many_lines

warning: casting `u64` to `f64` may cause a loss of precision (`u64` is 64 bits wide, but `f64`'s mantissa is only 52 bits wide)
    --> crates/rrrah-dedup/tests/photo_files.rs:1041:17
     |
1041 |                 direction.pixels.matched_pixels as f64 / direction.pixels.compared_pixels as f64
     |                 ^^^^^^^^^^^^^^^^^^^^^^^^^^^^^^^^^^^^^^
     |
     = help: for further information visit https://rust-lang.github.io/rust-clippy/rust-1.98.0/index.html#cast_precision_loss
     = note: `-W clippy::cast-precision-loss` implied by `-W clippy::pedantic`
     = help: to override `-W clippy::pedantic` add `#[allow(clippy::cast_precision_loss)]`

warning: casting `u64` to `f64` may cause a loss of precision (`u64` is 64 bits wide, but `f64`'s mantissa is only 52 bits wide)
    --> crates/rrrah-dedup/tests/photo_files.rs:1041:58
     |
1041 |                 direction.pixels.matched_pixels as f64 / direction.pixels.compared_pixels as f64
     |                                                          ^^^^^^^^^^^^^^^^^^^^^^^^^^^^^^^^^^^^^^^
     |
     = help: for further information visit https://rust-lang.github.io/rust-clippy/rust-1.98.0/index.html#cast_precision_loss

warning: casting `u64` to `f64` may cause a loss of precision (`u64` is 64 bits wide, but `f64`'s mantissa is only 52 bits wide)
    --> crates/rrrah-dedup/tests/photo_files.rs:1099:25
     |
1099 |                         direction.pixels.matched_pixels as f64 / direction.pixels.compared_pixels as f64
     |                         ^^^^^^^^^^^^^^^^^^^^^^^^^^^^^^^^^^^^^^
     |
     = help: for further information visit https://rust-lang.github.io/rust-clippy/rust-1.98.0/index.html#cast_precision_loss

warning: casting `u64` to `f64` may cause a loss of precision (`u64` is 64 bits wide, but `f64`'s mantissa is only 52 bits wide)
    --> crates/rrrah-dedup/tests/photo_files.rs:1099:66
     |
1099 |                         direction.pixels.matched_pixels as f64 / direction.pixels.compared_pixels as f64
     |                                                                  ^^^^^^^^^^^^^^^^^^^^^^^^^^^^^^^^^^^^^^^
     |
     = help: for further information visit https://rust-lang.github.io/rust-clippy/rust-1.98.0/index.html#cast_precision_loss

warning: this function has too many lines (135/100)
    --> crates/rrrah-dedup/tests/photo_files.rs:1207:1
     |
1207 | fn reflected_filtered_file_guards_discard_late_results() {
     | ^^^^^^^^^^^^^^^^^^^^^^^^^^^^^^^^^^^^^^^^^^^^^^^^^^^^^^^^
     |
     = help: for further information visit https://rust-lang.github.io/rust-clippy/rust-1.98.0/index.html#too_many_lines

warning: this function has too many lines (180/100)
    --> crates/rrrah-dedup/tests/photo_files.rs:1434:1
     |
1434 | fn recursive_filtered_reflections_preserve_oracle_aliases_errors_and_modes() {
     | ^^^^^^^^^^^^^^^^^^^^^^^^^^^^^^^^^^^^^^^^^^^^^^^^^^^^^^^^^^^^^^^^^^^^^^^^^^^^
     |
     = help: for further information visit https://rust-lang.github.io/rust-clippy/rust-1.98.0/index.html#too_many_lines

warning: this function has too many lines (147/100)
    --> crates/rrrah-dedup/tests/photo_files.rs:1618:1
     |
1618 | fn recursive_filtered_reflection_keeps_frame_selection_and_factory_guards() {
     | ^^^^^^^^^^^^^^^^^^^^^^^^^^^^^^^^^^^^^^^^^^^^^^^^^^^^^^^^^^^^^^^^^^^^^^^^^^^
     |
     = help: for further information visit https://rust-lang.github.io/rust-clippy/rust-1.98.0/index.html#too_many_lines

warning: `rrrah-dedup` (test "photo_files") generated 9 warnings
    Finished `dev` profile [optimized + debuginfo] target(s) in 26.11s
