    Checking cfg-if v1.0.4
    Checking once_cell v1.21.4
    Checking simd-adler32 v0.3.10
    Checking adler2 v2.0.1
    Checking zlib-rs v0.6.8
    Checking smallvec v1.15.2
    Checking pin-project-lite v0.2.17
    Checking libc v0.2.190
    Checking num-traits v0.2.19
    Checking bitflags v2.13.1
    Checking log v0.4.33
    Checking bytemuck v1.25.2
    Checking arrayvec v0.7.8
    Checking libm v0.2.16
    Checking zerocopy v0.8.55
    Checking crc32fast v1.5.2
    Checking alloc-no-stdlib v2.0.4
    Checking miniz_oxide v0.9.1
    Checking miniz_oxide v0.8.9
   Compiling libloading v0.8.9
    Checking fdeflate v0.3.7
    Checking alloc-stdlib v0.2.4
    Checking siphasher v1.0.4
    Checking weezl v0.1.12
    Checking tracing-core v0.1.36
    Checking fearless_simd v0.4.1
    Checking zune-core v0.5.3
   Compiling clang-sys v1.9.1
    Checking brotli-decompressor v5.0.3
    Checking polycool v0.4.0
   Compiling errno v0.3.14
    Checking zune-jpeg v0.5.15
    Checking foldhash v0.2.0
    Checking quick-error v2.0.1
    Checking color_quant v1.1.0
    Checking pxfm v0.1.30
    Checking kurbo v0.13.1
    Checking tracing v0.1.44
   Compiling phf_shared v0.13.1
    Checking hashbrown v0.17.1
   Compiling rustix v0.38.44
    Checking static_assertions v1.1.0
    Checking jxl-bitstream v1.1.0
    Checking jxl-grid v0.6.2
    Checking jxl-threadpool v1.0.0
    Checking num-integer v0.1.47
    Checking jxl-oxide-common v1.0.0
    Checking jxl-coding v1.0.1
    Checking num-complex v0.4.6
    Checking bytes v1.12.1
    Checking jxl-image v0.13.0
    Checking num-bigint v0.4.8
    Checking arrayref v0.3.9
    Checking jxl-modular v0.11.3
    Checking byteorder-lite v0.1.0
    Checking byte-slice-cast v1.2.3
    Checking reborrow v0.5.5
    Checking pulp-wasm-simd-flag v0.1.1
    Checking float-cmp v0.9.0
   Compiling phf_generator v0.13.1
    Checking dav1d-sys v0.8.3
    Checking euclid v0.22.14
    Checking image-webp v0.2.4
    Checking strict-num v0.1.1
    Checking thiserror v2.0.19
    Checking core_maths v0.1.1
    Checking pulp v0.22.3
    Checking color v0.3.3
    Checking ttf-parser v0.25.1
    Checking font-types v0.11.3
    Checking zune-inflate v0.2.54
    Checking bitreader v0.3.11
   Compiling rustc-hash v2.1.3
    Checking lebe v0.5.3
    Checking flate2 v1.1.10
    Checking fax v0.2.7
   Compiling lazy_static v1.5.1
    Checking byteorder v1.5.0
    Checking linebender_resource_handle v0.1.1
    Checking bitflags v1.3.2
    Checking bit_field v0.10.3
    Checking jxl-vardct v0.11.1
   Compiling which v4.4.2
    Checking memchr v2.8.3
    Checking hayro-ccitt v0.3.0
    Checking peniko v0.6.1
    Checking guillotiere v0.7.0
    Checking png v0.18.1
    Checking read-fonts v0.39.2
   Compiling phf_macros v0.13.1
    Checking zerofrom v0.1.8
    Checking tiny-skia-path v0.11.4
    Checking slotmap v1.1.1
    Checking brotli v8.0.4
    Checking gif v0.14.2
    Checking jxl-frame v0.13.3
    Checking qoi v0.4.1
    Checking num-rational v0.4.2
    Checking kurbo v0.11.3
    Checking unicode-properties v0.1.4
    Checking unicode-bidi-mirroring v0.4.0
    Checking unicode-script v0.5.8
    Checking av-data v0.4.4
    Checking stable_deref_trait v1.2.1
    Checking hayro-postscript v0.1.0
    Checking tinyvec v1.13.3
    Checking unicode-ccc v0.4.0
   Compiling bindgen v0.72.1
   Compiling bindgen v0.69.5
    Checking yoke v0.8.3
    Checking thiserror v1.0.69
    Checking dav1d v0.11.1
    Checking png v0.17.16
    Checking serde_core v1.0.229
    Checking hayro-jbig2 v0.3.0
    Checking hayro-jpeg2000 v0.3.5
    Checking vello_common v0.0.8
    Checking svgtypes v0.15.3
    Checking moxcms v0.8.1 (/Users/themoretheless/Documents/Sources/rrrah/vendor/moxcms)
    Checking rustybuzz v0.20.1
    Checking fontdb v0.23.0
    Checking link-cplusplus v1.0.12
    Checking hayro-syntax v0.7.2
    Checking jxl-color v0.11.0
    Checking simplecss v0.2.2
    Checking zune-core v0.4.12
   Compiling constant_time_eq v0.4.2
    Checking unicode-vo v0.1.0
    Checking imagesize v0.13.0
    Checking xmlwriter v0.1.0
    Checking equivalent v1.0.2
    Checking data-url v0.3.2
    Checking unicode-bidi v0.3.18
    Checking base64 v0.22.1
    Checking roxmltree v0.20.0
    Checking pico-args v0.5.0
    Checking ahash v0.8.12
    Checking hashbrown v0.13.2
    Checking half v2.7.1
    Checking indexmap v2.14.0
    Checking jxl-render v0.12.4
   Compiling blake3 v1.8.5
    Checking tiff v0.11.3
    Checking fallible_collections v0.4.9
    Checking mp4parse v0.17.0
    Checking vello_cpu v0.0.8
    Checking zune-jpeg v0.4.21
    Checking serde v1.0.229
    Checking charls-sys v2.4.5
    Checking tiny-skia v0.11.4
    Checking pic-scale v0.7.12
    Checking usvg v0.45.1
    Checking libheif-sys v5.3.1+1.23.1
    Checking basis-universal-sys v0.3.1
    Checking openjpeg-sys v1.0.12
    Checking anyhow v1.0.104
    Checking hayro-cmap v0.1.0
    Checking jxl-jbr v0.2.1
    Checking gif v0.13.3
    Checking rgb v0.8.53
    Checking four-cc v0.4.0
    Checking rrrah-memory v0.1.0 (/Users/themoretheless/Documents/Sources/rrrah/crates/rrrah-memory)
    Checking libheif-rs v3.0.0
    Checking basis-universal v0.3.1
    Checking jpeg2k v0.10.1
    Checking rustix v1.1.4
    Checking rrrah-core v0.1.0 (/Users/themoretheless/Documents/Sources/rrrah/crates/rrrah-core)
    Checking charls v0.4.2
   Compiling rrrah-dedup v0.1.0 (/Users/themoretheless/Documents/Sources/rrrah/crates/rrrah-dedup)
    Checking zip v6.0.0
    Checking getrandom v0.4.3
    Checking texture2ddecoder v0.1.2
    Checking fastrand v2.5.0
    Checking exr v1.74.2
    Checking resvg v0.45.1
    Checking tempfile v3.27.0
    Checking phf v0.13.1
    Checking skrifa v0.42.1
    Checking image v0.25.10
    Checking hayro-interpret v0.7.0 (/Users/themoretheless/Documents/Sources/rrrah/vendor/hayro-interpret)
    Checking jxl-oxide v0.12.6
   Compiling jpegxr v0.3.1
    Checking hayro v0.7.1
   Compiling astcenc-sys v0.2.0
    Checking rrrah-decode v0.1.0 (/Users/themoretheless/Documents/Sources/rrrah/crates/rrrah-decode)
warning: type does not implement `Debug`; consider adding `#[derive(Debug)]` or a manual implementation
  --> crates/rrrah-dedup/src/gradient_index.rs:17:1
   |
17 | / pub struct GradientDescriptorIndex<'a> {
18 | |     entries: &'a [(u64, GradientDescriptor)],
19 | |     order: SharedBuffer<usize>,
20 | |     axis: usize,
21 | |     recipe: GradientCellRecipe,
22 | | }
   | |_^
   |
   = note: requested on the command line with `-W missing-debug-implementations`

warning: `rrrah-dedup` (lib) generated 1 warning
    Finished `dev` profile [optimized + debuginfo] target(s) in 18.91s
