   Compiling rrrah-dedup v0.1.0 (/Users/themoretheless/Documents/Sources/rrrah/crates/rrrah-dedup)
warning: type does not implement `Debug`; consider adding `#[derive(Debug)]` or a manual implementation
  --> crates/rrrah-dedup/src/gradient_index.rs:17:1
   |
17 | / pub struct GradientDescriptorIndex<'a> {
18 | |     entries: &'a [(u64, GradientDescriptor)],
19 | |     order: SharedBuffer<usize>,
20 | |     axis: usize,
21 | |     recipe: GradientCellRecipe,
22 | | }
   | |_^
   |
   = note: requested on the command line with `-W missing-debug-implementations`

warning: `rrrah-dedup` (lib) generated 1 warning
    Finished `test` profile [optimized + debuginfo] target(s) in 12.15s
     Running tests/raster_equality.rs (target/debug/deps/raster_equality-c2c6260cb89d9e73)

running 6 tests
test malformed_associated_alpha_refuses_releases_memory_and_retries ... ok
test untagged_policy_is_explicit_cached_and_does_not_override_declared_linear_color ... ok
test independent_lossless_encodings_preserve_pixels_alpha_and_one_code_negatives ... ok
test associated_tiff_alpha_matches_independent_straight_png ... ok
test cross_encoding_batch_confirms_every_pair_and_rejects_single_pixel_edits ... ok
test indexed_cross_encoding_collection_preserves_all_equal_pairs_and_one_pixel_negative ... ok

test result: ok. 6 passed; 0 failed; 0 ignored; 0 measured; 0 filtered out; finished in 0.13s

