warning: function `error` is never used
 --> crates/rrrah-decode/src/camtiff/mef_sensor.rs:4:4
  |
4 | fn error(message: &str) -> DecodeError {
  |    ^^^^^
  |
  = note: `#[warn(dead_code)]` (part of `#[warn(unused)]`) on by default

warning: function `packed_12` is never used
 --> crates/rrrah-decode/src/camtiff/mef_sensor.rs:9:4
  |
9 | fn packed_12(
  |    ^^^^^^^^^

warning: function `decode_zd` is never used
  --> crates/rrrah-decode/src/camtiff/mef_sensor.rs:48:15
   |
48 | pub(super) fn decode_zd(
   |               ^^^^^^^^^

warning: `rrrah-decode` (lib) generated 3 warnings
   Compiling rrrah-dedup v0.1.0 (/workspace/crates/rrrah-dedup)
warning: linker stderr: /validation/sysroot/usr/bin/ld: /validation/target/debug/deps/libjpegxr-8d01a0594e000fc4.rlib(2e643c6506a180d9-strenc.o): in function `StrIOEncInit':
         /validation/cargo/registry/src/index.crates.io-1949cf8c6b5b557f/jpegxr-0.3.1/jxrlib/image/encode/strenc.c:485:(.text.StrIOEncInit+0xf0): the use of `tmpnam' is dangerous, better use `mkstemp'
  |
  = note: `#[warn(linker_messages)]` on by default

warning: linker stdout: /validation/sysroot/usr/bin/ld: /validation/target/debug/deps/libjpegxr-8d01a0594e000fc4.rlib(2e643c6506a180d9-strenc.o): note: the message above does not take linker garbage collection into account

warning: `rrrah-dedup` (test "projective_files") generated 2 warnings
warning: `rrrah-dedup` (test "local_scan") generated 2 warnings (2 duplicates)
    Finished `test` profile [optimized + debuginfo] target(s) in 1m 22s
     Running tests/local_scan.rs (/validation/target/debug/deps/local_scan-5bfb88b8a0493f10)

running 11 tests
test file_pair_limits_cancel_and_invalid_acceptance_are_inconclusive ... ok
test batch_source_mutation_discards_all_stale_pairs_and_keeps_healthy_evidence ... ok
test constrained_batch_mutation_discards_stale_pairs ... ok
test fitted_scan_validates_policy_before_consuming_input ... ok
test full_file_search_finds_crop_scale_rotation_and_rejects_unrelated_and_corrupt_sources ... ok
test recursive_local_search_preserves_paths_aliases_and_decode_errors ... ok
test final_generation_change_and_one_shot_cancellation_return_no_partial_report ... ok
test spatial_file_policy_preserves_pixel_proof_errors_and_source_guards ... ok
test unfiltered_photometric_batch_uses_fitted_residuals_and_retains_strict_pixels ... ok
test constrained_batch_final_generation_and_cancellation_discard_report ... ok
test fitted_batch_and_roots_preserve_signal_selection_and_corrupt_file_diagnostics ... ok

test result: ok. 11 passed; 0 failed; 0 ignored; 0 measured; 0 filtered out; finished in 18.74s

     Running tests/projective_files.rs (/validation/target/debug/deps/projective_files-9eb7536df2e30f44)

running 5 tests
test real_file_projective_identity_and_terminal_refusals ... ok
test registration_policy_is_validated_before_source_io ... ok
test filtered_projective_unrelated_pairs_and_lifecycle ... ok
test real_preview_perspective_derivatives ... FAILED
test perspective_generator_geometry_diagnostic ... ok

failures:

---- real_preview_perspective_derivatives stdout ----

thread 'real_preview_perspective_derivatives' (338) panicked at crates/rrrah-dedup/tests/projective_files.rs:39:2:
5495: correspondences=15 geometry=Some(ProjectiveEvidence { transform: ProjectiveTransform { matrix: [[0.9546334196133777, -0.025144074109568853, 21.937346221966266], [-0.02109932632659865, 1.028652973363096, 6.2136760401711655], [-0.0004201671636469394, 9.028429432440199e-5, 1.0951035719485356]] }, inliers: [0, 1, 2, 3, 4, 5, 6, 7, 8, 9, 10, 11, 12, 13, 14], squared_error: 2.163401221336582, hypotheses: 1365 }) pixels=Some(ProjectiveFilteredEvidence { filter: ColorFilterPolicy { filter: FilterPolicy { radius: 1, max_sample_pairs: 4000000 }, color_space: LinearSrgb }, strict: BidirectionalEvidence { forward: WarpEvidence { source_pixels: 76800, compared_pixels: 73029, matched_pixels: 28865, maximum_channel_error: 0.6821063454462527, squared_error: 1745.8685172615612 }, reverse: WarpEvidence { source_pixels: 76800, compared_pixels: 70524, matched_pixels: 32963, maximum_channel_error: 0.658478088399801, squared_error: 1380.4925953697566 } }, filtered: BidirectionalEvidence { forward: WarpEvidence { source_pixels: 76800, compared_pixels: 71927, matched_pixels: 40942, maximum_channel_error: 0.610147784151853, squared_error: 927.3000931763665 }, reverse: WarpEvidence { source_pixels: 76800, compared_pixels: 69434, matched_pixels: 42015, maximum_channel_error: 0.605313009860375, squared_error: 776.4104332953465 } } })
note: run with `RUST_BACKTRACE=1` environment variable to display a backtrace


failures:
    real_preview_perspective_derivatives

test result: FAILED. 4 passed; 1 failed; 0 ignored; 0 measured; 0 filtered out; finished in 5.05s

error: test failed, to rerun pass `-p rrrah-dedup --test projective_files`
