   Compiling rrrah-dedup v0.1.0 (/Users/themoretheless/Documents/Sources/rrrah/crates/rrrah-dedup)
warning: function `error` is never used
 --> crates/rrrah-decode/src/camtiff/mef_sensor.rs:4:4
  |
4 | fn error(message: &str) -> DecodeError {
  |    ^^^^^
  |
  = note: `#[warn(dead_code)]` (part of `#[warn(unused)]`) on by default

warning: function `packed_12` is never used
 --> crates/rrrah-decode/src/camtiff/mef_sensor.rs:9:4
  |
9 | fn packed_12(
  |    ^^^^^^^^^

warning: function `decode_zd` is never used
  --> crates/rrrah-decode/src/camtiff/mef_sensor.rs:48:15
   |
48 | pub(super) fn decode_zd(
   |               ^^^^^^^^^

warning: `rrrah-decode` (lib) generated 3 warnings
    Finished `test` profile [optimized + debuginfo] target(s) in 15.30s
     Running unittests src/lib.rs (/tmp/rrrah-dedup-target/debug/deps/rrrah_dedup-454c8ffc9a750145)

running 11 tests
test warp::encoded_signal_tests::transfer_precedes_premultiplication_and_bilinear_sampling ... ok
test warp::encoded_signal_tests::extended_srgb_landmarks_match_independent_decimal_oracle_without_clipping ... ok
test tests::empty_and_duplicate_fingerprints ... ok
test local_scan::feature_memory_tests::grayscale_admission_accounts_for_other_owners_and_releases_on_cancel ... ok
test warp::bounded_fit_tests::boundary_fit_matches_exhaustive_rectangle_and_beats_independent_clipping ... ok
test local_scan::feature_memory_tests::retained_feature_storage_keeps_credit_until_last_owner ... ok
test exact::collision_tests::final_content_validation_rejects_change_even_when_metadata_matches ... ok
test exact::collision_tests::verified_observations_detect_metadata_invisible_pruned_mutations ... ok
test tests::indexed_search_matches_independent_exhaustive_scan ... ok
test exact::collision_tests::colliding_samples_and_full_hashes_still_partition_by_bytes ... ok
test pixel_index::tests::injected_constant_keys_still_require_direct_pixel_confirmation ... ok

test result: ok. 11 passed; 0 failed; 0 ignored; 0 measured; 0 filtered out; finished in 0.01s

     Running tests/pixel_search.rs (/tmp/rrrah-dedup-target/debug/deps/pixel_search-e8535cb037a13475)

running 14 tests
test opaque_uniform_png_and_independently_encoded_bmp_are_discovered_as_equal ... ok
test recursive_request_factory_preserves_explicit_hdr_color_and_discovered_paths ... ok
test changed_source_discards_every_stale_decision_and_preserves_healthy_pairs ... ok
test indexed_source_changed_before_its_decode_is_not_admitted_as_fresh ... ok
test untagged_hdr_requires_color_qualification_even_with_encoded_srgb_assumption ... ok
test indexed_changed_source_discards_stale_pairs ... ok
test indexed_pixel_permission_error_preserves_healthy_pairs_and_recovers ... ok
test indexed_roots_preserve_non_utf8_diagnostics_without_losing_healthy_equality ... ok
test final_generation_change_and_transient_user_cancel_return_no_report ... ok
test recursive_pixel_search_keeps_corrupt_and_missing_sources_as_diagnostics ... ok
test explicitly_qualified_linear_hdr_matches_endianness_without_losing_precision_or_scale ... ok
test indexed_recursive_search_isolates_corruption_and_preserves_overlapping_roots ... ok
test indexed_final_generation_and_transient_cancel_return_no_report ... ok
test indexed_unique_collection_fits_zero_pair_budget_and_decodes_once_per_key ... ok

test result: ok. 14 passed; 0 failed; 0 ignored; 0 measured; 0 filtered out; finished in 0.05s

     Running tests/raster_equality.rs (/tmp/rrrah-dedup-target/debug/deps/raster_equality-ea252da97797e76c)

running 3 tests
test untagged_policy_is_explicit_cached_and_does_not_override_declared_linear_color ... ok
test independent_lossless_encodings_preserve_pixels_alpha_and_one_code_negatives ... ok
test cross_encoding_batch_confirms_every_pair_and_rejects_single_pixel_edits ... ok

test result: ok. 3 passed; 0 failed; 0 ignored; 0 measured; 0 filtered out; finished in 0.02s

     Running tests/scan.rs (/tmp/rrrah-dedup-target/debug/deps/scan-191c9d95467ecbab)

running 6 tests
test confirmation_mutation_generation_and_memory_are_inconclusive ... ok
test pixel_group_final_checks_observe_generation_cancellation ... ok
test recursive_visual_discovery_keeps_aliases_and_errors_visible ... ok
test group_admission_invalidates_edges_from_changed_source ... ok
test batch_errors_cache_and_pair_evidence_are_integrated ... ok
test tiff_page_fingerprints_and_confirmation_share_profile_and_limits ... ok

test result: ok. 6 passed; 0 failed; 0 ignored; 0 measured; 0 filtered out; finished in 0.01s

