0 0 0 ok
0 1 -1 ok
0 -1 0 ok
0 1 0 ok
0 -1 1 ok
0 0 1 ok
0 1 1 ok
1 0 0 ok
1 -1 -1 ok
1 0 -1 ok
1 1 -1 ok
1 -1 0 ok
1 1 0 ok
1 -1 1 ok
1 0 1 ok
1 1 1 ok
2 0 0 ok
2 -1 -1 ok
2 0 -1 ok
2 1 -1 ok
2 -1 0 ok
2 1 0 ok
2 -1 1 ok
2 0 1 ok
2 1 1 ok
3 0 0 refusal:Region(Color(Bounds))
3 -1 0 refusal:Region(Color(Bounds))
3 0 1 refusal:Region(Color(Bounds))
4 0 0 refusal:Region(Color(Bounds))
4 -1 0 refusal:Region(Color(Bounds))
4 1 0 refusal:Region(Color(Bounds))
4 -1 1 refusal:Region(Color(Bounds))
4 0 1 refusal:Region(Color(Bounds))
5 0 0 ok
5 -1 -1 ok
5 0 -1 refusal:Region(Color(Bounds))
5 -1 0 ok
5 1 0 ok
5 0 1 ok
