   Compiling shlex v2.0.1
   Compiling proc-macro2 v1.0.107
   Compiling find-msvc-tools v0.1.9
   Compiling cfg-if v1.0.4
   Compiling unicode-ident v1.0.24
   Compiling cc v1.3.0
   Compiling quote v1.0.47
   Compiling libc v0.2.190
   Compiling arrayvec v0.7.8
   Compiling getrandom v0.4.3
   Compiling rustix v1.1.4
   Compiling arrayref v0.3.9
   Compiling constant_time_eq v0.4.2
   Compiling syn v3.0.2
   Compiling bitflags v2.13.1
   Compiling linux-raw-sys v0.12.1
   Compiling thiserror v2.0.19
   Compiling fastrand v2.5.0
   Compiling once_cell v1.21.4
   Compiling tempfile v3.27.0
   Compiling blake3 v1.8.5
   Compiling rrrah-dedup v0.1.0 (/workspace/crates/rrrah-dedup)
   Compiling thiserror-impl v2.0.19
    Finished `dev` profile [optimized + debuginfo] target(s) in 11.16s
     Running `/validation/cache-storage-target/debug/examples/cache_storage_probe prepare /probe`
{"prepared":true}
