   Compiling bitflags v2.13.1
   Compiling serde_core v1.0.229
   Compiling crossbeam-utils v0.8.22
   Compiling serde v1.0.229
   Compiling crossbeam-epoch v0.9.20
   Compiling zmij v1.0.23
   Compiling crossbeam-deque v0.8.7
   Compiling serde_json v1.0.151
   Compiling rayon-core v1.13.0
   Compiling either v1.16.0
   Compiling bindgen v0.69.5
   Compiling bindgen v0.72.1
   Compiling clap_lex v1.1.0
   Compiling regex-syntax v0.8.11
   Compiling itoa v1.0.18
   Compiling plotters-backend v0.3.7
   Compiling png v0.18.1
   Compiling dav1d v0.11.1
   Compiling ciborium-io v0.2.2
   Compiling anstyle v1.0.14
   Compiling rustybuzz v0.20.1
   Compiling ciborium-ll v0.2.2
   Compiling itertools v0.10.5
   Compiling clap_builder v4.6.2
   Compiling plotters-svg v0.3.7
   Compiling same-file v1.0.6
   Compiling cast v0.3.0
   Compiling hayro-interpret v0.7.0
   Compiling walkdir v2.5.0
   Compiling plotters v0.3.7
   Compiling is-terminal v0.4.17
   Compiling anes v0.1.6
   Compiling oorandom v11.1.5
   Compiling vello_common v0.0.8
   Compiling image v0.25.10
   Compiling regex-automata v0.4.16
   Compiling criterion-plot v0.5.0
   Compiling rayon v1.12.0
   Compiling usvg v0.45.1
   Compiling clap v4.6.3
   Compiling vello_cpu v0.0.8
   Compiling ciborium v0.2.2
   Compiling regex v1.13.1
   Compiling tinytemplate v1.2.1
   Compiling criterion v0.5.1
   Compiling resvg v0.45.1
   Compiling hayro v0.7.1
   Compiling jxl-oxide v0.12.6
   Compiling rrrah-core v0.1.0 (/Users/themoretheless/Documents/Sources/rrrah/crates/rrrah-core)
   Compiling jpegxr v0.3.1
   Compiling astcenc-sys v0.2.0
   Compiling rrrah-decode v0.1.0 (/Users/themoretheless/Documents/Sources/rrrah/crates/rrrah-decode)
    Finished `test` profile [optimized + debuginfo] target(s) in 4m 57s
     Running unittests src/lib.rs (target/debug/deps/rrrah_decode-fef1cf096a77eef0)

running 1 test
test raster::tiff_alpha::tests::integer_and_hdr_unassociation_preserve_precision_and_reject_invalid_input ... ok

test result: ok. 1 passed; 0 failed; 0 ignored; 0 measured; 819 filtered out; finished in 0.01s

