   Compiling rrrah-dedup v0.1.0 (/Users/themoretheless/Documents/Sources/rrrah/crates/rrrah-dedup)
warning: type does not implement `Debug`; consider adding `#[derive(Debug)]` or a manual implementation
  --> crates/rrrah-dedup/src/gradient_index.rs:17:1
   |
17 | / pub struct GradientDescriptorIndex<'a> {
18 | |     entries: &'a [(u64, GradientDescriptor)],
19 | |     order: SharedBuffer<usize>,
20 | |     axis: usize,
21 | |     recipe: GradientCellRecipe,
22 | | }
   | |_^
   |
   = note: requested on the command line with `-W missing-debug-implementations`

warning: `rrrah-dedup` (lib) generated 1 warning
    Finished `test` profile [optimized + debuginfo] target(s) in 5.27s
     Running tests/gradient_candidate_smoothing.rs (target/debug/deps/gradient_candidate_smoothing-d61dc5b11fa4693c)

running 2 tests
test smoothing_matches_independent_footprints_and_exact_last_owner_credit ... ok
test work_memory_opacity_and_every_cancellation_refuse_without_retained_output ... ok

test result: ok. 2 passed; 0 failed; 0 ignored; 0 measured; 0 filtered out; finished in 0.00s

