Get:1 http://ports.ubuntu.com/ubuntu-ports noble InRelease [256 kB]
Get:2 http://ports.ubuntu.com/ubuntu-ports noble-updates InRelease [126 kB]
Get:3 http://ports.ubuntu.com/ubuntu-ports noble-backports InRelease [126 kB]
Get:4 http://ports.ubuntu.com/ubuntu-ports noble-security InRelease [126 kB]
Get:5 http://ports.ubuntu.com/ubuntu-ports noble/universe arm64 Packages [19.0 MB]
Get:6 http://ports.ubuntu.com/ubuntu-ports noble/main arm64 Packages [1776 kB]
Get:7 http://ports.ubuntu.com/ubuntu-ports noble/restricted arm64 Packages [113 kB]
Get:8 http://ports.ubuntu.com/ubuntu-ports noble/multiverse arm64 Packages [274 kB]
Get:9 http://ports.ubuntu.com/ubuntu-ports noble-updates/restricted arm64 Packages [3132 kB]
Get:10 http://ports.ubuntu.com/ubuntu-ports noble-updates/main arm64 Packages [1758 kB]
Get:11 http://ports.ubuntu.com/ubuntu-ports noble-updates/universe arm64 Packages [2210 kB]
Get:12 http://ports.ubuntu.com/ubuntu-ports noble-updates/multiverse arm64 Packages [96.8 kB]
Get:13 http://ports.ubuntu.com/ubuntu-ports noble-backports/universe arm64 Packages [36.3 kB]
Get:14 http://ports.ubuntu.com/ubuntu-ports noble-backports/multiverse arm64 Packages [671 B]
Get:15 http://ports.ubuntu.com/ubuntu-ports noble-backports/main arm64 Packages [49.0 kB]
Get:16 http://ports.ubuntu.com/ubuntu-ports noble-security/universe arm64 Packages [1624 kB]
Get:17 http://ports.ubuntu.com/ubuntu-ports noble-security/main arm64 Packages [1390 kB]
Get:18 http://ports.ubuntu.com/ubuntu-ports noble-security/restricted arm64 Packages [2886 kB]
Get:19 http://ports.ubuntu.com/ubuntu-ports noble-security/multiverse arm64 Packages [89.7 kB]
Fetched 35.1 MB in 4s (8838 kB/s)
Reading package lists...
Reading package lists...
Building dependency tree...
Reading state information...
The following additional packages will be installed:
  adduser binfmt-support binutils binutils-aarch64-linux-gnu binutils-common
  bzip2 ca-certificates clang-18 cmake-data cpp cpp-13
  cpp-13-aarch64-linux-gnu cpp-aarch64-linux-gnu dirmngr dpkg-dev fakeroot
  fontconfig-config fonts-dejavu-core fonts-dejavu-mono g++ g++-13
  g++-13-aarch64-linux-gnu g++-aarch64-linux-gnu gcc gcc-13
  gcc-13-aarch64-linux-gnu gcc-13-base gcc-aarch64-linux-gnu gnupg gnupg-l10n
  gnupg-utils gpg gpg-agent gpg-wks-client gpgconf gpgsm icu-devtools keyboxd
  krb5-locales libalgorithm-diff-perl libalgorithm-diff-xs-perl
  libalgorithm-merge-perl libaom-dev libaom3 libarchive13t64 libasan8
  libatomic1 libbinutils libbrotli1 libbsd0 libc-bin libc-dev-bin
  libc-devtools libc6 libc6-dev libcc1-0 libclang-18-dev
  libclang-common-18-dev libclang-cpp18 libclang-rt-18-dev libclang1-18
  libcrypt-dev libctf-nobfd0 libctf0 libcurl4t64 libdav1d7 libde265-0
  libdeflate0 libdpkg-perl libedit2 libexpat1 libfakeroot libffi-dev
  libfile-fcntllock-perl libfontconfig1 libfreetype6 libgc1 libgcc-13-dev
  libgd3 libgdbm-compat4t64 libgdbm6t64 libgomp1 libgpm2 libgprofng0
  libgssapi-krb5-2 libheif-plugin-aomdec libheif-plugin-aomenc libheif1
  libhwasan0 libicu-dev libicu74 libisl23 libitm1 libjansson4 libjbig0
  libjpeg-turbo8 libjpeg8 libjsoncpp25 libk5crypto3 libkeyutils1 libkrb5-3
  libkrb5support0 libksba8 libldap-common libldap2 liblerc4 libllvm18
  liblocale-gettext-perl liblsan0 libmpc3 libmpfr6 libncurses-dev libncurses6
  libnghttp2-14 libnuma1 libobjc-13-dev libobjc4 libperl5.38t64 libpfm4
  libpipeline1 libpkgconf3 libpng16-16t64 libpsl5t64 libpython3-stdlib
  libpython3.12-minimal libpython3.12-stdlib libreadline8t64 librhash0
  librtmp1 libsasl2-2 libsasl2-modules libsasl2-modules-db libsframe1
  libsharpyuv-dev libsharpyuv0 libsqlite3-0 libssh-4 libssl3t64
  libstdc++-13-dev libtiff6 libtsan2 libubsan1 libuv1t64 libwebp7 libx11-6
  libx11-data libx265-199 libx265-dev libxau6 libxcb1 libxdmcp6 libxml2
  libxml2-dev libxpm4 libyaml-0-2 libz3-4 libz3-dev linux-libc-dev llvm-18
  llvm-18-dev llvm-18-linker-tools llvm-18-runtime llvm-18-tools
  lto-disabled-list make manpages manpages-dev media-types netbase openssl
  patch perl perl-base perl-modules-5.38 pinentry-curses pkgconf pkgconf-bin
  publicsuffix python3 python3-minimal python3-pkg-resources python3-pygments
  python3-yaml python3.12 python3.12-minimal readline-common rpcsvc-proto
  tzdata xz-utils
Suggested packages:
  cron quota ecryptfs-utils binutils-doc gprofng-gui bzip2-doc clang-18-doc
  wasi-libc cmake-doc cmake-format elpa-cmake-mode ninja-build cpp-doc
  gcc-13-locales cpp-13-doc dbus-user-session libpam-systemd pinentry-gnome3
  tor debian-keyring gcc-13-doc gcc-multilib autoconf automake libtool flex
  bison gdb gcc-doc gdb-aarch64-linux-gnu parcimonie xloadimage gpg-wks-server
  scdaemon lrzip glibc-doc locales libnss-nis libnss-nisplus git bzr
  libgd-tools gdbm-l10n gpm krb5-doc krb5-user libheif-plugin-libde265
  libheif-plugin-x265 libheif-plugin-ffmpegdec libheif-plugin-jpegdec
  libheif-plugin-jpegenc libheif-plugin-j2kdec libheif-plugin-j2kenc
  libheif-plugin-rav1e libheif-plugin-svtenc icu-doc ncurses-doc
  libsasl2-modules-gssapi-mit | libsasl2-modules-gssapi-heimdal
  libsasl2-modules-ldap libsasl2-modules-otp libsasl2-modules-sql
  libstdc++-13-doc libx265-doc llvm-18-doc make-doc man-browser ed
  diffutils-doc perl-doc libterm-readline-gnu-perl
  | libterm-readline-perl-perl libtap-harness-archive-perl pinentry-doc
  python3-doc python3-tk python3-venv python3-setuptools python-pygments-doc
  ttf-bitstream-vera python3.12-venv python3.12-doc readline-doc
The following NEW packages will be installed:
  adduser binfmt-support binutils binutils-aarch64-linux-gnu binutils-common
  build-essential bzip2 ca-certificates clang clang-18 cmake cmake-data cpp
  cpp-13 cpp-13-aarch64-linux-gnu cpp-aarch64-linux-gnu dirmngr dpkg-dev
  fakeroot fontconfig-config fonts-dejavu-core fonts-dejavu-mono g++ g++-13
  g++-13-aarch64-linux-gnu g++-aarch64-linux-gnu gcc gcc-13
  gcc-13-aarch64-linux-gnu gcc-13-base gcc-aarch64-linux-gnu gnupg gnupg-l10n
  gnupg-utils gpg gpg-agent gpg-wks-client gpgconf gpgsm icu-devtools keyboxd
  krb5-locales libalgorithm-diff-perl libalgorithm-diff-xs-perl
  libalgorithm-merge-perl libaom-dev libaom3 libarchive13t64 libasan8
  libatomic1 libbinutils libbrotli1 libbsd0 libc-dev-bin libc-devtools
  libc6-dev libcc1-0 libclang-18-dev libclang-common-18-dev libclang-cpp18
  libclang-dev libclang-rt-18-dev libclang1-18 libcrypt-dev libctf-nobfd0
  libctf0 libcurl4t64 libdav1d-dev libdav1d7 libde265-0 libde265-dev
  libdeflate0 libdpkg-perl libedit2 libexpat1 libfakeroot libffi-dev
  libfile-fcntllock-perl libfontconfig1 libfreetype6 libgc1 libgcc-13-dev
  libgd3 libgdbm-compat4t64 libgdbm6t64 libgomp1 libgpm2 libgprofng0
  libgssapi-krb5-2 libheif-dev libheif-plugin-aomdec libheif-plugin-aomenc
  libheif1 libhwasan0 libicu-dev libicu74 libisl23 libitm1 libjansson4
  libjbig0 libjpeg-turbo8 libjpeg8 libjsoncpp25 libk5crypto3 libkeyutils1
  libkrb5-3 libkrb5support0 libksba8 libldap-common libldap2 liblerc4
  libllvm18 liblocale-gettext-perl liblsan0 libmpc3 libmpfr6 libncurses-dev
  libncurses6 libnghttp2-14 libnuma1 libobjc-13-dev libobjc4 libperl5.38t64
  libpfm4 libpipeline1 libpkgconf3 libpng16-16t64 libpsl5t64 libpython3-stdlib
  libpython3.12-minimal libpython3.12-stdlib libreadline8t64 librhash0
  librtmp1 libsasl2-2 libsasl2-modules libsasl2-modules-db libsframe1
  libsharpyuv-dev libsharpyuv0 libsqlite3-0 libssh-4 libstdc++-13-dev libtiff6
  libtsan2 libubsan1 libuv1t64 libwebp7 libx11-6 libx11-data libx265-199
  libx265-dev libxau6 libxcb1 libxdmcp6 libxml2 libxml2-dev libxpm4
  libyaml-0-2 libz3-4 libz3-dev linux-libc-dev llvm-18 llvm-18-dev
  llvm-18-linker-tools llvm-18-runtime llvm-18-tools lto-disabled-list make
  manpages manpages-dev media-types netbase openssl patch perl
  perl-modules-5.38 pinentry-curses pkg-config pkgconf pkgconf-bin
  publicsuffix python3 python3-minimal python3-pkg-resources python3-pygments
  python3-yaml python3.12 python3.12-minimal readline-common rpcsvc-proto
  tzdata xz-utils
The following packages will be upgraded:
  libc-bin libc6 libssl3t64 perl-base
4 upgraded, 193 newly installed, 0 to remove and 3 not upgraded.
Need to get 301 MB of archives.
After this operation, 1561 MB of additional disk space will be used.
Get:1 http://ports.ubuntu.com/ubuntu-ports noble-updates/main arm64 perl-base arm64 5.38.2-3.2ubuntu0.6 [1780 kB]
Get:2 http://ports.ubuntu.com/ubuntu-ports noble-updates/main arm64 libc6 arm64 2.39-0ubuntu8.9 [2776 kB]
Get:3 http://ports.ubuntu.com/ubuntu-ports noble-updates/main arm64 libc-bin arm64 2.39-0ubuntu8.9 [591 kB]
Get:4 http://ports.ubuntu.com/ubuntu-ports noble/main arm64 liblocale-gettext-perl arm64 1.07-6ubuntu5 [15.3 kB]
Get:5 http://ports.ubuntu.com/ubuntu-ports noble-updates/main arm64 libssl3t64 arm64 3.0.13-0ubuntu3.16 [1838 kB]
Get:6 http://ports.ubuntu.com/ubuntu-ports noble-updates/main arm64 libpython3.12-minimal arm64 3.12.3-1ubuntu0.17 [835 kB]
Get:7 http://ports.ubuntu.com/ubuntu-ports noble-updates/main arm64 libexpat1 arm64 2.6.1-2ubuntu0.6 [89.8 kB]
Get:8 http://ports.ubuntu.com/ubuntu-ports noble-updates/main arm64 python3.12-minimal arm64 3.12.3-1ubuntu0.17 [2253 kB]
Get:9 http://ports.ubuntu.com/ubuntu-ports noble-updates/main arm64 python3-minimal arm64 3.12.3-0ubuntu2.1 [27.4 kB]
Get:10 http://ports.ubuntu.com/ubuntu-ports noble/main arm64 media-types all 10.1.0 [27.5 kB]
Get:11 http://ports.ubuntu.com/ubuntu-ports noble/main arm64 netbase all 6.4 [13.1 kB]
Get:12 http://ports.ubuntu.com/ubuntu-ports noble-updates/main arm64 tzdata all 2026c-0ubuntu0.24.04.1 [280 kB]
Get:13 http://ports.ubuntu.com/ubuntu-ports noble/main arm64 readline-common all 8.2-4build1 [56.5 kB]
Get:14 http://ports.ubuntu.com/ubuntu-ports noble/main arm64 libreadline8t64 arm64 8.2-4build1 [153 kB]
Get:15 http://ports.ubuntu.com/ubuntu-ports noble-updates/main arm64 libsqlite3-0 arm64 3.45.1-1ubuntu2.8 [691 kB]
Get:16 http://ports.ubuntu.com/ubuntu-ports noble-updates/main arm64 libpython3.12-stdlib arm64 3.12.3-1ubuntu0.17 [2039 kB]
Get:17 http://ports.ubuntu.com/ubuntu-ports noble-updates/main arm64 python3.12 arm64 3.12.3-1ubuntu0.17 [651 kB]
Get:18 http://ports.ubuntu.com/ubuntu-ports noble-updates/main arm64 libpython3-stdlib arm64 3.12.3-0ubuntu2.1 [10.1 kB]
Get:19 http://ports.ubuntu.com/ubuntu-ports noble-updates/main arm64 python3 arm64 3.12.3-0ubuntu2.1 [23.0 kB]
Get:20 http://ports.ubuntu.com/ubuntu-ports noble/main arm64 libpipeline1 arm64 1.5.7-2 [23.7 kB]
Get:21 http://ports.ubuntu.com/ubuntu-ports noble/universe arm64 binfmt-support arm64 2.2.2-7 [55.9 kB]
Get:22 http://ports.ubuntu.com/ubuntu-ports noble-updates/main arm64 perl-modules-5.38 all 5.38.2-3.2ubuntu0.6 [3110 kB]
Get:23 http://ports.ubuntu.com/ubuntu-ports noble/main arm64 libgdbm6t64 arm64 1.23-5.1build1 [34.4 kB]
Get:24 http://ports.ubuntu.com/ubuntu-ports noble/main arm64 libgdbm-compat4t64 arm64 1.23-5.1build1 [6578 B]
Get:25 http://ports.ubuntu.com/ubuntu-ports noble-updates/main arm64 libperl5.38t64 arm64 5.38.2-3.2ubuntu0.6 [4785 kB]
Get:26 http://ports.ubuntu.com/ubuntu-ports noble-updates/main arm64 perl arm64 5.38.2-3.2ubuntu0.6 [231 kB]
Get:27 http://ports.ubuntu.com/ubuntu-ports noble/main arm64 adduser all 3.137ubuntu1 [101 kB]
Get:28 http://ports.ubuntu.com/ubuntu-ports noble-updates/main arm64 openssl arm64 3.0.13-0ubuntu3.16 [985 kB]
Get:29 http://ports.ubuntu.com/ubuntu-ports noble-updates/main arm64 ca-certificates all 20260601~24.04.1 [139 kB]
Get:30 http://ports.ubuntu.com/ubuntu-ports noble-updates/main arm64 krb5-locales all 1.20.1-6ubuntu2.10 [15.3 kB]
Get:31 http://ports.ubuntu.com/ubuntu-ports noble-updates/main arm64 libbsd0 arm64 0.12.1-1build1.1 [41.0 kB]
Get:32 http://ports.ubuntu.com/ubuntu-ports noble-updates/main arm64 libkrb5support0 arm64 1.20.1-6ubuntu2.10 [35.4 kB]
Get:33 http://ports.ubuntu.com/ubuntu-ports noble-updates/main arm64 libk5crypto3 arm64 1.20.1-6ubuntu2.10 [85.8 kB]
Get:34 http://ports.ubuntu.com/ubuntu-ports noble/main arm64 libkeyutils1 arm64 1.6.3-3build1 [9654 B]
Get:35 http://ports.ubuntu.com/ubuntu-ports noble-updates/main arm64 libkrb5-3 arm64 1.20.1-6ubuntu2.10 [350 kB]
Get:36 http://ports.ubuntu.com/ubuntu-ports noble-updates/main arm64 libgssapi-krb5-2 arm64 1.20.1-6ubuntu2.10 [142 kB]
Get:37 http://ports.ubuntu.com/ubuntu-ports noble-updates/main arm64 libicu74 arm64 74.2-1ubuntu3.1 [10.8 MB]
Get:38 http://ports.ubuntu.com/ubuntu-ports noble-updates/main arm64 libxml2 arm64 2.9.14+dfsg-1.3ubuntu3.9 [737 kB]
Get:39 http://ports.ubuntu.com/ubuntu-ports noble/main arm64 libyaml-0-2 arm64 0.2.5-1build1 [51.5 kB]
Get:40 http://ports.ubuntu.com/ubuntu-ports noble-updates/main arm64 python3-pkg-resources all 68.1.2-2ubuntu1.2 [168 kB]
Get:41 http://ports.ubuntu.com/ubuntu-ports noble/main arm64 python3-pygments all 2.17.2+dfsg-1 [819 kB]
Get:42 http://ports.ubuntu.com/ubuntu-ports noble/main arm64 python3-yaml arm64 6.0.1-2build2 [113 kB]
Get:43 http://ports.ubuntu.com/ubuntu-ports noble/main arm64 libedit2 arm64 3.1-20230828-1build1 [97.5 kB]
Get:44 http://ports.ubuntu.com/ubuntu-ports noble/main arm64 libgpm2 arm64 1.20.7-11 [14.7 kB]
Get:45 http://ports.ubuntu.com/ubuntu-ports noble/main arm64 libjansson4 arm64 2.14-2build2 [34.4 kB]
Get:46 http://ports.ubuntu.com/ubuntu-ports noble-updates/main arm64 libncurses6 arm64 6.4+20240113-1ubuntu2.2 [110 kB]
Get:47 http://ports.ubuntu.com/ubuntu-ports noble-updates/main arm64 libnghttp2-14 arm64 1.59.0-1ubuntu0.4 [74.8 kB]
Get:48 http://ports.ubuntu.com/ubuntu-ports noble-updates/main arm64 libnuma1 arm64 2.0.18-1ubuntu0.24.04.1 [23.7 kB]
Get:49 http://ports.ubuntu.com/ubuntu-ports noble-updates/main arm64 libpng16-16t64 arm64 1.6.43-5ubuntu0.6 [187 kB]
Get:50 http://ports.ubuntu.com/ubuntu-ports noble/main arm64 libpsl5t64 arm64 0.21.2-1.1build1 [57.4 kB]
Get:51 http://ports.ubuntu.com/ubuntu-ports noble/main arm64 libuv1t64 arm64 1.48.0-1.1build1 [95.3 kB]
Get:52 http://ports.ubuntu.com/ubuntu-ports noble/main arm64 libxau6 arm64 1:1.0.9-1build6 [7264 B]
Get:53 http://ports.ubuntu.com/ubuntu-ports noble/main arm64 libxdmcp6 arm64 1:1.1.3-0ubuntu6 [10.4 kB]
Get:54 http://ports.ubuntu.com/ubuntu-ports noble/main arm64 libxcb1 arm64 1.15-1ubuntu2 [49.4 kB]
Get:55 http://ports.ubuntu.com/ubuntu-ports noble/main arm64 libx11-data all 2:1.8.7-1build1 [115 kB]
Get:56 http://ports.ubuntu.com/ubuntu-ports noble/main arm64 libx11-6 arm64 2:1.8.7-1build1 [649 kB]
Get:57 http://ports.ubuntu.com/ubuntu-ports noble/main arm64 manpages all 6.7-2 [1384 kB]
Get:58 http://ports.ubuntu.com/ubuntu-ports noble/main arm64 publicsuffix all 20231001.0357-0.1 [129 kB]
Get:59 http://ports.ubuntu.com/ubuntu-ports noble-updates/main arm64 xz-utils arm64 5.6.1+really5.4.5-1ubuntu0.3 [268 kB]
Get:60 http://ports.ubuntu.com/ubuntu-ports noble-updates/main arm64 binutils-common arm64 2.42-4ubuntu2.10 [240 kB]
Get:61 http://ports.ubuntu.com/ubuntu-ports noble-updates/main arm64 libsframe1 arm64 2.42-4ubuntu2.10 [15.4 kB]
Get:62 http://ports.ubuntu.com/ubuntu-ports noble-updates/main arm64 libbinutils arm64 2.42-4ubuntu2.10 [766 kB]
Get:63 http://ports.ubuntu.com/ubuntu-ports noble-updates/main arm64 libctf-nobfd0 arm64 2.42-4ubuntu2.10 [101 kB]
Get:64 http://ports.ubuntu.com/ubuntu-ports noble-updates/main arm64 libctf0 arm64 2.42-4ubuntu2.10 [95.7 kB]
Get:65 http://ports.ubuntu.com/ubuntu-ports noble-updates/main arm64 libgprofng0 arm64 2.42-4ubuntu2.10 [776 kB]
Get:66 http://ports.ubuntu.com/ubuntu-ports noble-updates/main arm64 binutils-aarch64-linux-gnu arm64 2.42-4ubuntu2.10 [3304 kB]
Get:67 http://ports.ubuntu.com/ubuntu-ports noble-updates/main arm64 binutils arm64 2.42-4ubuntu2.10 [18.1 kB]
Get:68 http://ports.ubuntu.com/ubuntu-ports noble-updates/main arm64 libc-dev-bin arm64 2.39-0ubuntu8.9 [19.7 kB]
Get:69 http://ports.ubuntu.com/ubuntu-ports noble-updates/main arm64 linux-libc-dev arm64 6.8.0-146.146 [1515 kB]
Get:70 http://ports.ubuntu.com/ubuntu-ports noble/main arm64 libcrypt-dev arm64 1:4.4.36-4build1 [118 kB]
Get:71 http://ports.ubuntu.com/ubuntu-ports noble/main arm64 rpcsvc-proto arm64 1.4.2-0ubuntu7 [64.8 kB]
Get:72 http://ports.ubuntu.com/ubuntu-ports noble-updates/main arm64 libc6-dev arm64 2.39-0ubuntu8.9 [1596 kB]
Get:73 http://ports.ubuntu.com/ubuntu-ports noble-updates/main arm64 gcc-13-base arm64 13.3.0-6ubuntu2~24.04.1 [51.6 kB]
Get:74 http://ports.ubuntu.com/ubuntu-ports noble-updates/main arm64 libisl23 arm64 0.26-3build1.1 [669 kB]
Get:75 http://ports.ubuntu.com/ubuntu-ports noble-updates/main arm64 libmpfr6 arm64 4.2.1-1build1.1 [329 kB]
Get:76 http://ports.ubuntu.com/ubuntu-ports noble-updates/main arm64 libmpc3 arm64 1.3.1-1build1.1 [56.4 kB]
Get:77 http://ports.ubuntu.com/ubuntu-ports noble-updates/main arm64 cpp-13-aarch64-linux-gnu arm64 13.3.0-6ubuntu2~24.04.1 [9560 kB]
Get:78 http://ports.ubuntu.com/ubuntu-ports noble-updates/main arm64 cpp-13 arm64 13.3.0-6ubuntu2~24.04.1 [1038 B]
Get:79 http://ports.ubuntu.com/ubuntu-ports noble/main arm64 cpp-aarch64-linux-gnu arm64 4:13.2.0-7ubuntu1 [5316 B]
Get:80 http://ports.ubuntu.com/ubuntu-ports noble/main arm64 cpp arm64 4:13.2.0-7ubuntu1 [22.4 kB]
Get:81 http://ports.ubuntu.com/ubuntu-ports noble-updates/main arm64 libcc1-0 arm64 14.2.0-4ubuntu2~24.04.1 [49.7 kB]
Get:82 http://ports.ubuntu.com/ubuntu-ports noble-updates/main arm64 libgomp1 arm64 14.2.0-4ubuntu2~24.04.1 [145 kB]
Get:83 http://ports.ubuntu.com/ubuntu-ports noble-updates/main arm64 libitm1 arm64 14.2.0-4ubuntu2~24.04.1 [28.2 kB]
Get:84 http://ports.ubuntu.com/ubuntu-ports noble-updates/main arm64 libatomic1 arm64 14.2.0-4ubuntu2~24.04.1 [11.6 kB]
Get:85 http://ports.ubuntu.com/ubuntu-ports noble-updates/main arm64 libasan8 arm64 14.2.0-4ubuntu2~24.04.1 [2928 kB]
Get:86 http://ports.ubuntu.com/ubuntu-ports noble-updates/main arm64 liblsan0 arm64 14.2.0-4ubuntu2~24.04.1 [1289 kB]
Get:87 http://ports.ubuntu.com/ubuntu-ports noble-updates/main arm64 libtsan2 arm64 14.2.0-4ubuntu2~24.04.1 [2697 kB]
Get:88 http://ports.ubuntu.com/ubuntu-ports noble-updates/main arm64 libubsan1 arm64 14.2.0-4ubuntu2~24.04.1 [1157 kB]
Get:89 http://ports.ubuntu.com/ubuntu-ports noble-updates/main arm64 libhwasan0 arm64 14.2.0-4ubuntu2~24.04.1 [1605 kB]
Get:90 http://ports.ubuntu.com/ubuntu-ports noble-updates/main arm64 libgcc-13-dev arm64 13.3.0-6ubuntu2~24.04.1 [2473 kB]
Get:91 http://ports.ubuntu.com/ubuntu-ports noble-updates/main arm64 gcc-13-aarch64-linux-gnu arm64 13.3.0-6ubuntu2~24.04.1 [18.7 MB]
Get:92 http://ports.ubuntu.com/ubuntu-ports noble-updates/main arm64 gcc-13 arm64 13.3.0-6ubuntu2~24.04.1 [484 kB]
Get:93 http://ports.ubuntu.com/ubuntu-ports noble/main arm64 gcc-aarch64-linux-gnu arm64 4:13.2.0-7ubuntu1 [1198 B]
Get:94 http://ports.ubuntu.com/ubuntu-ports noble/main arm64 gcc arm64 4:13.2.0-7ubuntu1 [5018 B]
Get:95 http://ports.ubuntu.com/ubuntu-ports noble-updates/main arm64 libstdc++-13-dev arm64 13.3.0-6ubuntu2~24.04.1 [2397 kB]
Get:96 http://ports.ubuntu.com/ubuntu-ports noble-updates/main arm64 g++-13-aarch64-linux-gnu arm64 13.3.0-6ubuntu2~24.04.1 [10.9 MB]
Get:97 http://ports.ubuntu.com/ubuntu-ports noble-updates/main arm64 g++-13 arm64 13.3.0-6ubuntu2~24.04.1 [16.0 kB]
Get:98 http://ports.ubuntu.com/ubuntu-ports noble/main arm64 g++-aarch64-linux-gnu arm64 4:13.2.0-7ubuntu1 [962 B]
Get:99 http://ports.ubuntu.com/ubuntu-ports noble/main arm64 g++ arm64 4:13.2.0-7ubuntu1 [1082 B]
Get:100 http://ports.ubuntu.com/ubuntu-ports noble/main arm64 make arm64 4.3-4.1build2 [178 kB]
Get:101 http://ports.ubuntu.com/ubuntu-ports noble-updates/main arm64 libdpkg-perl all 1.22.6ubuntu6.6 [268 kB]
Get:102 http://ports.ubuntu.com/ubuntu-ports noble-updates/main arm64 bzip2 arm64 1.0.8-5.1ubuntu0.1 [34.0 kB]
Get:103 http://ports.ubuntu.com/ubuntu-ports noble/main arm64 patch arm64 2.7.6-7build3 [101 kB]
Get:104 http://ports.ubuntu.com/ubuntu-ports noble/main arm64 lto-disabled-list all 47 [12.4 kB]
Get:105 http://ports.ubuntu.com/ubuntu-ports noble-updates/main arm64 dpkg-dev all 1.22.6ubuntu6.6 [1074 kB]
Get:106 http://ports.ubuntu.com/ubuntu-ports noble/main arm64 build-essential arm64 12.10ubuntu1 [4932 B]
Get:107 http://ports.ubuntu.com/ubuntu-ports noble-updates/main arm64 libllvm18 arm64 1:18.1.3-1ubuntu1 [26.3 MB]
Get:108 http://ports.ubuntu.com/ubuntu-ports noble-updates/main arm64 libclang-cpp18 arm64 1:18.1.3-1ubuntu1 [13.2 MB]
Get:109 http://ports.ubuntu.com/ubuntu-ports noble/main arm64 libgc1 arm64 1:8.2.6-1build1 [89.1 kB]
Get:110 http://ports.ubuntu.com/ubuntu-ports noble-updates/universe arm64 libobjc4 arm64 14.2.0-4ubuntu2~24.04.1 [45.5 kB]
Get:111 http://ports.ubuntu.com/ubuntu-ports noble-updates/universe arm64 libobjc-13-dev arm64 13.3.0-6ubuntu2~24.04.1 [190 kB]
Get:112 http://ports.ubuntu.com/ubuntu-ports noble-updates/universe arm64 libclang-common-18-dev arm64 1:18.1.3-1ubuntu1 [736 kB]
Get:113 http://ports.ubuntu.com/ubuntu-ports noble-updates/universe arm64 llvm-18-linker-tools arm64 1:18.1.3-1ubuntu1 [1234 kB]
Get:114 http://ports.ubuntu.com/ubuntu-ports noble-updates/main arm64 libclang1-18 arm64 1:18.1.3-1ubuntu1 [7533 kB]
Get:115 http://ports.ubuntu.com/ubuntu-ports noble-updates/universe arm64 clang-18 arm64 1:18.1.3-1ubuntu1 [78.4 kB]
Get:116 http://ports.ubuntu.com/ubuntu-ports noble/universe arm64 clang arm64 1:18.0-59~exp2 [5854 B]
Get:117 http://ports.ubuntu.com/ubuntu-ports noble-updates/main arm64 libarchive13t64 arm64 3.7.2-2ubuntu0.8 [378 kB]
Get:118 http://ports.ubuntu.com/ubuntu-ports noble/main arm64 libbrotli1 arm64 1.1.0-2build2 [339 kB]
Get:119 http://ports.ubuntu.com/ubuntu-ports noble-updates/main arm64 libsasl2-modules-db arm64 2.1.28+dfsg1-5ubuntu3.1 [21.6 kB]
Get:120 http://ports.ubuntu.com/ubuntu-ports noble-updates/main arm64 libsasl2-2 arm64 2.1.28+dfsg1-5ubuntu3.1 [54.7 kB]
Get:121 http://ports.ubuntu.com/ubuntu-ports noble-updates/main arm64 libldap2 arm64 2.6.10+dfsg-0ubuntu0.24.04.1 [196 kB]
Get:122 http://ports.ubuntu.com/ubuntu-ports noble/main arm64 librtmp1 arm64 2.4+20151223.gitfa8646d.1-2build7 [57.8 kB]
Get:123 http://ports.ubuntu.com/ubuntu-ports noble-updates/main arm64 libssh-4 arm64 0.10.6-2ubuntu0.5 [192 kB]
Get:124 http://ports.ubuntu.com/ubuntu-ports noble-updates/main arm64 libcurl4t64 arm64 8.5.0-2ubuntu10.15 [337 kB]
Get:125 http://ports.ubuntu.com/ubuntu-ports noble/main arm64 libjsoncpp25 arm64 1.9.5-6build1 [78.2 kB]
Get:126 http://ports.ubuntu.com/ubuntu-ports noble/main arm64 librhash0 arm64 1.4.3-3build1 [126 kB]
Get:127 http://ports.ubuntu.com/ubuntu-ports noble/main arm64 cmake-data all 3.28.3-1build7 [2155 kB]
Get:128 http://ports.ubuntu.com/ubuntu-ports noble/main arm64 cmake arm64 3.28.3-1build7 [10.3 MB]
Get:129 http://ports.ubuntu.com/ubuntu-ports noble-updates/main arm64 gpgconf arm64 2.4.4-2ubuntu17.6 [103 kB]
Get:130 http://ports.ubuntu.com/ubuntu-ports noble/main arm64 libksba8 arm64 1.6.6-1build1 [119 kB]
Get:131 http://ports.ubuntu.com/ubuntu-ports noble-updates/main arm64 dirmngr arm64 2.4.4-2ubuntu17.6 [316 kB]
Get:132 http://ports.ubuntu.com/ubuntu-ports noble/main arm64 libfakeroot arm64 1.33-1 [32.5 kB]
Get:133 http://ports.ubuntu.com/ubuntu-ports noble/main arm64 fakeroot arm64 1.33-1 [66.9 kB]
Get:134 http://ports.ubuntu.com/ubuntu-ports noble/main arm64 fonts-dejavu-mono all 2.37-8 [502 kB]
Get:135 http://ports.ubuntu.com/ubuntu-ports noble/main arm64 fonts-dejavu-core all 2.37-8 [835 kB]
Get:136 http://ports.ubuntu.com/ubuntu-ports noble/main arm64 fontconfig-config arm64 2.15.0-1.1ubuntu2 [37.4 kB]
Get:137 http://ports.ubuntu.com/ubuntu-ports noble-updates/main arm64 gnupg-utils arm64 2.4.4-2ubuntu17.6 [107 kB]
Get:138 http://ports.ubuntu.com/ubuntu-ports noble-updates/main arm64 gpg arm64 2.4.4-2ubuntu17.6 [549 kB]
Get:139 http://ports.ubuntu.com/ubuntu-ports noble/main arm64 pinentry-curses arm64 1.2.1-3ubuntu5 [34.3 kB]
Get:140 http://ports.ubuntu.com/ubuntu-ports noble-updates/main arm64 gpg-agent arm64 2.4.4-2ubuntu17.6 [221 kB]
Get:141 http://ports.ubuntu.com/ubuntu-ports noble-updates/main arm64 gpgsm arm64 2.4.4-2ubuntu17.6 [225 kB]
Get:142 http://ports.ubuntu.com/ubuntu-ports noble-updates/main arm64 keyboxd arm64 2.4.4-2ubuntu17.6 [75.9 kB]
Get:143 http://ports.ubuntu.com/ubuntu-ports noble-updates/main arm64 gnupg all 2.4.4-2ubuntu17.6 [359 kB]
Get:144 http://ports.ubuntu.com/ubuntu-ports noble-updates/main arm64 gnupg-l10n all 2.4.4-2ubuntu17.6 [66.5 kB]
Get:145 http://ports.ubuntu.com/ubuntu-ports noble-updates/main arm64 gpg-wks-client arm64 2.4.4-2ubuntu17.6 [69.7 kB]
Get:146 http://ports.ubuntu.com/ubuntu-ports noble-updates/main arm64 icu-devtools arm64 74.2-1ubuntu3.1 [209 kB]
Get:147 http://ports.ubuntu.com/ubuntu-ports noble/main arm64 libalgorithm-diff-perl all 1.201-1 [41.8 kB]
Get:148 http://ports.ubuntu.com/ubuntu-ports noble/main arm64 libalgorithm-diff-xs-perl arm64 0.04-8build3 [10.9 kB]
Get:149 http://ports.ubuntu.com/ubuntu-ports noble/main arm64 libalgorithm-merge-perl all 0.08-5 [11.4 kB]
Get:150 http://ports.ubuntu.com/ubuntu-ports noble-updates/main arm64 libaom3 arm64 3.8.2-2ubuntu0.2 [1620 kB]
Get:151 http://ports.ubuntu.com/ubuntu-ports noble-updates/main arm64 libaom-dev arm64 3.8.2-2ubuntu0.2 [2031 kB]
Get:152 http://ports.ubuntu.com/ubuntu-ports noble-updates/main arm64 libfreetype6 arm64 2.13.2+dfsg-1ubuntu0.1 [394 kB]
Get:153 http://ports.ubuntu.com/ubuntu-ports noble/main arm64 libfontconfig1 arm64 2.15.0-1.1ubuntu2 [142 kB]
Get:154 http://ports.ubuntu.com/ubuntu-ports noble/main arm64 libsharpyuv0 arm64 1.3.2-0.4build3 [14.5 kB]
Get:155 http://ports.ubuntu.com/ubuntu-ports noble-updates/main arm64 libheif-plugin-aomdec arm64 1.17.6-1ubuntu4.9 [11.7 kB]
Get:156 http://ports.ubuntu.com/ubuntu-ports noble-updates/main arm64 libheif1 arm64 1.17.6-1ubuntu4.9 [261 kB]
Get:157 http://ports.ubuntu.com/ubuntu-ports noble/main arm64 libjpeg-turbo8 arm64 2.1.5-2ubuntu2 [163 kB]
Get:158 http://ports.ubuntu.com/ubuntu-ports noble/main arm64 libjpeg8 arm64 8c-2ubuntu11 [2148 B]
Get:159 http://ports.ubuntu.com/ubuntu-ports noble-updates/main arm64 libdeflate0 arm64 1.19-1build1.1 [43.5 kB]
Get:160 http://ports.ubuntu.com/ubuntu-ports noble/main arm64 libjbig0 arm64 2.1-6.1ubuntu2 [29.3 kB]
Get:161 http://ports.ubuntu.com/ubuntu-ports noble/main arm64 liblerc4 arm64 4.0.0+ds-4ubuntu2 [154 kB]
Get:162 http://ports.ubuntu.com/ubuntu-ports noble/main arm64 libwebp7 arm64 1.3.2-0.4build3 [191 kB]
Get:163 http://ports.ubuntu.com/ubuntu-ports noble-updates/main arm64 libtiff6 arm64 4.5.1+git230720-4ubuntu2.5 [192 kB]
Get:164 http://ports.ubuntu.com/ubuntu-ports noble-updates/main arm64 libxpm4 arm64 1:3.5.17-1ubuntu0.24.04.2 [35.3 kB]
Get:165 http://ports.ubuntu.com/ubuntu-ports noble/main arm64 libgd3 arm64 2.3.3-9ubuntu5 [122 kB]
Get:166 http://ports.ubuntu.com/ubuntu-ports noble-updates/main arm64 libc-devtools arm64 2.39-0ubuntu8.9 [27.8 kB]
Get:167 http://ports.ubuntu.com/ubuntu-ports noble-updates/universe arm64 libclang-18-dev arm64 1:18.1.3-1ubuntu1 [29.4 MB]
Get:168 http://ports.ubuntu.com/ubuntu-ports noble/universe arm64 libclang-dev arm64 1:18.0-59~exp2 [5424 B]
Get:169 http://ports.ubuntu.com/ubuntu-ports noble-updates/universe arm64 libclang-rt-18-dev arm64 1:18.1.3-1ubuntu1 [2108 kB]
Get:170 http://ports.ubuntu.com/ubuntu-ports noble/universe arm64 libdav1d7 arm64 1.4.1-1build1 [298 kB]
Get:171 http://ports.ubuntu.com/ubuntu-ports noble/universe arm64 libdav1d-dev arm64 1.4.1-1build1 [25.3 kB]
Get:172 http://ports.ubuntu.com/ubuntu-ports noble-updates/main arm64 libde265-0 arm64 1.0.15-1ubuntu0.1 [144 kB]
Get:173 http://ports.ubuntu.com/ubuntu-ports noble-updates/main arm64 libde265-dev arm64 1.0.15-1ubuntu0.1 [12.6 kB]
Get:174 http://ports.ubuntu.com/ubuntu-ports noble/main arm64 libfile-fcntllock-perl arm64 0.22-4ubuntu5 [30.6 kB]
Get:175 http://ports.ubuntu.com/ubuntu-ports noble/main arm64 libsharpyuv-dev arm64 1.3.2-0.4build3 [15.1 kB]
Get:176 http://ports.ubuntu.com/ubuntu-ports noble/universe arm64 libx265-199 arm64 3.5-2build1 [714 kB]
Get:177 http://ports.ubuntu.com/ubuntu-ports noble/universe arm64 libx265-dev arm64 3.5-2build1 [703 kB]
Get:178 http://ports.ubuntu.com/ubuntu-ports noble-updates/universe arm64 libheif-dev arm64 1.17.6-1ubuntu4.9 [41.7 kB]
Get:179 http://ports.ubuntu.com/ubuntu-ports noble-updates/main arm64 libheif-plugin-aomenc arm64 1.17.6-1ubuntu4.9 [13.7 kB]
Get:180 http://ports.ubuntu.com/ubuntu-ports noble-updates/main arm64 libicu-dev arm64 74.2-1ubuntu3.1 [11.9 MB]
Get:181 http://ports.ubuntu.com/ubuntu-ports noble-updates/main arm64 libldap-common all 2.6.10+dfsg-0ubuntu0.24.04.1 [32.9 kB]
Get:182 http://ports.ubuntu.com/ubuntu-ports noble-updates/main arm64 libncurses-dev arm64 6.4+20240113-1ubuntu2.2 [385 kB]
Get:183 http://ports.ubuntu.com/ubuntu-ports noble/main arm64 libpkgconf3 arm64 1.8.1-2build1 [31.2 kB]
Get:184 http://ports.ubuntu.com/ubuntu-ports noble-updates/main arm64 libsasl2-modules arm64 2.1.28+dfsg1-5ubuntu3.1 [69.6 kB]
Get:185 http://ports.ubuntu.com/ubuntu-ports noble-updates/main arm64 libxml2-dev arm64 2.9.14+dfsg-1.3ubuntu3.9 [800 kB]
Get:186 http://ports.ubuntu.com/ubuntu-ports noble-updates/universe arm64 llvm-18-runtime arm64 1:18.1.3-1ubuntu1 [521 kB]
Get:187 http://ports.ubuntu.com/ubuntu-ports noble-updates/universe arm64 libpfm4 arm64 4.13.0+git32-g0d4ed0e-1ubuntu0.1 [59.2 kB]
Get:188 http://ports.ubuntu.com/ubuntu-ports noble-updates/universe arm64 llvm-18 arm64 1:18.1.3-1ubuntu1 [24.3 MB]
Get:189 http://ports.ubuntu.com/ubuntu-ports noble/main arm64 libffi-dev arm64 3.4.6-1build1 [59.5 kB]
Get:190 http://ports.ubuntu.com/ubuntu-ports noble-updates/universe arm64 llvm-18-tools arm64 1:18.1.3-1ubuntu1 [532 kB]
Get:191 http://ports.ubuntu.com/ubuntu-ports noble/universe arm64 libz3-4 arm64 4.8.12-3.1build1 [5492 kB]
Get:192 http://ports.ubuntu.com/ubuntu-ports noble/universe arm64 libz3-dev arm64 4.8.12-3.1build1 [72.2 kB]
Get:193 http://ports.ubuntu.com/ubuntu-ports noble-updates/universe arm64 llvm-18-dev arm64 1:18.1.3-1ubuntu1 [42.2 MB]
Get:194 http://ports.ubuntu.com/ubuntu-ports noble/main arm64 manpages-dev all 6.7-2 [2013 kB]
Get:195 http://ports.ubuntu.com/ubuntu-ports noble/main arm64 pkgconf-bin arm64 1.8.1-2build1 [20.5 kB]
Get:196 http://ports.ubuntu.com/ubuntu-ports noble/main arm64 pkgconf arm64 1.8.1-2build1 [16.8 kB]
Get:197 http://ports.ubuntu.com/ubuntu-ports noble/main arm64 pkg-config arm64 1.8.1-2build1 [7264 B]
Fetched 301 MB in 28s (10.6 MB/s)
Download complete and in download only mode
