   Compiling serde_derive v1.0.229
   Compiling rrrah-dedup v0.1.0 (/Users/themoretheless/Documents/Sources/rrrah/crates/rrrah-dedup)
   Compiling serde v1.0.229
   Compiling rrrah-core v0.1.0 (/Users/themoretheless/Documents/Sources/rrrah/crates/rrrah-core)
warning: unused variable: `cancel`
   --> crates/rrrah-dedup/src/local_index.rs:715:5
    |
715 |     cancel: impl Fn() -> bool,
    |     ^^^^^^ help: if this is intentional, prefix it with an underscore: `_cancel`
    |
    = note: `#[warn(unused_variables)]` (part of `#[warn(unused)]`) on by default

warning: `rrrah-dedup` (lib) generated 1 warning (run `cargo fix --lib -p rrrah-dedup` to apply 1 suggestion)
    Finished `test` profile [optimized + debuginfo] target(s) in 9.38s
     Running tests/region_grid.rs (target/debug/deps/region_grid-0df5e29edf5ba776)

running 4 tests
test bidirectional_translation_covers_clipped_overlap_and_cancels_atomically ... ok
test horizons_limits_and_final_cancellation_refuse_atomically ... ok
test independent_translation_quarter_turn_and_small_image_domains ... ok
test irregular_identity_grid_partitions_and_owned_credit ... ok

test result: ok. 4 passed; 0 failed; 0 ignored; 0 measured; 0 filtered out; finished in 0.01s

