   Compiling rrrah-dedup v0.1.0 (/Users/themoretheless/Documents/Sources/rrrah/crates/rrrah-dedup)
warning: function `error` is never used
 --> crates/rrrah-decode/src/camtiff/mef_sensor.rs:4:4
  |
4 | fn error(message: &str) -> DecodeError {
  |    ^^^^^
  |
  = note: `#[warn(dead_code)]` (part of `#[warn(unused)]`) on by default

warning: function `packed_12` is never used
 --> crates/rrrah-decode/src/camtiff/mef_sensor.rs:9:4
  |
9 | fn packed_12(
  |    ^^^^^^^^^

warning: function `decode_zd` is never used
  --> crates/rrrah-decode/src/camtiff/mef_sensor.rs:48:15
   |
48 | pub(super) fn decode_zd(
   |               ^^^^^^^^^

warning: `rrrah-decode` (lib) generated 3 warnings
    Finished `test` profile [optimized + debuginfo] target(s) in 3.90s
     Running tests/oriented.rs (/tmp/rrrah-dedup-target/debug/deps/oriented-3db41cd5e0fd6bfc)

running 3 tests
test oriented_extraction_cancels_inside_descriptor_work_and_enforces_budgets ... ok
test independent_arbitrary_rotations_recover_geometry_and_reject_unrelated_texture ... ok
test independently_resized_images_estimate_non_dyadic_scale_and_rotation ... ok

test result: ok. 3 passed; 0 failed; 0 ignored; 0 measured; 0 filtered out; finished in 0.18s

     Running tests/pyramid.rs (/tmp/rrrah-dedup-target/debug/deps/pyramid-83fb0e2756503e2b)

running 3 tests
test enlarged_quarter_turn_recovers_scale_and_rotation_together ... ok
test scale_is_estimated_from_extracted_multiresolution_features ... ok
test oriented_pyramid_keeps_recipe_source_coordinates_and_admission ... ok

test result: ok. 3 passed; 0 failed; 0 ignored; 0 measured; 0 filtered out; finished in 0.02s

