   Compiling hayro v0.7.1 (/Users/themoretheless/Documents/Sources/rrrah/vendor/hayro)
   Compiling rrrah-dedup v0.1.0 (/Users/themoretheless/Documents/Sources/rrrah/crates/rrrah-dedup)
warning: unnecessary qualification
   --> vendor/hayro/src/renderer.rs:479:104
    |
479 | ...                   let bytes = width.checked_mul(height).and_then(|pixels| pixels.checked_mul(std::mem::size_of::<PremulRgba8>()));
    |                                                                                                  ^^^^^^^^^^^^^^^^^^^^^^^^^^^^^^^^
    |
    = note: requested on the command line with `-W unused-qualifications`
help: remove the unnecessary path segments
    |
479 -                             let bytes = width.checked_mul(height).and_then(|pixels| pixels.checked_mul(std::mem::size_of::<PremulRgba8>()));
479 +                             let bytes = width.checked_mul(height).and_then(|pixels| pixels.checked_mul(size_of::<PremulRgba8>()));
    |

   Compiling rrrah-decode v0.1.0 (/Users/themoretheless/Documents/Sources/rrrah/crates/rrrah-decode)
warning: `hayro` (lib) generated 1 warning (run `cargo fix --lib -p hayro` to apply 1 suggestion)
warning: type does not implement `Debug`; consider adding `#[derive(Debug)]` or a manual implementation
  --> crates/rrrah-dedup/src/gradient_index.rs:17:1
   |
17 | / pub struct GradientDescriptorIndex<'a> {
18 | |     entries: &'a [(u64, GradientDescriptor)],
19 | |     order: SharedBuffer<usize>,
20 | |     axis: usize,
21 | |     recipe: GradientCellRecipe,
22 | | }
   | |_^
   |
   = note: requested on the command line with `-W missing-debug-implementations`

warning: `rrrah-dedup` (lib) generated 1 warning
    Finished `dev` profile [optimized + debuginfo] target(s) in 36.13s
