   Compiling moxcms v0.8.1 (/workspace/vendor/moxcms)
   Compiling image v0.25.10
   Compiling hayro-interpret v0.7.0 (/workspace/vendor/hayro-interpret)
   Compiling rrrah-memory v0.1.0 (/workspace/crates/rrrah-memory)
   Compiling rrrah-core v0.1.0 (/workspace/crates/rrrah-core)
   Compiling hayro v0.7.1 (/workspace/vendor/hayro)
   Compiling jxl-oxide v0.12.6
   Compiling rrrah-dedup v0.1.0 (/workspace/crates/rrrah-dedup)
   Compiling rrrah-decode v0.1.0 (/workspace/crates/rrrah-decode)
warning: type does not implement `Debug`; consider adding `#[derive(Debug)]` or a manual implementation
  --> crates/rrrah-dedup/src/gradient_index.rs:17:1
   |
17 | / pub struct GradientDescriptorIndex<'a> {
18 | |     entries: &'a [(u64, GradientDescriptor)],
19 | |     order: SharedBuffer<usize>,
20 | |     axis: usize,
21 | |     recipe: GradientCellRecipe,
22 | | }
   | |_^
   |
   = note: requested on the command line with `-W missing-debug-implementations`

warning: `rrrah-dedup` (lib) generated 1 warning
warning: linker stderr: /validation/sysroot/usr/bin/ld: /validation/target/debug/deps/libjpegxr-8d01a0594e000fc4.rlib(2e643c6506a180d9-strenc.o): in function `StrIOEncInit':
         /validation/cargo/registry/src/index.crates.io-1949cf8c6b5b557f/jpegxr-0.3.1/jxrlib/image/encode/strenc.c:485:(.text.StrIOEncInit+0xf0): the use of `tmpnam' is dangerous, better use `mkstemp'
  |
  = note: `#[warn(linker_messages)]` on by default

warning: linker stdout: /validation/sysroot/usr/bin/ld: /validation/target/debug/deps/libjpegxr-8d01a0594e000fc4.rlib(2e643c6506a180d9-strenc.o): note: the message above does not take linker garbage collection into account

warning: `rrrah-dedup` (test "raster_equality") generated 2 warnings
    Finished `test` profile [optimized + debuginfo] target(s) in 4m 49s
     Running tests/raster_equality.rs (/validation/target/debug/deps/raster_equality-feee04e12a5a8675)

running 7 tests
test associated_tiff_alpha_matches_independent_straight_png ... ok
test independent_lossless_encodings_preserve_pixels_alpha_and_one_code_negatives ... ok
test malformed_associated_alpha_refuses_releases_memory_and_retries ... ok
test untagged_policy_is_explicit_cached_and_does_not_override_declared_linear_color ... ok
test cross_encoding_batch_confirms_every_pair_and_rejects_single_pixel_edits ... ok
test indexed_cross_encoding_collection_preserves_all_equal_pairs_and_one_pixel_negative ... ok
test indexed_alpha_encodings_ignore_hidden_rgb_and_separate_visible_edits ... ok

test result: ok. 7 passed; 0 failed; 0 ignored; 0 measured; 0 filtered out; finished in 4.65s

