{
  "status": "verified_supplied_model_bidirectional_regions",
  "report_sha256": "0df635e7aa8d98c9bc33027c8ff434c00ecaf29f40719de3adad4c6a007c056a",
  "verified_queries": 32,
  "verified_models": 58,
  "lane_support_gains": [
    {
      "query_id": "202501.jpg",
      "lane": 1,
      "old_supports": 0,
      "new_supports": 1
    },
    {
      "query_id": "204401.jpg",
      "lane": 1,
      "old_supports": 0,
      "new_supports": 1
    },
    {
      "query_id": "207401.jpg",
      "lane": 0,
      "old_supports": 0,
      "new_supports": 1
    },
    {
      "query_id": "207401.jpg",
      "lane": 1,
      "old_supports": 0,
      "new_supports": 1
    },
    {
      "query_id": "208301.jpg",
      "lane": 0,
      "old_supports": 0,
      "new_supports": 2
    },
    {
      "query_id": "208301.jpg",
      "lane": 1,
      "old_supports": 0,
      "new_supports": 1
    },
    {
      "query_id": "208601.jpg",
      "lane": 0,
      "old_supports": 0,
      "new_supports": 2
    }
  ],
  "scope": "Pinned selected queries. Independent bidirectional grid bounds and original pixel admission; exact prior first-grid parity. Supports overlap; no whole-image promotion, broad precision or full-library qualification."
}
