i_ajuntament 2 ok
i_ajuntament 3 ok
i_ajuntament 4 ok
i_ajuntament 5 ok
i_ajuntament 6 ok
i_autannes 2 ok
i_autannes 3 ok
i_autannes 4 ok
i_autannes 5 ok
i_autannes 6 ok
i_bologna 2 ok
i_bologna 3 ok
i_bologna 4 ok
i_bologna 5 ok
i_bologna 6 ok
i_books 2 ok
i_books 3 ok
i_books 4 ok
i_books 5 ok
i_books 6 ok
i_boutique 2 ok
i_boutique 3 ok
i_boutique 4 ok
i_boutique 5 ok
i_boutique 6 ok
i_bridger 2 ok
i_bridger 3 ok
i_bridger 4 ok
i_bridger 5 ok
i_bridger 6 ok
i_brooklyn 2 ok
i_brooklyn 3 ok
i_brooklyn 4 ok
i_brooklyn 5 ok
i_brooklyn 6 ok
i_castle 2 ok
i_castle 3 ok
i_castle 4 ok
i_castle 5 ok
i_castle 6 ok
i_chestnuts 2 ok
i_chestnuts 3 ok
i_chestnuts 4 ok
i_chestnuts 5 ok
i_chestnuts 6 ok
i_contruction 2 ok
i_contruction 3 ok
i_contruction 4 ok
i_contruction 5 ok
i_contruction 6 ok
i_crownday 2 ok
i_crownday 3 ok
i_crownday 4 ok
i_crownday 5 ok
i_crownday 6 ok
i_crownnight 2 ok
i_crownnight 3 ok
i_crownnight 4 ok
i_crownnight 5 ok
i_crownnight 6 ok
i_dc 2 ok
i_dc 3 ok
i_dc 4 ok
i_dc 5 ok
i_dc 6 ok
i_dome 2 ok
i_dome 3 ok
i_dome 4 ok
i_dome 5 ok
i_dome 6 ok
i_duda 2 ok
i_duda 3 ok
i_duda 4 ok
i_duda 5 ok
i_duda 6 ok
i_fenis 2 ok
i_fenis 3 ok
i_fenis 4 ok
i_fenis 5 ok
i_fenis 6 ok
i_fog 2 ok
i_fog 3 ok
i_fog 4 ok
i_fog 5 ok
i_fog 6 ok
i_fruits 2 ok
i_fruits 3 ok
i_fruits 4 ok
i_fruits 5 ok
i_fruits 6 ok
i_gonnenberg 2 ok
i_gonnenberg 3 ok
i_gonnenberg 4 ok
i_gonnenberg 5 ok
i_gonnenberg 6 ok
i_greenhouse 2 ok
i_greenhouse 3 ok
i_greenhouse 4 ok
i_greenhouse 5 ok
i_greenhouse 6 ok
i_greentea 2 ok
i_greentea 3 ok
i_greentea 4 ok
i_greentea 5 ok
i_greentea 6 ok
i_indiana 2 ok
i_indiana 3 ok
i_indiana 4 ok
i_indiana 5 ok
i_indiana 6 ok
i_kions 2 ok
i_kions 3 ok
i_kions 4 ok
i_kions 5 ok
i_kions 6 ok
i_ktirio 2 ok
i_ktirio 3 ok
i_ktirio 4 ok
i_ktirio 5 ok
i_ktirio 6 ok
i_kurhaus 2 ok
i_kurhaus 3 ok
i_kurhaus 4 ok
i_kurhaus 5 ok
i_kurhaus 6 ok
i_leuven 2 ok
i_leuven 3 ok
i_leuven 4 ok
i_leuven 5 ok
i_leuven 6 ok
i_lionday 2 ok
i_lionday 3 ok
i_lionday 4 ok
i_lionday 5 ok
i_lionday 6 ok
i_lionnight 2 ok
i_lionnight 3 ok
i_lionnight 4 ok
i_lionnight 5 ok
i_lionnight 6 ok
i_londonbridge 2 ok
i_londonbridge 3 ok
i_londonbridge 4 ok
i_londonbridge 5 ok
i_londonbridge 6 ok
i_melon 2 ok
i_melon 3 ok
i_melon 4 ok
i_melon 5 ok
i_melon 6 ok
i_miniature 2 ok
i_miniature 3 ok
i_miniature 4 ok
i_miniature 5 ok
i_miniature 6 ok
i_nescafe 2 ok
i_nescafe 3 ok
i_nescafe 4 ok
i_nescafe 5 ok
i_nescafe 6 ok
i_nijmegen 2 ok
i_nijmegen 3 ok
i_nijmegen 4 ok
i_nijmegen 5 ok
i_nijmegen 6 ok
i_nuts 2 ok
i_nuts 3 ok
i_nuts 4 ok
i_nuts 5 ok
i_nuts 6 ok
i_objects 2 ok
i_objects 3 ok
i_objects 4 ok
i_objects 5 ok
i_objects 6 ok
i_parking 2 ok
i_parking 3 ok
i_parking 4 ok
i_parking 5 ok
i_parking 6 ok
i_partyfood 2 ok
i_partyfood 3 ok
i_partyfood 4 ok
i_partyfood 5 ok
i_partyfood 6 ok
i_pencils 2 ok
i_pencils 3 ok
i_pencils 4 ok
i_pencils 5 ok
i_pencils 6 ok
i_pinard 2 ok
i_pinard 3 ok
i_pinard 4 ok
i_pinard 5 ok
i_pinard 6 ok
i_pool 2 ok
i_pool 3 ok
i_pool 4 ok
i_pool 5 ok
i_pool 6 ok
i_porta 2 ok
i_porta 3 ok
i_porta 4 ok
i_porta 5 ok
i_porta 6 ok
i_resort 2 ok
i_resort 3 ok
i_resort 4 ok
i_resort 5 ok
i_resort 6 ok
i_salon 2 ok
i_salon 3 ok
i_salon 4 ok
i_salon 5 ok
i_salon 6 ok
i_santuario 2 ok
i_santuario 3 ok
i_santuario 4 ok
i_santuario 5 ok
i_santuario 6 ok
i_school 2 ok
i_school 3 ok
i_school 4 ok
i_school 5 ok
i_school 6 ok
i_ski 2 ok
i_ski 3 ok
i_ski 4 ok
i_ski 5 ok
i_ski 6 ok
i_smurf 2 ok
i_smurf 3 ok
i_smurf 4 ok
i_smurf 5 ok
i_smurf 6 ok
i_steps 2 ok
i_steps 3 ok
i_steps 4 ok
i_steps 5 ok
i_steps 6 ok
i_table 2 ok
i_table 3 ok
i_table 4 ok
i_table 5 ok
i_table 6 ok
i_tools 2 ok
i_tools 3 error
i_tools 4 ok
i_tools 5 ok
i_tools 6 ok
i_toy 2 ok
i_toy 3 ok
i_toy 4 ok
i_toy 5 ok
i_toy 6 ok
i_troulos 2 ok
i_troulos 3 ok
i_troulos 4 ok
i_troulos 5 ok
i_troulos 6 ok
i_veggies 2 ok
i_veggies 3 ok
i_veggies 4 ok
i_veggies 5 ok
i_veggies 6 ok
i_village 2 ok
i_village 3 ok
i_village 4 ok
i_village 5 ok
i_village 6 ok
i_whitebuilding 2 ok
i_whitebuilding 3 ok
i_whitebuilding 4 ok
i_whitebuilding 5 ok
i_whitebuilding 6 ok
i_yellowtent 2 ok
i_yellowtent 3 ok
i_yellowtent 4 ok
i_yellowtent 5 ok
i_yellowtent 6 ok
i_zion 2 ok
i_zion 3 ok
i_zion 4 ok
i_zion 5 ok
i_zion 6 ok
v_abstract 2 ok
v_abstract 3 ok
v_abstract 4 ok
v_abstract 5 ok
v_abstract 6 ok
v_adam 2 ok
v_adam 3 ok
v_adam 4 ok
v_adam 5 ok
v_adam 6 ok
v_apprentices 2 ok
v_apprentices 3 ok
v_apprentices 4 ok
v_apprentices 5 ok
v_apprentices 6 ok
v_artisans 2 ok
v_artisans 3 ok
v_artisans 4 ok
v_artisans 5 ok
v_artisans 6 ok
v_astronautis 2 ok
v_astronautis 3 ok
v_astronautis 4 ok
v_astronautis 5 ok
v_astronautis 6 ok
v_azzola 2 ok
v_azzola 3 ok
v_azzola 4 ok
v_azzola 5 ok
v_azzola 6 ok
v_bark 2 ok
v_bark 3 ok
v_bark 4 ok
v_bark 5 ok
v_bark 6 ok
v_bees 2 ok
v_bees 3 ok
v_bees 4 ok
v_bees 5 ok
v_bees 6 ok
v_beyus 2 ok
v_beyus 3 ok
v_beyus 4 ok
v_beyus 5 ok
v_beyus 6 ok
v_bip 2 ok
v_bip 3 ok
v_bip 4 ok
v_bip 5 ok
v_bip 6 ok
v_bird 2 ok
v_bird 3 ok
v_bird 4 ok
v_bird 5 ok
v_bird 6 ok
v_birdwoman 2 ok
v_birdwoman 3 ok
v_birdwoman 4 ok
v_birdwoman 5 ok
v_birdwoman 6 ok
v_blueprint 2 ok
v_blueprint 3 ok
v_blueprint 4 ok
v_blueprint 5 ok
v_blueprint 6 ok
v_boat 2 ok
v_boat 3 ok
v_boat 4 ok
v_boat 5 ok
v_boat 6 ok
v_bricks 2 ok
v_bricks 3 ok
v_bricks 4 ok
v_bricks 5 ok
v_bricks 6 ok
v_busstop 2 ok
v_busstop 3 ok
v_busstop 4 ok
v_busstop 5 ok
v_busstop 6 ok
v_calder 2 ok
v_calder 3 ok
v_calder 4 ok
v_calder 5 ok
v_calder 6 ok
v_cartooncity 2 ok
v_cartooncity 3 ok
v_cartooncity 4 ok
v_cartooncity 5 ok
v_cartooncity 6 ok
v_charing 2 ok
v_charing 3 ok
v_charing 4 ok
v_charing 5 ok
v_charing 6 ok
v_churchill 2 ok
v_churchill 3 ok
v_churchill 4 ok
v_churchill 5 ok
v_churchill 6 ok
v_circus 2 ok
v_circus 3 ok
v_circus 4 ok
v_circus 5 ok
v_circus 6 ok
v_coffeehouse 2 ok
v_coffeehouse 3 ok
v_coffeehouse 4 ok
v_coffeehouse 5 ok
v_coffeehouse 6 ok
v_colors 2 ok
v_colors 3 ok
v_colors 4 ok
v_colors 5 ok
v_colors 6 ok
v_courses 2 ok
v_courses 3 ok
v_courses 4 ok
v_courses 5 ok
v_courses 6 ok
v_dirtywall 2 ok
v_dirtywall 3 ok
v_dirtywall 4 ok
v_dirtywall 5 ok
v_dirtywall 6 ok
v_dogman 2 ok
v_dogman 3 ok
v_dogman 4 ok
v_dogman 5 ok
v_dogman 6 ok
v_eastsouth 2 ok
v_eastsouth 3 ok
v_eastsouth 4 ok
v_eastsouth 5 ok
v_eastsouth 6 ok
v_feast 2 ok
v_feast 3 ok
v_feast 4 ok
v_feast 5 ok
v_feast 6 ok
v_fest 2 ok
v_fest 3 ok
v_fest 4 ok
v_fest 5 ok
v_fest 6 ok
v_gardens 2 ok
v_gardens 3 ok
v_gardens 4 ok
v_gardens 5 ok
v_gardens 6 ok
v_grace 2 ok
v_grace 3 ok
v_grace 4 ok
v_grace 5 ok
v_grace 6 ok
v_graffiti 2 ok
v_graffiti 3 ok
v_graffiti 4 ok
v_graffiti 5 ok
v_graffiti 6 ok
v_home 2 ok
v_home 3 ok
v_home 4 ok
v_home 5 ok
v_home 6 ok
v_laptop 2 ok
v_laptop 3 ok
v_laptop 4 ok
v_laptop 5 ok
v_laptop 6 ok
v_london 2 ok
v_london 3 ok
v_london 4 ok
v_london 5 ok
v_london 6 ok
v_machines 2 ok
v_machines 3 ok
v_machines 4 ok
v_machines 5 ok
v_machines 6 ok
v_man 2 ok
v_man 3 ok
v_man 4 ok
v_man 5 ok
v_man 6 ok
v_maskedman 2 ok
v_maskedman 3 ok
v_maskedman 4 ok
v_maskedman 5 ok
v_maskedman 6 ok
v_pomegranate 2 ok
v_pomegranate 3 ok
v_pomegranate 4 ok
v_pomegranate 5 ok
v_pomegranate 6 ok
v_posters 2 ok
v_posters 3 ok
v_posters 4 ok
v_posters 5 ok
v_posters 6 ok
v_samples 2 ok
v_samples 3 ok
v_samples 4 ok
v_samples 5 ok
v_samples 6 ok
v_soldiers 2 ok
v_soldiers 3 ok
v_soldiers 4 ok
v_soldiers 5 ok
v_soldiers 6 ok
v_strand 2 ok
v_strand 3 ok
v_strand 4 ok
v_strand 5 ok
v_strand 6 ok
v_sunseason 2 ok
v_sunseason 3 ok
v_sunseason 4 ok
v_sunseason 5 ok
v_sunseason 6 ok
v_tabletop 2 ok
v_tabletop 3 ok
v_tabletop 4 ok
v_tabletop 5 ok
v_tabletop 6 ok
v_talent 2 ok
v_talent 3 ok
v_talent 4 ok
v_talent 5 ok
v_talent 6 ok
v_tempera 2 ok
v_tempera 3 ok
v_tempera 4 ok
v_tempera 5 ok
v_tempera 6 ok
v_there 2 ok
v_there 3 ok
v_there 4 ok
v_there 5 ok
v_there 6 ok
v_underground 2 ok
v_underground 3 ok
v_underground 4 ok
v_underground 5 ok
v_underground 6 ok
v_vitro 2 ok
v_vitro 3 ok
v_vitro 4 ok
v_vitro 5 ok
v_vitro 6 ok
v_wall 2 ok
v_wall 3 ok
v_wall 4 ok
v_wall 5 ok
v_wall 6 ok
v_wapping 2 ok
v_wapping 3 ok
v_wapping 4 ok
v_wapping 5 ok
v_wapping 6 ok
v_war 2 ok
v_war 3 ok
v_war 4 ok
v_war 5 ok
v_war 6 ok
v_weapons 2 ok
v_weapons 3 ok
v_weapons 4 ok
v_weapons 5 ok
v_weapons 6 ok
v_woman 2 ok
v_woman 3 ok
v_woman 4 ok
v_woman 5 ok
v_woman 6 ok
v_wormhole 2 ok
v_wormhole 3 ok
v_wormhole 4 ok
v_wormhole 5 ok
v_wormhole 6 ok
v_wounded 2 ok
v_wounded 3 ok
v_wounded 4 ok
v_wounded 5 ok
v_wounded 6 ok
v_yard 2 ok
v_yard 3 ok
v_yard 4 ok
v_yard 5 ok
v_yard 6 ok
v_yuri 2 ok
v_yuri 3 ok
v_yuri 4 ok
v_yuri 5 ok
v_yuri 6 ok
