   Compiling rrrah-decode v0.1.0 (/workspace/crates/rrrah-decode)
   Compiling rrrah-dedup v0.1.0 (/workspace/crates/rrrah-dedup)
warning: type does not implement `Debug`; consider adding `#[derive(Debug)]` or a manual implementation
  --> crates/rrrah-dedup/src/gradient_index.rs:17:1
   |
17 | / pub struct GradientDescriptorIndex<'a> {
18 | |     entries: &'a [(u64, GradientDescriptor)],
19 | |     order: SharedBuffer<usize>,
20 | |     axis: usize,
21 | |     recipe: GradientCellRecipe,
22 | | }
   | |_^
   |
   = note: requested on the command line with `-W missing-debug-implementations`

warning: `rrrah-dedup` (lib) generated 1 warning
warning: unused import: `LocalFileError`
  --> crates/rrrah-dedup/tests/five_collection.rs:49:13
   |
49 |             LocalFileError, ProjectiveComplementaryFilePolicy, ProjectivePortfolioFilePolicy,
   |             ^^^^^^^^^^^^^^
   |
   = note: `#[warn(unused_imports)]` (part of `#[warn(unused)]`) on by default

warning: linker stderr: /validation/sysroot/usr/bin/ld: /validation/target/debug/deps/libjpegxr-8d01a0594e000fc4.rlib(2e643c6506a180d9-strenc.o): in function `StrIOEncInit':
         /validation/cargo/registry/src/index.crates.io-1949cf8c6b5b557f/jpegxr-0.3.1/jxrlib/image/encode/strenc.c:485:(.text.StrIOEncInit+0xf0): the use of `tmpnam' is dangerous, better use `mkstemp'
  |
  = note: `#[warn(linker_messages)]` on by default

warning: linker stdout: /validation/sysroot/usr/bin/ld: /validation/target/debug/deps/libjpegxr-8d01a0594e000fc4.rlib(2e643c6506a180d9-strenc.o): note: the message above does not take linker garbage collection into account

warning: `rrrah-dedup` (test "five_collection") generated 3 warnings (run `cargo fix --test "five_collection" -p rrrah-dedup` to apply 1 suggestion)
warning: unused import: `LocalFileError`
  --> crates/rrrah-dedup/tests/five_region_admission.rs:49:13
   |
49 |             LocalFileError, ProjectiveComplementaryFilePolicy, ProjectivePortfolioFilePolicy,
   |             ^^^^^^^^^^^^^^
   |
   = note: `#[warn(unused_imports)]` (part of `#[warn(unused)]`) on by default

warning: unused imports: `cell::Cell` and `io::Write`
  --> crates/rrrah-dedup/tests/five_region_admission.rs:58:15
   |
58 |     use std::{cell::Cell, io::Write};
   |               ^^^^^^^^^^  ^^^^^^^^^

warning: unused import: `scan_projective_local_collection_five_searches`
   --> crates/rrrah-dedup/tests/five_region_admission.rs:190:51
    |
190 |             ProjectiveFiveSearchCollectionPolicy, scan_projective_local_collection_five_searches,
    |                                                   ^^^^^^^^^^^^^^^^^^^^^^^^^^^^^^^^^^^^^^^^^^^^^^

warning: variable does not need to be mutable
   --> crates/rrrah-dedup/tests/five_region_admission.rs:194:9
    |
194 |     let mut files = vec![
    |         ----^^^^^
    |         |
    |         help: remove this `mut`
    |
    = note: `#[warn(unused_mut)]` (part of `#[warn(unused)]`) on by default

warning: unused variable: `budget`
   --> crates/rrrah-dedup/tests/five_region_admission.rs:145:9
    |
145 |     let budget = MemoryBudget::new(64 * 1024 * 1024);
    |         ^^^^^^ help: if this is intentional, prefix it with an underscore: `_budget`
    |
    = note: `#[warn(unused_variables)]` (part of `#[warn(unused)]`) on by default

warning: unused variable: `files`
   --> crates/rrrah-dedup/tests/five_region_admission.rs:194:9
    |
194 |     let mut files = vec![
    |         ^^^^^^^^^ help: if this is intentional, prefix it with an underscore: `_files`

warning: `rrrah-dedup` (test "five_region_admission") generated 8 warnings (2 duplicates) (run `cargo fix --test "five_region_admission" -p rrrah-dedup` to apply 6 suggestions)
    Finished `test` profile [optimized + debuginfo] target(s) in 1m 49s
     Running tests/five_collection.rs (/validation/target/debug/deps/five_collection-0832d8bcdb9dbbed)

running 1 test
test five_search_collection_matches_direct_and_source_lifecycle has been running for over 60 seconds
test five_search_collection_matches_direct_and_source_lifecycle ... ok

test result: ok. 1 passed; 0 failed; 0 ignored; 0 measured; 0 filtered out; finished in 199.17s

     Running tests/five_region_admission.rs (/validation/target/debug/deps/five_region_admission-9b9baaadbfbb94be)

running 1 test
test joined_cumulative_caps_refuse_before_source_io ... ok

test result: ok. 1 passed; 0 failed; 0 ignored; 0 measured; 0 filtered out; finished in 0.00s

