Ok(
    LocalFileEvidence {
        correspondences: [
            Correspondence {
                source: [
                    2612.0,
                    175.0,
                ],
                target: [
                    2624.0,
                    184.0,
                ],
            },
            Correspondence {
                source: [
                    4925.0,
                    518.0,
                ],
                target: [
                    4937.0,
                    528.0,
                ],
            },
            Correspondence {
                source: [
                    5698.0,
                    1402.0,
                ],
                target: [
                    5710.0,
                    1412.0,
                ],
            },
            Correspondence {
                source: [
                    4109.0,
                    3771.0,
                ],
                target: [
                    4121.0,
                    3781.0,
                ],
            },
            Correspondence {
                source: [
                    5395.0,
                    608.0,
                ],
                target: [
                    5407.0,
                    618.0,
                ],
            },
            Correspondence {
                source: [
                    4042.0,
                    1990.0,
                ],
                target: [
                    4054.0,
                    2000.0,
                ],
            },
            Correspondence {
                source: [
                    5693.0,
                    722.0,
                ],
                target: [
                    5705.0,
                    732.0,
                ],
            },
            Correspondence {
                source: [
                    4246.0,
                    1869.0,
                ],
                target: [
                    4258.0,
                    1879.0,
                ],
            },
            Correspondence {
                source: [
                    3749.0,
                    1017.0,
                ],
                target: [
                    3761.0,
                    1027.0,
                ],
            },
            Correspondence {
                source: [
                    5665.0,
                    571.0,
                ],
                target: [
                    5677.0,
                    581.0,
                ],
            },
            Correspondence {
                source: [
                    3940.0,
                    2005.0,
                ],
                target: [
                    3953.0,
                    2015.0,
                ],
            },
            Correspondence {
                source: [
                    4110.0,
                    3785.0,
                ],
                target: [
                    4122.0,
                    3795.0,
                ],
            },
            Correspondence {
                source: [
                    4281.0,
                    2846.0,
                ],
                target: [
                    4293.0,
                    2856.0,
                ],
            },
            Correspondence {
                source: [
                    5711.0,
                    615.0,
                ],
                target: [
                    5723.0,
                    625.0,
                ],
            },
            Correspondence {
                source: [
                    4246.0,
                    2198.0,
                ],
                target: [
                    4258.0,
                    2208.0,
                ],
            },
            Correspondence {
                source: [
                    4251.0,
                    2545.0,
                ],
                target: [
                    4263.0,
                    2555.0,
                ],
            },
            Correspondence {
                source: [
                    4519.0,
                    3566.0,
                ],
                target: [
                    4531.0,
                    3576.0,
                ],
            },
            Correspondence {
                source: [
                    5294.0,
                    196.0,
                ],
                target: [
                    5306.0,
                    206.0,
                ],
            },
            Correspondence {
                source: [
                    4253.0,
                    3749.0,
                ],
                target: [
                    4265.0,
                    3759.0,
                ],
            },
            Correspondence {
                source: [
                    4544.0,
                    3584.0,
                ],
                target: [
                    4556.0,
                    3594.0,
                ],
            },
            Correspondence {
                source: [
                    4378.0,
                    3741.0,
                ],
                target: [
                    4389.0,
                    3751.0,
                ],
            },
            Correspondence {
                source: [
                    5569.0,
                    3461.0,
                ],
                target: [
                    5581.0,
                    3471.0,
                ],
            },
            Correspondence {
                source: [
                    4221.0,
                    3351.0,
                ],
                target: [
                    4233.0,
                    3362.0,
                ],
            },
            Correspondence {
                source: [
                    4223.0,
                    3763.0,
                ],
                target: [
                    4235.0,
                    3773.0,
                ],
            },
            Correspondence {
                source: [
                    4253.0,
                    2551.0,
                ],
                target: [
                    4265.0,
                    2561.0,
                ],
            },
            Correspondence {
                source: [
                    4018.0,
                    2087.0,
                ],
                target: [
                    4030.0,
                    2097.0,
                ],
            },
            Correspondence {
                source: [
                    5361.0,
                    1943.0,
                ],
                target: [
                    5373.0,
                    1953.0,
                ],
            },
            Correspondence {
                source: [
                    4220.0,
                    3357.0,
                ],
                target: [
                    4232.0,
                    3367.0,
                ],
            },
            Correspondence {
                source: [
                    5008.0,
                    2426.0,
                ],
                target: [
                    5020.0,
                    2436.0,
                ],
            },
            Correspondence {
                source: [
                    4020.0,
                    2001.0,
                ],
                target: [
                    4032.0,
                    2011.0,
                ],
            },
            Correspondence {
                source: [
                    4092.0,
                    2961.0,
                ],
                target: [
                    4104.0,
                    2971.0,
                ],
            },
            Correspondence {
                source: [
                    5649.0,
                    315.0,
                ],
                target: [
                    5661.0,
                    325.0,
                ],
            },
            Correspondence {
                source: [
                    4994.0,
                    2508.0,
                ],
                target: [
                    5006.0,
                    2518.0,
                ],
            },
            Correspondence {
                source: [
                    5485.0,
                    3792.0,
                ],
                target: [
                    5497.0,
                    3802.0,
                ],
            },
            Correspondence {
                source: [
                    5274.0,
                    3349.0,
                ],
                target: [
                    5286.0,
                    3360.0,
                ],
            },
            Correspondence {
                source: [
                    5791.0,
                    3852.0,
                ],
                target: [
                    5803.0,
                    3863.0,
                ],
            },
            Correspondence {
                source: [
                    5548.0,
                    3456.0,
                ],
                target: [
                    5560.0,
                    3466.0,
                ],
            },
            Correspondence {
                source: [
                    3030.0,
                    2635.0,
                ],
                target: [
                    3042.0,
                    2645.0,
                ],
            },
            Correspondence {
                source: [
                    5471.0,
                    3790.0,
                ],
                target: [
                    5483.0,
                    3800.0,
                ],
            },
            Correspondence {
                source: [
                    5048.0,
                    3325.0,
                ],
                target: [
                    5060.0,
                    3335.0,
                ],
            },
            Correspondence {
                source: [
                    4088.0,
                    2972.0,
                ],
                target: [
                    4100.0,
                    2982.0,
                ],
            },
            Correspondence {
                source: [
                    3026.0,
                    2653.0,
                ],
                target: [
                    3038.0,
                    2663.0,
                ],
            },
            Correspondence {
                source: [
                    3962.0,
                    3282.0,
                ],
                target: [
                    3974.0,
                    3292.0,
                ],
            },
            Correspondence {
                source: [
                    5493.0,
                    2009.0,
                ],
                target: [
                    5505.0,
                    2019.0,
                ],
            },
            Correspondence {
                source: [
                    5461.0,
                    3791.0,
                ],
                target: [
                    5473.0,
                    3801.0,
                ],
            },
            Correspondence {
                source: [
                    4017.0,
                    3354.0,
                ],
                target: [
                    4030.0,
                    3364.0,
                ],
            },
            Correspondence {
                source: [
                    4988.0,
                    2177.0,
                ],
                target: [
                    5000.0,
                    2187.0,
                ],
            },
            Correspondence {
                source: [
                    3042.0,
                    2716.0,
                ],
                target: [
                    3054.0,
                    2726.0,
                ],
            },
            Correspondence {
                source: [
                    5690.0,
                    1896.0,
                ],
                target: [
                    5702.0,
                    1906.0,
                ],
            },
            Correspondence {
                source: [
                    3051.0,
                    2727.0,
                ],
                target: [
                    3063.0,
                    2737.0,
                ],
            },
            Correspondence {
                source: [
                    4587.0,
                    3838.0,
                ],
                target: [
                    4599.0,
                    3848.0,
                ],
            },
            Correspondence {
                source: [
                    5684.0,
                    3471.0,
                ],
                target: [
                    5696.0,
                    3481.0,
                ],
            },
            Correspondence {
                source: [
                    5028.0,
                    3470.0,
                ],
                target: [
                    5040.0,
                    3480.0,
                ],
            },
            Correspondence {
                source: [
                    3971.0,
                    3282.0,
                ],
                target: [
                    3983.0,
                    3292.0,
                ],
            },
            Correspondence {
                source: [
                    5707.0,
                    3470.0,
                ],
                target: [
                    5719.0,
                    3481.0,
                ],
            },
            Correspondence {
                source: [
                    5045.0,
                    3406.0,
                ],
                target: [
                    5057.0,
                    3416.0,
                ],
            },
            Correspondence {
                source: [
                    2918.0,
                    2745.0,
                ],
                target: [
                    2930.0,
                    2755.0,
                ],
            },
            Correspondence {
                source: [
                    5158.0,
                    3856.0,
                ],
                target: [
                    5170.0,
                    3866.0,
                ],
            },
            Correspondence {
                source: [
                    3351.0,
                    2299.0,
                ],
                target: [
                    3363.0,
                    2309.0,
                ],
            },
            Correspondence {
                source: [
                    2508.0,
                    2752.0,
                ],
                target: [
                    2520.0,
                    2762.0,
                ],
            },
            Correspondence {
                source: [
                    5379.0,
                    2691.0,
                ],
                target: [
                    5391.0,
                    2701.0,
                ],
            },
            Correspondence {
                source: [
                    5725.0,
                    3842.0,
                ],
                target: [
                    5737.0,
                    3852.0,
                ],
            },
            Correspondence {
                source: [
                    5834.0,
                    3484.0,
                ],
                target: [
                    5846.0,
                    3494.0,
                ],
            },
            Correspondence {
                source: [
                    417.0,
                    430.0,
                ],
                target: [
                    429.0,
                    440.0,
                ],
            },
            Correspondence {
                source: [
                    5234.0,
                    3802.0,
                ],
                target: [
                    5246.0,
                    3812.0,
                ],
            },
            Correspondence {
                source: [
                    5700.0,
                    2344.0,
                ],
                target: [
                    5712.0,
                    2354.0,
                ],
            },
            Correspondence {
                source: [
                    3293.0,
                    1220.0,
                ],
                target: [
                    3305.0,
                    1230.0,
                ],
            },
            Correspondence {
                source: [
                    4084.0,
                    3406.0,
                ],
                target: [
                    4097.0,
                    3416.0,
                ],
            },
            Correspondence {
                source: [
                    2452.0,
                    2753.0,
                ],
                target: [
                    2464.0,
                    2763.0,
                ],
            },
            Correspondence {
                source: [
                    3372.0,
                    2233.0,
                ],
                target: [
                    3384.0,
                    2243.0,
                ],
            },
            Correspondence {
                source: [
                    5055.0,
                    2874.0,
                ],
                target: [
                    5068.0,
                    2884.0,
                ],
            },
            Correspondence {
                source: [
                    1486.0,
                    3840.0,
                ],
                target: [
                    1498.0,
                    3850.0,
                ],
            },
            Correspondence {
                source: [
                    2990.0,
                    2787.0,
                ],
                target: [
                    3002.0,
                    2797.0,
                ],
            },
            Correspondence {
                source: [
                    1539.0,
                    714.0,
                ],
                target: [
                    1550.0,
                    724.0,
                ],
            },
            Correspondence {
                source: [
                    600.0,
                    2302.0,
                ],
                target: [
                    612.0,
                    2312.0,
                ],
            },
            Correspondence {
                source: [
                    5239.0,
                    1962.0,
                ],
                target: [
                    5252.0,
                    1972.0,
                ],
            },
            Correspondence {
                source: [
                    2974.0,
                    2786.0,
                ],
                target: [
                    2986.0,
                    2796.0,
                ],
            },
            Correspondence {
                source: [
                    4021.0,
                    3367.0,
                ],
                target: [
                    4033.0,
                    3377.0,
                ],
            },
            Correspondence {
                source: [
                    104.0,
                    1507.0,
                ],
                target: [
                    116.0,
                    1517.0,
                ],
            },
            Correspondence {
                source: [
                    244.0,
                    1420.0,
                ],
                target: [
                    256.0,
                    1430.0,
                ],
            },
            Correspondence {
                source: [
                    3178.0,
                    3419.0,
                ],
                target: [
                    3190.0,
                    3429.0,
                ],
            },
            Correspondence {
                source: [
                    599.0,
                    2293.0,
                ],
                target: [
                    611.0,
                    2303.0,
                ],
            },
            Correspondence {
                source: [
                    2852.0,
                    803.0,
                ],
                target: [
                    2864.0,
                    813.0,
                ],
            },
            Correspondence {
                source: [
                    5650.0,
                    2998.0,
                ],
                target: [
                    5662.0,
                    3008.0,
                ],
            },
            Correspondence {
                source: [
                    3120.0,
                    1074.0,
                ],
                target: [
                    3132.0,
                    1084.0,
                ],
            },
            Correspondence {
                source: [
                    1157.0,
                    2497.0,
                ],
                target: [
                    1169.0,
                    2507.0,
                ],
            },
            Correspondence {
                source: [
                    35.0,
                    2478.0,
                ],
                target: [
                    47.0,
                    2488.0,
                ],
            },
            Correspondence {
                source: [
                    3366.0,
                    1977.0,
                ],
                target: [
                    3378.0,
                    1987.0,
                ],
            },
            Correspondence {
                source: [
                    4815.0,
                    3319.0,
                ],
                target: [
                    4827.0,
                    3329.0,
                ],
            },
            Correspondence {
                source: [
                    5636.0,
                    3006.0,
                ],
                target: [
                    5648.0,
                    3016.0,
                ],
            },
            Correspondence {
                source: [
                    1607.0,
                    1398.0,
                ],
                target: [
                    1619.0,
                    1408.0,
                ],
            },
            Correspondence {
                source: [
                    4596.0,
                    1790.0,
                ],
                target: [
                    4608.0,
                    1800.0,
                ],
            },
            Correspondence {
                source: [
                    3116.0,
                    1968.0,
                ],
                target: [
                    3128.0,
                    1978.0,
                ],
            },
            Correspondence {
                source: [
                    2036.0,
                    1387.0,
                ],
                target: [
                    2048.0,
                    1397.0,
                ],
            },
            Correspondence {
                source: [
                    1608.0,
                    1136.0,
                ],
                target: [
                    1620.0,
                    1146.0,
                ],
            },
            Correspondence {
                source: [
                    5050.0,
                    2868.0,
                ],
                target: [
                    5062.0,
                    2878.0,
                ],
            },
            Correspondence {
                source: [
                    272.0,
                    765.0,
                ],
                target: [
                    285.0,
                    775.0,
                ],
            },
            Correspondence {
                source: [
                    464.0,
                    447.0,
                ],
                target: [
                    476.0,
                    457.0,
                ],
            },
            Correspondence {
                source: [
                    2431.0,
                    1247.0,
                ],
                target: [
                    2443.0,
                    1257.0,
                ],
            },
            Correspondence {
                source: [
                    2468.0,
                    3506.0,
                ],
                target: [
                    2480.0,
                    3516.0,
                ],
            },
            Correspondence {
                source: [
                    5719.0,
                    3005.0,
                ],
                target: [
                    5731.0,
                    3015.0,
                ],
            },
            Correspondence {
                source: [
                    2026.0,
                    1024.0,
                ],
                target: [
                    2038.0,
                    1034.0,
                ],
            },
            Correspondence {
                source: [
                    2437.0,
                    3442.0,
                ],
                target: [
                    2449.0,
                    3452.0,
                ],
            },
            Correspondence {
                source: [
                    2286.0,
                    2064.0,
                ],
                target: [
                    2298.0,
                    2074.0,
                ],
            },
            Correspondence {
                source: [
                    1915.0,
                    3154.0,
                ],
                target: [
                    1927.0,
                    3164.0,
                ],
            },
            Correspondence {
                source: [
                    1846.0,
                    3209.0,
                ],
                target: [
                    1858.0,
                    3219.0,
                ],
            },
            Correspondence {
                source: [
                    2423.0,
                    1272.0,
                ],
                target: [
                    2435.0,
                    1282.0,
                ],
            },
            Correspondence {
                source: [
                    1892.0,
                    1524.0,
                ],
                target: [
                    1904.0,
                    1534.0,
                ],
            },
            Correspondence {
                source: [
                    2463.0,
                    2582.0,
                ],
                target: [
                    2475.0,
                    2592.0,
                ],
            },
            Correspondence {
                source: [
                    406.0,
                    1067.0,
                ],
                target: [
                    418.0,
                    1077.0,
                ],
            },
            Correspondence {
                source: [
                    2756.0,
                    2197.0,
                ],
                target: [
                    2768.0,
                    2207.0,
                ],
            },
            Correspondence {
                source: [
                    2630.0,
                    2579.0,
                ],
                target: [
                    2642.0,
                    2589.0,
                ],
            },
            Correspondence {
                source: [
                    3417.0,
                    2345.0,
                ],
                target: [
                    3429.0,
                    2355.0,
                ],
            },
            Correspondence {
                source: [
                    183.0,
                    2476.0,
                ],
                target: [
                    194.0,
                    2486.0,
                ],
            },
            Correspondence {
                source: [
                    1984.0,
                    1698.0,
                ],
                target: [
                    1996.0,
                    1708.0,
                ],
            },
            Correspondence {
                source: [
                    1767.0,
                    2235.0,
                ],
                target: [
                    1779.0,
                    2245.0,
                ],
            },
            Correspondence {
                source: [
                    108.0,
                    2216.0,
                ],
                target: [
                    120.0,
                    2226.0,
                ],
            },
            Correspondence {
                source: [
                    1401.0,
                    2214.0,
                ],
                target: [
                    1413.0,
                    2224.0,
                ],
            },
            Correspondence {
                source: [
                    541.0,
                    2272.0,
                ],
                target: [
                    553.0,
                    2282.0,
                ],
            },
            Correspondence {
                source: [
                    2418.0,
                    1245.0,
                ],
                target: [
                    2430.0,
                    1255.0,
                ],
            },
            Correspondence {
                source: [
                    2234.0,
                    1294.0,
                ],
                target: [
                    2246.0,
                    1304.0,
                ],
            },
            Correspondence {
                source: [
                    2972.0,
                    3481.0,
                ],
                target: [
                    2984.0,
                    3491.0,
                ],
            },
            Correspondence {
                source: [
                    1362.0,
                    190.0,
                ],
                target: [
                    1374.0,
                    200.0,
                ],
            },
            Correspondence {
                source: [
                    1085.0,
                    1206.0,
                ],
                target: [
                    1098.0,
                    1216.0,
                ],
            },
            Correspondence {
                source: [
                    2474.0,
                    2543.0,
                ],
                target: [
                    2486.0,
                    2554.0,
                ],
            },
            Correspondence {
                source: [
                    2335.0,
                    2060.0,
                ],
                target: [
                    2347.0,
                    2071.0,
                ],
            },
            Correspondence {
                source: [
                    2174.0,
                    2702.0,
                ],
                target: [
                    2186.0,
                    2712.0,
                ],
            },
            Correspondence {
                source: [
                    2031.0,
                    3092.0,
                ],
                target: [
                    2043.0,
                    3101.0,
                ],
            },
            Correspondence {
                source: [
                    2235.0,
                    1783.0,
                ],
                target: [
                    2247.0,
                    1793.0,
                ],
            },
            Correspondence {
                source: [
                    1080.0,
                    2553.0,
                ],
                target: [
                    1092.0,
                    2563.0,
                ],
            },
            Correspondence {
                source: [
                    1488.0,
                    158.0,
                ],
                target: [
                    1500.0,
                    168.0,
                ],
            },
            Correspondence {
                source: [
                    4571.0,
                    1822.0,
                ],
                target: [
                    4583.0,
                    1832.0,
                ],
            },
            Correspondence {
                source: [
                    1283.0,
                    2275.0,
                ],
                target: [
                    1295.0,
                    2284.0,
                ],
            },
            Correspondence {
                source: [
                    1627.0,
                    2185.0,
                ],
                target: [
                    1639.0,
                    2195.0,
                ],
            },
            Correspondence {
                source: [
                    1242.0,
                    1864.0,
                ],
                target: [
                    1254.0,
                    1874.0,
                ],
            },
            Correspondence {
                source: [
                    2572.0,
                    1376.0,
                ],
                target: [
                    2584.0,
                    1386.0,
                ],
            },
            Correspondence {
                source: [
                    2456.0,
                    2581.0,
                ],
                target: [
                    2468.0,
                    2591.0,
                ],
            },
            Correspondence {
                source: [
                    1819.0,
                    529.0,
                ],
                target: [
                    1831.0,
                    539.0,
                ],
            },
            Correspondence {
                source: [
                    2856.0,
                    1013.0,
                ],
                target: [
                    2868.0,
                    1023.0,
                ],
            },
            Correspondence {
                source: [
                    2880.0,
                    3311.0,
                ],
                target: [
                    2892.0,
                    3321.0,
                ],
            },
            Correspondence {
                source: [
                    2117.0,
                    2697.0,
                ],
                target: [
                    2129.0,
                    2707.0,
                ],
            },
            Correspondence {
                source: [
                    4556.0,
                    2262.0,
                ],
                target: [
                    4568.0,
                    2272.0,
                ],
            },
            Correspondence {
                source: [
                    2980.0,
                    3481.0,
                ],
                target: [
                    2992.0,
                    3492.0,
                ],
            },
            Correspondence {
                source: [
                    980.0,
                    383.0,
                ],
                target: [
                    992.0,
                    393.0,
                ],
            },
            Correspondence {
                source: [
                    385.0,
                    1459.0,
                ],
                target: [
                    397.0,
                    1469.0,
                ],
            },
            Correspondence {
                source: [
                    2062.0,
                    2081.0,
                ],
                target: [
                    2074.0,
                    2091.0,
                ],
            },
            Correspondence {
                source: [
                    1814.0,
                    1736.0,
                ],
                target: [
                    1826.0,
                    1746.0,
                ],
            },
            Correspondence {
                source: [
                    3228.0,
                    1977.0,
                ],
                target: [
                    3240.0,
                    1987.0,
                ],
            },
            Correspondence {
                source: [
                    5306.0,
                    3120.0,
                ],
                target: [
                    5318.0,
                    3130.0,
                ],
            },
            Correspondence {
                source: [
                    1707.0,
                    89.0,
                ],
                target: [
                    1719.0,
                    99.0,
                ],
            },
            Correspondence {
                source: [
                    2278.0,
                    1582.0,
                ],
                target: [
                    2290.0,
                    1592.0,
                ],
            },
            Correspondence {
                source: [
                    1296.0,
                    2695.0,
                ],
                target: [
                    1308.0,
                    2705.0,
                ],
            },
            Correspondence {
                source: [
                    2104.0,
                    2069.0,
                ],
                target: [
                    2116.0,
                    2079.0,
                ],
            },
            Correspondence {
                source: [
                    4669.0,
                    2126.0,
                ],
                target: [
                    4681.0,
                    2136.0,
                ],
            },
            Correspondence {
                source: [
                    1575.0,
                    1248.0,
                ],
                target: [
                    1587.0,
                    1258.0,
                ],
            },
            Correspondence {
                source: [
                    5390.0,
                    3255.0,
                ],
                target: [
                    5402.0,
                    3265.0,
                ],
            },
            Correspondence {
                source: [
                    839.0,
                    2320.0,
                ],
                target: [
                    851.0,
                    2330.0,
                ],
            },
            Correspondence {
                source: [
                    137.0,
                    2179.0,
                ],
                target: [
                    149.0,
                    2189.0,
                ],
            },
            Correspondence {
                source: [
                    1166.0,
                    2696.0,
                ],
                target: [
                    1178.0,
                    2706.0,
                ],
            },
            Correspondence {
                source: [
                    2139.0,
                    2572.0,
                ],
                target: [
                    2151.0,
                    2582.0,
                ],
            },
            Correspondence {
                source: [
                    247.0,
                    1950.0,
                ],
                target: [
                    259.0,
                    1960.0,
                ],
            },
            Correspondence {
                source: [
                    1513.0,
                    1743.0,
                ],
                target: [
                    1525.0,
                    1753.0,
                ],
            },
            Correspondence {
                source: [
                    215.0,
                    1190.0,
                ],
                target: [
                    227.0,
                    1200.0,
                ],
            },
            Correspondence {
                source: [
                    1975.0,
                    1776.0,
                ],
                target: [
                    1987.0,
                    1786.0,
                ],
            },
            Correspondence {
                source: [
                    2034.0,
                    853.0,
                ],
                target: [
                    2046.0,
                    863.0,
                ],
            },
            Correspondence {
                source: [
                    1858.0,
                    884.0,
                ],
                target: [
                    1870.0,
                    894.0,
                ],
            },
            Correspondence {
                source: [
                    63.0,
                    1936.0,
                ],
                target: [
                    75.0,
                    1946.0,
                ],
            },
            Correspondence {
                source: [
                    2349.0,
                    435.0,
                ],
                target: [
                    2361.0,
                    445.0,
                ],
            },
            Correspondence {
                source: [
                    894.0,
                    121.0,
                ],
                target: [
                    906.0,
                    131.0,
                ],
            },
            Correspondence {
                source: [
                    1214.0,
                    636.0,
                ],
                target: [
                    1226.0,
                    646.0,
                ],
            },
            Correspondence {
                source: [
                    2880.0,
                    3293.0,
                ],
                target: [
                    2892.0,
                    3303.0,
                ],
            },
            Correspondence {
                source: [
                    2199.0,
                    644.0,
                ],
                target: [
                    2211.0,
                    654.0,
                ],
            },
            Correspondence {
                source: [
                    2290.0,
                    1706.0,
                ],
                target: [
                    2302.0,
                    1716.0,
                ],
            },
            Correspondence {
                source: [
                    581.0,
                    2396.0,
                ],
                target: [
                    593.0,
                    2406.0,
                ],
            },
            Correspondence {
                source: [
                    2320.0,
                    410.0,
                ],
                target: [
                    2332.0,
                    420.0,
                ],
            },
            Correspondence {
                source: [
                    674.0,
                    1434.0,
                ],
                target: [
                    686.0,
                    1444.0,
                ],
            },
            Correspondence {
                source: [
                    2201.0,
                    650.0,
                ],
                target: [
                    2213.0,
                    660.0,
                ],
            },
            Correspondence {
                source: [
                    387.0,
                    892.0,
                ],
                target: [
                    399.0,
                    902.0,
                ],
            },
            Correspondence {
                source: [
                    859.0,
                    577.0,
                ],
                target: [
                    871.0,
                    587.0,
                ],
            },
            Correspondence {
                source: [
                    1693.0,
                    606.0,
                ],
                target: [
                    1705.0,
                    616.0,
                ],
            },
            Correspondence {
                source: [
                    2354.0,
                    416.0,
                ],
                target: [
                    2366.0,
                    426.0,
                ],
            },
            Correspondence {
                source: [
                    399.0,
                    1905.0,
                ],
                target: [
                    412.0,
                    1915.0,
                ],
            },
            Correspondence {
                source: [
                    2134.0,
                    2572.0,
                ],
                target: [
                    2146.0,
                    2582.0,
                ],
            },
            Correspondence {
                source: [
                    2938.0,
                    1476.0,
                ],
                target: [
                    2950.0,
                    1486.0,
                ],
            },
            Correspondence {
                source: [
                    1002.0,
                    134.0,
                ],
                target: [
                    1014.0,
                    144.0,
                ],
            },
            Correspondence {
                source: [
                    3801.0,
                    2343.0,
                ],
                target: [
                    3813.0,
                    2353.0,
                ],
            },
            Correspondence {
                source: [
                    915.0,
                    2682.0,
                ],
                target: [
                    927.0,
                    2692.0,
                ],
            },
            Correspondence {
                source: [
                    1208.0,
                    2418.0,
                ],
                target: [
                    1220.0,
                    2428.0,
                ],
            },
            Correspondence {
                source: [
                    3095.0,
                    1449.0,
                ],
                target: [
                    3107.0,
                    1459.0,
                ],
            },
            Correspondence {
                source: [
                    479.0,
                    191.0,
                ],
                target: [
                    491.0,
                    201.0,
                ],
            },
            Correspondence {
                source: [
                    1505.0,
                    3863.0,
                ],
                target: [
                    1518.0,
                    3873.0,
                ],
            },
            Correspondence {
                source: [
                    3738.0,
                    1371.0,
                ],
                target: [
                    3750.0,
                    1381.0,
                ],
            },
            Correspondence {
                source: [
                    3803.0,
                    2441.0,
                ],
                target: [
                    3815.0,
                    2451.0,
                ],
            },
            Correspondence {
                source: [
                    2594.0,
                    2332.0,
                ],
                target: [
                    2606.0,
                    2342.0,
                ],
            },
            Correspondence {
                source: [
                    147.0,
                    962.0,
                ],
                target: [
                    159.0,
                    972.0,
                ],
            },
            Correspondence {
                source: [
                    2637.0,
                    2244.0,
                ],
                target: [
                    2649.0,
                    2254.0,
                ],
            },
            Correspondence {
                source: [
                    2921.0,
                    1489.0,
                ],
                target: [
                    2933.0,
                    1499.0,
                ],
            },
            Correspondence {
                source: [
                    1194.0,
                    2738.0,
                ],
                target: [
                    1206.0,
                    2748.0,
                ],
            },
            Correspondence {
                source: [
                    2348.0,
                    1704.0,
                ],
                target: [
                    2360.0,
                    1714.0,
                ],
            },
            Correspondence {
                source: [
                    1032.0,
                    229.0,
                ],
                target: [
                    1044.0,
                    239.0,
                ],
            },
            Correspondence {
                source: [
                    1014.0,
                    779.0,
                ],
                target: [
                    1026.0,
                    789.0,
                ],
            },
            Correspondence {
                source: [
                    2856.0,
                    1023.0,
                ],
                target: [
                    2868.0,
                    1033.0,
                ],
            },
            Correspondence {
                source: [
                    542.0,
                    958.0,
                ],
                target: [
                    554.0,
                    968.0,
                ],
            },
            Correspondence {
                source: [
                    357.0,
                    394.0,
                ],
                target: [
                    369.0,
                    404.0,
                ],
            },
            Correspondence {
                source: [
                    3158.0,
                    1442.0,
                ],
                target: [
                    3170.0,
                    1452.0,
                ],
            },
            Correspondence {
                source: [
                    3718.0,
                    1708.0,
                ],
                target: [
                    3730.0,
                    1718.0,
                ],
            },
            Correspondence {
                source: [
                    3730.0,
                    1689.0,
                ],
                target: [
                    3742.0,
                    1699.0,
                ],
            },
            Correspondence {
                source: [
                    1093.0,
                    2890.0,
                ],
                target: [
                    1105.0,
                    2900.0,
                ],
            },
            Correspondence {
                source: [
                    110.0,
                    175.0,
                ],
                target: [
                    122.0,
                    185.0,
                ],
            },
            Correspondence {
                source: [
                    3019.0,
                    3093.0,
                ],
                target: [
                    3031.0,
                    3104.0,
                ],
            },
            Correspondence {
                source: [
                    1748.0,
                    944.0,
                ],
                target: [
                    1760.0,
                    954.0,
                ],
            },
            Correspondence {
                source: [
                    747.0,
                    2718.0,
                ],
                target: [
                    759.0,
                    2728.0,
                ],
            },
            Correspondence {
                source: [
                    4529.0,
                    2794.0,
                ],
                target: [
                    4541.0,
                    2804.0,
                ],
            },
            Correspondence {
                source: [
                    3049.0,
                    3092.0,
                ],
                target: [
                    3061.0,
                    3102.0,
                ],
            },
            Correspondence {
                source: [
                    3729.0,
                    1373.0,
                ],
                target: [
                    3741.0,
                    1383.0,
                ],
            },
            Correspondence {
                source: [
                    1818.0,
                    3208.0,
                ],
                target: [
                    1830.0,
                    3218.0,
                ],
            },
            Correspondence {
                source: [
                    2326.0,
                    678.0,
                ],
                target: [
                    2338.0,
                    688.0,
                ],
            },
            Correspondence {
                source: [
                    2360.0,
                    730.0,
                ],
                target: [
                    2372.0,
                    740.0,
                ],
            },
            Correspondence {
                source: [
                    4843.0,
                    2846.0,
                ],
                target: [
                    4855.0,
                    2856.0,
                ],
            },
        ],
        geometry: Some(
            GeometryEvidence {
                transform: Transform {
                    a: 1.0000129576269925,
                    b: 1.114083248773527e-5,
                    translation: [
                        12.013216105453537,
                        9.963075943993317,
                    ],
                },
                inliers: [
                    0,
                    1,
                    2,
                    3,
                    4,
                    5,
                    6,
                    7,
                    8,
                    9,
                    10,
                    11,
                    12,
                    13,
                    14,
                    15,
                    16,
                    17,
                    18,
                    19,
                    20,
                    21,
                    22,
                    23,
                    24,
                    25,
                    26,
                    27,
                    28,
                    29,
                    30,
                    31,
                    32,
                    33,
                    34,
                    35,
                    36,
                    37,
                    38,
                    39,
                    40,
                    41,
                    42,
                    43,
                    44,
                    45,
                    46,
                    47,
                    48,
                    49,
                    50,
                    51,
                    52,
                    53,
                    54,
                    55,
                    56,
                    57,
                    58,
                    59,
                    60,
                    61,
                    62,
                    63,
                    64,
                    65,
                    66,
                    67,
                    68,
                    69,
                    70,
                    71,
                    72,
                    73,
                    74,
                    75,
                    76,
                    77,
                    78,
                    79,
                    80,
                    81,
                    82,
                    83,
                    84,
                    85,
                    86,
                    87,
                    88,
                    89,
                    90,
                    91,
                    92,
                    93,
                    94,
                    95,
                    96,
                    97,
                    98,
                    99,
                    100,
                    101,
                    102,
                    103,
                    104,
                    105,
                    106,
                    107,
                    108,
                    109,
                    110,
                    111,
                    112,
                    113,
                    114,
                    115,
                    116,
                    117,
                    118,
                    119,
                    120,
                    121,
                    122,
                    123,
                    124,
                    125,
                    126,
                    127,
                    128,
                    129,
                    130,
                    131,
                    132,
                    133,
                    134,
                    135,
                    136,
                    137,
                    138,
                    139,
                    140,
                    141,
                    142,
                    143,
                    144,
                    145,
                    146,
                    147,
                    148,
                    149,
                    150,
                    151,
                    152,
                    153,
                    154,
                    155,
                    156,
                    157,
                    158,
                    159,
                    160,
                    161,
                    162,
                    163,
                    164,
                    165,
                    166,
                    167,
                    168,
                    169,
                    170,
                    171,
                    172,
                    173,
                    174,
                    175,
                    176,
                    177,
                    178,
                    179,
                    180,
                    181,
                    182,
                    183,
                    184,
                    185,
                    186,
                    187,
                    188,
                    189,
                    190,
                    191,
                    192,
                    193,
                    194,
                    195,
                    196,
                    197,
                    198,
                    199,
                    200,
                    201,
                    202,
                    203,
                    204,
                    205,
                    206,
                    207,
                    208,
                    209,
                    210,
                    211,
                    212,
                    213,
                    214,
                    215,
                    216,
                    217,
                    218,
                ],
                squared_error: 22.470252892375985,
            },
        ),
        pixels: Some(
            BidirectionalEvidence {
                forward: WarpEvidence {
                    source_pixels: 24000000,
                    compared_pixels: 24000000,
                    matched_pixels: 21474249,
                    maximum_channel_error: 17.325895709371252,
                    squared_error: 2235923.657102227,
                },
                reverse: WarpEvidence {
                    source_pixels: 24216480,
                    compared_pixels: 23996128,
                    matched_pixels: 21473013,
                    maximum_channel_error: 16.049477730354404,
                    squared_error: 2222431.190246164,
                },
            },
        ),
        photometric: Some(
            BidirectionalPhotometricEvidence {
                forward: PhotometricEvidence {
                    gain: [
                        1.037856681718983,
                        1.045963548199758,
                        1.020861565132699,
                    ],
                    offset: [
                        -0.010821462073496796,
                        -0.011706408565323095,
                        -0.010103808042375657,
                    ],
                    constrained_channels: [
                        false,
                        false,
                        false,
                    ],
                    fitted_samples: 22771227,
                    pixels: WarpEvidence {
                        source_pixels: 24000000,
                        compared_pixels: 24000000,
                        matched_pixels: 22135273,
                        maximum_channel_error: 1.0,
                        squared_error: 73471.24684043962,
                    },
                },
                reverse: PhotometricEvidence {
                    gain: [
                        0.9130907473662876,
                        0.9383370498953331,
                        0.9590313317373818,
                    ],
                    offset: [
                        0.01399344903369764,
                        0.012509318867879003,
                        0.011313902054838107,
                    ],
                    constrained_channels: [
                        false,
                        false,
                        false,
                    ],
                    fitted_samples: 22755944,
                    pixels: WarpEvidence {
                        source_pixels: 24216480,
                        compared_pixels: 23996128,
                        matched_pixels: 21605884,
                        maximum_channel_error: 0.986409385967183,
                        squared_error: 78828.75494694263,
                    },
                },
            },
        ),
        photometric_fit_range: Some(
            FitSampleRange {
                minimum: 0.0,
                maximum: 1.0,
            },
        ),
        display_projection: true,
        photometric_failure: None,
        filtered: None,
        candidate: true,
    },
)
managed_used=0 managed_peak=965485168
