   Compiling moxcms v0.8.1 (/workspace/vendor/moxcms)
   Compiling image v0.25.10
   Compiling hayro-interpret v0.7.0 (/workspace/vendor/hayro-interpret)
   Compiling rrrah-memory v0.1.0 (/workspace/crates/rrrah-memory)
   Compiling rrrah-core v0.1.0 (/workspace/crates/rrrah-core)
   Compiling hayro v0.7.1 (/workspace/vendor/hayro)
   Compiling jxl-oxide v0.12.6
   Compiling rrrah-dedup v0.1.0 (/workspace/crates/rrrah-dedup)
   Compiling rrrah-decode v0.1.0 (/workspace/crates/rrrah-decode)
warning: type does not implement `Debug`; consider adding `#[derive(Debug)]` or a manual implementation
  --> crates/rrrah-dedup/src/gradient_index.rs:17:1
   |
17 | / pub struct GradientDescriptorIndex<'a> {
18 | |     entries: &'a [(u64, GradientDescriptor)],
19 | |     order: SharedBuffer<usize>,
20 | |     axis: usize,
21 | |     recipe: GradientCellRecipe,
22 | | }
   | |_^
   |
   = note: requested on the command line with `-W missing-debug-implementations`

warning: `rrrah-dedup` (lib) generated 1 warning
warning: linker stderr: /validation/sysroot/usr/bin/ld: /validation/target/debug/deps/libjpegxr-8d01a0594e000fc4.rlib(2e643c6506a180d9-strenc.o): in function `StrIOEncInit':
         /validation/cargo/registry/src/index.crates.io-1949cf8c6b5b557f/jpegxr-0.3.1/jxrlib/image/encode/strenc.c:485:(.text.StrIOEncInit+0xf0): the use of `tmpnam' is dangerous, better use `mkstemp'
  |
  = note: `#[warn(linker_messages)]` on by default

warning: linker stdout: /validation/sysroot/usr/bin/ld: /validation/target/debug/deps/libjpegxr-8d01a0594e000fc4.rlib(2e643c6506a180d9-strenc.o): note: the message above does not take linker garbage collection into account

warning: `rrrah-dedup` (test "gradient_distinct_locations") generated 2 warnings
warning: `rrrah-dedup` (test "projective_domains") generated 2 warnings (2 duplicates)
warning: `rrrah-dedup` (test "gradient_interpolated") generated 2 warnings (2 duplicates)
warning: `rrrah-dedup` (test "gradient_scale") generated 2 warnings (2 duplicates)
warning: `rrrah-dedup` (test "gradient") generated 2 warnings (2 duplicates)
warning: `rrrah-dedup` (test "projective_geometry") generated 2 warnings (2 duplicates)
warning: `rrrah-dedup` (test "gradient_scale_files") generated 2 warnings (2 duplicates)
    Finished `test` profile [optimized + debuginfo] target(s) in 5m 23s
     Running tests/gradient.rs (/validation/target/debug/deps/gradient-f2c90089fcd4e216)

running 9 tests
test gradient_matching_mutual_ties_admission_and_cancel ... ok
test gradient_affine_light_flat_refusals_and_cancel ... ok
test dominant_gradient_orientation_analytic_angles_flat_and_limits ... ok
test independently_rotated_texture_and_alpha_refusal ... ok
test rotated_uniform_patches_never_create_descriptors ... ok
test managed_spatial_pyramid_matches_unmanaged_and_releases_last_owner ... ok
test spatial_gradient_selection_preserves_recipe_and_cell_limits ... ok
test extracted_gradients_identity_unrelated_work_and_cancel ... ok
test gradient_pyramid_independent_double_size_coordinates_and_work ... ok

test result: ok. 9 passed; 0 failed; 0 ignored; 0 measured; 0 filtered out; finished in 0.06s

     Running tests/gradient_distinct_locations.rs (/validation/target/debug/deps/gradient_distinct_locations-93a23ba61fb8e965)

running 4 tests
test distinct_location_work_validation_and_atomic_cancellation ... ok
test nearby_scale_duplicates_preserve_distinct_landmarks_and_reject_ambiguity ... ok
test managed_distinct_match_admission_last_owner_and_cancellation ... ok
test distinct_location_results_equal_independent_sorted_distance_oracle ... ok

test result: ok. 4 passed; 0 failed; 0 ignored; 0 measured; 0 filtered out; finished in 0.00s

     Running tests/gradient_interpolated.rs (/validation/target/debug/deps/gradient_interpolated-164c7a82abcda3ef)

running 4 tests
test interpolated_cells_reduce_one_pixel_edge_localization_error ... ok
test interpolated_recipe_flat_alpha_work_and_cancellation_refusals ... ok
test interpolated_recipe_preserves_independent_quarter_turn_and_affine_light ... ok
test explicit_recipe_pyramid_preserves_positions_limits_cancel_and_managed_ownership ... ok

test result: ok. 4 passed; 0 failed; 0 ignored; 0 measured; 0 filtered out; finished in 0.04s

     Running tests/gradient_scale.rs (/validation/target/debug/deps/gradient_scale-9987db14e71c2bc5)

running 5 tests
test scale_admission_can_cancel_before_allocating ... ok
test admission_and_cancellation_return_no_partial_features ... ok
test spatial_scale_selection_recipe_limits_and_owned_memory ... ok
test managed_scales_exact_peak_last_owner_and_cancellation ... ok
test intermediate_scale_recovers_authored_reduction_without_acceptance_relaxation ... ok

test result: ok. 5 passed; 0 failed; 0 ignored; 0 measured; 0 filtered out; finished in 0.43s

     Running tests/gradient_scale_files.rs (/validation/target/debug/deps/gradient_scale_files-187b304a591586f5)

running 9 tests
test changed_source_refuses_scale_evidence_and_restored_retry_succeeds ... ok
test collection_scale_edges_equal_fresh_pair_confirmation ... ok
test scale_list_cancellation_precedes_file_and_iterator_access ... ok
test scale_file_admission_and_cancellation_are_atomic ... ok
test scaled_files_confirm_pixels_and_refuse_unrelated ... ok
test intermediate_scale_files_retain_authored_rotations_and_enlargements ... ok
test collection_scale_mutation_and_cancellation_remove_partial_results ... ok
test spatial_collection_scale_edges_equal_fresh_pair_confirmation ... ok
test spatial_scale_regions_match_fresh_supplied_model_confirmation ... ok

test result: ok. 9 passed; 0 failed; 0 ignored; 0 measured; 0 filtered out; finished in 11.17s

     Running tests/projective_domains.rs (/validation/target/debug/deps/projective_domains-f7839772c50e9b1d)

running 4 tests
test inverse_horizon_is_rejected_even_when_forward_domain_is_valid ... ok
test supported_horizon_model_is_excluded_from_whole_domains ... ok
test admissible_model_matches_original_and_cancellation_is_atomic ... ok
test valid_alternative_survives_a_stronger_horizon_consensus ... ok

test result: ok. 4 passed; 0 failed; 0 ignored; 0 measured; 0 filtered out; finished in 0.01s

     Running tests/projective_geometry.rs (/validation/target/debug/deps/projective_geometry-2f34c8ebe464e23a)

running 14 tests
test invalid_horizon_and_cancel_checkpoints ... ok
test perspective_mapping_and_permutations ... ok
test perspective_inverse_grid_catches_unsampled_edit ... ok
test full_support_refinement_beats_minimal_hypotheses_on_noisy_points ... ok
test perspective_pixels_hdr_edits_horizon_and_cancel ... ok
test projective_filter_preserves_strict_edits_and_terminal_cancellation ... ok
test registration_candidates_keep_independent_full_grid_evidence_and_shared_limits ... ok
test perspective_photometric_fit_preserves_unfitted_errors_and_limits ... ok
test robust_perspective_outliers_budget_and_cancellation ... ok
test sampled_projective_cancellation_discards_models_and_retry_is_deterministic ... ok
test sampled_projective_recovers_large_outlier_set_with_fixed_work ... ok
test registration_portfolio_admits_shared_work_and_discards_partial_models_on_cancel ... ok
test photometric_registration_keeps_geometry_under_affine_encoded_light_change ... ok
test pixel_registration_reduces_known_offset_and_obeys_terminal_limits ... ok

test result: ok. 14 passed; 0 failed; 0 ignored; 0 measured; 0 filtered out; finished in 0.12s

