   Compiling rrrah-decode v0.1.0 (/workspace/crates/rrrah-decode)
   Compiling rrrah-dedup v0.1.0 (/workspace/crates/rrrah-dedup)
warning: linker stderr: /validation/sysroot/usr/bin/ld: /validation/target/debug/deps/libjpegxr-8d01a0594e000fc4.rlib(2e643c6506a180d9-strenc.o): in function `StrIOEncInit':
         /validation/cargo/registry/src/index.crates.io-1949cf8c6b5b557f/jpegxr-0.3.1/jxrlib/image/encode/strenc.c:485:(.text.StrIOEncInit+0xf0): the use of `tmpnam' is dangerous, better use `mkstemp'
  |
  = note: `#[warn(linker_messages)]` on by default

warning: linker stdout: /validation/sysroot/usr/bin/ld: /validation/target/debug/deps/libjpegxr-8d01a0594e000fc4.rlib(2e643c6506a180d9-strenc.o): note: the message above does not take linker garbage collection into account

warning: `rrrah-dedup` (test "pyramid") generated 2 warnings
warning: `rrrah-dedup` (test "gradient") generated 2 warnings (2 duplicates)
    Finished `test` profile [optimized + debuginfo] target(s) in 1m 28s
     Running tests/gradient.rs (/validation/target/debug/deps/gradient-6df490ad4d8cd071)

running 7 tests
test dominant_gradient_orientation_analytic_angles_flat_and_limits ... ok
test gradient_matching_mutual_ties_admission_and_cancel ... ok
test gradient_affine_light_flat_refusals_and_cancel ... ok
test rotated_uniform_patches_never_create_descriptors ... ok
test independently_rotated_texture_and_alpha_refusal ... ok
test gradient_pyramid_independent_double_size_coordinates_and_work ... ok
test extracted_gradients_identity_unrelated_work_and_cancel ... ok

test result: ok. 7 passed; 0 failed; 0 ignored; 0 measured; 0 filtered out; finished in 0.02s

     Running tests/pyramid.rs (/validation/target/debug/deps/pyramid-2784ebd8cc8708c7)

running 5 tests
test enlarged_quarter_turn_recovers_scale_and_rotation_together ... ok
test scale_is_estimated_from_extracted_multiresolution_features ... ok
test managed_oriented_pyramid_admission_cancel_retry_and_last_owner_release ... ok
test oriented_pyramid_keeps_recipe_source_coordinates_and_admission ... ok
test spatial_pyramid_preserves_level_coordinates_admission_and_cancellation ... ok

test result: ok. 5 passed; 0 failed; 0 ignored; 0 measured; 0 filtered out; finished in 0.04s

