   Compiling hayro-interpret v0.7.0 (/workspace/vendor/hayro-interpret)
   Compiling hayro v0.7.1
   Compiling rrrah-decode v0.1.0 (/workspace/crates/rrrah-decode)
   Compiling rrrah-dedup v0.1.0 (/workspace/crates/rrrah-dedup)
warning: type does not implement `Debug`; consider adding `#[derive(Debug)]` or a manual implementation
  --> crates/rrrah-dedup/src/gradient_index.rs:17:1
   |
17 | / pub struct GradientDescriptorIndex<'a> {
18 | |     entries: &'a [(u64, GradientDescriptor)],
19 | |     order: SharedBuffer<usize>,
20 | |     axis: usize,
21 | |     recipe: GradientCellRecipe,
22 | | }
   | |_^
   |
   = note: requested on the command line with `-W missing-debug-implementations`

warning: `rrrah-dedup` (lib) generated 1 warning
warning: linker stderr: /validation/sysroot/usr/bin/ld: /validation/target/debug/deps/libjpegxr-8d01a0594e000fc4.rlib(2e643c6506a180d9-strenc.o): in function `StrIOEncInit':
         /validation/cargo/registry/src/index.crates.io-1949cf8c6b5b557f/jpegxr-0.3.1/jxrlib/image/encode/strenc.c:485:(.text.StrIOEncInit+0xf0): the use of `tmpnam' is dangerous, better use `mkstemp'
  |
  = note: `#[warn(linker_messages)]` on by default

warning: linker stdout: /validation/sysroot/usr/bin/ld: /validation/target/debug/deps/libjpegxr-8d01a0594e000fc4.rlib(2e643c6506a180d9-strenc.o): note: the message above does not take linker garbage collection into account

warning: `rrrah-dedup` (test "five_lifecycle") generated 2 warnings
warning: `rrrah-dedup` (test "gradient_index") generated 2 warnings (2 duplicates)
warning: unused import: `LocalFileError`
  --> crates/rrrah-dedup/tests/five_collection.rs:49:13
   |
49 |             LocalFileError, ProjectiveComplementaryFilePolicy, ProjectivePortfolioFilePolicy,
   |             ^^^^^^^^^^^^^^
   |
   = note: `#[warn(unused_imports)]` (part of `#[warn(unused)]`) on by default

warning: `rrrah-dedup` (test "five_collection") generated 3 warnings (2 duplicates) (run `cargo fix --test "five_collection" -p rrrah-dedup` to apply 1 suggestion)
warning: unused imports: `LocalFileError`, `ProjectiveComplementaryFilePolicy`, `ProjectivePortfolioFilePolicy`, `ProjectiveRegistrationPolicy`, `ProjectiveRegistrationPortfolioPolicy`, and `ProjectiveRegistrationTrustPolicy`
  --> crates/rrrah-dedup/tests/gradient_collection.rs:49:13
   |
49 |             LocalFileError, ProjectiveComplementaryFilePolicy, ProjectivePortfolioFilePolicy,
   |             ^^^^^^^^^^^^^^  ^^^^^^^^^^^^^^^^^^^^^^^^^^^^^^^^^  ^^^^^^^^^^^^^^^^^^^^^^^^^^^^^
...
54 |             ProjectiveRegistrationPolicy, ProjectiveRegistrationPortfolioPolicy,
   |             ^^^^^^^^^^^^^^^^^^^^^^^^^^^^  ^^^^^^^^^^^^^^^^^^^^^^^^^^^^^^^^^^^^^
55 |             ProjectiveRegistrationTrustPolicy,
   |             ^^^^^^^^^^^^^^^^^^^^^^^^^^^^^^^^^
   |
   = note: `#[warn(unused_imports)]` (part of `#[warn(unused)]`) on by default

warning: `rrrah-dedup` (test "gradient_collection") generated 3 warnings (2 duplicates) (run `cargo fix --test "gradient_collection" -p rrrah-dedup` to apply 1 suggestion)
    Finished `test` profile [optimized + debuginfo] target(s) in 2m 03s
     Running tests/five_collection.rs (/validation/target/debug/deps/five_collection-0832d8bcdb9dbbed)

running 1 test
test five_search_collection_matches_direct_and_source_lifecycle has been running for over 60 seconds
test five_search_collection_matches_direct_and_source_lifecycle ... ok

test result: ok. 1 passed; 0 failed; 0 ignored; 0 measured; 0 filtered out; finished in 70.11s

     Running tests/five_lifecycle.rs (/validation/target/debug/deps/five_lifecycle-da6e93eb621956c2)

running 1 test
test five_search_source_replacement_discards_prior_positives ... ok

test result: ok. 1 passed; 0 failed; 0 ignored; 0 measured; 0 filtered out; finished in 39.62s

     Running tests/gradient_collection.rs (/validation/target/debug/deps/gradient_collection-0573905a24e32640)

running 1 test
test gradient_collection_matches_direct_pairs_and_atomic_admission ... ok

test result: ok. 1 passed; 0 failed; 0 ignored; 0 measured; 0 filtered out; finished in 5.05s

     Running tests/gradient_index.rs (/validation/target/debug/deps/gradient_index-93cf3143f97864bd)

running 5 tests
test admission_cancel_recipe_and_owned_reservation ... ok
test file_proposal_cancellation_never_returns_partial_pairs ... ok
test invalid_vectors_exact_memory_and_build_cancellation ... ok
test retrieval_equals_exhaustive_including_boundaries_and_collisions ... ok
test file_proposals_equal_exhaustive_without_ambiguity_loss ... ok

test result: ok. 5 passed; 0 failed; 0 ignored; 0 measured; 0 filtered out; finished in 0.00s

