    Blocking waiting for file lock on build directory
   Compiling rrrah-dedup v0.1.0 (/Users/themoretheless/Documents/Sources/rrrah/crates/rrrah-dedup)
warning: function `error` is never used
 --> crates/rrrah-decode/src/camtiff/mef_sensor.rs:4:4
  |
4 | fn error(message: &str) -> DecodeError {
  |    ^^^^^
  |
  = note: `#[warn(dead_code)]` (part of `#[warn(unused)]`) on by default

warning: function `packed_12` is never used
 --> crates/rrrah-decode/src/camtiff/mef_sensor.rs:9:4
  |
9 | fn packed_12(
  |    ^^^^^^^^^

warning: function `decode_zd` is never used
  --> crates/rrrah-decode/src/camtiff/mef_sensor.rs:48:15
   |
48 | pub(super) fn decode_zd(
   |               ^^^^^^^^^

warning: `rrrah-decode` (lib) generated 3 warnings
error[E0308]: mismatched types
  --> crates/rrrah-dedup/tests/wal_dependency.rs:52:25
   |
52 |     assert!(compare(&|| false as &dyn Fn() -> bool).unwrap());
   |                         ^^^^^^^^^^^^^^^^^^^^^^^^^^ expected `bool`, found `&dyn Fn() -> bool`
   |
   = note:   expected type `bool`
           found reference `&dyn Fn() -> bool`
help: use parentheses to call this trait object
   |
52 |     assert!(compare(&|| (false as &dyn Fn() -> bool)()).unwrap());
   |                         +                          +++

error[E0605]: non-primitive cast: `bool` as `&dyn Fn() -> bool`
  --> crates/rrrah-dedup/tests/wal_dependency.rs:52:25
   |
52 |     assert!(compare(&|| false as &dyn Fn() -> bool).unwrap());
   |                         ^^^^^^^^^^^^^^^^^^^^^^^^^^ an `as` expression can only be used to convert between primitive types or to coerce to a specific trait object

Some errors have detailed explanations: E0308, E0605.
For more information about an error, try `rustc --explain E0308`.
error: could not compile `rrrah-dedup` (test "wal_dependency") due to 2 previous errors
