   Compiling rrrah-dedup v0.1.0 (/workspace/crates/rrrah-dedup)
warning: unused variable: `cancel`
   --> crates/rrrah-dedup/src/local_index.rs:715:5
    |
715 |     cancel: impl Fn() -> bool,
    |     ^^^^^^ help: if this is intentional, prefix it with an underscore: `_cancel`
    |
    = note: `#[warn(unused_variables)]` (part of `#[warn(unused)]`) on by default

warning: `rrrah-dedup` (lib) generated 1 warning (run `cargo fix --lib -p rrrah-dedup` to apply 1 suggestion)
    Finished `test` profile [optimized + debuginfo] target(s) in 18.81s
     Running tests/anchor_rank.rs (/validation/target/debug/deps/anchor_rank-4f17024ab4e7c8f8)

running 4 tests
test geometry_selected_windows_aggregate_information_and_reject_inverted_or_flat_pixels ... ok
test overlap_bounds_aliases_and_inconsistent_geometry_are_not_hidden ... ok
test independent_textures_reject_even_with_exact_bidirectional_geometry ... ok
test exact_aggregate_limits_and_every_observed_cancellation_release_credits ... ok

test result: ok. 4 passed; 0 failed; 0 ignored; 0 measured; 0 filtered out; finished in 0.13s

     Running tests/local_rank.rs (/validation/target/debug/deps/local_rank-cf0aa32febef6021)

running 5 tests
test points_outside_selected_regions_do_not_count_and_aliases_are_not_hidden ... ok
test inverse_residual_is_required_even_when_forward_error_is_small ... ok
test unsupported_pixels_uninformative_regions_and_overflow_refuse_explicitly ... ok
test bidirectional_support_requires_geometry_and_pixel_order ... ok
test aggregate_work_and_each_cancellation_refuse ... ok

test result: ok. 5 passed; 0 failed; 0 ignored; 0 measured; 0 filtered out; finished in 0.54s

     Running tests/local_rank_cached.rs (/validation/target/debug/deps/local_rank_cached-df68e9ce71ab25ec)

running 3 tests
test all_1016_original_points_require_prepaid_checks_without_truncation ... ok
test cached_bidirectional_local_support_matches_direct_for_identity_and_perspective ... ok
test cached_aggregate_context_limits_and_every_cancel_release_all_credits ... ok

test result: ok. 3 passed; 0 failed; 0 ignored; 0 measured; 0 filtered out; finished in 0.23s

     Running tests/mesh_grid.rs (/validation/target/debug/deps/mesh_grid-8839c62b5234deef)

running 2 tests
test both_directions_match_point_queries_and_preserve_holes_and_credit ... ok
test every_cancel_and_one_short_memory_work_refuse_without_partial_grid ... ok

test result: ok. 2 passed; 0 failed; 0 ignored; 0 measured; 0 filtered out; finished in 0.00s

     Running tests/mesh_rank.rs (/validation/target/debug/deps/mesh_rank-e1d92bb949b4d4d6)

running 2 tests
test summed_mesh_windows_match_direct_projective_windows_and_reject_inversion ... ok
test cancellation_memory_reads_and_overflow_refuse_without_retaining_scratch ... ok

test result: ok. 2 passed; 0 failed; 0 ignored; 0 measured; 0 filtered out; finished in 0.01s

     Running tests/mesh_rank_regions.rs (/validation/target/debug/deps/mesh_rank_regions-c7a93ff9005c6cbe)

running 3 tests
test centers_outside_atlas_invalid_rectangles_and_unsupported_context_are_explicit ... ok
test selected_centers_keep_whole_image_window_context_and_source_clip ... ok
test every_observed_cancel_and_full_atlas_budget_refuse_without_scratch_leaks ... ok

test result: ok. 3 passed; 0 failed; 0 ignored; 0 measured; 0 filtered out; finished in 0.01s

     Running tests/piecewise_local_rank.rs (/validation/target/debug/deps/piecewise_local_rank-fc6f26be52708caa)

running 2 tests
test combined_piecewise_requires_mesh_consistent_regional_witnesses ... ok
test piecewise_aggregate_work_and_every_cancel_release_scratch ... ok

test result: ok. 2 passed; 0 failed; 0 ignored; 0 measured; 0 filtered out; finished in 0.29s

     Running tests/piecewise_warp.rs (/validation/target/debug/deps/piecewise_warp-4f0c06930711b092)

running 4 tests
test inverted_degenerate_duplicate_overlapping_and_t_junction_faces_refuse ... ok
test curved_grid_is_continuous_invertible_and_shared_credit_is_retained ... ok
test source_only_overlap_and_input_aliases_are_rejected ... ok
test exact_memory_and_work_admission_and_every_checkpoint_cancel_are_atomic ... ok

test result: ok. 4 passed; 0 failed; 0 ignored; 0 measured; 0 filtered out; finished in 0.00s

     Running tests/projective_domains.rs (/validation/target/debug/deps/projective_domains-7631f72202117c09)

running 4 tests
test supported_horizon_model_is_excluded_from_whole_domains ... ok
test inverse_horizon_is_rejected_even_when_forward_domain_is_valid ... ok
test admissible_model_matches_original_and_cancellation_is_atomic ... ok
test valid_alternative_survives_a_stronger_horizon_consensus ... ok

test result: ok. 4 passed; 0 failed; 0 ignored; 0 measured; 0 filtered out; finished in 0.01s

     Running tests/projective_exhaustive_domains.rs (/validation/target/debug/deps/projective_exhaustive_domains-c691af4d219af2c1)

running 3 tests
test horizon_only_points_and_zero_domains_are_explicit ... ok
test every_cancel_and_one_short_work_limit_refuse_partial_results ... ok
test weaker_eligible_model_is_not_hidden_by_stronger_horizon_model ... ok

test result: ok. 3 passed; 0 failed; 0 ignored; 0 measured; 0 filtered out; finished in 0.00s

     Running tests/projective_geometry.rs (/validation/target/debug/deps/projective_geometry-c618cb70e5ca3954)

running 14 tests
test invalid_horizon_and_cancel_checkpoints ... ok
test perspective_mapping_and_permutations ... ok
test perspective_inverse_grid_catches_unsampled_edit ... ok
test full_support_refinement_beats_minimal_hypotheses_on_noisy_points ... ok
test perspective_pixels_hdr_edits_horizon_and_cancel ... ok
test projective_filter_preserves_strict_edits_and_terminal_cancellation ... ok
test registration_candidates_keep_independent_full_grid_evidence_and_shared_limits ... ok
test perspective_photometric_fit_preserves_unfitted_errors_and_limits ... ok
test robust_perspective_outliers_budget_and_cancellation ... ok
test sampled_projective_cancellation_discards_models_and_retry_is_deterministic ... ok
test registration_portfolio_admits_shared_work_and_discards_partial_models_on_cancel ... ok
test sampled_projective_recovers_large_outlier_set_with_fixed_work ... ok
test photometric_registration_keeps_geometry_under_affine_encoded_light_change ... ok
test pixel_registration_reduces_known_offset_and_obeys_terminal_limits ... ok

test result: ok. 14 passed; 0 failed; 0 ignored; 0 measured; 0 filtered out; finished in 0.10s

     Running tests/projective_grid.rs (/validation/target/debug/deps/projective_grid-db7302654cc183bf)

running 3 tests
test coordinates_match_independent_inverse_and_holes_retain_shared_credit ... ok
test cancellation_and_prepaid_limits_leave_no_atlas ... ok
test summed_rank_counts_match_direct_projective_windows ... ok

test result: ok. 3 passed; 0 failed; 0 ignored; 0 measured; 0 filtered out; finished in 0.02s

     Running tests/rank_region.rs (/validation/target/debug/deps/rank_region-8a6cb19b326d1a1e)

running 7 tests
test filtered_overflow_and_mid_window_cancel_return_no_partial_evidence ... ok
test flat_pixels_budget_and_cancellation_do_not_produce_evidence ... ok
test filter_zero_preserves_evidence_and_callback_work ... ok
test independent_textures_are_not_high_agreement_evidence ... ok
test invalid_domains_policy_alpha_and_scene_range_are_explicit ... ok
test nonlinear_monotone_transfer_preserves_local_order_but_inversion_does_not ... ok
test filtered_identity_matches_independent_box_counts_and_read_budget ... ok

test result: ok. 7 passed; 0 failed; 0 ignored; 0 measured; 0 filtered out; finished in 0.00s

