   Compiling rrrah-dedup v0.1.0 (/Users/themoretheless/Documents/Sources/rrrah/crates/rrrah-dedup)
warning: function `error` is never used
 --> crates/rrrah-decode/src/camtiff/mef_sensor.rs:4:4
  |
4 | fn error(message: &str) -> DecodeError {
  |    ^^^^^
  |
  = note: `#[warn(dead_code)]` (part of `#[warn(unused)]`) on by default

warning: function `packed_12` is never used
 --> crates/rrrah-decode/src/camtiff/mef_sensor.rs:9:4
  |
9 | fn packed_12(
  |    ^^^^^^^^^

warning: function `decode_zd` is never used
  --> crates/rrrah-decode/src/camtiff/mef_sensor.rs:48:15
   |
48 | pub(super) fn decode_zd(
   |               ^^^^^^^^^

warning: `rrrah-decode` (lib) generated 3 warnings
    Finished `test` profile [optimized + debuginfo] target(s) in 5.81s
     Running tests/photo_files.rs (/tmp/rrrah-dedup-target/debug/deps/photo_files-4e5b78f1f6fb0410)

running 2 tests
natural crop collection: features=3381 hits=581291 proposals=28 pixel_verifications=4 exhaustive=28
test indexed_natural_photo_collection_matches_exhaustive_filtered_candidates ... ok
natural rotate collection: features=3689 hits=1276361 proposals=28 pixel_verifications=4 exhaustive=28
natural resize collection: features=3288 hits=605856 proposals=28 pixel_verifications=4 exhaustive=28
test indexed_natural_rotations_and_resizes_preserve_labelled_scene_pairs ... ok

test result: ok. 2 passed; 0 failed; 0 ignored; 0 measured; 6 filtered out; finished in 53.02s

