    Blocking waiting for file lock on build directory
warning: function `error` is never used
 --> crates/rrrah-decode/src/camtiff/mef_sensor.rs:4:4
  |
4 | fn error(message: &str) -> DecodeError {
  |    ^^^^^
  |
  = note: `#[warn(dead_code)]` (part of `#[warn(unused)]`) on by default

warning: function `packed_12` is never used
 --> crates/rrrah-decode/src/camtiff/mef_sensor.rs:9:4
  |
9 | fn packed_12(
  |    ^^^^^^^^^

warning: function `decode_zd` is never used
  --> crates/rrrah-decode/src/camtiff/mef_sensor.rs:48:15
   |
48 | pub(super) fn decode_zd(
   |               ^^^^^^^^^

   Compiling rrrah-dedup v0.1.0 (/Users/themoretheless/Documents/Sources/rrrah/crates/rrrah-dedup)
warning: `rrrah-decode` (lib) generated 3 warnings
error: this argument (416 byte) is passed by value, but might be more efficient if passed by reference (limit: 256 byte)
    --> crates/rrrah-dedup/src/local_collection.rs:1191:55
     |
1191 | fn validate_projective_photometric_collection(config: ProjectivePhotometricCollectionPolicy) -> Result<(),ScanError> {
     |                                                       ^^^^^^^^^^^^^^^^^^^^^^^^^^^^^^^^^^^^^ help: consider passing by reference instead: `&ProjectivePhotometricCollectionPolicy`
     |
     = help: for further information visit https://rust-lang.github.io/rust-clippy/rust-1.98.0/index.html#large_types_passed_by_value
     = note: `-D clippy::large-types-passed-by-value` implied by `-D warnings`
     = help: to override `-D warnings` add `#[allow(clippy::large_types_passed_by_value)]`

error: could not compile `rrrah-dedup` (lib) due to 1 previous error
