   Compiling allocator-api2 v0.2.21
   Compiling rrrah-dedup v0.1.0 (/Users/themoretheless/Documents/Sources/rrrah/crates/rrrah-dedup)
   Compiling hashbrown v0.16.1
   Compiling hayro-interpret v0.7.0 (/Users/themoretheless/Documents/Sources/rrrah/vendor/hayro-interpret)
warning: function `sample_triangles_with_cancel` is never used
   --> vendor/hayro-interpret/src/encode.rs:331:4
    |
331 | fn sample_triangles_with_cancel(triangles: &[Triangle], transform: Affine, bounds: Option<kurbo::Rect>, cancelled: &dyn Fn() -> boo...
    |    ^^^^^^^^^^^^^^^^^^^^^^^^^^^^
    |
    = note: `#[warn(dead_code)]` (part of `#[warn(unused)]`) on by default

   Compiling hayro v0.7.1 (/Users/themoretheless/Documents/Sources/rrrah/vendor/hayro)
   Compiling rrrah-decode v0.1.0 (/Users/themoretheless/Documents/Sources/rrrah/crates/rrrah-decode)
warning: `hayro-interpret` (lib) generated 1 warning
warning: type does not implement `Debug`; consider adding `#[derive(Debug)]` or a manual implementation
  --> crates/rrrah-dedup/src/gradient_index.rs:17:1
   |
17 | / pub struct GradientDescriptorIndex<'a> {
18 | |     entries: &'a [(u64, GradientDescriptor)],
19 | |     order: SharedBuffer<usize>,
20 | |     axis: usize,
21 | |     recipe: GradientCellRecipe,
22 | | }
   | |_^
   |
   = note: requested on the command line with `-W missing-debug-implementations`

warning: `rrrah-dedup` (lib) generated 1 warning
    Finished `test` profile [optimized + debuginfo] target(s) in 1m 01s
     Running tests/candidate_union_files.rs (target/debug/deps/candidate_union_files-ef5cb4d3585751fc)

running 1 test
test fallback_collection_cancellation_source_change_and_restored_retry has been running for over 60 seconds
test fallback_collection_cancellation_source_change_and_restored_retry ... ok

test result: ok. 1 passed; 0 failed; 0 ignored; 0 measured; 8 filtered out; finished in 221.45s

