   Compiling rrrah-dedup v0.1.0 (/Users/themoretheless/Documents/Sources/rrrah/crates/rrrah-dedup)
   Compiling rrrah-decode v0.1.0 (/Users/themoretheless/Documents/Sources/rrrah/crates/rrrah-decode)
warning: type does not implement `Debug`; consider adding `#[derive(Debug)]` or a manual implementation
  --> crates/rrrah-dedup/src/gradient_index.rs:17:1
   |
17 | / pub struct GradientDescriptorIndex<'a> {
18 | |     entries: &'a [(u64, GradientDescriptor)],
19 | |     order: SharedBuffer<usize>,
20 | |     axis: usize,
21 | |     recipe: GradientCellRecipe,
22 | | }
   | |_^
   |
   = note: requested on the command line with `-W missing-debug-implementations`

warning: `rrrah-dedup` (lib) generated 1 warning
    Finished `test` profile [optimized + debuginfo] target(s) in 14.24s
     Running tests/gradient_scale.rs (target/debug/deps/gradient_scale-46e80a2c4638168a)

running 4 tests
test scale_admission_can_cancel_before_allocating ... ok
test admission_and_cancellation_return_no_partial_features ... ok
test managed_scales_exact_peak_last_owner_and_cancellation ... ok
test intermediate_scale_recovers_authored_reduction_without_acceptance_relaxation ... ok

test result: ok. 4 passed; 0 failed; 0 ignored; 0 measured; 0 filtered out; finished in 1.05s

     Running tests/gradient_scale_files.rs (target/debug/deps/gradient_scale_files-bb10e6c0211261b6)

running 7 tests
test scale_list_cancellation_precedes_file_and_iterator_access ... ok
test scaled_files_confirm_pixels_and_refuse_unrelated ... ok
test scale_file_admission_and_cancellation_are_atomic ... ok
test changed_source_refuses_scale_evidence_and_restored_retry_succeeds ... ok
test collection_scale_edges_equal_fresh_pair_confirmation ... ok
test intermediate_scale_files_retain_authored_rotations_and_enlargements ... ok
test collection_scale_mutation_and_cancellation_remove_partial_results ... ok

test result: ok. 7 passed; 0 failed; 0 ignored; 0 measured; 0 filtered out; finished in 13.91s

