   Compiling rrrah-dedup v0.1.0 (/workspace/crates/rrrah-dedup)
    Finished `test` profile [optimized + debuginfo] target(s) in 5.85s
     Running tests/projective_geometry.rs (/validation/target/debug/deps/projective_geometry-2ca9eaaa948a5890)

running 5 tests
test invalid_horizon_and_cancel_checkpoints ... ok
test perspective_mapping_and_permutations ... ok
test perspective_inverse_grid_catches_unsampled_edit ... FAILED
test perspective_pixels_hdr_edits_horizon_and_cancel ... ok
test robust_perspective_outliers_budget_and_cancellation ... ok

failures:

---- perspective_inverse_grid_catches_unsampled_edit stdout ----

thread 'perspective_inverse_grid_catches_unsampled_edit' (170) panicked at crates/rrrah-dedup/tests/projective_geometry.rs:87:51:
assertion `left == right` failed
  left: 4
 right: 5
note: run with `RUST_BACKTRACE=1` environment variable to display a backtrace


failures:
    perspective_inverse_grid_catches_unsampled_edit

test result: FAILED. 4 passed; 1 failed; 0 ignored; 0 measured; 0 filtered out; finished in 0.00s

error: test failed, to rerun pass `-p rrrah-dedup --test projective_geometry`
