{'integrity_passed': True, 'complete': False, 'recorded_pairs': 441, 'required_pairs': 580, 'verified_prepared_images': 530, 'errors': [], 'scope': 'Current input/probe hashes, record coverage and count/memory invariants; no correctness, duplicate-label or historical ABA proof'}
v_graffiti 3 ok
v_graffiti 4 ok
v_graffiti 5 ok
v_graffiti 6 ok
v_home 2 ok
v_home 3 ok
v_home 4 ok
v_home 5 ok
v_home 6 ok
v_laptop 2 ok
v_laptop 3 ok
v_laptop 4 ok
v_laptop 5 ok
v_laptop 6 ok
v_london 2 ok
v_london 3 ok
v_london 4 ok
v_london 5 ok
v_london 6 ok
v_machines 2 ok
v_machines 3 ok
v_machines 4 ok
v_machines 5 ok
v_machines 6 ok
v_man 2 ok
v_man 3 ok
v_man 4 ok
v_man 5 ok
v_man 6 ok
v_maskedman 2 ok
v_maskedman 3 ok
v_maskedman 4 ok
v_maskedman 5 ok
v_maskedman 6 ok
v_pomegranate 2 ok
v_pomegranate 3 ok
v_pomegranate 4 ok
v_pomegranate 5 ok
v_pomegranate 6 ok
v_posters 2 ok
v_posters 3 ok
v_posters 4 ok
v_posters 5 ok
v_posters 6 ok
v_samples 2 ok
v_samples 3 ok
v_samples 4 ok
v_samples 5 ok
v_samples 6 ok
v_soldiers 2 ok
v_soldiers 3 ok
v_soldiers 4 ok
v_soldiers 5 ok
v_soldiers 6 ok
v_strand 2 ok
v_strand 3 ok
v_strand 4 ok
v_strand 5 ok
v_strand 6 ok
v_sunseason 2 ok
v_sunseason 3 ok
v_sunseason 4 ok
v_sunseason 5 ok
v_sunseason 6 ok
v_tabletop 2 ok
v_tabletop 3 ok
v_tabletop 4 ok
v_tabletop 5 ok
v_tabletop 6 ok
v_talent 2 ok
v_talent 3 ok
v_talent 4 ok
v_talent 5 ok
v_talent 6 ok
v_tempera 2 ok
v_tempera 3 ok
v_tempera 4 ok
v_tempera 5 ok
v_tempera 6 ok
v_there 2 ok
v_there 3 ok
v_there 4 ok
v_there 5 ok
v_there 6 ok
v_underground 2 ok
v_underground 3 ok
v_underground 4 ok
v_underground 5 ok
v_underground 6 ok
v_vitro 2 ok
v_vitro 3 ok
v_vitro 4 ok
v_vitro 5 ok
v_vitro 6 ok
v_wall 2 ok
v_wall 3 ok
v_wall 4 ok
v_wall 5 ok
v_wall 6 ok
v_wapping 2 ok
v_wapping 3 ok
v_wapping 4 ok
v_wapping 5 ok
v_wapping 6 ok
v_war 2 ok
v_war 3 ok
v_war 4 ok
v_war 5 ok
v_war 6 ok
v_weapons 2 ok
v_weapons 3 ok
v_weapons 4 ok
v_weapons 5 ok
v_weapons 6 ok
v_woman 2 ok
v_woman 3 ok
v_woman 4 ok
v_woman 5 ok
v_woman 6 ok
v_wormhole 2 ok
v_wormhole 3 ok
v_wormhole 4 ok
v_wormhole 5 ok
v_wormhole 6 ok
v_wounded 2 ok
v_wounded 3 ok
v_wounded 4 ok
v_wounded 5 ok
v_wounded 6 ok
v_yard 2 ok
v_yard 3 ok
v_yard 4 ok
v_yard 5 ok
v_yard 6 ok
v_yuri 2 ok
v_yuri 3 ok
v_yuri 4 ok
v_yuri 5 ok
v_yuri 6 ok
