   Compiling rrrah-dedup v0.1.0 (/Users/themoretheless/Documents/Sources/rrrah/crates/rrrah-dedup)
warning: unused variable: `cancel`
   --> crates/rrrah-dedup/src/local_index.rs:715:5
    |
715 |     cancel: impl Fn() -> bool,
    |     ^^^^^^ help: if this is intentional, prefix it with an underscore: `_cancel`
    |
    = note: `#[warn(unused_variables)]` (part of `#[warn(unused)]`) on by default

warning: `rrrah-dedup` (lib) generated 1 warning (run `cargo fix --lib -p rrrah-dedup` to apply 1 suggestion)
error[E0422]: cannot find struct, variant or union type `LocalRankPolicy` in this scope
  --> crates/rrrah-dedup/examples/local_rank_pixels_probe.rs:92:22
   |
92 |         let policy = LocalRankPolicy {
   |                      ^^^^^^^^^^^^^^^ not found in this scope

warning: unused imports: `ProjectiveGridPolicy`, `build_projective_grid`, and `mesh_rank::compare_mesh_rank_region`
 --> crates/rrrah-dedup/examples/local_rank_pixels_probe.rs:6:17
  |
6 |     mesh_grid::{ProjectiveGridPolicy, build_projective_grid},
  |                 ^^^^^^^^^^^^^^^^^^^^  ^^^^^^^^^^^^^^^^^^^^^
7 |     mesh_rank::compare_mesh_rank_region,
  |     ^^^^^^^^^^^^^^^^^^^^^^^^^^^^^^^^^^^
  |
  = note: `#[warn(unused_imports)]` (part of `#[warn(unused)]`) on by default

error[E0425]: cannot find function `compare_local_rank_region` in this scope
   --> crates/rrrah-dedup/examples/local_rank_pixels_probe.rs:110:15
    |
110 |           match compare_local_rank_region(&av, &bv, model, &points, sr, tr, policy, || false) {
    |                 ^^^^^^^^^^^^^^^^^^^^^^^^^
    |
   ::: crates/rrrah-dedup/src/mesh_rank.rs:47:1
    |
 47 | / pub fn compare_mesh_rank_region(
 48 | |     source: &LinearRgbaView<'_>,
 49 | |     target: &LinearRgbaView<'_>,
 50 | |     grid: &MeshGrid,
...   |
 56 | |     cancel: impl Fn() -> bool,
 57 | | ) -> Result<RankRegionEvidence, RankRegionError> {
    | |________________________________________________- similarly named function `compare_mesh_rank_region` defined here
    |
help: a function with a similar name exists
    |
110 -         match compare_local_rank_region(&av, &bv, model, &points, sr, tr, policy, || false) {
110 +         match compare_mesh_rank_region(&av, &bv, model, &points, sr, tr, policy, || false) {
    |

Some errors have detailed explanations: E0422, E0425.
For more information about an error, try `rustc --explain E0422`.
warning: `rrrah-dedup` (example "local_rank_pixels_probe") generated 1 warning
error: could not compile `rrrah-dedup` (example "local_rank_pixels_probe") due to 2 previous errors; 1 warning emitted
