   Compiling hayro-interpret v0.7.0 (/workspace/vendor/hayro-interpret)
   Compiling hayro v0.7.1
   Compiling rrrah-decode v0.1.0 (/workspace/crates/rrrah-decode)
   Compiling rrrah-dedup v0.1.0 (/workspace/crates/rrrah-dedup)
warning: type does not implement `Debug`; consider adding `#[derive(Debug)]` or a manual implementation
  --> crates/rrrah-dedup/src/gradient_index.rs:17:1
   |
17 | / pub struct GradientDescriptorIndex<'a> {
18 | |     entries: &'a [(u64, GradientDescriptor)],
19 | |     order: SharedBuffer<usize>,
20 | |     axis: usize,
21 | |     recipe: GradientCellRecipe,
22 | | }
   | |_^
   |
   = note: requested on the command line with `-W missing-debug-implementations`

warning: `rrrah-dedup` (lib) generated 1 warning
warning: unused import: `LocalFileError`
  --> crates/rrrah-dedup/tests/five_region_lifecycle.rs:49:13
   |
49 |             LocalFileError, ProjectiveComplementaryFilePolicy, ProjectivePortfolioFilePolicy,
   |             ^^^^^^^^^^^^^^
   |
   = note: `#[warn(unused_imports)]` (part of `#[warn(unused)]`) on by default

warning: linker stderr: /validation/sysroot/usr/bin/ld: /validation/target/debug/deps/libjpegxr-8d01a0594e000fc4.rlib(2e643c6506a180d9-strenc.o): in function `StrIOEncInit':
         /validation/cargo/registry/src/index.crates.io-1949cf8c6b5b557f/jpegxr-0.3.1/jxrlib/image/encode/strenc.c:485:(.text.StrIOEncInit+0xf0): the use of `tmpnam' is dangerous, better use `mkstemp'
  |
  = note: `#[warn(linker_messages)]` on by default

warning: linker stdout: /validation/sysroot/usr/bin/ld: /validation/target/debug/deps/libjpegxr-8d01a0594e000fc4.rlib(2e643c6506a180d9-strenc.o): note: the message above does not take linker garbage collection into account

warning: `rrrah-dedup` (test "five_region_lifecycle") generated 3 warnings (run `cargo fix --test "five_region_lifecycle" -p rrrah-dedup` to apply 1 suggestion)
warning: `rrrah-dedup` (test "region_grid") generated 2 warnings (2 duplicates)
warning: unused import: `LocalFileError`
  --> crates/rrrah-dedup/tests/five_collection.rs:49:13
   |
49 |             LocalFileError, ProjectiveComplementaryFilePolicy, ProjectivePortfolioFilePolicy,
   |             ^^^^^^^^^^^^^^
   |
   = note: `#[warn(unused_imports)]` (part of `#[warn(unused)]`) on by default

warning: `rrrah-dedup` (test "five_collection") generated 3 warnings (2 duplicates) (run `cargo fix --test "five_collection" -p rrrah-dedup` to apply 1 suggestion)
warning: unused import: `compare_local_files_projective`
 --> crates/rrrah-dedup/tests/region_grid_files.rs:8:35
  |
8 |     local_scan::{LocalFilePolicy, compare_local_files_projective},
  |                                   ^^^^^^^^^^^^^^^^^^^^^^^^^^^^^^
  |
  = note: `#[warn(unused_imports)]` (part of `#[warn(unused)]`) on by default

warning: unused import: `compare_local_files_projective_pyramid_photometric`
  --> crates/rrrah-dedup/tests/region_grid_files.rs:50:13
   |
50 |             compare_local_files_projective_pyramid_photometric,
   |             ^^^^^^^^^^^^^^^^^^^^^^^^^^^^^^^^^^^^^^^^^^^^^^^^^^

warning: `rrrah-dedup` (test "region_grid_files") generated 4 warnings (2 duplicates) (run `cargo fix --test "region_grid_files" -p rrrah-dedup` to apply 2 suggestions)
    Finished `test` profile [optimized + debuginfo] target(s) in 2m 43s
     Running tests/five_collection.rs (/validation/target/debug/deps/five_collection-0832d8bcdb9dbbed)

running 1 test
test five_search_collection_matches_direct_and_source_lifecycle has been running for over 60 seconds
test five_search_collection_matches_direct_and_source_lifecycle ... ok

test result: ok. 1 passed; 0 failed; 0 ignored; 0 measured; 0 filtered out; finished in 100.01s

     Running tests/five_region_lifecycle.rs (/validation/target/debug/deps/five_region_lifecycle-78de8c943d42aedf)

running 1 test
test joined_regions_cancel_mutation_and_retry_are_atomic has been running for over 60 seconds
test joined_regions_cancel_mutation_and_retry_are_atomic ... ok

test result: ok. 1 passed; 0 failed; 0 ignored; 0 measured; 0 filtered out; finished in 94.78s

     Running tests/region_grid.rs (/validation/target/debug/deps/region_grid-a44618db45bbdde2)

running 3 tests
test horizons_limits_and_final_cancellation_refuse_atomically ... ok
test irregular_identity_grid_partitions_and_owned_credit ... ok
test independent_translation_quarter_turn_and_small_image_domains ... ok

test result: ok. 3 passed; 0 failed; 0 ignored; 0 measured; 0 filtered out; finished in 0.00s

     Running tests/region_grid_files.rs (/validation/target/debug/deps/region_grid_files-c2afc78b6a9eb97e)

running 1 test
test automatic_region_grid_matches_declared_regions_and_lifecycle ... ok

test result: ok. 1 passed; 0 failed; 0 ignored; 0 measured; 0 filtered out; finished in 6.11s

