   Compiling rrrah-dedup v0.1.0 (/Users/themoretheless/Documents/Sources/rrrah/crates/rrrah-dedup)
error[E0308]: mismatched types
   --> crates/rrrah-dedup/tests/projective_geometry.rs:275:35
    |
275 |     let a=LinearRgbaView::new(5,5,&source,25,||false).unwrap();
    |           -------------------     ^^^^^^^ expected `&[f32]`, found `&Vec<[{float}; 4]>`
    |           |
    |           arguments to this function are incorrect
    |
    = note: expected reference `&[f32]`
               found reference `&Vec<[{float}; 4]>`
note: associated function defined here
   --> crates/rrrah-dedup/src/linear.rs:57:12
    |
 57 |     pub fn new(
    |            ^^^

error[E0308]: mismatched types
   --> crates/rrrah-dedup/tests/projective_geometry.rs:276:35
    |
276 |     let b=LinearRgbaView::new(5,5,&edited,25,||false).unwrap();
    |           -------------------     ^^^^^^^ expected `&[f32]`, found `&Vec<[{float}; 4]>`
    |           |
    |           arguments to this function are incorrect
    |
    = note: expected reference `&[f32]`
               found reference `&Vec<[{float}; 4]>`
note: associated function defined here
   --> crates/rrrah-dedup/src/linear.rs:57:12
    |
 57 |     pub fn new(
    |            ^^^

For more information about this error, try `rustc --explain E0308`.
error: could not compile `rrrah-dedup` (test "projective_geometry") due to 2 previous errors
warning: build failed, waiting for other jobs to finish...
