   Compiling rrrah-dedup v0.1.0 (/Users/themoretheless/Documents/Sources/rrrah/crates/rrrah-dedup)
   Compiling rrrah-decode v0.1.0 (/Users/themoretheless/Documents/Sources/rrrah/crates/rrrah-decode)
warning: function `error` is never used
 --> crates/rrrah-decode/src/camtiff/mef_sensor.rs:4:4
  |
4 | fn error(message: &str) -> DecodeError {
  |    ^^^^^
  |
  = note: `#[warn(dead_code)]` (part of `#[warn(unused)]`) on by default

warning: function `packed_12` is never used
 --> crates/rrrah-decode/src/camtiff/mef_sensor.rs:9:4
  |
9 | fn packed_12(
  |    ^^^^^^^^^

warning: function `decode_zd` is never used
  --> crates/rrrah-decode/src/camtiff/mef_sensor.rs:48:15
   |
48 | pub(super) fn decode_zd(
   |               ^^^^^^^^^

warning: `rrrah-decode` (lib) generated 3 warnings
    Finished `test` profile [optimized + debuginfo] target(s) in 16.12s
     Running unittests src/lib.rs (/tmp/rrrah-dedup-target/debug/deps/rrrah_dedup-454c8ffc9a750145)

running 3 tests

thread 'container::reuse_tests::retained_left_survives_memory_refusal_and_releases_before_row_change' (46400334) panicked at crates/rrrah-dedup/src/container.rs:775:9:
Err(Animation(Decode(Decode(Source(Memory(Capacity { requested: 360, used: 4194304, limit: 4194304 }))))))
note: run with `RUST_BACKTRACE=1` environment variable to display a backtrace
test container::reuse_tests::retained_left_survives_memory_refusal_and_releases_before_row_change ... FAILED
test container::reuse_tests::retained_left_reuses_pixels_and_rejects_changed_source_and_cancellation ... ok
test container::reuse_tests::reused_pair_latches_every_cancellation_checkpoint_and_generation_token ... ok

failures:

failures:
    container::reuse_tests::retained_left_survives_memory_refusal_and_releases_before_row_change

test result: FAILED. 2 passed; 1 failed; 0 ignored; 0 measured; 22 filtered out; finished in 0.02s

error: test failed, to rerun pass `-p rrrah-dedup --lib`
