[
  {
    "edge_quartile": 0,
    "maximum_edge_range": [
      4.9999999999999805,
      16.999999999999975
    ],
    "valid_sites": 1613,
    "informative_pairs": 10942,
    "agreement_fraction": 0.9682873332114788
  },
  {
    "edge_quartile": 1,
    "maximum_edge_range": [
      17.27183472139118,
      33.62352210115768
    ],
    "valid_sites": 7092,
    "informative_pairs": 45536,
    "agreement_fraction": 0.9405525298664793
  },
  {
    "edge_quartile": 2,
    "maximum_edge_range": [
      33.941125496954214,
      74.19231766160159
    ],
    "valid_sites": 19563,
    "informative_pairs": 113317,
    "agreement_fraction": 0.8767175269377058
  },
  {
    "edge_quartile": 3,
    "maximum_edge_range": [
      74.61499956047284,
      382.997920303065
    ],
    "valid_sites": 148948,
    "informative_pairs": 879030,
    "agreement_fraction": 0.7643277248785593
  }
]
