{
  "status": "verified_bidirectional_completed_prefix",
  "report_sha256": "66fee02e2f359d0cbebc1abe1453790a95abb28de0f228ed4b5fb602b1d0e8d8",
  "verified_queries": 156,
  "verified_models": 217,
  "verified_native_collection_queries": 156,
  "lane_support_gains": [
    {
      "query_id": "200001.jpg",
      "lane": 0,
      "old_supports": 7,
      "new_supports": 21
    },
    {
      "query_id": "200001.jpg",
      "lane": 1,
      "old_supports": 7,
      "new_supports": 21
    },
    {
      "query_id": "200102.jpg",
      "lane": 0,
      "old_supports": 6,
      "new_supports": 14
    },
    {
      "query_id": "200102.jpg",
      "lane": 1,
      "old_supports": 6,
      "new_supports": 14
    },
    {
      "query_id": "200303.jpg",
      "lane": 0,
      "old_supports": 16,
      "new_supports": 32
    },
    {
      "query_id": "200303.jpg",
      "lane": 1,
      "old_supports": 16,
      "new_supports": 32
    },
    {
      "query_id": "200701.jpg",
      "lane": 0,
      "old_supports": 7,
      "new_supports": 20
    },
    {
      "query_id": "200701.jpg",
      "lane": 1,
      "old_supports": 9,
      "new_supports": 25
    },
    {
      "query_id": "200901.jpg",
      "lane": 0,
      "old_supports": 1,
      "new_supports": 7
    },
    {
      "query_id": "200901.jpg",
      "lane": 1,
      "old_supports": 1,
      "new_supports": 7
    },
    {
      "query_id": "201001.jpg",
      "lane": 0,
      "old_supports": 5,
      "new_supports": 10
    },
    {
      "query_id": "201001.jpg",
      "lane": 1,
      "old_supports": 5,
      "new_supports": 10
    },
    {
      "query_id": "201101.jpg",
      "lane": 0,
      "old_supports": 5,
      "new_supports": 17
    },
    {
      "query_id": "201101.jpg",
      "lane": 1,
      "old_supports": 6,
      "new_supports": 19
    },
    {
      "query_id": "201201.jpg",
      "lane": 0,
      "old_supports": 5,
      "new_supports": 9
    },
    {
      "query_id": "201201.jpg",
      "lane": 1,
      "old_supports": 6,
      "new_supports": 12
    },
    {
      "query_id": "201202.jpg",
      "lane": 0,
      "old_supports": 1,
      "new_supports": 2
    },
    {
      "query_id": "201202.jpg",
      "lane": 1,
      "old_supports": 1,
      "new_supports": 2
    },
    {
      "query_id": "201302.jpg",
      "lane": 0,
      "old_supports": 11,
      "new_supports": 27
    },
    {
      "query_id": "201302.jpg",
      "lane": 1,
      "old_supports": 11,
      "new_supports": 27
    },
    {
      "query_id": "201401.jpg",
      "lane": 0,
      "old_supports": 7,
      "new_supports": 14
    },
    {
      "query_id": "201401.jpg",
      "lane": 1,
      "old_supports": 8,
      "new_supports": 16
    },
    {
      "query_id": "201501.jpg",
      "lane": 0,
      "old_supports": 8,
      "new_supports": 21
    },
    {
      "query_id": "201501.jpg",
      "lane": 1,
      "old_supports": 6,
      "new_supports": 14
    },
    {
      "query_id": "201701.jpg",
      "lane": 0,
      "old_supports": 0,
      "new_supports": 4
    },
    {
      "query_id": "201701.jpg",
      "lane": 1,
      "old_supports": 0,
      "new_supports": 1
    },
    {
      "query_id": "201901.jpg",
      "lane": 0,
      "old_supports": 3,
      "new_supports": 8
    },
    {
      "query_id": "201901.jpg",
      "lane": 1,
      "old_supports": 2,
      "new_supports": 6
    },
    {
      "query_id": "202002.jpg",
      "lane": 0,
      "old_supports": 4,
      "new_supports": 10
    },
    {
      "query_id": "202002.jpg",
      "lane": 1,
      "old_supports": 5,
      "new_supports": 12
    },
    {
      "query_id": "202302.jpg",
      "lane": 0,
      "old_supports": 9,
      "new_supports": 24
    },
    {
      "query_id": "202302.jpg",
      "lane": 1,
      "old_supports": 10,
      "new_supports": 25
    },
    {
      "query_id": "202501.jpg",
      "lane": 1,
      "old_supports": 0,
      "new_supports": 1
    },
    {
      "query_id": "202601.jpg",
      "lane": 0,
      "old_supports": 3,
      "new_supports": 6
    },
    {
      "query_id": "202601.jpg",
      "lane": 1,
      "old_supports": 5,
      "new_supports": 9
    },
    {
      "query_id": "202701.jpg",
      "lane": 0,
      "old_supports": 8,
      "new_supports": 23
    },
    {
      "query_id": "202701.jpg",
      "lane": 1,
      "old_supports": 6,
      "new_supports": 18
    },
    {
      "query_id": "202901.jpg",
      "lane": 0,
      "old_supports": 0,
      "new_supports": 3
    },
    {
      "query_id": "202901.jpg",
      "lane": 1,
      "old_supports": 2,
      "new_supports": 6
    },
    {
      "query_id": "203102.jpg",
      "lane": 0,
      "old_supports": 6,
      "new_supports": 21
    },
    {
      "query_id": "203102.jpg",
      "lane": 1,
      "old_supports": 6,
      "new_supports": 19
    },
    {
      "query_id": "203201.jpg",
      "lane": 0,
      "old_supports": 1,
      "new_supports": 4
    },
    {
      "query_id": "203201.jpg",
      "lane": 1,
      "old_supports": 1,
      "new_supports": 5
    },
    {
      "query_id": "203302.jpg",
      "lane": 0,
      "old_supports": 8,
      "new_supports": 24
    },
    {
      "query_id": "203302.jpg",
      "lane": 1,
      "old_supports": 6,
      "new_supports": 19
    },
    {
      "query_id": "203401.jpg",
      "lane": 0,
      "old_supports": 1,
      "new_supports": 2
    },
    {
      "query_id": "203401.jpg",
      "lane": 1,
      "old_supports": 0,
      "new_supports": 1
    },
    {
      "query_id": "203501.jpg",
      "lane": 0,
      "old_supports": 8,
      "new_supports": 15
    },
    {
      "query_id": "203501.jpg",
      "lane": 1,
      "old_supports": 8,
      "new_supports": 16
    },
    {
      "query_id": "203601.jpg",
      "lane": 0,
      "old_supports": 5,
      "new_supports": 15
    },
    {
      "query_id": "203601.jpg",
      "lane": 1,
      "old_supports": 6,
      "new_supports": 14
    },
    {
      "query_id": "204201.jpg",
      "lane": 0,
      "old_supports": 2,
      "new_supports": 4
    },
    {
      "query_id": "204201.jpg",
      "lane": 1,
      "old_supports": 2,
      "new_supports": 5
    },
    {
      "query_id": "204301.jpg",
      "lane": 0,
      "old_supports": 3,
      "new_supports": 6
    },
    {
      "query_id": "204301.jpg",
      "lane": 1,
      "old_supports": 7,
      "new_supports": 12
    },
    {
      "query_id": "204401.jpg",
      "lane": 1,
      "old_supports": 0,
      "new_supports": 1
    },
    {
      "query_id": "204501.jpg",
      "lane": 0,
      "old_supports": 2,
      "new_supports": 3
    },
    {
      "query_id": "204501.jpg",
      "lane": 1,
      "old_supports": 3,
      "new_supports": 7
    },
    {
      "query_id": "204701.jpg",
      "lane": 0,
      "old_supports": 1,
      "new_supports": 5
    },
    {
      "query_id": "204701.jpg",
      "lane": 1,
      "old_supports": 3,
      "new_supports": 10
    },
    {
      "query_id": "204801.jpg",
      "lane": 0,
      "old_supports": 10,
      "new_supports": 24
    },
    {
      "query_id": "204801.jpg",
      "lane": 1,
      "old_supports": 7,
      "new_supports": 19
    },
    {
      "query_id": "204901.jpg",
      "lane": 0,
      "old_supports": 1,
      "new_supports": 2
    },
    {
      "query_id": "204901.jpg",
      "lane": 1,
      "old_supports": 1,
      "new_supports": 2
    },
    {
      "query_id": "205001.jpg",
      "lane": 1,
      "old_supports": 5,
      "new_supports": 13
    },
    {
      "query_id": "205101.jpg",
      "lane": 0,
      "old_supports": 11,
      "new_supports": 23
    },
    {
      "query_id": "205101.jpg",
      "lane": 1,
      "old_supports": 12,
      "new_supports": 26
    },
    {
      "query_id": "205201.jpg",
      "lane": 0,
      "old_supports": 4,
      "new_supports": 7
    },
    {
      "query_id": "205201.jpg",
      "lane": 1,
      "old_supports": 3,
      "new_supports": 6
    },
    {
      "query_id": "205202.jpg",
      "lane": 0,
      "old_supports": 1,
      "new_supports": 4
    },
    {
      "query_id": "205202.jpg",
      "lane": 1,
      "old_supports": 1,
      "new_supports": 4
    },
    {
      "query_id": "205301.jpg",
      "lane": 0,
      "old_supports": 8,
      "new_supports": 16
    },
    {
      "query_id": "205301.jpg",
      "lane": 1,
      "old_supports": 8,
      "new_supports": 16
    },
    {
      "query_id": "205302.jpg",
      "lane": 0,
      "old_supports": 1,
      "new_supports": 3
    },
    {
      "query_id": "205302.jpg",
      "lane": 1,
      "old_supports": 2,
      "new_supports": 4
    },
    {
      "query_id": "205401.jpg",
      "lane": 0,
      "old_supports": 11,
      "new_supports": 22
    },
    {
      "query_id": "205401.jpg",
      "lane": 1,
      "old_supports": 11,
      "new_supports": 22
    },
    {
      "query_id": "205402.jpg",
      "lane": 0,
      "old_supports": 8,
      "new_supports": 16
    },
    {
      "query_id": "205402.jpg",
      "lane": 1,
      "old_supports": 7,
      "new_supports": 15
    },
    {
      "query_id": "205501.jpg",
      "lane": 0,
      "old_supports": 4,
      "new_supports": 8
    },
    {
      "query_id": "205501.jpg",
      "lane": 1,
      "old_supports": 5,
      "new_supports": 9
    },
    {
      "query_id": "205502.jpg",
      "lane": 0,
      "old_supports": 3,
      "new_supports": 11
    },
    {
      "query_id": "205502.jpg",
      "lane": 1,
      "old_supports": 1,
      "new_supports": 5
    },
    {
      "query_id": "205601.jpg",
      "lane": 0,
      "old_supports": 4,
      "new_supports": 12
    },
    {
      "query_id": "205601.jpg",
      "lane": 1,
      "old_supports": 4,
      "new_supports": 12
    },
    {
      "query_id": "205702.jpg",
      "lane": 1,
      "old_supports": 3,
      "new_supports": 7
    },
    {
      "query_id": "205703.jpg",
      "lane": 0,
      "old_supports": 12,
      "new_supports": 28
    },
    {
      "query_id": "205703.jpg",
      "lane": 1,
      "old_supports": 12,
      "new_supports": 28
    },
    {
      "query_id": "205801.jpg",
      "lane": 0,
      "old_supports": 4,
      "new_supports": 7
    },
    {
      "query_id": "205801.jpg",
      "lane": 1,
      "old_supports": 5,
      "new_supports": 9
    },
    {
      "query_id": "206001.jpg",
      "lane": 0,
      "old_supports": 5,
      "new_supports": 10
    },
    {
      "query_id": "206001.jpg",
      "lane": 1,
      "old_supports": 5,
      "new_supports": 10
    },
    {
      "query_id": "206201.jpg",
      "lane": 0,
      "old_supports": 1,
      "new_supports": 5
    },
    {
      "query_id": "206201.jpg",
      "lane": 1,
      "old_supports": 0,
      "new_supports": 1
    },
    {
      "query_id": "206401.jpg",
      "lane": 0,
      "old_supports": 6,
      "new_supports": 11
    },
    {
      "query_id": "206401.jpg",
      "lane": 1,
      "old_supports": 6,
      "new_supports": 11
    },
    {
      "query_id": "206501.jpg",
      "lane": 0,
      "old_supports": 10,
      "new_supports": 19
    },
    {
      "query_id": "206501.jpg",
      "lane": 1,
      "old_supports": 9,
      "new_supports": 18
    },
    {
      "query_id": "206502.jpg",
      "lane": 0,
      "old_supports": 4,
      "new_supports": 12
    },
    {
      "query_id": "206502.jpg",
      "lane": 1,
      "old_supports": 3,
      "new_supports": 11
    },
    {
      "query_id": "206601.jpg",
      "lane": 0,
      "old_supports": 4,
      "new_supports": 14
    },
    {
      "query_id": "206601.jpg",
      "lane": 1,
      "old_supports": 4,
      "new_supports": 14
    },
    {
      "query_id": "206602.jpg",
      "lane": 0,
      "old_supports": 2,
      "new_supports": 11
    },
    {
      "query_id": "206602.jpg",
      "lane": 1,
      "old_supports": 3,
      "new_supports": 12
    },
    {
      "query_id": "206801.jpg",
      "lane": 0,
      "old_supports": 13,
      "new_supports": 27
    },
    {
      "query_id": "206801.jpg",
      "lane": 1,
      "old_supports": 13,
      "new_supports": 25
    },
    {
      "query_id": "207001.jpg",
      "lane": 0,
      "old_supports": 8,
      "new_supports": 16
    },
    {
      "query_id": "207001.jpg",
      "lane": 1,
      "old_supports": 8,
      "new_supports": 16
    },
    {
      "query_id": "207101.jpg",
      "lane": 0,
      "old_supports": 3,
      "new_supports": 9
    },
    {
      "query_id": "207101.jpg",
      "lane": 1,
      "old_supports": 2,
      "new_supports": 8
    },
    {
      "query_id": "207201.jpg",
      "lane": 0,
      "old_supports": 6,
      "new_supports": 19
    },
    {
      "query_id": "207201.jpg",
      "lane": 1,
      "old_supports": 7,
      "new_supports": 21
    },
    {
      "query_id": "207302.jpg",
      "lane": 0,
      "old_supports": 4,
      "new_supports": 11
    },
    {
      "query_id": "207302.jpg",
      "lane": 1,
      "old_supports": 7,
      "new_supports": 19
    },
    {
      "query_id": "207401.jpg",
      "lane": 0,
      "old_supports": 0,
      "new_supports": 1
    },
    {
      "query_id": "207401.jpg",
      "lane": 1,
      "old_supports": 0,
      "new_supports": 1
    },
    {
      "query_id": "207502.jpg",
      "lane": 0,
      "old_supports": 7,
      "new_supports": 22
    },
    {
      "query_id": "207502.jpg",
      "lane": 1,
      "old_supports": 6,
      "new_supports": 19
    },
    {
      "query_id": "207601.jpg",
      "lane": 0,
      "old_supports": 5,
      "new_supports": 7
    },
    {
      "query_id": "207601.jpg",
      "lane": 1,
      "old_supports": 3,
      "new_supports": 5
    },
    {
      "query_id": "207602.jpg",
      "lane": 0,
      "old_supports": 15,
      "new_supports": 31
    },
    {
      "query_id": "207602.jpg",
      "lane": 1,
      "old_supports": 15,
      "new_supports": 31
    },
    {
      "query_id": "207801.jpg",
      "lane": 1,
      "old_supports": 1,
      "new_supports": 2
    },
    {
      "query_id": "208001.jpg",
      "lane": 0,
      "old_supports": 7,
      "new_supports": 18
    },
    {
      "query_id": "208001.jpg",
      "lane": 1,
      "old_supports": 8,
      "new_supports": 19
    },
    {
      "query_id": "208102.jpg",
      "lane": 0,
      "old_supports": 7,
      "new_supports": 16
    },
    {
      "query_id": "208102.jpg",
      "lane": 1,
      "old_supports": 9,
      "new_supports": 20
    },
    {
      "query_id": "208201.jpg",
      "lane": 0,
      "old_supports": 1,
      "new_supports": 5
    },
    {
      "query_id": "208201.jpg",
      "lane": 1,
      "old_supports": 1,
      "new_supports": 6
    },
    {
      "query_id": "208301.jpg",
      "lane": 0,
      "old_supports": 0,
      "new_supports": 2
    },
    {
      "query_id": "208301.jpg",
      "lane": 1,
      "old_supports": 0,
      "new_supports": 1
    },
    {
      "query_id": "208401.jpg",
      "lane": 0,
      "old_supports": 5,
      "new_supports": 18
    },
    {
      "query_id": "208401.jpg",
      "lane": 1,
      "old_supports": 6,
      "new_supports": 22
    },
    {
      "query_id": "208501.jpg",
      "lane": 0,
      "old_supports": 7,
      "new_supports": 14
    },
    {
      "query_id": "208501.jpg",
      "lane": 1,
      "old_supports": 6,
      "new_supports": 12
    },
    {
      "query_id": "208601.jpg",
      "lane": 0,
      "old_supports": 0,
      "new_supports": 2
    },
    {
      "query_id": "208801.jpg",
      "lane": 1,
      "old_supports": 2,
      "new_supports": 8
    },
    {
      "query_id": "209101.jpg",
      "lane": 0,
      "old_supports": 10,
      "new_supports": 20
    },
    {
      "query_id": "209101.jpg",
      "lane": 1,
      "old_supports": 9,
      "new_supports": 19
    },
    {
      "query_id": "209202.jpg",
      "lane": 0,
      "old_supports": 0,
      "new_supports": 4
    },
    {
      "query_id": "209202.jpg",
      "lane": 1,
      "old_supports": 1,
      "new_supports": 6
    },
    {
      "query_id": "209301.jpg",
      "lane": 0,
      "old_supports": 16,
      "new_supports": 32
    },
    {
      "query_id": "209301.jpg",
      "lane": 1,
      "old_supports": 16,
      "new_supports": 32
    },
    {
      "query_id": "209303.jpg",
      "lane": 0,
      "old_supports": 12,
      "new_supports": 28
    },
    {
      "query_id": "209303.jpg",
      "lane": 1,
      "old_supports": 12,
      "new_supports": 28
    },
    {
      "query_id": "209601.jpg",
      "lane": 0,
      "old_supports": 4,
      "new_supports": 9
    },
    {
      "query_id": "209601.jpg",
      "lane": 1,
      "old_supports": 0,
      "new_supports": 1
    },
    {
      "query_id": "209701.jpg",
      "lane": 0,
      "old_supports": 3,
      "new_supports": 5
    },
    {
      "query_id": "209701.jpg",
      "lane": 1,
      "old_supports": 5,
      "new_supports": 9
    },
    {
      "query_id": "209901.jpg",
      "lane": 0,
      "old_supports": 8,
      "new_supports": 19
    },
    {
      "query_id": "209901.jpg",
      "lane": 1,
      "old_supports": 7,
      "new_supports": 18
    },
    {
      "query_id": "210101.jpg",
      "lane": 0,
      "old_supports": 4,
      "new_supports": 15
    },
    {
      "query_id": "210101.jpg",
      "lane": 1,
      "old_supports": 4,
      "new_supports": 15
    },
    {
      "query_id": "210401.jpg",
      "lane": 0,
      "old_supports": 6,
      "new_supports": 19
    },
    {
      "query_id": "210401.jpg",
      "lane": 1,
      "old_supports": 7,
      "new_supports": 21
    },
    {
      "query_id": "210501.jpg",
      "lane": 0,
      "old_supports": 16,
      "new_supports": 32
    },
    {
      "query_id": "210501.jpg",
      "lane": 1,
      "old_supports": 16,
      "new_supports": 32
    }
  ],
  "scope": "Completed ordered prefix only. Independent domains/pixel admission and prior constituent parity; not full corpus, precision or full-library qualification.",
  "required_queries": 229
}
