   Compiling rrrah-dedup v0.1.0 (/Users/themoretheless/Documents/Sources/rrrah/crates/rrrah-dedup)
   Compiling rrrah-decode v0.1.0 (/Users/themoretheless/Documents/Sources/rrrah/crates/rrrah-decode)
warning: taking a mutable reference to a `const` item
    --> crates/rrrah-dedup/src/managed_metric.rs:218:59
     |
 218 |                     .search(query, radius, entries.len(), &mut usize::MAX, &budget, || false)
     |                                                           ^^^^^^^^^^^^^^^
     |
     = note: each usage of a `const` item creates a new temporary
     = note: the mutable reference will refer to this temporary, not the original `const` item
note: `const` item defined here
    --> /Users/themoretheless/.rustup/toolchains/stable-aarch64-apple-darwin/lib/rustlib/src/rust/library/core/src/num/uint_macros.rs:51:9
     |
  51 |           pub const MAX: Self = !0;
     |           ^^^^^^^^^^^^^^^^^^^
     |
    ::: /Users/themoretheless/.rustup/toolchains/stable-aarch64-apple-darwin/lib/rustlib/src/rust/library/core/src/num/mod.rs:1449:5
     |
1449 | /     uint_impl! {
1450 | |         Self = usize,
1451 | |         ActualT = u64,
1452 | |         SignedT = isize,
...    |
1472 | |         bound_condition = " on 64-bit targets",
1473 | |     }
     | |_____- in this macro invocation
     = note: `#[warn(const_item_mutation)]` on by default
     = note: this warning originates in the macro `uint_impl` (in Nightly builds, run with -Z macro-backtrace for more info)

warning: taking a mutable reference to a `const` item
    --> crates/rrrah-dedup/src/managed_metric.rs:237:36
     |
 237 |             index.search(0, 64, 0, &mut usize::MAX, &budget, || false),
     |                                    ^^^^^^^^^^^^^^^
     |
     = note: each usage of a `const` item creates a new temporary
     = note: the mutable reference will refer to this temporary, not the original `const` item
note: `const` item defined here
    --> /Users/themoretheless/.rustup/toolchains/stable-aarch64-apple-darwin/lib/rustlib/src/rust/library/core/src/num/uint_macros.rs:51:9
     |
  51 |           pub const MAX: Self = !0;
     |           ^^^^^^^^^^^^^^^^^^^
     |
    ::: /Users/themoretheless/.rustup/toolchains/stable-aarch64-apple-darwin/lib/rustlib/src/rust/library/core/src/num/mod.rs:1449:5
     |
1449 | /     uint_impl! {
1450 | |         Self = usize,
1451 | |         ActualT = u64,
1452 | |         SignedT = isize,
...    |
1472 | |         bound_condition = " on 64-bit targets",
1473 | |     }
     | |_____- in this macro invocation
     = note: this warning originates in the macro `uint_impl` (in Nightly builds, run with -Z macro-backtrace for more info)

warning: taking a mutable reference to a `const` item
    --> crates/rrrah-dedup/src/managed_metric.rs:242:37
     |
 242 |             index.search(0, 64, 96, &mut usize::MAX, &budget, || true),
     |                                     ^^^^^^^^^^^^^^^
     |
     = note: each usage of a `const` item creates a new temporary
     = note: the mutable reference will refer to this temporary, not the original `const` item
note: `const` item defined here
    --> /Users/themoretheless/.rustup/toolchains/stable-aarch64-apple-darwin/lib/rustlib/src/rust/library/core/src/num/uint_macros.rs:51:9
     |
  51 |           pub const MAX: Self = !0;
     |           ^^^^^^^^^^^^^^^^^^^
     |
    ::: /Users/themoretheless/.rustup/toolchains/stable-aarch64-apple-darwin/lib/rustlib/src/rust/library/core/src/num/mod.rs:1449:5
     |
1449 | /     uint_impl! {
1450 | |         Self = usize,
1451 | |         ActualT = u64,
1452 | |         SignedT = isize,
...    |
1472 | |         bound_condition = " on 64-bit targets",
1473 | |     }
     | |_____- in this macro invocation
     = note: this warning originates in the macro `uint_impl` (in Nightly builds, run with -Z macro-backtrace for more info)

warning: type does not implement `Debug`; consider adding `#[derive(Debug)]` or a manual implementation
  --> crates/rrrah-dedup/src/gradient_index.rs:17:1
   |
17 | / pub struct GradientDescriptorIndex<'a> {
18 | |     entries: &'a [(u64, GradientDescriptor)],
19 | |     order: SharedBuffer<usize>,
20 | |     axis: usize,
21 | |     recipe: GradientCellRecipe,
22 | | }
   | |_^
   |
   = note: requested on the command line with `-W missing-debug-implementations`

warning: `rrrah-dedup` (lib test) generated 4 warnings
    Finished `test` profile [optimized + debuginfo] target(s) in 2m 02s
     Running unittests src/lib.rs (target/debug/deps/rrrah_dedup-dbe305bf06b05e73)

running 11 tests
test container::reuse_tests::stale_different_signatures_are_errors_and_equal_signatures_require_confirmation ... ok
test container::reuse_tests::retained_left_reuses_pixels_and_rejects_changed_source_and_cancellation ... ok
test container::reuse_tests::retained_left_survives_memory_refusal_and_releases_before_row_change ... ok
test container::reuse_tests::indexed_groups_remove_changed_sources_without_losing_healthy_edges ... ok
test container::reuse_tests::signature_preparation_errors_remain_pair_issues_without_unique_classification ... ok
test container::reuse_tests::candidate_collisions_and_signature_failures_cannot_replace_direct_evidence ... ok
test container::reuse_tests::indexed_groups_keep_labels_under_collisions_failure_and_candidate_caps ... ok
test container::reuse_tests::reused_pair_latches_every_cancellation_checkpoint_and_generation_token ... ok
test container::reuse_tests::indexed_groups_keep_selected_pages_and_animation_scopes_separate ... ok
test container::reuse_tests::whole_signature_pipeline_cancels_at_every_checkpoint_without_report_or_leaks ... ok
test container::reuse_tests::indexed_groups_cancel_without_partial_output_at_every_normal_checkpoint ... ok

test result: ok. 11 passed; 0 failed; 0 ignored; 0 measured; 38 filtered out; finished in 5.58s

