   Compiling arrayvec v0.7.8
   Compiling cfg-if v1.0.4
   Compiling constant_time_eq v0.4.2
   Compiling arrayref v0.3.9
   Compiling blake3 v1.8.5
   Compiling rrrah-dedup v0.1.0 (/Users/themoretheless/Documents/Sources/rrrah/crates/rrrah-dedup)
    Finished `release` profile [optimized] target(s) in 4.53s
     Running `/tmp/rrrah-dedup-target/release/examples/visual_scale_probe`
{"entries":1000,"radius":0,"queries":4,"build_seconds":0.003604833,"index_seconds":0.000017874999999999997,"exhaustive_seconds":0.000024125,"hits":4,"oracle_equal":true}
{"entries":1000,"radius":8,"queries":4,"build_seconds":0.003604833,"index_seconds":0.000040624,"exhaustive_seconds":0.000023958,"hits":4,"oracle_equal":true}
{"entries":1000,"radius":32,"queries":4,"build_seconds":0.003604833,"index_seconds":0.000593375,"exhaustive_seconds":0.000024666,"hits":4,"oracle_equal":true}
{"entries":1000,"radius":128,"queries":4,"build_seconds":0.003604833,"index_seconds":0.002907583,"exhaustive_seconds":0.00007837399999999999,"hits":3983,"oracle_equal":true}
{"entries":1000,"radius":256,"queries":4,"build_seconds":0.003604833,"index_seconds":0.003371709,"exhaustive_seconds":0.000088291,"hits":4000,"oracle_equal":true}
{"entries":10000,"radius":0,"queries":4,"build_seconds":0.07082325,"index_seconds":0.000010500000000000001,"exhaustive_seconds":0.000238083,"hits":4,"oracle_equal":true}
{"entries":10000,"radius":8,"queries":4,"build_seconds":0.07082325,"index_seconds":0.000245959,"exhaustive_seconds":0.000235834,"hits":4,"oracle_equal":true}
{"entries":10000,"radius":32,"queries":4,"build_seconds":0.07082325,"index_seconds":0.007997791,"exhaustive_seconds":0.000233959,"hits":4,"oracle_equal":true}
{"entries":10000,"radius":128,"queries":4,"build_seconds":0.07082325,"index_seconds":0.045097583999999996,"exhaustive_seconds":0.000889417,"hits":39882,"oracle_equal":true}
{"entries":10000,"radius":256,"queries":4,"build_seconds":0.07082325,"index_seconds":0.054326541,"exhaustive_seconds":0.00088075,"hits":40000,"oracle_equal":true}
{"entries":50000,"radius":0,"queries":4,"build_seconds":0.588216417,"index_seconds":0.000011791000000000001,"exhaustive_seconds":0.001188667,"hits":4,"oracle_equal":true}
{"entries":50000,"radius":8,"queries":4,"build_seconds":0.588216417,"index_seconds":0.00077325,"exhaustive_seconds":0.001202418,"hits":4,"oracle_equal":true}
{"entries":50000,"radius":32,"queries":4,"build_seconds":0.588216417,"index_seconds":0.069175,"exhaustive_seconds":0.001190583,"hits":4,"oracle_equal":true}
{"entries":50000,"radius":128,"queries":4,"build_seconds":0.588216417,"index_seconds":0.32376529200000004,"exhaustive_seconds":0.005230833,"hits":199469,"oracle_equal":true}
{"entries":50000,"radius":256,"queries":4,"build_seconds":0.588216417,"index_seconds":0.407082043,"exhaustive_seconds":0.005234583000000001,"hits":200000,"oracle_equal":true}
