
thread 'main' (3659085) panicked at crates/rrrah-dedup/examples/photo_probe.rs:1710:199:
called `Result::unwrap()` on an `Err` value: Budget
note: run with `RUST_BACKTRACE=1` environment variable to display a backtrace
       63.47 real        33.79 user         0.29 sys
            76496896  maximum resident set size
                   0  average shared memory size
                   0  average unshared data size
                   0  average unshared stack size
                4950  page reclaims
                   8  page faults
                   0  swaps
                   0  block input operations
                   0  block output operations
                   0  messages sent
                   0  messages received
                   0  signals received
                   0  voluntary context switches
               59792  involuntary context switches
        387331454992  instructions retired
        108723679124  cycles elapsed
            71565792  peak memory footprint
