i_ajuntament 2 ok
i_ajuntament 3 ok
i_ajuntament 4 ok
i_ajuntament 5 ok
i_ajuntament 6 ok
i_autannes 2 ok
i_autannes 3 ok
i_autannes 4 ok
i_autannes 5 ok
i_autannes 6 ok
i_bologna 2 ok
i_bologna 3 ok
i_bologna 4 ok
i_bologna 5 ok
i_bologna 6 ok
i_books 2 ok
i_books 3 ok
i_books 4 ok
i_books 5 ok
i_books 6 ok
i_boutique 2 ok
i_boutique 3 ok
i_boutique 4 ok
i_boutique 5 ok
i_boutique 6 ok
i_bridger 2 ok
i_bridger 3 ok
i_bridger 4 ok
i_bridger 5 ok
i_bridger 6 ok
i_brooklyn 2 ok
i_brooklyn 3 ok
i_brooklyn 4 ok
i_brooklyn 5 ok
i_brooklyn 6 ok
i_castle 2 ok
i_castle 3 ok
i_castle 4 ok
i_castle 5 ok
i_castle 6 ok
i_chestnuts 2 ok
i_chestnuts 3 ok
i_chestnuts 4 ok
i_chestnuts 5 ok
i_chestnuts 6 ok
i_contruction 2 ok
i_contruction 3 ok
i_contruction 4 ok
i_contruction 5 ok
i_contruction 6 ok
i_crownday 2 ok
i_crownday 3 ok
i_crownday 4 ok
i_crownday 5 ok
i_crownday 6 ok
i_crownnight 2 ok
i_crownnight 3 ok
i_crownnight 4 ok
i_crownnight 5 ok
i_crownnight 6 ok
i_dc 2 ok
i_dc 3 ok
i_dc 4 ok
i_dc 5 ok
i_dc 6 ok
i_dome 2 ok
i_dome 3 ok
i_dome 4 ok
i_dome 5 ok
i_dome 6 ok
i_duda 2 ok
i_duda 3 ok
i_duda 4 ok
i_duda 5 ok
i_duda 6 ok
i_fenis 2 ok
i_fenis 3 ok
i_fenis 4 ok
i_fenis 5 ok
i_fenis 6 ok
i_fog 2 ok
i_fog 3 ok
i_fog 4 ok
i_fog 5 ok
i_fog 6 ok
i_fruits 2 ok
i_fruits 3 ok
i_fruits 4 ok
i_fruits 5 ok
i_fruits 6 ok
i_gonnenberg 2 ok
i_gonnenberg 3 ok
i_gonnenberg 4 ok
i_gonnenberg 5 ok
i_gonnenberg 6 ok
i_greenhouse 2 ok
i_greenhouse 3 ok
i_greenhouse 4 ok
i_greenhouse 5 ok
i_greenhouse 6 ok
i_greentea 2 ok
i_greentea 3 ok
i_greentea 4 ok
i_greentea 5 ok
i_greentea 6 ok
i_indiana 2 ok
i_indiana 3 ok
i_indiana 4 ok
i_indiana 5 ok
i_indiana 6 ok
i_kions 2 ok
i_kions 3 ok
i_kions 4 ok
i_kions 5 ok
i_kions 6 ok
i_ktirio 2 ok
i_ktirio 3 ok
i_ktirio 4 ok
i_ktirio 5 ok
i_ktirio 6 ok
i_kurhaus 2 ok
i_kurhaus 3 ok
i_kurhaus 4 ok
i_kurhaus 5 ok
i_kurhaus 6 ok
i_leuven 2 ok
i_leuven 3 ok
i_leuven 4 ok
i_leuven 5 ok
i_leuven 6 ok
i_lionday 2 ok
i_lionday 3 ok
i_lionday 4 ok
i_lionday 5 ok
i_lionday 6 ok
i_lionnight 2 ok
i_lionnight 3 ok
i_lionnight 4 ok
i_lionnight 5 ok
i_lionnight 6 ok
i_londonbridge 2 ok
i_londonbridge 3 ok
i_londonbridge 4 ok
i_londonbridge 5 ok
i_londonbridge 6 ok
i_melon 2 ok
i_melon 3 ok
i_melon 4 ok
i_melon 5 ok
i_melon 6 ok
i_miniature 2 ok
i_miniature 3 ok
i_miniature 4 ok
i_miniature 5 ok
i_miniature 6 ok
i_nescafe 2 ok
i_nescafe 3 ok
i_nescafe 4 ok
i_nescafe 5 ok
i_nescafe 6 ok
i_nijmegen 2 ok
i_nijmegen 3 ok
i_nijmegen 4 ok
i_nijmegen 5 ok
i_nijmegen 6 ok
i_nuts 2 ok
i_nuts 3 ok
i_nuts 4 ok
i_nuts 5 ok
i_nuts 6 ok
i_objects 2 ok
i_objects 3 ok
i_objects 4 ok
i_objects 5 ok
i_objects 6 ok
i_parking 2 ok
i_parking 3 ok
i_parking 4 ok
i_parking 5 ok
i_parking 6 ok
i_partyfood 2 ok
i_partyfood 3 ok
i_partyfood 4 ok
i_partyfood 5 ok
i_partyfood 6 ok
i_pencils 2 ok
i_pencils 3 ok
i_pencils 4 ok
i_pencils 5 ok
i_pencils 6 ok
i_pinard 2 ok
i_pinard 3 ok
i_pinard 4 ok
i_pinard 5 ok
i_pinard 6 ok
i_pool 2 ok
i_pool 3 ok
i_pool 4 ok
i_pool 5 ok
i_pool 6 ok
i_porta 2 ok
i_porta 3 ok
i_porta 4 ok
i_porta 5 ok
i_porta 6 ok
i_resort 2 ok
i_resort 3 ok
i_resort 4 ok
i_resort 5 ok
i_resort 6 ok
i_salon 2 ok
i_salon 3 ok
i_salon 4 ok
i_salon 5 ok
i_salon 6 ok
i_santuario 2 ok
i_santuario 3 ok
i_santuario 4 ok
i_santuario 5 ok
i_santuario 6 ok
i_school 2 ok
i_school 3 ok
i_school 4 ok
i_school 5 ok
i_school 6 ok
i_ski 2 ok
i_ski 3 ok
i_ski 4 ok
i_ski 5 ok
i_ski 6 ok
i_smurf 2 ok
i_smurf 3 ok
i_smurf 4 ok
i_smurf 5 ok
i_smurf 6 ok
i_steps 2 ok
i_steps 3 ok
i_steps 4 ok
i_steps 5 ok
i_steps 6 ok
i_table 2 ok
i_table 3 ok
i_table 4 ok
i_table 5 ok
i_table 6 ok
i_tools 2 ok
i_tools 3 error
i_tools 4 ok
i_tools 5 ok
i_tools 6 ok
i_toy 2 ok
i_toy 3 ok
i_toy 4 ok
i_toy 5 ok
i_toy 6 ok
i_troulos 2 ok
i_troulos 3 ok
i_troulos 4 ok
i_troulos 5 ok
i_troulos 6 ok
i_veggies 2 ok
i_veggies 3 ok
i_veggies 4 ok
i_veggies 5 ok
i_veggies 6 ok
i_village 2 ok
i_village 3 ok
i_village 4 ok
i_village 5 ok
i_village 6 ok
i_whitebuilding 2 ok
i_whitebuilding 3 ok
i_whitebuilding 4 ok
i_whitebuilding 5 ok
i_whitebuilding 6 ok
