   Compiling rrrah-dedup v0.1.0 (/Users/themoretheless/Documents/Sources/rrrah/crates/rrrah-dedup)
warning: function `error` is never used
 --> crates/rrrah-decode/src/camtiff/mef_sensor.rs:4:4
  |
4 | fn error(message: &str) -> DecodeError {
  |    ^^^^^
  |
  = note: `#[warn(dead_code)]` (part of `#[warn(unused)]`) on by default

warning: function `packed_12` is never used
 --> crates/rrrah-decode/src/camtiff/mef_sensor.rs:9:4
  |
9 | fn packed_12(
  |    ^^^^^^^^^

warning: function `decode_zd` is never used
  --> crates/rrrah-decode/src/camtiff/mef_sensor.rs:48:15
   |
48 | pub(super) fn decode_zd(
   |               ^^^^^^^^^

warning: `rrrah-decode` (lib) generated 3 warnings
    Finished `test` profile [optimized + debuginfo] target(s) in 14.43s
     Running tests/groups.rs (/tmp/rrrah-dedup-target/debug/deps/groups-8d7551a0dd15d267)

running 3 tests
test invalid_input_budget_and_cancellation_are_explicit ... ok
test nontransitive_chain_preserves_edge_without_inventing_pair ... ok
test every_emitted_group_has_all_pairs_for_all_small_graphs ... ok

test result: ok. 3 passed; 0 failed; 0 ignored; 0 measured; 0 filtered out; finished in 0.00s

     Running tests/pixel_search.rs (/tmp/rrrah-dedup-target/debug/deps/pixel_search-e8535cb037a13475)

running 14 tests
test opaque_uniform_png_and_independently_encoded_bmp_are_discovered_as_equal ... ok
test indexed_source_changed_before_its_decode_is_not_admitted_as_fresh ... ok
test untagged_hdr_requires_color_qualification_even_with_encoded_srgb_assumption ... ok
test recursive_request_factory_preserves_explicit_hdr_color_and_discovered_paths ... ok
test changed_source_discards_every_stale_decision_and_preserves_healthy_pairs ... ok
test indexed_roots_preserve_non_utf8_diagnostics_without_losing_healthy_equality ... ok
test explicitly_qualified_linear_hdr_matches_endianness_without_losing_precision_or_scale ... ok
test indexed_changed_source_discards_stale_pairs ... ok
test final_generation_change_and_transient_user_cancel_return_no_report ... ok
test recursive_pixel_search_keeps_corrupt_and_missing_sources_as_diagnostics ... ok
test indexed_pixel_permission_error_preserves_healthy_pairs_and_recovers ... ok
test indexed_recursive_search_isolates_corruption_and_preserves_overlapping_roots ... ok
test indexed_final_generation_and_transient_cancel_return_no_report ... ok
test indexed_unique_collection_fits_zero_pair_budget_and_decodes_once_per_key ... ok

test result: ok. 14 passed; 0 failed; 0 ignored; 0 measured; 0 filtered out; finished in 0.06s

     Running tests/scan.rs (/tmp/rrrah-dedup-target/debug/deps/scan-191c9d95467ecbab)

running 6 tests
test confirmation_mutation_generation_and_memory_are_inconclusive ... ok
test recursive_visual_discovery_keeps_aliases_and_errors_visible ... ok
test pixel_group_final_checks_observe_generation_cancellation ... ok
test group_admission_invalidates_edges_from_changed_source ... ok
test batch_errors_cache_and_pair_evidence_are_integrated ... ok
test tiff_page_fingerprints_and_confirmation_share_profile_and_limits ... ok

test result: ok. 6 passed; 0 failed; 0 ignored; 0 measured; 0 filtered out; finished in 0.01s

     Running tests/sequence.rs (/tmp/rrrah-dedup-target/debug/deps/sequence-950adb0973288b28)

running 6 tests
test complete_coverage_is_required ... ok
test animation_requires_timing_and_compares_repetitions ... ok
test equivalent_timelines_ignore_frame_splits_but_keep_time_and_pixels ... ok
test first_frame_match_does_not_hide_changed_last_frame ... ok
test rational_extremes_fail_explicitly_without_wrapping ... ok
test timeline_comparison_matches_independent_discrete_presentation_oracle ... ok

test result: ok. 6 passed; 0 failed; 0 ignored; 0 measured; 0 filtered out; finished in 0.00s

     Running tests/visual.rs (/tmp/rrrah-dedup-target/debug/deps/visual-357263cc598dcf1c)

running 6 tests
test fallible_insert_enforces_total_ids_without_partial_mutation ... ok
test duplicate_ids_budgets_and_cancel_do_not_return_partial_indexes ... ok
test fallible_search_result_caps_are_inconclusive_and_leave_index_unchanged ... ok
test cancellation_inside_large_collision_bucket_is_observed ... ok
test cancelled_insertions_preserve_collision_buckets_and_deep_trees ... ok
test complete_recipe_index_matches_exhaustive_oracle ... ok

test result: ok. 6 passed; 0 failed; 0 ignored; 0 measured; 0 filtered out; finished in 0.03s

