time="2026-10-06T17:51:17+04:00" level=info msg="starting colima"
time="2026-10-06T17:51:17+04:00" level=info msg="runtime: docker"
time="2026-10-06T17:51:17+04:00" level=info msg="starting ..." context=vm
time="2026-10-06T17:51:17+04:00" level=info msg="Using the existing instance `colima`"
time="2026-10-06T17:51:17+04:00" level=info msg="Starting the instance `colima` with internal VM driver `vz`"
time="2026-10-06T17:51:18+04:00" level=info msg="[hostagent] hostagent socket created at /Users/themoretheless/.colima/_lima/colima/ha.sock"
time="2026-10-06T17:51:18+04:00" level=info msg="[hostagent] Starting VZ (hint: to watch the boot progress, see `/Users/themoretheless/.colima/_lima/colima/serial*.log`)"
time="2026-10-06T17:51:18+04:00" level=info msg="[hostagent] Mounting disk `colima` on `/mnt/lima-colima`"
time="2026-10-06T17:51:18+04:00" level=info msg="[hostagent] [VZ] - vm state change: running"
time="2026-10-06T17:51:24+04:00" level=info msg="[hostagent] SSH server does not seem to be running on vsock port, using usernet forwarder"
time="2026-10-06T17:51:24+04:00" level=info msg="SSH Local Port: 57076"
time="2026-10-06T17:51:24+04:00" level=info msg="[hostagent] Waiting for the essential requirement 1 of 3: `ssh`"
time="2026-10-06T17:51:24+04:00" level=info msg="[hostagent] The essential requirement 1 of 3 is satisfied"
time="2026-10-06T17:51:24+04:00" level=info msg="[hostagent] Waiting for the essential requirement 2 of 3: `user session is ready for ssh`"
time="2026-10-06T17:51:24+04:00" level=info msg="[hostagent] The essential requirement 2 of 3 is satisfied"
time="2026-10-06T17:51:24+04:00" level=info msg="[hostagent] Waiting for the essential requirement 3 of 3: `Explicitly start ssh ControlMaster`"
time="2026-10-06T17:51:24+04:00" level=info msg="[hostagent] The essential requirement 3 of 3 is satisfied"
time="2026-10-06T17:51:24+04:00" level=info msg="[hostagent] Waiting for the guest agent to be running"
time="2026-10-06T17:51:24+04:00" level=info msg="[hostagent] Forwarding `/var/run/docker.sock` (guest) to `/Users/themoretheless/.colima/default/docker.sock` (host)"
time="2026-10-06T17:51:24+04:00" level=info msg="[hostagent] Forwarding `/var/run/containerd/containerd.sock` (guest) to `/Users/themoretheless/.colima/default/containerd.sock` (host)"
time="2026-10-06T17:51:24+04:00" level=info msg="[hostagent] Forwarding `/var/run/docker.sock` (guest) to `/Users/themoretheless/.colima/docker.sock` (host)"
time="2026-10-06T17:51:24+04:00" level=info msg="[hostagent] Guest agent is running"
time="2026-10-06T17:51:24+04:00" level=info msg="[hostagent] Time sync: guest agent is alive, starting time synchronization"
time="2026-10-06T17:51:24+04:00" level=info msg="[hostagent] Waiting for the final requirement 1 of 1: `boot scripts must have finished`"
time="2026-10-06T17:51:24+04:00" level=info msg="[hostagent] Forwarding TCP from 127.0.0.1:53 to 127.0.0.1:53"
time="2026-10-06T17:51:24+04:00" level=info msg="[hostagent] Forwarding `127.0.0.1:53` (guest) to `/tmp/lima-psl-127.0.0.1-53-4087977416/sock` (host)"
time="2026-10-06T17:51:24+04:00" level=info msg="[hostagent] Not forwarding TCP 192.168.5.1:53"
time="2026-10-06T17:51:24+04:00" level=info msg="[hostagent] Not forwarding TCP 0.0.0.0:22"
time="2026-10-06T17:51:24+04:00" level=info msg="[hostagent] Forwarding TCP from [::1]:53 to 127.0.0.1:53"
time="2026-10-06T17:51:24+04:00" level=info msg="[hostagent] Forwarding `[::1]:53` (guest) to `/tmp/lima-psl-127.0.0.1-53-3950842793/sock` (host)"
time="2026-10-06T17:51:24+04:00" level=info msg="[hostagent] Stopping forwarding `[::1]:53` (guest) to `/tmp/lima-psl-127.0.0.1-53-3950842793/sock` (host)"
time="2026-10-06T17:51:24+04:00" level=warning msg="[hostagent] failed to set up forwarding tcp port 53 (negligible if already forwarded)" error="listen tcp 0.0.0.0:53: bind: address already in use"
time="2026-10-06T17:51:24+04:00" level=info msg="[hostagent] Not forwarding TCP [::]:22"
time="2026-10-06T17:51:24+04:00" level=info msg="[hostagent] Not forwarding TCP [fe80::5055:55ff:feea:d858]:53"
time="2026-10-06T17:51:27+04:00" level=info msg="READY. Run `limactl shell colima` to open the shell."
installing: 386 OK
installing: amd64 OK
{
  "supported": [
    "linux/arm64",
    "linux/amd64",
    "linux/386"
  ],
  "emulators": [
    "python3.12",
    "qemu-i386",
    "qemu-x86_64"
  ]
}
time="2026-10-06T17:51:28+04:00" level=info msg="provisioning ..." context=docker
colima
Current context is now "colima"
Warning: DOCKER_HOST environment variable overrides the active context. To use "colima", either set the global --context flag, or unset DOCKER_HOST environment variable.
time="2026-10-06T17:51:29+04:00" level=info msg="starting ..." context=docker
time="2026-10-06T17:51:30+04:00" level=info msg=done
