   Compiling rrrah-dedup v0.1.0 (/Users/themoretheless/Documents/Sources/rrrah/crates/rrrah-dedup)
warning: function `error` is never used
 --> crates/rrrah-decode/src/camtiff/mef_sensor.rs:4:4
  |
4 | fn error(message: &str) -> DecodeError {
  |    ^^^^^
  |
  = note: `#[warn(dead_code)]` (part of `#[warn(unused)]`) on by default

warning: function `packed_12` is never used
 --> crates/rrrah-decode/src/camtiff/mef_sensor.rs:9:4
  |
9 | fn packed_12(
  |    ^^^^^^^^^

warning: function `decode_zd` is never used
  --> crates/rrrah-decode/src/camtiff/mef_sensor.rs:48:15
   |
48 | pub(super) fn decode_zd(
   |               ^^^^^^^^^

warning: `rrrah-decode` (lib) generated 3 warnings
    Finished `test` profile [optimized + debuginfo] target(s) in 2m 09s
     Running tests/container.rs (target/debug/deps/container-9cc69093f9b2b030)

running 14 tests
test exhaustive_scan_does_not_filter_on_zero_duration_first_frame ... ok
test selected_frame_does_not_establish_whole_animation_identity ... ok
test dcx_icon_and_cursor_page_modes_use_existing_full_decoders ... ok
test recursive_complete_animation_groups_preserve_paths_aliases_and_errors ... ok
test generation_change_at_final_group_admission_returns_no_result ... ok
test batch_full_presentations_preserve_negative_and_error_evidence ... ok
test automatic_directory_search_groups_renamed_containers_and_retains_detection_failures ... ok
test complete_animation_groups_remove_stale_edges_and_keep_healthy_group ... ok
test complete_page_comparison_rejects_last_page_changes_and_limits ... ok
test indexed_recursive_corrupt_animation_is_inconclusive_and_preserves_healthy_edges ... ok
test indexed_recursive_memory_refusals_are_attributed_and_retry_recovers_all_edges ... ok
test indexed_recursive_source_change_removes_stale_edges_and_retry_restores_them ... ok
test mixed_recursive_indexed_presentations_cover_all_three_scope_classes ... ok
test indexed_recursive_modes_retain_labelled_groups_with_candidate_only_budget ... ok

test result: ok. 14 passed; 0 failed; 0 ignored; 0 measured; 0 filtered out; finished in 2.05s

     Running tests/decode.rs (target/debug/deps/decode-5a0200c3e292c20e)

running 14 tests
test public_selected_decode_rejects_a_source_changed_after_output_admission ... ok
test corrupt_missing_cancelled_and_frame_out_of_range_are_errors ... ok
test mutation_during_processing_never_admits_cached_evidence ... ok
test cached_content_does_not_bypass_extension_selected_decoder_errors ... ok
test actual_files_ignore_comments_but_not_changed_pixels ... ok
test layered_xcf_duplicates_preserve_color_errors_and_managed_ownership ... ok
test tiff_shaped_raw_never_uses_generic_page_fallback ... ok
test icc_conversion_cancellation_releases_partial_output ... ok
test cache_hits_revalidate_source_and_cancellation_before_returning_evidence ... ok
test cached_wal_tracks_external_palette_changes_and_removal ... ok
test pre_icc_fix_persisted_recipe_cannot_reuse_current_fingerprint ... ok
test cached_page_selection_and_color_assumptions_never_cross_reuse ... ok
test cached_file_fingerprints_reuse_only_current_content_and_recipe ... ok
test multiblock_cache_hit_cancellation_preserves_retry_and_releases_memory ... ok

test result: ok. 14 passed; 0 failed; 0 ignored; 0 measured; 0 filtered out; finished in 1.19s

     Running tests/local_scan.rs (target/debug/deps/local_scan-6ca78a88d5d9843f)

running 11 tests
test fitted_scan_validates_policy_before_consuming_input ... ok
test file_pair_limits_cancel_and_invalid_acceptance_are_inconclusive ... ok
test recursive_local_search_preserves_paths_aliases_and_decode_errors ... ok
test spatial_file_policy_preserves_pixel_proof_errors_and_source_guards ... ok
test full_file_search_finds_crop_scale_rotation_and_rejects_unrelated_and_corrupt_sources ... ok
test unfiltered_photometric_batch_uses_fitted_residuals_and_retains_strict_pixels ... ok
test batch_source_mutation_discards_all_stale_pairs_and_keeps_healthy_evidence ... ok
test constrained_batch_mutation_discards_stale_pairs ... ok
test final_generation_change_and_one_shot_cancellation_return_no_partial_report ... ok
test constrained_batch_final_generation_and_cancellation_discard_report ... ok
test fitted_batch_and_roots_preserve_signal_selection_and_corrupt_file_diagnostics ... ok

test result: ok. 11 passed; 0 failed; 0 ignored; 0 measured; 0 filtered out; finished in 11.39s

     Running tests/pixel_search.rs (target/debug/deps/pixel_search-e8535cb037a13475)

running 16 tests
test opaque_uniform_png_and_independently_encoded_bmp_are_discovered_as_equal ... ok
test indexed_source_changed_before_its_decode_is_not_admitted_as_fresh ... ok
test recursive_request_factory_preserves_explicit_hdr_color_and_discovered_paths ... ok
test changed_source_discards_every_stale_decision_and_preserves_healthy_pairs ... ok
test untagged_hdr_requires_color_qualification_even_with_encoded_srgb_assumption ... ok
test indexed_changed_source_discards_stale_pairs ... ok
test indexed_wal_palette_mutation_discards_stale_source_decisions ... ok
test explicitly_qualified_linear_hdr_matches_endianness_without_losing_precision_or_scale ... ok
test indexed_roots_preserve_non_utf8_diagnostics_without_losing_healthy_equality ... ok
test indexed_pixel_permission_error_preserves_healthy_pairs_and_recovers ... ok
test recursive_pixel_search_keeps_corrupt_and_missing_sources_as_diagnostics ... ok
test final_generation_change_and_transient_user_cancel_return_no_report ... ok
test indexed_recursive_search_isolates_corruption_and_preserves_overlapping_roots ... ok
test indexed_final_generation_and_transient_cancel_return_no_report ... ok
test indexed_two_key_groups_are_deterministic_across_request_orders ... ok
test indexed_unique_collection_fits_zero_pair_budget_and_decodes_once_per_key ... ok

test result: ok. 16 passed; 0 failed; 0 ignored; 0 measured; 0 filtered out; finished in 0.06s

     Running tests/scan.rs (target/debug/deps/scan-191c9d95467ecbab)

running 6 tests
test confirmation_mutation_generation_and_memory_are_inconclusive ... ok
test pixel_group_final_checks_observe_generation_cancellation ... ok
test recursive_visual_discovery_keeps_aliases_and_errors_visible ... ok
test group_admission_invalidates_edges_from_changed_source ... ok
test batch_errors_cache_and_pair_evidence_are_integrated ... ok
test tiff_page_fingerprints_and_confirmation_share_profile_and_limits ... ok

test result: ok. 6 passed; 0 failed; 0 ignored; 0 measured; 0 filtered out; finished in 0.01s

