   Compiling hayro-interpret v0.7.0 (/workspace/vendor/hayro-interpret)
   Compiling hayro v0.7.1
   Compiling rrrah-decode v0.1.0 (/workspace/crates/rrrah-decode)
   Compiling rrrah-dedup v0.1.0 (/workspace/crates/rrrah-dedup)
warning: type does not implement `Debug`; consider adding `#[derive(Debug)]` or a manual implementation
  --> crates/rrrah-dedup/src/gradient_index.rs:17:1
   |
17 | / pub struct GradientDescriptorIndex<'a> {
18 | |     entries: &'a [(u64, GradientDescriptor)],
19 | |     order: SharedBuffer<usize>,
20 | |     axis: usize,
21 | |     recipe: GradientCellRecipe,
22 | | }
   | |_^
   |
   = note: requested on the command line with `-W missing-debug-implementations`

warning: `rrrah-dedup` (lib) generated 1 warning
warning: linker stderr: /validation/sysroot/usr/bin/ld: /validation/target/debug/deps/libjpegxr-8d01a0594e000fc4.rlib(2e643c6506a180d9-strenc.o): in function `StrIOEncInit':
         /validation/cargo/registry/src/index.crates.io-1949cf8c6b5b557f/jpegxr-0.3.1/jxrlib/image/encode/strenc.c:485:(.text.StrIOEncInit+0xf0): the use of `tmpnam' is dangerous, better use `mkstemp'
  |
  = note: `#[warn(linker_messages)]` on by default

warning: linker stdout: /validation/sysroot/usr/bin/ld: /validation/target/debug/deps/libjpegxr-8d01a0594e000fc4.rlib(2e643c6506a180d9-strenc.o): note: the message above does not take linker garbage collection into account

warning: `rrrah-dedup` (test "region_grid") generated 2 warnings
warning: unused import: `compare_local_files_projective`
 --> crates/rrrah-dedup/tests/region_grid_files.rs:8:35
  |
8 |     local_scan::{LocalFilePolicy, compare_local_files_projective},
  |                                   ^^^^^^^^^^^^^^^^^^^^^^^^^^^^^^
  |
  = note: `#[warn(unused_imports)]` (part of `#[warn(unused)]`) on by default

warning: unused import: `compare_local_files_projective_pyramid_photometric`
  --> crates/rrrah-dedup/tests/region_grid_files.rs:50:13
   |
50 |             compare_local_files_projective_pyramid_photometric,
   |             ^^^^^^^^^^^^^^^^^^^^^^^^^^^^^^^^^^^^^^^^^^^^^^^^^^

warning: `rrrah-dedup` (test "region_grid_files") generated 4 warnings (2 duplicates) (run `cargo fix --test "region_grid_files" -p rrrah-dedup` to apply 2 suggestions)
warning: unused import: `compare_local_files_projective`
 --> crates/rrrah-dedup/tests/region_transform.rs:8:35
  |
8 |     local_scan::{LocalFilePolicy, compare_local_files_projective},
  |                                   ^^^^^^^^^^^^^^^^^^^^^^^^^^^^^^
  |
  = note: `#[warn(unused_imports)]` (part of `#[warn(unused)]`) on by default

warning: unused import: `compare_local_files_projective_pyramid_photometric`
  --> crates/rrrah-dedup/tests/region_transform.rs:50:13
   |
50 |             compare_local_files_projective_pyramid_photometric,
   |             ^^^^^^^^^^^^^^^^^^^^^^^^^^^^^^^^^^^^^^^^^^^^^^^^^^

warning: calls to `std::mem::drop` with a value that implements `Copy` does nothing
   --> crates/rrrah-dedup/tests/region_transform.rs:119:183
    |
119 | ...r.accepted_region));drop(negative);drop(unrelated_view);drop(unrelated);drop(view);drop(image);drop(direct);assert_eq!(budget.us...
    |                                       ^^^^^--------------^
    |                                            |
    |                                            argument has type `LinearRgbaView<'_>`
    |
    = note: `#[warn(dropping_copy_types)]` on by default
help: use `let _ = ...` to ignore the expression or result
    |
119 -     let negative=verify_projective_region_grid_views(&view,&unrelated_view,model,q,(2,2),&budget,||false).unwrap();assert!(!negative.iter().any(|r|r.accepted_region));drop(negative);drop(unrelated_view);drop(unrelated);drop(view);drop(image);drop(direct);assert_eq!(budget.used(),0);
119 +     let negative=verify_projective_region_grid_views(&view,&unrelated_view,model,q,(2,2),&budget,||false).unwrap();assert!(!negative.iter().any(|r|r.accepted_region));drop(negative);let _ = unrelated_view;drop(unrelated);drop(view);drop(image);drop(direct);assert_eq!(budget.used(),0);
    |

warning: calls to `std::mem::drop` with a value that implements `Copy` does nothing
   --> crates/rrrah-dedup/tests/region_transform.rs:119:220
    |
119 | ...e);drop(unrelated_view);drop(unrelated);drop(view);drop(image);drop(direct);assert_eq!(budget.used(),0);
    |                                            ^^^^^----^
    |                                                 |
    |                                                 argument has type `LinearRgbaView<'_>`
    |
help: use `let _ = ...` to ignore the expression or result
    |
119 -     let negative=verify_projective_region_grid_views(&view,&unrelated_view,model,q,(2,2),&budget,||false).unwrap();assert!(!negative.iter().any(|r|r.accepted_region));drop(negative);drop(unrelated_view);drop(unrelated);drop(view);drop(image);drop(direct);assert_eq!(budget.used(),0);
119 +     let negative=verify_projective_region_grid_views(&view,&unrelated_view,model,q,(2,2),&budget,||false).unwrap();assert!(!negative.iter().any(|r|r.accepted_region));drop(negative);drop(unrelated_view);drop(unrelated);let _ = view;drop(image);drop(direct);assert_eq!(budget.used(),0);
    |

warning: `rrrah-dedup` (test "region_transform") generated 6 warnings (2 duplicates) (run `cargo fix --test "region_transform" -p rrrah-dedup` to apply 2 suggestions)
    Finished `test` profile [optimized + debuginfo] target(s) in 2m 31s
     Running tests/region_grid.rs (/validation/target/debug/deps/region_grid-a44618db45bbdde2)

running 4 tests
test irregular_identity_grid_partitions_and_owned_credit ... ok
test bidirectional_translation_covers_clipped_overlap_and_cancels_atomically ... ok
test horizons_limits_and_final_cancellation_refuse_atomically ... ok
test independent_translation_quarter_turn_and_small_image_domains ... ok

test result: ok. 4 passed; 0 failed; 0 ignored; 0 measured; 0 filtered out; finished in 0.00s

     Running tests/region_grid_files.rs (/validation/target/debug/deps/region_grid_files-c2afc78b6a9eb97e)

running 1 test
test automatic_region_grid_matches_declared_regions_and_lifecycle ... ok

test result: ok. 1 passed; 0 failed; 0 ignored; 0 measured; 0 filtered out; finished in 6.44s

     Running tests/region_transform.rs (/validation/target/debug/deps/region_transform-6740b98b2fc90f6d)

running 1 test
test supplied_model_regions_require_pixels_and_cancel_atomically ... ok

test result: ok. 1 passed; 0 failed; 0 ignored; 0 measured; 0 filtered out; finished in 8.17s

