rrrah-dedup v0.1.0 (/Users/themoretheless/Documents/Sources/rrrah/crates/rrrah-dedup)
├── blake3 v1.8.5
│   ├── arrayref v0.3.9
│   ├── arrayvec v0.7.8
│   ├── cfg-if v1.0.4
│   └── constant_time_eq v0.4.2
├── libc v0.2.190
├── tempfile v3.27.0
│   ├── fastrand v2.5.0
│   ├── getrandom v0.4.3
│   │   ├── cfg-if v1.0.4
│   │   └── libc v0.2.190
│   ├── once_cell v1.21.4
│   └── rustix v1.1.4
│       ├── bitflags v2.13.1
│       ├── errno v0.3.14
│       │   └── libc v0.2.190
│       └── libc v0.2.190
└── thiserror v2.0.19
    └── thiserror-impl v2.0.19 (proc-macro)
        ├── proc-macro2 v1.0.107
        │   └── unicode-ident v1.0.24
        ├── quote v1.0.47
        │   └── proc-macro2 v1.0.107 (*)
        └── syn v3.0.2
            ├── proc-macro2 v1.0.107 (*)
            ├── quote v1.0.47 (*)
            └── unicode-ident v1.0.24
