   Compiling rrrah-dedup v0.1.0 (/Users/themoretheless/Documents/Sources/rrrah/crates/rrrah-dedup)
warning: function `error` is never used
 --> crates/rrrah-decode/src/camtiff/mef_sensor.rs:4:4
  |
4 | fn error(message: &str) -> DecodeError {
  |    ^^^^^
  |
  = note: `#[warn(dead_code)]` (part of `#[warn(unused)]`) on by default

warning: function `packed_12` is never used
 --> crates/rrrah-decode/src/camtiff/mef_sensor.rs:9:4
  |
9 | fn packed_12(
  |    ^^^^^^^^^

warning: function `decode_zd` is never used
  --> crates/rrrah-decode/src/camtiff/mef_sensor.rs:48:15
   |
48 | pub(super) fn decode_zd(
   |               ^^^^^^^^^

warning: `rrrah-decode` (lib) generated 3 warnings
error[E0505]: cannot move out of `original` because it is borrowed
  --> crates/rrrah-dedup/tests/wal_dependency.rs:75:30
   |
48 |     let cancel = || {
   |                  -- borrow of `original` occurs here
49 |         if budget.used() > 0 && !changed.replace(true) {
50 |             let mut bytes = original.clone();
   |                             -------- borrow occurs due to use in closure
...
75 |     std::fs::write(&palette, original).unwrap();
   |                              ^^^^^^^^ move out of `original` occurs here
76 |     assert!(compare(&(|| false) as &dyn Fn() -> bool).unwrap());
   |             ------- borrow later used here

For more information about this error, try `rustc --explain E0505`.
error: could not compile `rrrah-dedup` (test "wal_dependency") due to 1 previous error
