   Compiling rrrah-dedup v0.1.0 (/workspace/crates/rrrah-dedup)
    Finished `test` profile [optimized + debuginfo] target(s) in 35.83s
     Running tests/filtered.rs (/validation/target/debug/deps/filtered-c7b99a34567301d2)

running 4 tests
test complete_work_is_admitted_before_sampling_and_cancellation_has_no_partial_evidence ... ok
test broad_content_edits_and_alpha_changes_remain_visible_after_filtering ... ok
test independently_known_box_mean_retains_strict_high_frequency_differences ... ok
test reflected_filter_retains_color_space_alpha_work_and_cancel_policy ... ok

test result: ok. 4 passed; 0 failed; 0 ignored; 0 measured; 0 filtered out; finished in 0.00s

     Running tests/photometric.rs (/validation/target/debug/deps/photometric-b3527758bacb3f7a)

running 7 tests
test incomplete_fits_have_specific_reasons_instead_of_invalid_pixel_errors ... ok
test bounded_fit_excludes_saturation_from_model_but_never_from_residuals ... ok
test explicit_display_projection_retains_hdr_disagreement_and_alpha_edits ... ok
test flat_content_alpha_edits_limits_and_cancellation_do_not_disappear ... ok
test known_channel_gains_offsets_and_spatial_edit_are_separate_evidence ... ok
test reflected_gain_offset_preserves_strict_evidence_and_cancel_atomicity ... ok
test reflected_range_and_display_keep_hdr_alpha_inverse_and_cancellation_evidence ... ok

test result: ok. 7 passed; 0 failed; 0 ignored; 0 measured; 0 filtered out; finished in 0.00s

     Running tests/projective_geometry.rs (/validation/target/debug/deps/projective_geometry-2ca9eaaa948a5890)

running 14 tests
test perspective_mapping_and_permutations ... ok
test perspective_inverse_grid_catches_unsampled_edit ... ok
test invalid_horizon_and_cancel_checkpoints ... ok
test full_support_refinement_beats_minimal_hypotheses_on_noisy_points ... ok
test perspective_pixels_hdr_edits_horizon_and_cancel ... ok
test projective_filter_preserves_strict_edits_and_terminal_cancellation ... ok
test registration_candidates_keep_independent_full_grid_evidence_and_shared_limits ... ok
test perspective_photometric_fit_preserves_unfitted_errors_and_limits ... ok
test robust_perspective_outliers_budget_and_cancellation ... ok
test sampled_projective_cancellation_discards_models_and_retry_is_deterministic ... ok
test sampled_projective_recovers_large_outlier_set_with_fixed_work ... ok
test registration_portfolio_admits_shared_work_and_discards_partial_models_on_cancel ... ok
test photometric_registration_keeps_geometry_under_affine_encoded_light_change ... ok
test pixel_registration_reduces_known_offset_and_obeys_terminal_limits ... ok

test result: ok. 14 passed; 0 failed; 0 ignored; 0 measured; 0 filtered out; finished in 0.10s

     Running tests/warp.rs (/validation/target/debug/deps/warp-ed7520e306523881)

running 5 tests
test reflected_grids_preserve_hdr_alpha_and_inverse_with_atomic_cancel ... ok
test crop_overlap_and_single_pixel_edits_are_explicit ... ok
test bilinear_sampling_keeps_alpha_and_invisible_rgb_separate ... ok
test reverse_verification_catches_edits_between_scaled_sample_centers ... ok
test explicit_projective_regions_retain_edits_domains_and_atomic_refusals ... ok

test result: ok. 5 passed; 0 failed; 0 ignored; 0 measured; 0 filtered out; finished in 0.01s

