    Blocking waiting for file lock on build directory
   Compiling rrrah-dedup v0.1.0 (/Users/themoretheless/Documents/Sources/rrrah/crates/rrrah-dedup)
   Compiling rrrah-decode v0.1.0 (/Users/themoretheless/Documents/Sources/rrrah/crates/rrrah-decode)
warning: function `error` is never used
 --> crates/rrrah-decode/src/camtiff/mef_sensor.rs:4:4
  |
4 | fn error(message: &str) -> DecodeError {
  |    ^^^^^
  |
  = note: `#[warn(dead_code)]` (part of `#[warn(unused)]`) on by default

warning: function `packed_12` is never used
 --> crates/rrrah-decode/src/camtiff/mef_sensor.rs:9:4
  |
9 | fn packed_12(
  |    ^^^^^^^^^

warning: function `decode_zd` is never used
  --> crates/rrrah-decode/src/camtiff/mef_sensor.rs:48:15
   |
48 | pub(super) fn decode_zd(
   |               ^^^^^^^^^

warning: `rrrah-decode` (lib) generated 3 warnings
    Finished `test` profile [optimized + debuginfo] target(s) in 53.85s
     Running tests/local_collection.rs (/tmp/rrrah-dedup-target/debug/deps/local_collection-836142ca90df3a74)

running 16 tests
test recursive_collection_preserves_aliases_errors_and_request_settings ... ok
test reflected_collection_discards_changed_sources_batch_wide ... ok
test indexed_collection_changed_before_decode_is_invalidated_without_losing_healthy_pair ... ok
test recursive_spatial_collection_preserves_requests_and_rejects_substitution ... ok
test indexed_collection_reports_bad_and_insufficient_sources_and_admission_errors ... ok
test reflected_file_pair_confirms_pixels_and_releases_managed_features ... ok
test spatial_collection_matches_exhaustive_spatial_pair_acceptance ... ok
test reflected_spatial_collection_matches_spatial_file_oracle ... ok
test ranged_fit_collection_matches_pair_results_and_exposes_selected_domain ... ok
test display_projection_collection_matches_pairs_and_preserves_strict_evidence ... ok
test indexed_collection_retains_every_exhaustively_verified_crop_scale_rotation_pair ... ok
test indexed_watermark_and_large_edit_preserve_pixel_policy ... ok
test reflected_recursive_collection_keeps_aliases_paths_and_request_policy ... ok
test indexed_arbitrary_angles_and_intermediate_scales_keep_labelled_pairs ... ok
test indexed_collection_final_generation_and_one_shot_cancel_discard_report ... ok
test reflected_collection_retrieves_labelled_pairs_and_cancels_without_report ... ok

test result: ok. 16 passed; 0 failed; 0 ignored; 0 measured; 0 filtered out; finished in 8.13s

     Running tests/local_scan.rs (/tmp/rrrah-dedup-target/debug/deps/local_scan-6ca78a88d5d9843f)

running 11 tests
test fitted_scan_validates_policy_before_consuming_input ... ok
test file_pair_limits_cancel_and_invalid_acceptance_are_inconclusive ... ok
test recursive_local_search_preserves_paths_aliases_and_decode_errors ... ok
test spatial_file_policy_preserves_pixel_proof_errors_and_source_guards ... ok
test full_file_search_finds_crop_scale_rotation_and_rejects_unrelated_and_corrupt_sources ... ok
test unfiltered_photometric_batch_uses_fitted_residuals_and_retains_strict_pixels ... ok
test batch_source_mutation_discards_all_stale_pairs_and_keeps_healthy_evidence ... ok
test constrained_batch_mutation_discards_stale_pairs ... ok
test final_generation_change_and_one_shot_cancellation_return_no_partial_report ... ok
test constrained_batch_final_generation_and_cancellation_discard_report ... ok
test fitted_batch_and_roots_preserve_signal_selection_and_corrupt_file_diagnostics ... ok

test result: ok. 11 passed; 0 failed; 0 ignored; 0 measured; 0 filtered out; finished in 11.46s

     Running tests/photo_files.rs (/tmp/rrrah-dedup-target/debug/deps/photo_files-4e5b78f1f6fb0410)

running 16 tests
test invalid_fitting_policy_is_rejected_before_source_access ... ok
test reflected_brightness_1084_known_fixture_geometry_passes_unchanged_pixel_policy ... ok
test filtered_file_evidence_is_discarded_on_late_cancellation_generation_or_mutation ... ok
test filtered_natural_photo_jpegs_are_candidates_and_other_scenes_remain_rejected ... ok
test recursive_spatial_reflected_brightness_shares_pair_and_frame_policy ... ok
test real_camera_preview_brightness_is_a_visual_candidate_with_strict_residuals_retained ... ok
test reflected_natural_brightness_fitting_keeps_original_pixel_evidence ... ok
test strict_reflected_natural_files_keep_scene_pairs_and_reject_cross_scene_negatives ... ok
test real_photo_resize_crop_rotation_and_brightness_have_filtered_evidence ... ok
test recursive_reflected_brightness_keeps_fitted_mode_paths_and_frame_settings ... ok
test spatial_reflected_brightness_collection_matches_complete_spatial_oracle ... ok
test indexed_natural_photo_collection_matches_exhaustive_filtered_candidates ... ok
test indexed_reflected_brightness_collection_preserves_fitted_and_strict_evidence ... ok
test indexed_reflected_natural_collection_matches_complete_pair_oracle ... ok
test indexed_natural_rotations_and_resizes_preserve_labelled_scene_pairs ... ok
test explicit_seven_by_seven_windows_cover_all_twenty_photo_derivatives_in_both_spaces ... ok

test result: ok. 16 passed; 0 failed; 0 ignored; 0 measured; 0 filtered out; finished in 50.33s

