   Compiling rrrah-dedup v0.1.0 (/Users/themoretheless/Documents/Sources/rrrah/crates/rrrah-dedup)
   Compiling rrrah-decode v0.1.0 (/Users/themoretheless/Documents/Sources/rrrah/crates/rrrah-decode)
warning: type does not implement `Debug`; consider adding `#[derive(Debug)]` or a manual implementation
  --> crates/rrrah-dedup/src/gradient_index.rs:17:1
   |
17 | / pub struct GradientDescriptorIndex<'a> {
18 | |     entries: &'a [(u64, GradientDescriptor)],
19 | |     order: SharedBuffer<usize>,
20 | |     axis: usize,
21 | |     recipe: GradientCellRecipe,
22 | | }
   | |_^
   |
   = note: requested on the command line with `-W missing-debug-implementations`

warning: `rrrah-dedup` (lib) generated 1 warning
warning: unused import: `LocalFileError`
  --> crates/rrrah-dedup/tests/five_gradient_region_lifecycle.rs:49:13
   |
49 |             LocalFileError, ProjectiveComplementaryFilePolicy, ProjectivePortfolioFilePolicy,
   |             ^^^^^^^^^^^^^^
   |
   = note: `#[warn(unused_imports)]` (part of `#[warn(unused)]`) on by default

warning: unused import: `scan_projective_local_collection_five_searches`
   --> crates/rrrah-dedup/tests/five_gradient_region_lifecycle.rs:190:51
    |
190 |             ProjectiveFiveSearchCollectionPolicy, scan_projective_local_collection_five_searches,
    |                                                   ^^^^^^^^^^^^^^^^^^^^^^^^^^^^^^^^^^^^^^^^^^^^^^

warning: `rrrah-dedup` (test "five_gradient_region_lifecycle") generated 2 warnings (run `cargo fix --test "five_gradient_region_lifecycle" -p rrrah-dedup` to apply 2 suggestions)
    Finished `test` profile [optimized + debuginfo] target(s) in 8.60s
     Running tests/five_gradient_region_lifecycle.rs (target/debug/deps/five_gradient_region_lifecycle-042ececd6db8951d)

running 1 test
test gradient_region_phase_cancellation_and_source_guard has been running for over 60 seconds
test gradient_region_phase_cancellation_and_source_guard ... ok

test result: ok. 1 passed; 0 failed; 0 ignored; 0 measured; 0 filtered out; finished in 76.25s

