   Compiling rrrah-dedup v0.1.0 (/Users/themoretheless/Documents/Sources/rrrah/crates/rrrah-dedup)
   Compiling rrrah-decode v0.1.0 (/Users/themoretheless/Documents/Sources/rrrah/crates/rrrah-decode)
warning: function `error` is never used
 --> crates/rrrah-decode/src/camtiff/mef_sensor.rs:4:4
  |
4 | fn error(message: &str) -> DecodeError {
  |    ^^^^^
  |
  = note: `#[warn(dead_code)]` (part of `#[warn(unused)]`) on by default

warning: function `packed_12` is never used
 --> crates/rrrah-decode/src/camtiff/mef_sensor.rs:9:4
  |
9 | fn packed_12(
  |    ^^^^^^^^^

warning: function `decode_zd` is never used
  --> crates/rrrah-decode/src/camtiff/mef_sensor.rs:48:15
   |
48 | pub(super) fn decode_zd(
   |               ^^^^^^^^^

warning: `rrrah-decode` (lib) generated 3 warnings
    Finished `test` profile [optimized + debuginfo] target(s) in 11.43s
     Running tests/raster_equality.rs (target/debug/deps/raster_equality-ea252da97797e76c)

running 4 tests
test associated_tiff_alpha_matches_independent_straight_png ... ok
test untagged_policy_is_explicit_cached_and_does_not_override_declared_linear_color ... ok
test independent_lossless_encodings_preserve_pixels_alpha_and_one_code_negatives ... ok
test cross_encoding_batch_confirms_every_pair_and_rejects_single_pixel_edits ... ok

test result: ok. 4 passed; 0 failed; 0 ignored; 0 measured; 0 filtered out; finished in 0.02s

