    Checking hayro-interpret v0.7.0 (/Users/themoretheless/Documents/Sources/rrrah/vendor/hayro-interpret)
   Compiling rrrah-dedup v0.1.0 (/Users/themoretheless/Documents/Sources/rrrah/crates/rrrah-dedup)
warning: type `MeshSample` is more private than the item `EncodedShadingType::Sampled::samples`
   --> vendor/hayro-interpret/src/encode.rs:333:9
    |
333 |         samples: FxHashMap<(u16, u16), MeshSample>,
    |         ^^^^^^^^^^^^^^^^^^^^^^^^^^^^^^^^^^^^^^^^^^ field `EncodedShadingType::Sampled::samples` is reachable at visibility `pub(crate)`
    |
note: but type `MeshSample` is only usable at visibility `pub(self)`
   --> vendor/hayro-interpret/src/encode.rs:186:1
    |
186 | struct MeshSample {
    | ^^^^^^^^^^^^^^^^^
    = note: `#[warn(private_interfaces)]` on by default

warning: `hayro-interpret` (lib) generated 1 warning
    Checking hayro v0.7.1
    Checking rrrah-decode v0.1.0 (/Users/themoretheless/Documents/Sources/rrrah/crates/rrrah-decode)
warning: type does not implement `Debug`; consider adding `#[derive(Debug)]` or a manual implementation
  --> crates/rrrah-dedup/src/gradient_index.rs:17:1
   |
17 | / pub struct GradientDescriptorIndex<'a> {
18 | |     entries: &'a [(u64, GradientDescriptor)],
19 | |     order: SharedBuffer<usize>,
20 | |     axis: usize,
21 | |     recipe: GradientCellRecipe,
22 | | }
   | |_^
   |
   = note: requested on the command line with `-W missing-debug-implementations`

warning: `rrrah-dedup` (lib) generated 1 warning
    Finished `dev` profile [optimized + debuginfo] target(s) in 3.18s
