   Compiling rrrah-dedup v0.1.0 (/Users/themoretheless/Documents/Sources/rrrah/crates/rrrah-dedup)
warning: function `error` is never used
 --> crates/rrrah-decode/src/camtiff/mef_sensor.rs:4:4
  |
4 | fn error(message: &str) -> DecodeError {
  |    ^^^^^
  |
  = note: `#[warn(dead_code)]` (part of `#[warn(unused)]`) on by default

warning: function `packed_12` is never used
 --> crates/rrrah-decode/src/camtiff/mef_sensor.rs:9:4
  |
9 | fn packed_12(
  |    ^^^^^^^^^

warning: function `decode_zd` is never used
  --> crates/rrrah-decode/src/camtiff/mef_sensor.rs:48:15
   |
48 | pub(super) fn decode_zd(
   |               ^^^^^^^^^

warning: `rrrah-decode` (lib) generated 3 warnings
    Finished `test` profile [optimized + debuginfo] target(s) in 12.55s
     Running tests/geometry.rs (/tmp/rrrah-dedup-target/debug/deps/geometry-e83c94614da54a1b)

running 4 tests
test degenerate_least_squares_refinement_preserves_prior_hypothesis ... ok
test duplicate_and_collinear_support_cannot_inflate_evidence ... ok
test noisy_corners_refine_to_independently_known_least_squares_solution ... ok
test scaled_rotated_crop_translation_rejects_watermark_outliers ... ok

test result: ok. 4 passed; 0 failed; 0 ignored; 0 measured; 0 filtered out; finished in 0.00s

     Running tests/local.rs (/tmp/rrrah-dedup-target/debug/deps/local-19552dfeb3f97f5c)

running 4 tests
test one_shot_matching_cancellation_discards_every_partial_result_and_retries ... ok
test flat_images_ambiguous_descriptors_budgets_and_cancel_are_explicit ... ok
test quarter_turn_crops_are_found_without_manual_correspondences ... ok
test extracted_crop_matches_drive_geometry_and_pixel_verification ... ok

test result: ok. 4 passed; 0 failed; 0 ignored; 0 measured; 0 filtered out; finished in 0.00s

     Running tests/local_collection.rs (/tmp/rrrah-dedup-target/debug/deps/local_collection-836142ca90df3a74)

running 10 tests
test recursive_collection_preserves_aliases_errors_and_request_settings ... ok
test recursive_spatial_collection_preserves_requests_and_rejects_substitution ... ok
test indexed_collection_changed_before_decode_is_invalidated_without_losing_healthy_pair ... ok
test indexed_collection_reports_bad_and_insufficient_sources_and_admission_errors ... ok
test spatial_collection_matches_exhaustive_spatial_pair_acceptance ... ok
test ranged_fit_collection_matches_pair_results_and_exposes_selected_domain ... ok
test display_projection_collection_matches_pairs_and_preserves_strict_evidence ... ok
test indexed_collection_retains_every_exhaustively_verified_crop_scale_rotation_pair ... ok
test indexed_collection_final_generation_and_one_shot_cancel_discard_report ... ok
test indexed_arbitrary_angles_and_intermediate_scales_keep_labelled_pairs ... ok

test result: ok. 10 passed; 0 failed; 0 ignored; 0 measured; 0 filtered out; finished in 5.55s

     Running tests/pyramid.rs (/tmp/rrrah-dedup-target/debug/deps/pyramid-83fb0e2756503e2b)

running 3 tests
test scale_is_estimated_from_extracted_multiresolution_features ... ok
test enlarged_quarter_turn_recovers_scale_and_rotation_together ... ok
test oriented_pyramid_keeps_recipe_source_coordinates_and_admission ... ok

test result: ok. 3 passed; 0 failed; 0 ignored; 0 measured; 0 filtered out; finished in 0.02s

