warning: function `error` is never used
 --> crates/rrrah-decode/src/camtiff/mef_sensor.rs:4:4
  |
4 | fn error(message: &str) -> DecodeError {
  |    ^^^^^
  |
  = note: `#[warn(dead_code)]` (part of `#[warn(unused)]`) on by default

warning: function `packed_12` is never used
 --> crates/rrrah-decode/src/camtiff/mef_sensor.rs:9:4
  |
9 | fn packed_12(
  |    ^^^^^^^^^

warning: function `decode_zd` is never used
  --> crates/rrrah-decode/src/camtiff/mef_sensor.rs:48:15
   |
48 | pub(super) fn decode_zd(
   |               ^^^^^^^^^

warning: `rrrah-decode` (lib) generated 3 warnings
    Finished `test` profile [optimized + debuginfo] target(s) in 2.05s
     Running tests/scan.rs (target/debug/deps/scan-191c9d95467ecbab)

running 7 tests
test pixel_group_final_checks_observe_generation_cancellation ... ok
test confirmation_mutation_generation_and_memory_are_inconclusive ... ok
test group_admission_invalidates_edges_from_changed_source ... ok
test recursive_visual_discovery_keeps_aliases_and_errors_visible ... ok
test batch_errors_cache_and_pair_evidence_are_integrated ... ok
test tiff_page_fingerprints_and_confirmation_share_profile_and_limits ... ok
test nested_visual_roots_preserve_all_copy_edges_and_corrupt_file_attribution ... ok

test result: ok. 7 passed; 0 failed; 0 ignored; 0 measured; 0 filtered out; finished in 0.07s

