{"query_id": "200001.jpg", "whole": true, "binary_regions": 7, "gradient_regions": [7, 7]}
{"query_id": "200101.jpg", "whole": false, "binary_regions": 0, "gradient_regions": [null, null]}
{"query_id": "200102.jpg", "whole": false, "binary_regions": 6, "gradient_regions": [6, 6]}
{"query_id": "200201.jpg", "whole": false, "binary_regions": 0, "gradient_regions": [null, null]}
{"query_id": "200301.jpg", "whole": false, "binary_regions": 0, "gradient_regions": [null, null]}
{"query_id": "200302.jpg", "whole": false, "binary_regions": 0, "gradient_regions": [null, null]}
{"query_id": "200303.jpg", "whole": true, "binary_regions": 16, "gradient_regions": [16, 16]}
{"query_id": "200401.jpg", "whole": false, "binary_regions": 0, "gradient_regions": [null, null]}
{"query_id": "200501.jpg", "whole": false, "binary_regions": 0, "gradient_regions": [null, null]}
{"query_id": "200601.jpg", "whole": false, "binary_regions": 0, "gradient_regions": [null, null]}
{"query_id": "200701.jpg", "whole": true, "binary_regions": 6, "gradient_regions": [7, 9]}
{"query_id": "200801.jpg", "whole": false, "binary_regions": 0, "gradient_regions": [0, 0]}
{"query_id": "200901.jpg", "whole": false, "binary_regions": 0, "gradient_regions": [1, 1]}
{"query_id": "200902.jpg", "whole": false, "binary_regions": 0, "gradient_regions": [null, 0]}
{"query_id": "201001.jpg", "whole": false, "binary_regions": 5, "gradient_regions": [5, 5]}
{"query_id": "201101.jpg", "whole": true, "binary_regions": 6, "gradient_regions": [5, 6]}
{"query_id": "201201.jpg", "whole": false, "binary_regions": 0, "gradient_regions": [5, 6]}
{"query_id": "201202.jpg", "whole": false, "binary_regions": 1, "gradient_regions": [1, 1]}
{"query_id": "201301.jpg", "whole": false, "binary_regions": 0, "gradient_regions": [null, null]}
{"query_id": "201302.jpg", "whole": true, "binary_regions": 10, "gradient_regions": [11, 11]}
{"query_id": "201303.jpg", "whole": false, "binary_regions": 0, "gradient_regions": [null, null]}
{"query_id": "201401.jpg", "whole": false, "binary_regions": 7, "gradient_regions": [7, 8]}
{"query_id": "201501.jpg", "whole": true, "binary_regions": 5, "gradient_regions": [8, 6]}
{"query_id": "201601.jpg", "whole": false, "binary_regions": 0, "gradient_regions": [0, 1]}
{"query_id": "201602.jpg", "whole": false, "binary_regions": 0, "gradient_regions": [0, 0]}
{"query_id": "201701.jpg", "whole": false, "binary_regions": 4, "gradient_regions": [0, 0]}
{"query_id": "201702.jpg", "whole": false, "binary_regions": 0, "gradient_regions": [0, 0]}
{"query_id": "201801.jpg", "whole": true, "binary_regions": 6, "gradient_regions": [null, null]}
{"query_id": "201901.jpg", "whole": false, "binary_regions": 5, "gradient_regions": [3, 2]}
{"query_id": "202001.jpg", "whole": false, "binary_regions": 0, "gradient_regions": [null, null]}
{"query_id": "202002.jpg", "whole": true, "binary_regions": 8, "gradient_regions": [4, 5]}
{"query_id": "202101.jpg", "whole": false, "binary_regions": 2, "gradient_regions": [1, 2]}
{"query_id": "202201.jpg", "whole": false, "binary_regions": 0, "gradient_regions": [null, null]}
{"query_id": "202202.jpg", "whole": false, "binary_regions": 2, "gradient_regions": [null, null]}
{"query_id": "202301.jpg", "whole": false, "binary_regions": 0, "gradient_regions": [null, null]}
{"query_id": "202302.jpg", "whole": true, "binary_regions": 10, "gradient_regions": [9, 10]}
{"query_id": "202401.jpg", "whole": false, "binary_regions": 0, "gradient_regions": [0, 0]}
{"query_id": "202501.jpg", "whole": false, "binary_regions": 0, "gradient_regions": [null, 0]}
{"query_id": "202502.jpg", "whole": false, "binary_regions": 0, "gradient_regions": [null, null]}
{"query_id": "202601.jpg", "whole": false, "binary_regions": 1, "gradient_regions": [3, 5]}
{"query_id": "202602.jpg", "whole": false, "binary_regions": 0, "gradient_regions": [0, 0]}
{"query_id": "202701.jpg", "whole": true, "binary_regions": 2, "gradient_regions": [8, 6]}
{"query_id": "202801.jpg", "whole": false, "binary_regions": 0, "gradient_regions": [0, 0]}
{"query_id": "202901.jpg", "whole": false, "binary_regions": 0, "gradient_regions": [0, 2]}
{"query_id": "203001.jpg", "whole": false, "binary_regions": 0, "gradient_regions": [null, 0]}
{"query_id": "203101.jpg", "whole": false, "binary_regions": 0, "gradient_regions": [0, 0]}
{"query_id": "203102.jpg", "whole": true, "binary_regions": 6, "gradient_regions": [6, 6]}
{"query_id": "203201.jpg", "whole": false, "binary_regions": 1, "gradient_regions": [1, 1]}
{"query_id": "203301.jpg", "whole": false, "binary_regions": 0, "gradient_regions": [null, null]}
{"query_id": "203302.jpg", "whole": true, "binary_regions": 8, "gradient_regions": [8, 6]}
{"query_id": "203401.jpg", "whole": false, "binary_regions": 1, "gradient_regions": [1, 0]}
{"query_id": "203501.jpg", "whole": false, "binary_regions": 7, "gradient_regions": [8, 8]}
{"query_id": "203502.jpg", "whole": false, "binary_regions": 0, "gradient_regions": [null, null]}
{"query_id": "203601.jpg", "whole": true, "binary_regions": 4, "gradient_regions": [5, 6]}
{"query_id": "203701.jpg", "whole": false, "binary_regions": 0, "gradient_regions": [null, null]}
{"query_id": "203801.jpg", "whole": false, "binary_regions": 1, "gradient_regions": [0, 1]}
{"query_id": "203802.jpg", "whole": false, "binary_regions": 0, "gradient_regions": [null, null]}
{"query_id": "203901.jpg", "whole": false, "binary_regions": 0, "gradient_regions": [null, null]}
{"query_id": "204001.jpg", "whole": false, "binary_regions": 0, "gradient_regions": [null, null]}
{"query_id": "204101.jpg", "whole": false, "binary_regions": 0, "gradient_regions": [null, null]}
{"query_id": "204201.jpg", "whole": false, "binary_regions": 0, "gradient_regions": [2, 2]}
{"query_id": "204301.jpg", "whole": false, "binary_regions": 7, "gradient_regions": [3, 7]}
{"query_id": "204302.jpg", "whole": false, "binary_regions": 0, "gradient_regions": [0, 0]}
{"query_id": "204401.jpg", "whole": false, "binary_regions": 0, "gradient_regions": [0, 0]}
{"query_id": "204402.jpg", "whole": false, "binary_regions": 1, "gradient_regions": [null, null]}
{"query_id": "204403.jpg", "whole": false, "binary_regions": 4, "gradient_regions": [3, 3]}
{"query_id": "204501.jpg", "whole": false, "binary_regions": 0, "gradient_regions": [2, 3]}
{"query_id": "204601.jpg", "whole": false, "binary_regions": 0, "gradient_regions": [null, null]}
{"query_id": "204602.jpg", "whole": false, "binary_regions": 0, "gradient_regions": [null, null]}
{"query_id": "204701.jpg", "whole": false, "binary_regions": 1, "gradient_regions": [1, 3]}
{"query_id": "204702.jpg", "whole": false, "binary_regions": 0, "gradient_regions": [null, 0]}
{"query_id": "204801.jpg", "whole": true, "binary_regions": 10, "gradient_regions": [10, 7]}
{"query_id": "204901.jpg", "whole": false, "binary_regions": 1, "gradient_regions": [1, 1]}
{"query_id": "205001.jpg", "whole": false, "binary_regions": 3, "gradient_regions": [null, 5]}
{"query_id": "205101.jpg", "whole": false, "binary_regions": 12, "gradient_regions": [11, 12]}
{"query_id": "205201.jpg", "whole": false, "binary_regions": 4, "gradient_regions": [4, 3]}
{"query_id": "205202.jpg", "whole": false, "binary_regions": 1, "gradient_regions": [1, 1]}
{"query_id": "205301.jpg", "whole": false, "binary_regions": 4, "gradient_regions": [8, 8]}
{"query_id": "205302.jpg", "whole": false, "binary_regions": 3, "gradient_regions": [1, 2]}
{"query_id": "205401.jpg", "whole": false, "binary_regions": 10, "gradient_regions": [11, 11]}
{"query_id": "205402.jpg", "whole": false, "binary_regions": 8, "gradient_regions": [8, 7]}
{"query_id": "205501.jpg", "whole": false, "binary_regions": 5, "gradient_regions": [4, 5]}
{"query_id": "205502.jpg", "whole": false, "binary_regions": 4, "gradient_regions": [3, 1]}
{"query_id": "205601.jpg", "whole": false, "binary_regions": 4, "gradient_regions": [4, 4]}
{"query_id": "205701.jpg", "whole": false, "binary_regions": 0, "gradient_regions": [null, null]}
{"query_id": "205702.jpg", "whole": false, "binary_regions": 3, "gradient_regions": [null, 3]}
{"query_id": "205703.jpg", "whole": true, "binary_regions": 12, "gradient_regions": [12, 12]}
{"query_id": "205801.jpg", "whole": false, "binary_regions": 4, "gradient_regions": [4, 5]}
{"query_id": "205901.jpg", "whole": false, "binary_regions": 0, "gradient_regions": [0, 0]}
{"query_id": "206001.jpg", "whole": false, "binary_regions": 3, "gradient_regions": [5, 5]}
{"query_id": "206101.jpg", "whole": false, "binary_regions": 0, "gradient_regions": [0, 0]}
{"query_id": "206102.jpg", "whole": false, "binary_regions": 0, "gradient_regions": [null, 0]}
{"query_id": "206201.jpg", "whole": false, "binary_regions": 0, "gradient_regions": [1, 0]}
{"query_id": "206301.jpg", "whole": false, "binary_regions": 0, "gradient_regions": [null, null]}
{"query_id": "206401.jpg", "whole": false, "binary_regions": 6, "gradient_regions": [6, 6]}
{"query_id": "206501.jpg", "whole": false, "binary_regions": 6, "gradient_regions": [10, 9]}
{"query_id": "206502.jpg", "whole": false, "binary_regions": 3, "gradient_regions": [4, 3]}
{"query_id": "206601.jpg", "whole": false, "binary_regions": 4, "gradient_regions": [4, 4]}
{"query_id": "206602.jpg", "whole": false, "binary_regions": 3, "gradient_regions": [2, 3]}
{"query_id": "206603.jpg", "whole": false, "binary_regions": 1, "gradient_regions": [0, 0]}
{"query_id": "206701.jpg", "whole": false, "binary_regions": 0, "gradient_regions": [null, null]}
{"query_id": "206801.jpg", "whole": true, "binary_regions": 13, "gradient_regions": [13, 13]}
{"query_id": "206901.jpg", "whole": false, "binary_regions": 1, "gradient_regions": [null, null]}
{"query_id": "207001.jpg", "whole": false, "binary_regions": 8, "gradient_regions": [8, 8]}
{"query_id": "207002.jpg", "whole": false, "binary_regions": 0, "gradient_regions": [0, 0]}
{"query_id": "207101.jpg", "whole": false, "binary_regions": 2, "gradient_regions": [3, 2]}
{"query_id": "207201.jpg", "whole": true, "binary_regions": 0, "gradient_regions": [6, 7]}
{"query_id": "207301.jpg", "whole": false, "binary_regions": 0, "gradient_regions": [1, 1]}
{"query_id": "207302.jpg", "whole": true, "binary_regions": 5, "gradient_regions": [4, 7]}
{"query_id": "207401.jpg", "whole": false, "binary_regions": 0, "gradient_regions": [0, 0]}
{"query_id": "207501.jpg", "whole": false, "binary_regions": 0, "gradient_regions": [null, null]}
{"query_id": "207502.jpg", "whole": true, "binary_regions": 8, "gradient_regions": [7, 6]}
{"query_id": "207601.jpg", "whole": false, "binary_regions": 5, "gradient_regions": [5, 3]}
{"query_id": "207602.jpg", "whole": true, "binary_regions": 13, "gradient_regions": [15, 15]}
{"query_id": "207701.jpg", "whole": false, "binary_regions": 0, "gradient_regions": [null, null]}
{"query_id": "207801.jpg", "whole": false, "binary_regions": 0, "gradient_regions": [null, 1]}
{"query_id": "207901.jpg", "whole": false, "binary_regions": 0, "gradient_regions": [null, null]}
{"query_id": "207902.jpg", "whole": false, "binary_regions": 0, "gradient_regions": [0, 0]}
{"query_id": "208001.jpg", "whole": true, "binary_regions": 9, "gradient_regions": [7, 8]}
{"query_id": "208101.jpg", "whole": false, "binary_regions": 0, "gradient_regions": [1, 0]}
{"query_id": "208102.jpg", "whole": true, "binary_regions": 9, "gradient_regions": [7, 9]}
{"query_id": "208201.jpg", "whole": false, "binary_regions": 2, "gradient_regions": [1, 1]}
{"query_id": "208301.jpg", "whole": false, "binary_regions": 0, "gradient_regions": [0, 0]}
{"query_id": "208401.jpg", "whole": false, "binary_regions": 6, "gradient_regions": [5, 6]}
{"query_id": "208501.jpg", "whole": false, "binary_regions": 6, "gradient_regions": [7, 6]}
{"query_id": "208502.jpg", "whole": false, "binary_regions": 0, "gradient_regions": [null, null]}
{"query_id": "208601.jpg", "whole": false, "binary_regions": 0, "gradient_regions": [0, 0]}
{"query_id": "208701.jpg", "whole": false, "binary_regions": 0, "gradient_regions": [null, null]}
{"query_id": "208801.jpg", "whole": true, "binary_regions": 9, "gradient_regions": [null, 2]}
{"query_id": "208901.jpg", "whole": false, "binary_regions": 5, "gradient_regions": [5, 5]}
{"query_id": "208902.jpg", "whole": false, "binary_regions": 2, "gradient_regions": [4, 3]}
{"query_id": "209001.jpg", "whole": false, "binary_regions": 0, "gradient_regions": [null, null]}
{"query_id": "209101.jpg", "whole": false, "binary_regions": 7, "gradient_regions": [10, 9]}
{"query_id": "209201.jpg", "whole": false, "binary_regions": 0, "gradient_regions": [null, null]}
{"query_id": "209202.jpg", "whole": false, "binary_regions": 0, "gradient_regions": [0, 1]}
{"query_id": "209301.jpg", "whole": false, "binary_regions": 16, "gradient_regions": [16, 16]}
{"query_id": "209302.jpg", "whole": false, "binary_regions": 0, "gradient_regions": [0, 0]}
{"query_id": "209303.jpg", "whole": true, "binary_regions": 12, "gradient_regions": [12, 12]}
{"query_id": "209401.jpg", "whole": false, "binary_regions": 0, "gradient_regions": [null, null]}
{"query_id": "209501.jpg", "whole": false, "binary_regions": 1, "gradient_regions": [0, 0]}
{"query_id": "209601.jpg", "whole": false, "binary_regions": 1, "gradient_regions": [4, 0]}
{"query_id": "209701.jpg", "whole": false, "binary_regions": 0, "gradient_regions": [3, 5]}
{"query_id": "209801.jpg", "whole": false, "binary_regions": 0, "gradient_regions": [null, null]}
{"query_id": "209802.jpg", "whole": false, "binary_regions": 0, "gradient_regions": [0, 0]}
{"query_id": "209901.jpg", "whole": true, "binary_regions": 0, "gradient_regions": [8, 7]}
{"query_id": "210001.jpg", "whole": false, "binary_regions": 0, "gradient_regions": [0, 0]}
{"query_id": "210101.jpg", "whole": false, "binary_regions": 5, "gradient_regions": [4, 4]}
{"query_id": "210201.jpg", "whole": false, "binary_regions": 0, "gradient_regions": [null, null]}
{"query_id": "210202.jpg", "whole": false, "binary_regions": 0, "gradient_regions": [null, null]}
{"query_id": "210301.jpg", "whole": false, "binary_regions": 0, "gradient_regions": [1, 0]}
{"query_id": "210401.jpg", "whole": true, "binary_regions": 8, "gradient_regions": [6, 7]}
{"query_id": "210501.jpg", "whole": true, "binary_regions": 16, "gradient_regions": [16, 16]}
{"query_id": "210502.jpg", "whole": false, "binary_regions": 0, "gradient_regions": [null, null]}
{"query_id": "210601.jpg", "whole": false, "binary_regions": 2, "gradient_regions": [null, null]}
{"query_id": "210701.jpg", "whole": false, "binary_regions": 2, "gradient_regions": [2, 2]}
{"query_id": "210702.jpg", "whole": false, "binary_regions": 0, "gradient_regions": [null, null]}
{"query_id": "210801.jpg", "whole": false, "binary_regions": 10, "gradient_regions": [10, 10]}
{"query_id": "210802.jpg", "whole": false, "binary_regions": 2, "gradient_regions": [0, 0]}
{"query_id": "210901.jpg", "whole": false, "binary_regions": 6, "gradient_regions": [8, 8]}
{"query_id": "210902.jpg", "whole": false, "binary_regions": 2, "gradient_regions": [2, 2]}
{"query_id": "211001.jpg", "whole": false, "binary_regions": 5, "gradient_regions": [4, 5]}
{"query_id": "211101.jpg", "whole": false, "binary_regions": 2, "gradient_regions": [2, 2]}
{"query_id": "211201.jpg", "whole": false, "binary_regions": 0, "gradient_regions": [null, null]}
{"query_id": "211301.jpg", "whole": false, "binary_regions": 6, "gradient_regions": [null, null]}
{"query_id": "211401.jpg", "whole": false, "binary_regions": 2, "gradient_regions": [0, 0]}
{"query_id": "211501.jpg", "whole": true, "binary_regions": 4, "gradient_regions": [1, 3]}
{"query_id": "211601.jpg", "whole": false, "binary_regions": 2, "gradient_regions": [null, null]}
{"query_id": "211602.jpg", "whole": true, "binary_regions": 14, "gradient_regions": [14, 14]}
{"query_id": "211701.jpg", "whole": false, "binary_regions": 4, "gradient_regions": [4, 4]}
{"query_id": "211702.jpg", "whole": false, "binary_regions": 0, "gradient_regions": [null, null]}
{"query_id": "211801.jpg", "whole": false, "binary_regions": 4, "gradient_regions": [4, 5]}
{"query_id": "211802.jpg", "whole": false, "binary_regions": 1, "gradient_regions": [null, 2]}
{"query_id": "211901.jpg", "whole": false, "binary_regions": 0, "gradient_regions": [null, null]}
{"query_id": "211902.jpg", "whole": false, "binary_regions": 0, "gradient_regions": [null, null]}
{"query_id": "212001.jpg", "whole": false, "binary_regions": 0, "gradient_regions": [3, 2]}
{"query_id": "212101.jpg", "whole": false, "binary_regions": 9, "gradient_regions": [10, 10]}
{"query_id": "212102.jpg", "whole": false, "binary_regions": 3, "gradient_regions": [5, 4]}
{"query_id": "212103.jpg", "whole": false, "binary_regions": 3, "gradient_regions": [0, 2]}
{"query_id": "212201.jpg", "whole": false, "binary_regions": 0, "gradient_regions": [0, 0]}
{"query_id": "212202.jpg", "whole": false, "binary_regions": 0, "gradient_regions": [null, null]}
{"query_id": "212301.jpg", "whole": false, "binary_regions": 0, "gradient_regions": [0, 0]}
{"query_id": "212401.jpg", "whole": false, "binary_regions": 0, "gradient_regions": [0, 1]}
{"query_id": "212402.jpg", "whole": false, "binary_regions": 8, "gradient_regions": [7, 6]}
{"query_id": "212501.jpg", "whole": true, "binary_regions": 4, "gradient_regions": [null, null]}
{"query_id": "212601.jpg", "whole": false, "binary_regions": 0, "gradient_regions": [1, 1]}
{"query_id": "212602.jpg", "whole": false, "binary_regions": 0, "gradient_regions": [null, null]}
{"query_id": "212701.jpg", "whole": false, "binary_regions": 0, "gradient_regions": [0, 0]}
{"query_id": "212702.jpg", "whole": false, "binary_regions": 5, "gradient_regions": [5, 5]}
{"query_id": "212801.jpg", "whole": false, "binary_regions": 10, "gradient_regions": [10, 10]}
{"query_id": "212901.jpg", "whole": false, "binary_regions": 0, "gradient_regions": [null, null]}
{"query_id": "213001.jpg", "whole": false, "binary_regions": 0, "gradient_regions": [0, 1]}
{"query_id": "213002.jpg", "whole": true, "binary_regions": 9, "gradient_regions": [null, 5]}
{"query_id": "213101.jpg", "whole": false, "binary_regions": 0, "gradient_regions": [2, 2]}
{"query_id": "213102.jpg", "whole": false, "binary_regions": 0, "gradient_regions": [null, null]}
{"query_id": "213201.jpg", "whole": false, "binary_regions": 0, "gradient_regions": [0, 0]}
{"query_id": "213202.jpg", "whole": false, "binary_regions": 4, "gradient_regions": [2, 3]}
{"query_id": "213301.jpg", "whole": true, "binary_regions": 10, "gradient_regions": [9, 10]}
{"query_id": "213401.jpg", "whole": false, "binary_regions": 0, "gradient_regions": [0, 0]}
{"query_id": "213501.jpg", "whole": false, "binary_regions": 10, "gradient_regions": [10, 10]}
{"query_id": "213502.jpg", "whole": true, "binary_regions": 11, "gradient_regions": [11, 10]}
{"query_id": "213601.jpg", "whole": false, "binary_regions": 3, "gradient_regions": [4, 3]}
{"query_id": "213602.jpg", "whole": false, "binary_regions": 0, "gradient_regions": [0, 0]}
{"query_id": "213701.jpg", "whole": false, "binary_regions": 1, "gradient_regions": [null, 0]}
{"query_id": "213801.jpg", "whole": false, "binary_regions": 4, "gradient_regions": [4, 4]}
{"query_id": "213802.jpg", "whole": false, "binary_regions": 0, "gradient_regions": [2, 2]}
{"query_id": "213803.jpg", "whole": false, "binary_regions": 4, "gradient_regions": [3, 5]}
{"query_id": "213804.jpg", "whole": false, "binary_regions": 0, "gradient_regions": [5, 5]}
{"query_id": "213805.jpg", "whole": true, "binary_regions": 16, "gradient_regions": [16, 16]}
{"query_id": "213901.jpg", "whole": false, "binary_regions": 9, "gradient_regions": [5, 8]}
{"query_id": "214001.jpg", "whole": false, "binary_regions": 0, "gradient_regions": [null, null]}
{"query_id": "214101.jpg", "whole": false, "binary_regions": 0, "gradient_regions": [4, 4]}
{"query_id": "214102.jpg", "whole": true, "binary_regions": 7, "gradient_regions": [7, 6]}
{"query_id": "214201.jpg", "whole": false, "binary_regions": 0, "gradient_regions": [null, null]}
{"query_id": "214301.jpg", "whole": false, "binary_regions": 1, "gradient_regions": [0, 0]}
{"query_id": "214401.jpg", "whole": false, "binary_regions": 0, "gradient_regions": [3, 5]}
{"query_id": "214402.jpg", "whole": false, "binary_regions": 0, "gradient_regions": [null, 0]}
{"query_id": "214501.jpg", "whole": true, "binary_regions": 9, "gradient_regions": [4, 9]}
{"query_id": "214601.jpg", "whole": false, "binary_regions": 0, "gradient_regions": [null, null]}
{"query_id": "214701.jpg", "whole": false, "binary_regions": 8, "gradient_regions": [8, 8]}
{"query_id": "214801.jpg", "whole": false, "binary_regions": 0, "gradient_regions": [2, 2]}
{"query_id": "214901.jpg", "whole": false, "binary_regions": 0, "gradient_regions": [null, 2]}
{"query_id": "214902.jpg", "whole": false, "binary_regions": 0, "gradient_regions": [0, 0]}
{"query_id": "215001.jpg", "whole": false, "binary_regions": 0, "gradient_regions": [null, null]}
{"query_id": "215101.jpg", "whole": false, "binary_regions": 2, "gradient_regions": [4, 2]}
{"query_id": "215201.jpg", "whole": false, "binary_regions": 0, "gradient_regions": [1, 0]}
{"query_id": "215301.jpg", "whole": false, "binary_regions": 0, "gradient_regions": [null, 2]}
{"query_id": "215401.jpg", "whole": false, "binary_regions": 11, "gradient_regions": [11, 11]}
{"query_id": "215501.jpg", "whole": false, "binary_regions": 0, "gradient_regions": [null, null]}
{"query_id": "215601.jpg", "whole": true, "binary_regions": 10, "gradient_regions": [9, 11]}
