   Compiling rrrah-core v0.1.0 (/workspace/crates/rrrah-core)
warning: unused import: `Rgb32f`
  --> crates/rrrah-core/src/develop/opcodes.rs:14:18
   |
14 | use super::{Cfa, Rgb32f};
   |                  ^^^^^^
   |
   = note: `#[warn(unused_imports)]` (part of `#[warn(unused)]`) on by default

warning: function `rectilinear_source_point` is never used
   --> crates/rrrah-core/src/develop/opcodes.rs:901:8
    |
901 | pub fn rectilinear_source_point(
    |        ^^^^^^^^^^^^^^^^^^^^^^^^
    |
    = note: `#[warn(dead_code)]` (part of `#[warn(unused)]`) on by default

warning: `rrrah-core` (lib) generated 2 warnings (run `cargo fix --lib -p rrrah-core` to apply 1 suggestion)
   Compiling rrrah-decode v0.1.0 (/workspace/crates/rrrah-decode)
   Compiling rrrah-dedup v0.1.0 (/workspace/crates/rrrah-dedup)
warning: unused import: `compare_local_files_projective`
 --> crates/rrrah-dedup/tests/five_lifecycle.rs:8:35
  |
8 |     local_scan::{LocalFilePolicy, compare_local_files_projective},
  |                                   ^^^^^^^^^^^^^^^^^^^^^^^^^^^^^^
  |
  = note: `#[warn(unused_imports)]` (part of `#[warn(unused)]`) on by default

warning: unused imports: `LocalFileError`, `WarpError`, `compare_local_files_projective_complementary`, and `local::LocalError`
  --> crates/rrrah-dedup/tests/five_lifecycle.rs:48:9
   |
48 |         local::LocalError,
   |         ^^^^^^^^^^^^^^^^^
49 |         local_scan::{
50 |             LocalFileError, ProjectiveComplementaryFilePolicy, ProjectivePortfolioFilePolicy,
   |             ^^^^^^^^^^^^^^
51 |             ProjectivePyramidPhotometricFilePolicy, compare_local_files_projective_complementary,
   |                                                     ^^^^^^^^^^^^^^^^^^^^^^^^^^^^^^^^^^^^^^^^^^^^
...
56 |             ProjectiveRegistrationTrustPolicy, WarpError,
   |                                                ^^^^^^^^^

warning: unused variable: `unrelated`
  --> crates/rrrah-dedup/tests/five_lifecycle.rs:68:9
   |
68 |     let unrelated = DecodeRequest::new(source.join("5495-base.png"));
   |         ^^^^^^^^^ help: if this is intentional, prefix it with an underscore: `_unrelated`
   |
   = note: `#[warn(unused_variables)]` (part of `#[warn(unused)]`) on by default

warning: linker stderr: /validation/sysroot/usr/bin/ld: /validation/target/debug/deps/libjpegxr-8d01a0594e000fc4.rlib(2e643c6506a180d9-strenc.o): in function `StrIOEncInit':
         /validation/cargo/registry/src/index.crates.io-1949cf8c6b5b557f/jpegxr-0.3.1/jxrlib/image/encode/strenc.c:485:(.text.StrIOEncInit+0xf0): the use of `tmpnam' is dangerous, better use `mkstemp'
  |
  = note: `#[warn(linker_messages)]` on by default

warning: linker stdout: /validation/sysroot/usr/bin/ld: /validation/target/debug/deps/libjpegxr-8d01a0594e000fc4.rlib(2e643c6506a180d9-strenc.o): note: the message above does not take linker garbage collection into account

warning: `rrrah-dedup` (test "five_lifecycle") generated 5 warnings (run `cargo fix --test "five_lifecycle" -p rrrah-dedup` to apply 3 suggestions)
    Finished `test` profile [optimized + debuginfo] target(s) in 1m 14s
     Running tests/five_lifecycle.rs (/validation/target/debug/deps/five_lifecycle-da6e93eb621956c2)

running 1 test
test five_search_source_replacement_discards_prior_positives ... ok

test result: ok. 1 passed; 0 failed; 0 ignored; 0 measured; 0 filtered out; finished in 49.37s

