   Compiling rrrah-dedup v0.1.0 (/Users/themoretheless/Documents/Sources/rrrah/crates/rrrah-dedup)
   Compiling rrrah-decode v0.1.0 (/Users/themoretheless/Documents/Sources/rrrah/crates/rrrah-decode)
warning: function `error` is never used
 --> crates/rrrah-decode/src/camtiff/mef_sensor.rs:4:4
  |
4 | fn error(message: &str) -> DecodeError {
  |    ^^^^^
  |
  = note: `#[warn(dead_code)]` (part of `#[warn(unused)]`) on by default

warning: function `packed_12` is never used
 --> crates/rrrah-decode/src/camtiff/mef_sensor.rs:9:4
  |
9 | fn packed_12(
  |    ^^^^^^^^^

warning: function `decode_zd` is never used
  --> crates/rrrah-decode/src/camtiff/mef_sensor.rs:48:15
   |
48 | pub(super) fn decode_zd(
   |               ^^^^^^^^^

warning: `rrrah-decode` (lib) generated 3 warnings
    Finished `test` profile [optimized + debuginfo] target(s) in 10.83s
     Running tests/local.rs (/tmp/rrrah-dedup-target/debug/deps/local-19552dfeb3f97f5c)

running 4 tests
test flat_images_ambiguous_descriptors_budgets_and_cancel_are_explicit ... ok
test one_shot_matching_cancellation_discards_every_partial_result_and_retries ... ok
test quarter_turn_crops_are_found_without_manual_correspondences ... ok
test extracted_crop_matches_drive_geometry_and_pixel_verification ... ok

test result: ok. 4 passed; 0 failed; 0 ignored; 0 measured; 0 filtered out; finished in 0.01s

     Running tests/local_scan.rs (/tmp/rrrah-dedup-target/debug/deps/local_scan-6ca78a88d5d9843f)

running 11 tests
test file_pair_limits_cancel_and_invalid_acceptance_are_inconclusive ... ok
test fitted_scan_validates_policy_before_consuming_input ... ok
test recursive_local_search_preserves_paths_aliases_and_decode_errors ... ok
test spatial_file_policy_preserves_pixel_proof_errors_and_source_guards ... ok
test full_file_search_finds_crop_scale_rotation_and_rejects_unrelated_and_corrupt_sources ... ok
test unfiltered_photometric_batch_uses_fitted_residuals_and_retains_strict_pixels ... ok
test batch_source_mutation_discards_all_stale_pairs_and_keeps_healthy_evidence ... ok
test constrained_batch_mutation_discards_stale_pairs ... ok
test final_generation_change_and_one_shot_cancellation_return_no_partial_report ... ok
test constrained_batch_final_generation_and_cancellation_discard_report ... ok
test fitted_batch_and_roots_preserve_signal_selection_and_corrupt_file_diagnostics ... ok

test result: ok. 11 passed; 0 failed; 0 ignored; 0 measured; 0 filtered out; finished in 12.17s

     Running tests/oriented.rs (/tmp/rrrah-dedup-target/debug/deps/oriented-3db41cd5e0fd6bfc)

running 4 tests
test oriented_extraction_cancels_inside_descriptor_work_and_enforces_budgets ... ok
test independent_arbitrary_rotations_recover_geometry_and_reject_unrelated_texture ... ok
test independently_resized_images_estimate_non_dyadic_scale_and_rotation ... ok
test reflected_descriptors_reach_original_geometry_and_pixel_proof ... ok

test result: ok. 4 passed; 0 failed; 0 ignored; 0 measured; 0 filtered out; finished in 0.24s

