   Compiling rrrah-dedup v0.1.0 (/Users/themoretheless/Documents/Sources/rrrah/crates/rrrah-dedup)
warning: type does not implement `Debug`; consider adding `#[derive(Debug)]` or a manual implementation
  --> crates/rrrah-dedup/src/gradient_index.rs:17:1
   |
17 | / pub struct GradientDescriptorIndex<'a> {
18 | |     entries: &'a [(u64, GradientDescriptor)],
19 | |     order: SharedBuffer<usize>,
20 | |     axis: usize,
21 | |     recipe: GradientCellRecipe,
22 | | }
   | |_^
   |
   = note: requested on the command line with `-W missing-debug-implementations`

warning: `rrrah-dedup` (lib) generated 1 warning
warning: `rrrah-dedup` (lib test) generated 1 warning (1 duplicate)
    Finished `test` profile [optimized + debuginfo] target(s) in 1m 44s
     Running unittests src/lib.rs (target/debug/deps/rrrah_dedup-f42f728954ca44e7)

running 1 test
test visual::distinct_variant_tests::repeated_complete_variants_preserve_all_ids_and_exact_metric ... ok

test result: ok. 1 passed; 0 failed; 0 ignored; 0 measured; 39 filtered out; finished in 0.00s

     Running tests/local_index.rs (target/debug/deps/local_index-9aa10ecdb14f1c8c)

running 0 tests

test result: ok. 0 passed; 0 failed; 0 ignored; 0 measured; 7 filtered out; finished in 0.00s

     Running tests/visual.rs (target/debug/deps/visual-ebf20522ee15b1ca)

running 0 tests

test result: ok. 0 passed; 0 failed; 0 ignored; 0 measured; 8 filtered out; finished in 0.00s

