    Blocking waiting for file lock on build directory
   Compiling rrrah-dedup v0.1.0 (/Users/themoretheless/Documents/Sources/rrrah/crates/rrrah-dedup)
    Finished `test` profile [optimized + debuginfo] target(s) in 33.46s
     Running unittests src/lib.rs (/tmp/rrrah-dedup-target/debug/deps/rrrah_dedup-e1c451b346790d9e)

running 11 tests
test exact::collision_tests::read_buffer_capacity_failure_is_explicit_and_retry_succeeds ... ok
test tests::traversal_work_exhaustion_is_distinct_from_failure ... ok
test tests::collision_membership_keeps_arbitrary_order_and_pair_identity ... ok
test warp::encoded_signal_tests::extended_srgb_landmarks_match_independent_decimal_oracle_without_clipping ... ok
test warp::encoded_signal_tests::transfer_precedes_premultiplication_and_bilinear_sampling ... ok
test tests::empty_and_duplicate_fingerprints ... ok
test warp::bounded_fit_tests::boundary_fit_matches_exhaustive_rectangle_and_beats_independent_clipping ... ok
test exact::collision_tests::final_content_validation_rejects_change_even_when_metadata_matches ... ok
test exact::collision_tests::verified_observations_detect_metadata_invisible_pruned_mutations ... ok
test exact::collision_tests::colliding_samples_and_full_hashes_still_partition_by_bytes ... ok
test tests::indexed_search_matches_independent_exhaustive_scan ... ok

test result: ok. 11 passed; 0 failed; 0 ignored; 0 measured; 0 filtered out; finished in 0.01s

     Running tests/geometry.rs (/tmp/rrrah-dedup-target/debug/deps/geometry-52eaaaaf9b778296)

running 9 tests
test alternative_geometry_keeps_degeneracy_guards_and_deduplicates_identical_models ... ok
test degenerate_least_squares_refinement_preserves_prior_hypothesis ... ok
test duplicate_and_collinear_support_cannot_inflate_evidence ... ok
test noisy_corners_refine_to_independently_known_least_squares_solution ... ok
test one_shot_cancel_never_publishes_partial_geometry_and_retry_recovers_support ... ok
test scaled_rotated_crop_translation_rejects_watermark_outliers ... ok
test capped_residual_candidate_preserves_exact_majority_beside_count_winner ... ok
test reflected_geometry_keeps_support_original_coordinates_and_cancel_atomicity ... ok
test alternative_geometry_budget_and_cancellation_never_publish_partial_models ... ok

test result: ok. 9 passed; 0 failed; 0 ignored; 0 measured; 0 filtered out; finished in 0.00s

     Running tests/groups.rs (/tmp/rrrah-dedup-target/debug/deps/groups-f061e0a4c064de17)

running 5 tests
test invalid_input_budget_and_cancellation_are_explicit ... ok
test nontransitive_chain_preserves_edge_without_inventing_pair ... ok
test every_emitted_group_has_all_pairs_for_all_small_graphs ... ok
test isolated_and_sparse_entries_avoid_unrelated_group_checks ... ok
test sparse_selection_matches_independent_exhaustive_reference_for_all_six_node_graphs ... ok

test result: ok. 5 passed; 0 failed; 0 ignored; 0 measured; 0 filtered out; finished in 0.07s

