   Compiling moxcms v0.8.1 (/workspace/vendor/moxcms)
   Compiling image v0.25.10
   Compiling hayro-interpret v0.7.0 (/workspace/vendor/hayro-interpret)
   Compiling hayro v0.7.1
   Compiling jxl-oxide v0.12.6
   Compiling rrrah-decode v0.1.0 (/workspace/crates/rrrah-decode)
   Compiling rrrah-dedup v0.1.0 (/workspace/crates/rrrah-dedup)
warning: linker stderr: /validation/sysroot/usr/bin/ld: /validation/target/debug/deps/libjpegxr-8d01a0594e000fc4.rlib(2e643c6506a180d9-strenc.o): in function `StrIOEncInit':
         /validation/cargo/registry/src/index.crates.io-1949cf8c6b5b557f/jpegxr-0.3.1/jxrlib/image/encode/strenc.c:485:(.text.StrIOEncInit+0xf0): the use of `tmpnam' is dangerous, better use `mkstemp'
  |
  = note: `#[warn(linker_messages)]` on by default

warning: linker stdout: /validation/sysroot/usr/bin/ld: /validation/target/debug/deps/libjpegxr-8d01a0594e000fc4.rlib(2e643c6506a180d9-strenc.o): note: the message above does not take linker garbage collection into account

warning: `rrrah-dedup` (test "pyramid") generated 2 warnings
    Finished `test` profile [optimized + debuginfo] target(s) in 1m 08s
     Running tests/pyramid.rs (/validation/target/debug/deps/pyramid-677dbfe7d6064154)

running 5 tests
test enlarged_quarter_turn_recovers_scale_and_rotation_together ... ok
test scale_is_estimated_from_extracted_multiresolution_features ... ok
test managed_oriented_pyramid_admission_cancel_retry_and_last_owner_release ... ok
test oriented_pyramid_keeps_recipe_source_coordinates_and_admission ... ok
test spatial_pyramid_preserves_level_coordinates_admission_and_cancellation ... ok

test result: ok. 5 passed; 0 failed; 0 ignored; 0 measured; 0 filtered out; finished in 0.04s

