Ok(
    LocalFileEvidence {
        correspondences: [
            Correspondence {
                source: [
                    2756.0,
                    2197.0,
                ],
                target: [
                    2843.0,
                    1558.0,
                ],
            },
        ],
        geometry: None,
        pixels: None,
        photometric: None,
        photometric_fit_range: Some(
            FitSampleRange {
                minimum: 0.0,
                maximum: 1.0,
            },
        ),
        display_projection: true,
        photometric_failure: None,
        filtered: None,
        candidate: false,
    },
)
managed_used=0 managed_peak=967994608
