   Compiling rrrah-dedup v0.1.0 (/workspace/crates/rrrah-dedup)
warning: type does not implement `Debug`; consider adding `#[derive(Debug)]` or a manual implementation
  --> crates/rrrah-dedup/src/gradient_index.rs:17:1
   |
17 | / pub struct GradientDescriptorIndex<'a> {
18 | |     entries: &'a [(u64, GradientDescriptor)],
19 | |     order: SharedBuffer<usize>,
20 | |     axis: usize,
21 | |     recipe: GradientCellRecipe,
22 | | }
   | |_^
   |
   = note: requested on the command line with `-W missing-debug-implementations`

warning: `rrrah-dedup` (lib) generated 1 warning
warning: linker stderr: /validation/sysroot/usr/bin/ld: /validation/target/debug/deps/libjpegxr-8d01a0594e000fc4.rlib(2e643c6506a180d9-strenc.o): in function `StrIOEncInit':
         /validation/cargo/registry/src/index.crates.io-1949cf8c6b5b557f/jpegxr-0.3.1/jxrlib/image/encode/strenc.c:485:(.text.StrIOEncInit+0xf0): the use of `tmpnam' is dangerous, better use `mkstemp'
  |
  = note: `#[warn(linker_messages)]` on by default

warning: linker stdout: /validation/sysroot/usr/bin/ld: /validation/target/debug/deps/libjpegxr-8d01a0594e000fc4.rlib(2e643c6506a180d9-strenc.o): note: the message above does not take linker garbage collection into account

warning: `rrrah-dedup` (test "gradient_distinct_locations") generated 2 warnings
warning: `rrrah-dedup` (test "gradient_interpolated") generated 2 warnings (2 duplicates)
warning: `rrrah-dedup` (test "gradient") generated 2 warnings (2 duplicates)
warning: `rrrah-dedup` (test "gradient_empty") generated 2 warnings (2 duplicates)
warning: `rrrah-dedup` (test "gradient_index") generated 2 warnings (2 duplicates)
    Finished `test` profile [optimized + debuginfo] target(s) in 5m 01s
     Running tests/gradient.rs (/validation/target/debug/deps/gradient-ab4f5a8a18f398cd)

running 9 tests
test gradient_matching_mutual_ties_admission_and_cancel ... ok
test gradient_affine_light_flat_refusals_and_cancel ... ok
test dominant_gradient_orientation_analytic_angles_flat_and_limits ... ok
test independently_rotated_texture_and_alpha_refusal ... ok
test rotated_uniform_patches_never_create_descriptors ... ok
test managed_spatial_pyramid_matches_unmanaged_and_releases_last_owner ... ok
test spatial_gradient_selection_preserves_recipe_and_cell_limits ... ok
test extracted_gradients_identity_unrelated_work_and_cancel ... ok
     Running tests/gradient_distinct_locations.rs (/validation/target/debug/deps/gradient_distinct_locations-b6b7912750550689)
test gradient_pyramid_independent_double_size_coordinates_and_work ... ok

test result: ok. 9 passed; 0 failed; 0 ignored; 0 measured; 0 filtered out; finished in 0.12s


running 4 tests
test distinct_location_work_validation_and_atomic_cancellation ... ok
test nearby_scale_duplicates_preserve_distinct_landmarks_and_reject_ambiguity ... ok
test managed_distinct_match_admission_last_owner_and_cancellation ... ok
test distinct_location_results_equal_independent_sorted_distance_oracle ... ok

test result: ok. 4 passed; 0 failed; 0 ignored; 0 measured; 0 filtered out; finished in 0.00s

     Running tests/gradient_empty.rs (/validation/target/debug/deps/gradient_empty-3fe8ba7910e3111b)

running 1 test
test empty_gradient_inputs_honor_terminal_cancellation_and_retry ... ok

test result: ok. 1 passed; 0 failed; 0 ignored; 0 measured; 0 filtered out; finished in 0.00s

     Running tests/gradient_index.rs (/validation/target/debug/deps/gradient_index-b62d7c3208c52a4a)

running 7 tests
test admission_cancel_recipe_and_owned_reservation ... ok
test invalid_vectors_exact_memory_and_build_cancellation ... ok
test file_proposal_cancellation_never_returns_partial_pairs ... ok
test proposal_scratch_and_retained_report_admit_exact_peak ... ok
test repeated_descriptor_hits_retain_one_pair_with_bounded_memory ... ok
test retrieval_equals_exhaustive_including_boundaries_and_collisions ... ok
test file_proposals_equal_exhaustive_without_ambiguity_loss ... ok

test result: ok. 7 passed; 0 failed; 0 ignored; 0 measured; 0 filtered out; finished in 0.01s

     Running tests/gradient_interpolated.rs (/validation/target/debug/deps/gradient_interpolated-e43563e2a8bc2cff)

running 4 tests
test interpolated_recipe_flat_alpha_work_and_cancellation_refusals ... ok
test interpolated_cells_reduce_one_pixel_edge_localization_error ... ok
test interpolated_recipe_preserves_independent_quarter_turn_and_affine_light ... ok
test explicit_recipe_pyramid_preserves_positions_limits_cancel_and_managed_ownership ... ok

test result: ok. 4 passed; 0 failed; 0 ignored; 0 measured; 0 filtered out; finished in 0.05s

