   Compiling rrrah-dedup v0.1.0 (/Users/themoretheless/Documents/Sources/rrrah/crates/rrrah-dedup)
warning: function `error` is never used
 --> crates/rrrah-decode/src/camtiff/mef_sensor.rs:4:4
  |
4 | fn error(message: &str) -> DecodeError {
  |    ^^^^^
  |
  = note: `#[warn(dead_code)]` (part of `#[warn(unused)]`) on by default

warning: function `packed_12` is never used
 --> crates/rrrah-decode/src/camtiff/mef_sensor.rs:9:4
  |
9 | fn packed_12(
  |    ^^^^^^^^^

warning: function `decode_zd` is never used
  --> crates/rrrah-decode/src/camtiff/mef_sensor.rs:48:15
   |
48 | pub(super) fn decode_zd(
   |               ^^^^^^^^^

warning: `rrrah-decode` (lib) generated 3 warnings
    Finished `test` profile [optimized + debuginfo] target(s) in 7.75s
     Running tests/projective_files.rs (target/debug/deps/projective_files-af2b447668e34079)

running 1 test

thread 'real_preview_perspective_derivatives' (3108141) panicked at crates/rrrah-dedup/tests/projective_files.rs:39:2:
5495: correspondences=15 geometry=Some(ProjectiveEvidence { transform: ProjectiveTransform { matrix: [[0.9546334196133781, -0.0251440741095683, 21.937346221966095], [-0.021099326326598514, 1.0286529733630962, 6.213676040171094], [-0.00042016716364693806, 9.028429432440407e-5, 1.095103571948535]] }, inliers: [0, 1, 2, 3, 4, 5, 6, 7, 8, 9, 10, 11, 12, 13, 14], squared_error: 2.16340122133654, hypotheses: 1365 }) pixels=Some(ProjectiveFilteredEvidence { filter: ColorFilterPolicy { filter: FilterPolicy { radius: 1, max_sample_pairs: 4000000 }, color_space: LinearSrgb }, strict: BidirectionalEvidence { forward: WarpEvidence { source_pixels: 76800, compared_pixels: 73029, matched_pixels: 28865, maximum_channel_error: 0.6821063454462517, squared_error: 1745.8685160233535 }, reverse: WarpEvidence { source_pixels: 76800, compared_pixels: 70524, matched_pixels: 32963, maximum_channel_error: 0.6584780857533112, squared_error: 1380.4925944500783 } }, filtered: BidirectionalEvidence { forward: WarpEvidence { source_pixels: 76800, compared_pixels: 71927, matched_pixels: 40942, maximum_channel_error: 0.6101477841518522, squared_error: 927.3000927245622 }, reverse: WarpEvidence { source_pixels: 76800, compared_pixels: 69434, matched_pixels: 42015, maximum_channel_error: 0.605313009860375, squared_error: 776.4104329039935 } } })
note: run with `RUST_BACKTRACE=1` environment variable to display a backtrace
test real_preview_perspective_derivatives ... FAILED

failures:

failures:
    real_preview_perspective_derivatives

test result: FAILED. 0 passed; 1 failed; 0 ignored; 0 measured; 3 filtered out; finished in 2.62s

error: test failed, to rerun pass `-p rrrah-dedup --test projective_files`
