   Compiling rrrah-dedup v0.1.0 (/Users/themoretheless/Documents/Sources/rrrah/crates/rrrah-dedup)
   Compiling rrrah-decode v0.1.0 (/Users/themoretheless/Documents/Sources/rrrah/crates/rrrah-decode)
warning: function `error` is never used
 --> crates/rrrah-decode/src/camtiff/mef_sensor.rs:4:4
  |
4 | fn error(message: &str) -> DecodeError {
  |    ^^^^^
  |
  = note: `#[warn(dead_code)]` (part of `#[warn(unused)]`) on by default

warning: function `packed_12` is never used
 --> crates/rrrah-decode/src/camtiff/mef_sensor.rs:9:4
  |
9 | fn packed_12(
  |    ^^^^^^^^^

warning: function `decode_zd` is never used
  --> crates/rrrah-decode/src/camtiff/mef_sensor.rs:48:15
   |
48 | pub(super) fn decode_zd(
   |               ^^^^^^^^^

warning: `rrrah-decode` (lib) generated 3 warnings
    Finished `test` profile [optimized + debuginfo] target(s) in 10.02s
     Running tests/geometry.rs (/tmp/rrrah-dedup-target/debug/deps/geometry-e83c94614da54a1b)

running 9 tests
test duplicate_and_collinear_support_cannot_inflate_evidence ... ok
test scaled_rotated_crop_translation_rejects_watermark_outliers ... ok
test degenerate_least_squares_refinement_preserves_prior_hypothesis ... ok
test noisy_corners_refine_to_independently_known_least_squares_solution ... ok
test alternative_geometry_keeps_degeneracy_guards_and_deduplicates_identical_models ... ok
test one_shot_cancel_never_publishes_partial_geometry_and_retry_recovers_support ... ok
test capped_residual_candidate_preserves_exact_majority_beside_count_winner ... ok
test reflected_geometry_keeps_support_original_coordinates_and_cancel_atomicity ... ok
test alternative_geometry_budget_and_cancellation_never_publish_partial_models ... ok

test result: ok. 9 passed; 0 failed; 0 ignored; 0 measured; 0 filtered out; finished in 0.00s

