   Compiling hayro-interpret v0.7.0 (/Users/themoretheless/Documents/Sources/rrrah/vendor/hayro-interpret)
   Compiling rrrah-dedup v0.1.0 (/Users/themoretheless/Documents/Sources/rrrah/crates/rrrah-dedup)
   Compiling hayro v0.7.1
   Compiling rrrah-decode v0.1.0 (/Users/themoretheless/Documents/Sources/rrrah/crates/rrrah-decode)
warning: type does not implement `Debug`; consider adding `#[derive(Debug)]` or a manual implementation
  --> crates/rrrah-dedup/src/gradient_index.rs:17:1
   |
17 | / pub struct GradientDescriptorIndex<'a> {
18 | |     entries: &'a [(u64, GradientDescriptor)],
19 | |     order: SharedBuffer<usize>,
20 | |     axis: usize,
21 | |     recipe: GradientCellRecipe,
22 | | }
   | |_^
   |
   = note: requested on the command line with `-W missing-debug-implementations`

warning: `rrrah-dedup` (lib) generated 1 warning
warning: unused import: `compare_local_files_projective`
 --> crates/rrrah-dedup/tests/region_transform.rs:8:35
  |
8 |     local_scan::{LocalFilePolicy, compare_local_files_projective},
  |                                   ^^^^^^^^^^^^^^^^^^^^^^^^^^^^^^
  |
  = note: `#[warn(unused_imports)]` (part of `#[warn(unused)]`) on by default

warning: unused import: `compare_local_files_projective_pyramid_photometric`
  --> crates/rrrah-dedup/tests/region_transform.rs:50:13
   |
50 |             compare_local_files_projective_pyramid_photometric,
   |             ^^^^^^^^^^^^^^^^^^^^^^^^^^^^^^^^^^^^^^^^^^^^^^^^^^

warning: calls to `std::mem::drop` with a value that implements `Copy` does nothing
   --> crates/rrrah-dedup/tests/region_transform.rs:119:183
    |
119 | ...r.accepted_region));drop(negative);drop(unrelated_view);drop(unrelated);drop(view);drop(image);drop(direct);assert_eq!(budget.us...
    |                                       ^^^^^--------------^
    |                                            |
    |                                            argument has type `LinearRgbaView<'_>`
    |
    = note: `#[warn(dropping_copy_types)]` on by default
help: use `let _ = ...` to ignore the expression or result
    |
119 -     let negative=verify_projective_region_grid_views(&view,&unrelated_view,model,q,(2,2),&budget,||false).unwrap();assert!(!negative.iter().any(|r|r.accepted_region));drop(negative);drop(unrelated_view);drop(unrelated);drop(view);drop(image);drop(direct);assert_eq!(budget.used(),0);
119 +     let negative=verify_projective_region_grid_views(&view,&unrelated_view,model,q,(2,2),&budget,||false).unwrap();assert!(!negative.iter().any(|r|r.accepted_region));drop(negative);let _ = unrelated_view;drop(unrelated);drop(view);drop(image);drop(direct);assert_eq!(budget.used(),0);
    |

warning: calls to `std::mem::drop` with a value that implements `Copy` does nothing
   --> crates/rrrah-dedup/tests/region_transform.rs:119:220
    |
119 | ...e);drop(unrelated_view);drop(unrelated);drop(view);drop(image);drop(direct);assert_eq!(budget.used(),0);
    |                                            ^^^^^----^
    |                                                 |
    |                                                 argument has type `LinearRgbaView<'_>`
    |
help: use `let _ = ...` to ignore the expression or result
    |
119 -     let negative=verify_projective_region_grid_views(&view,&unrelated_view,model,q,(2,2),&budget,||false).unwrap();assert!(!negative.iter().any(|r|r.accepted_region));drop(negative);drop(unrelated_view);drop(unrelated);drop(view);drop(image);drop(direct);assert_eq!(budget.used(),0);
119 +     let negative=verify_projective_region_grid_views(&view,&unrelated_view,model,q,(2,2),&budget,||false).unwrap();assert!(!negative.iter().any(|r|r.accepted_region));drop(negative);drop(unrelated_view);drop(unrelated);let _ = view;drop(image);drop(direct);assert_eq!(budget.used(),0);
    |

warning: `rrrah-dedup` (test "region_transform") generated 4 warnings (run `cargo fix --test "region_transform" -p rrrah-dedup` to apply 2 suggestions)
    Finished `test` profile [optimized + debuginfo] target(s) in 26.01s
     Running tests/region_transform.rs (target/debug/deps/region_transform-ece27dd2968f8f24)

running 1 test
test supplied_model_regions_require_pixels_and_cancel_atomically ... ok

test result: ok. 1 passed; 0 failed; 0 ignored; 0 measured; 0 filtered out; finished in 5.44s

