{
  "status": "verified_six_region_collection_prefix",
  "report_sha256": "70f788e88ee2922fdda9ae9ccbe4a4694332dce6766974cb3940ad2722e208f8",
  "verified_queries": 43,
  "verified_models": 54,
  "verified_native_collection_queries": 43,
  "lane_support_gains": [
    {
      "query_id": "200001.jpg",
      "lane": 0,
      "old_supports": 7,
      "new_supports": 21
    },
    {
      "query_id": "200001.jpg",
      "lane": 1,
      "old_supports": 7,
      "new_supports": 21
    },
    {
      "query_id": "200102.jpg",
      "lane": 0,
      "old_supports": 6,
      "new_supports": 14
    },
    {
      "query_id": "200102.jpg",
      "lane": 1,
      "old_supports": 6,
      "new_supports": 14
    },
    {
      "query_id": "200303.jpg",
      "lane": 0,
      "old_supports": 16,
      "new_supports": 32
    },
    {
      "query_id": "200303.jpg",
      "lane": 1,
      "old_supports": 16,
      "new_supports": 32
    },
    {
      "query_id": "200701.jpg",
      "lane": 0,
      "old_supports": 7,
      "new_supports": 20
    },
    {
      "query_id": "200701.jpg",
      "lane": 1,
      "old_supports": 9,
      "new_supports": 25
    },
    {
      "query_id": "200901.jpg",
      "lane": 0,
      "old_supports": 1,
      "new_supports": 7
    },
    {
      "query_id": "200901.jpg",
      "lane": 1,
      "old_supports": 1,
      "new_supports": 7
    },
    {
      "query_id": "201001.jpg",
      "lane": 0,
      "old_supports": 5,
      "new_supports": 10
    },
    {
      "query_id": "201001.jpg",
      "lane": 1,
      "old_supports": 5,
      "new_supports": 10
    },
    {
      "query_id": "201101.jpg",
      "lane": 0,
      "old_supports": 5,
      "new_supports": 17
    },
    {
      "query_id": "201101.jpg",
      "lane": 1,
      "old_supports": 6,
      "new_supports": 19
    },
    {
      "query_id": "201201.jpg",
      "lane": 0,
      "old_supports": 5,
      "new_supports": 9
    },
    {
      "query_id": "201201.jpg",
      "lane": 1,
      "old_supports": 6,
      "new_supports": 12
    },
    {
      "query_id": "201202.jpg",
      "lane": 0,
      "old_supports": 1,
      "new_supports": 2
    },
    {
      "query_id": "201202.jpg",
      "lane": 1,
      "old_supports": 1,
      "new_supports": 2
    },
    {
      "query_id": "201302.jpg",
      "lane": 0,
      "old_supports": 11,
      "new_supports": 27
    },
    {
      "query_id": "201302.jpg",
      "lane": 1,
      "old_supports": 11,
      "new_supports": 27
    },
    {
      "query_id": "201401.jpg",
      "lane": 0,
      "old_supports": 7,
      "new_supports": 14
    },
    {
      "query_id": "201401.jpg",
      "lane": 1,
      "old_supports": 8,
      "new_supports": 16
    },
    {
      "query_id": "201501.jpg",
      "lane": 0,
      "old_supports": 8,
      "new_supports": 21
    },
    {
      "query_id": "201501.jpg",
      "lane": 1,
      "old_supports": 6,
      "new_supports": 14
    },
    {
      "query_id": "201701.jpg",
      "lane": 0,
      "old_supports": 0,
      "new_supports": 4
    },
    {
      "query_id": "201701.jpg",
      "lane": 1,
      "old_supports": 0,
      "new_supports": 1
    },
    {
      "query_id": "201901.jpg",
      "lane": 0,
      "old_supports": 3,
      "new_supports": 8
    },
    {
      "query_id": "201901.jpg",
      "lane": 1,
      "old_supports": 2,
      "new_supports": 6
    },
    {
      "query_id": "202002.jpg",
      "lane": 0,
      "old_supports": 4,
      "new_supports": 10
    },
    {
      "query_id": "202002.jpg",
      "lane": 1,
      "old_supports": 5,
      "new_supports": 12
    },
    {
      "query_id": "202302.jpg",
      "lane": 0,
      "old_supports": 9,
      "new_supports": 24
    },
    {
      "query_id": "202302.jpg",
      "lane": 1,
      "old_supports": 10,
      "new_supports": 25
    },
    {
      "query_id": "202501.jpg",
      "lane": 1,
      "old_supports": 0,
      "new_supports": 1
    },
    {
      "query_id": "202601.jpg",
      "lane": 0,
      "old_supports": 3,
      "new_supports": 6
    },
    {
      "query_id": "202601.jpg",
      "lane": 1,
      "old_supports": 5,
      "new_supports": 9
    },
    {
      "query_id": "202701.jpg",
      "lane": 0,
      "old_supports": 8,
      "new_supports": 23
    },
    {
      "query_id": "202701.jpg",
      "lane": 1,
      "old_supports": 6,
      "new_supports": 18
    }
  ],
  "scope": "Completed ordered prefix only. Independent domains/pixel admission and prior constituent parity; not full corpus, precision or full-library qualification.",
  "required_queries": 229,
  "six_whole_candidates": [
    "200001.jpg",
    "200303.jpg",
    "200701.jpg",
    "201101.jpg",
    "201302.jpg",
    "201501.jpg",
    "201801.jpg",
    "202002.jpg",
    "202302.jpg",
    "202701.jpg"
  ],
  "spatial_region_supported_queries": [
    "200001.jpg",
    "200102.jpg",
    "200303.jpg",
    "200701.jpg",
    "200901.jpg",
    "201001.jpg",
    "201101.jpg",
    "201201.jpg",
    "201202.jpg",
    "201301.jpg",
    "201302.jpg",
    "201401.jpg",
    "201501.jpg",
    "201801.jpg",
    "201901.jpg",
    "202002.jpg",
    "202101.jpg",
    "202302.jpg",
    "202501.jpg",
    "202601.jpg",
    "202701.jpg",
    "202801.jpg"
  ],
  "whole_or_region_supported_queries": [
    "200001.jpg",
    "200102.jpg",
    "200303.jpg",
    "200701.jpg",
    "200901.jpg",
    "201001.jpg",
    "201101.jpg",
    "201201.jpg",
    "201202.jpg",
    "201301.jpg",
    "201302.jpg",
    "201401.jpg",
    "201501.jpg",
    "201601.jpg",
    "201701.jpg",
    "201801.jpg",
    "201901.jpg",
    "202002.jpg",
    "202101.jpg",
    "202202.jpg",
    "202302.jpg",
    "202501.jpg",
    "202601.jpg",
    "202701.jpg",
    "202801.jpg"
  ]
}
