   Compiling unicode-ident v1.0.24
   Compiling num-traits v0.2.19
   Compiling smallvec v1.15.2
   Compiling regex-syntax v0.8.11
   Compiling cc v1.3.0
   Compiling clang-sys v1.9.1
   Compiling system-deps v7.0.8
   Compiling rustix v0.38.44
   Compiling weezl v0.1.12
   Compiling zune-core v0.5.3
   Compiling fearless_simd v0.4.1
   Compiling paste v1.0.15
   Compiling brotli-decompressor v5.0.3
   Compiling errno v0.3.14
   Compiling polycool v0.4.0
   Compiling pulp v0.22.3
   Compiling proc-macro2 v1.0.107
   Compiling color_quant v1.1.0
   Compiling quick-error v2.0.1
   Compiling zune-jpeg v0.5.15
   Compiling pxfm v0.1.30
   Compiling system-deps v8.0.0
   Compiling quote v1.0.47
   Compiling syn v2.0.119
   Compiling syn v3.0.2
   Compiling regex-automata v0.4.16
   Compiling num-integer v0.1.47
   Compiling num-bigint v0.4.8
   Compiling kurbo v0.13.1
   Compiling hashbrown v0.17.1
   Compiling jxl-modular v0.11.3
   Compiling jxl-image v0.13.0
   Compiling core_maths v0.1.1
   Compiling phf_shared v0.13.1
   Compiling png v0.18.1
   Compiling slotmap v1.1.1
   Compiling pulp-wasm-simd-flag v0.1.1
   Compiling home v0.5.12
   Compiling bindgen v0.72.1
   Compiling bytes v1.12.1
   Compiling lazy_static v1.5.1
   Compiling num-rational v0.4.2
   Compiling byteorder-lite v0.1.0
   Compiling byte-slice-cast v1.2.3
   Compiling regex v1.13.1
   Compiling synstructure v0.14.0
   Compiling bindgen v0.69.5
   Compiling dav1d-sys v0.8.3
   Compiling fastrand v2.5.0
   Compiling float-cmp v0.9.0
   Compiling reborrow v0.5.5
   Compiling strict-num v0.1.1
   Compiling phf_generator v0.13.1
   Compiling image-webp v0.2.4
   Compiling prettyplease v0.2.37
   Compiling moxcms v0.8.1
   Compiling jxl-vardct v0.11.1
   Compiling which v4.4.2
   Compiling ttf-parser v0.25.1
   Compiling euclid v0.22.14
   Compiling cmake v0.1.58
   Compiling zune-inflate v0.2.54
   Compiling link-cplusplus v1.0.12
   Compiling blake3 v1.8.5
   Compiling bitreader v0.3.11
   Compiling lazycell v1.3.0
   Compiling fax v0.2.7
   Compiling linebender_resource_handle v0.1.1
   Compiling rustc-hash v1.1.0
   Compiling hayro-ccitt v0.3.0
   Compiling bit_field v0.10.3
   Compiling byteorder v1.5.0
   Compiling lebe v0.5.3
   Compiling thiserror v1.0.69
   Compiling serde_core v1.0.229
   Compiling hayro-jbig2 v0.3.0
   Compiling basis-universal-sys v0.3.1
   Compiling openjpeg-sys v1.0.12
   Compiling guillotiere v0.7.0
   Compiling jxl-frame v0.13.3
   Compiling charls-sys v2.4.5
   Compiling hayro-jpeg2000 v0.3.5
   Compiling brotli v8.0.4
   Compiling gif v0.14.2
   Compiling kurbo v0.11.3
   Compiling libheif-sys v5.3.1+1.23.1
   Compiling unicode-bidi-mirroring v0.4.0
   Compiling unicode-script v0.5.8
   Compiling anyhow v1.0.104
   Compiling unicode-ccc v0.4.0
   Compiling unicode-properties v0.1.4
   Compiling hayro-postscript v0.1.0
   Compiling stable_deref_trait v1.2.1
   Compiling tinyvec v1.13.3
   Compiling constant_time_eq v0.4.2
   Compiling serde v1.0.229
   Compiling hayro-cmap v0.1.0
   Compiling fontdb v0.23.0
   Compiling svgtypes v0.15.3
   Compiling hayro-syntax v0.7.2
   Compiling png v0.17.16
   Compiling jxl-color v0.11.0
   Compiling simplecss v0.2.2
   Compiling pico-args v0.5.0
   Compiling zune-core v0.4.12
   Compiling unicode-vo v0.1.0
   Compiling roxmltree v0.20.0
   Compiling data-url v0.3.2
   Compiling imagesize v0.13.0
   Compiling rustix v1.1.4
   Compiling xmlwriter v0.1.0
   Compiling getrandom v0.4.3
   Compiling unicode-bidi v0.3.18
   Compiling base64 v0.22.1
   Compiling indexmap v2.14.0
   Compiling thiserror-impl v2.0.19
   Compiling zerofrom-derive v0.1.8
   Compiling yoke-derive v0.8.4
   Compiling serde_derive v1.0.229
   Compiling zune-jpeg v0.4.21
   Compiling jxl-jbr v0.2.1
   Compiling pic-scale v0.7.12
   Compiling gif v0.13.3
   Compiling rrrah-memory v0.1.0 (/Users/themoretheless/Documents/Sources/rrrah/crates/rrrah-memory)
   Compiling four-cc v0.4.0
   Compiling charls v0.4.2
   Compiling zip v6.0.0
   Compiling rrrah-dedup v0.1.0 (/Users/themoretheless/Documents/Sources/rrrah/crates/rrrah-dedup)
   Compiling texture2ddecoder v0.1.2
   Compiling tempfile v3.27.0
   Compiling zerofrom v0.1.8
   Compiling yoke v0.8.3
   Compiling thiserror v2.0.19
   Compiling bytemuck_derive v1.11.0
   Compiling zerocopy-derive v0.8.55
   Compiling num-derive v0.4.2
   Compiling thiserror-impl v1.0.69
   Compiling phf_macros v0.13.1
   Compiling astcenc-sys v0.2.0
   Compiling jpegxr v0.3.1
   Compiling av-data v0.4.4
   Compiling dav1d v0.11.1
   Compiling enumn v0.1.14
   Compiling basis-universal v0.3.1
   Compiling phf v0.13.1
   Compiling rrrah-core v0.1.0 (/Users/themoretheless/Documents/Sources/rrrah/crates/rrrah-core)
   Compiling bytemuck v1.25.2
   Compiling num-complex v0.4.6
   Compiling color v0.3.3
   Compiling zerocopy v0.8.55
   Compiling font-types v0.11.3
   Compiling peniko v0.6.1
   Compiling tiny-skia-path v0.11.4
   Compiling read-fonts v0.39.2
   Compiling qoi v0.4.1
   Compiling vello_common v0.0.8
   Compiling rustybuzz v0.20.1
   Compiling tiny-skia v0.11.4
   Compiling jxl-render v0.12.4
   Compiling rgb v0.8.53
   Compiling libheif-rs v3.0.0
   Compiling vello_cpu v0.0.8
   Compiling jpeg2k v0.10.1
   Compiling usvg v0.45.1
   Compiling ahash v0.8.12
   Compiling hashbrown v0.13.2
   Compiling half v2.7.1
   Compiling exr v1.74.2
   Compiling fallible_collections v0.4.9
   Compiling tiff v0.11.3
   Compiling mp4parse v0.17.0
   Compiling resvg v0.45.1
   Compiling skrifa v0.42.1
   Compiling image v0.25.10
   Compiling hayro-interpret v0.7.0
   Compiling jxl-oxide v0.12.6
   Compiling hayro v0.7.1
   Compiling rrrah-decode v0.1.0 (/Users/themoretheless/Documents/Sources/rrrah/crates/rrrah-decode)
warning: function `error` is never used
 --> crates/rrrah-decode/src/camtiff/mef_sensor.rs:4:4
  |
4 | fn error(message: &str) -> DecodeError {
  |    ^^^^^
  |
  = note: `#[warn(dead_code)]` (part of `#[warn(unused)]`) on by default

warning: function `packed_12` is never used
 --> crates/rrrah-decode/src/camtiff/mef_sensor.rs:9:4
  |
9 | fn packed_12(
  |    ^^^^^^^^^

warning: function `decode_zd` is never used
  --> crates/rrrah-decode/src/camtiff/mef_sensor.rs:48:15
   |
48 | pub(super) fn decode_zd(
   |               ^^^^^^^^^

warning: `rrrah-decode` (lib) generated 3 warnings
    Finished `test` profile [optimized + debuginfo] target(s) in 3m 13s
     Running tests/animated.rs (target/debug/deps/animated-f7c32f10868277bd)

running 4 tests
test changed_gif_timing_prevents_whole_animation_equality ... ok
test gif_disposal_modes_match_independently_composited_full_canvas_apng ... ok
test complete_existing_composition_fixtures_decode_and_compare ... ok
test independent_cross_container_timeline_splits_and_negatives ... ok

test result: ok. 4 passed; 0 failed; 0 ignored; 0 measured; 0 filtered out; finished in 0.01s

