   Compiling cc v1.3.0
   Compiling once_cell v1.21.4
   Compiling syn v3.0.2
   Compiling tempfile v3.27.0
   Compiling blake3 v1.8.5
   Compiling thiserror-impl v2.0.19
   Compiling serde_derive v1.0.229
   Compiling thiserror v2.0.19
   Compiling serde v1.0.229
   Compiling rrrah-dedup v0.1.0 (/Users/themoretheless/Documents/Sources/rrrah/crates/rrrah-dedup)
   Compiling rrrah-core v0.1.0 (/Users/themoretheless/Documents/Sources/rrrah/crates/rrrah-core)
warning: unused variable: `cancel`
   --> crates/rrrah-dedup/src/local_index.rs:715:5
    |
715 |     cancel: impl Fn() -> bool,
    |     ^^^^^^ help: if this is intentional, prefix it with an underscore: `_cancel`
    |
    = note: `#[warn(unused_variables)]` (part of `#[warn(unused)]`) on by default

warning: `rrrah-dedup` (lib) generated 1 warning (run `cargo fix --lib -p rrrah-dedup` to apply 1 suggestion)
error[E0277]: can't compare `[u8; 19]` with `[u8; 21]`
  --> crates/rrrah-dedup/examples/mesh_refine_probe.rs:23:15
   |
23 |     if &magic != b"RRRAH-RANK-RGBA32-V1\n" {
   |               ^^ no implementation for `[u8; 19] == [u8; 21]`
   |
   = help: the trait `PartialEq<[u8; 21]>` is not implemented for `[u8; 19]`
   = help: the following other types implement trait `PartialEq<Rhs>`:
             `&[T]` implements `PartialEq<Vec<U, A>>`
             `&[T]` implements `PartialEq<[U; N]>`
             `&[u8; N]` implements `PartialEq<ByteStr>`
             `&[u8; N]` implements `PartialEq<ByteString>`
             `&[u8]` implements `PartialEq<ByteStr>`
             `&[u8]` implements `PartialEq<ByteString>`
             `&mut [T]` implements `PartialEq<Vec<U, A>>`
             `&mut [T]` implements `PartialEq<[U; N]>`
           and 11 others
   = note: required for `&[u8; 19]` to implement `PartialEq<&[u8; 21]>`

For more information about this error, try `rustc --explain E0277`.
error: could not compile `rrrah-dedup` (example "mesh_refine_probe") due to 1 previous error
