   Compiling rrrah-dedup v0.1.0 (/Users/themoretheless/Documents/Sources/rrrah/crates/rrrah-dedup)
warning: function `error` is never used
 --> crates/rrrah-decode/src/camtiff/mef_sensor.rs:4:4
  |
4 | fn error(message: &str) -> DecodeError {
  |    ^^^^^
  |
  = note: `#[warn(dead_code)]` (part of `#[warn(unused)]`) on by default

warning: function `packed_12` is never used
 --> crates/rrrah-decode/src/camtiff/mef_sensor.rs:9:4
  |
9 | fn packed_12(
  |    ^^^^^^^^^

warning: function `decode_zd` is never used
  --> crates/rrrah-decode/src/camtiff/mef_sensor.rs:48:15
   |
48 | pub(super) fn decode_zd(
   |               ^^^^^^^^^

warning: `rrrah-decode` (lib) generated 3 warnings
    Finished `test` profile [optimized + debuginfo] target(s) in 6.81s
     Running unittests src/lib.rs (/tmp/rrrah-dedup-target/debug/deps/rrrah_dedup-454c8ffc9a750145)

running 12 tests
test exact::collision_tests::read_buffer_capacity_failure_is_explicit_and_retry_succeeds ... ok
test warp::encoded_signal_tests::transfer_precedes_premultiplication_and_bilinear_sampling ... ok
test warp::encoded_signal_tests::extended_srgb_landmarks_match_independent_decimal_oracle_without_clipping ... ok
test tests::empty_and_duplicate_fingerprints ... ok
test local_scan::feature_memory_tests::grayscale_admission_accounts_for_other_owners_and_releases_on_cancel ... ok
test warp::bounded_fit_tests::boundary_fit_matches_exhaustive_rectangle_and_beats_independent_clipping ... ok
test local_scan::feature_memory_tests::retained_feature_storage_keeps_credit_until_last_owner ... ok
test exact::collision_tests::final_content_validation_rejects_change_even_when_metadata_matches ... ok
test exact::collision_tests::verified_observations_detect_metadata_invisible_pruned_mutations ... ok
test tests::indexed_search_matches_independent_exhaustive_scan ... ok
test exact::collision_tests::colliding_samples_and_full_hashes_still_partition_by_bytes ... ok
test pixel_index::tests::injected_constant_keys_still_require_direct_pixel_confirmation ... ok

test result: ok. 12 passed; 0 failed; 0 ignored; 0 measured; 0 filtered out; finished in 0.01s

     Running tests/content_snapshot.rs (/tmp/rrrah-dedup-target/debug/deps/content_snapshot-df4871eabb902d25)

running 1 test
test full_digest_rejects_equal_length_mutation_and_budget_excess ... ok

test result: ok. 1 passed; 0 failed; 0 ignored; 0 measured; 0 filtered out; finished in 0.00s

     Running tests/exact_files.rs (/tmp/rrrah-dedup-target/debug/deps/exact_files-8832db3b0f5e814e)

running 13 tests
test unavailable_non_utf8_path_preserves_diagnostic_bytes ... ok
test size_depth_and_entry_limits_are_visible ... ok
test same_samples_different_middle_are_not_duplicates ... ok
test same_length_mutation_during_sample_is_detected ... ok
test hardlink_aliases_and_followed_symlink_cycles ... ok
test cancellation_during_full_hash_is_bounded ... ok
test missing_input_and_overlap_do_not_lose_valid_results ... ok
test verified_scan_preserves_groups_and_observes_every_admitted_file ... ok
test unreadable_file_is_explicit_and_does_not_hide_healthy_copies ... ok
test copies_empty_files_and_equal_size_negatives ... ok
test fifo_replacement_does_not_block_or_hide_healthy_copies ... ok
test verified_scan_discards_groups_for_one_shot_cancel_at_every_checkpoint ... ok
test changing_any_member_does_not_hide_healthy_duplicates ... ok

test result: ok. 13 passed; 0 failed; 0 ignored; 0 measured; 0 filtered out; finished in 0.34s

     Running tests/pages.rs (/tmp/rrrah-dedup-target/debug/deps/pages-d48a1e9593483bae)

running 11 tests
test untagged_tiff_requires_explicit_color_transform ... ok
test all_dcx_pages_and_changed_second_page_are_compared ... ok
test cursor_hotspot_and_invalid_resource_offsets_are_not_ignored ... ok
test every_icon_resource_is_compared_including_the_last ... ok
test complete_tiff_pages_with_icc_detect_last_page_changes_and_cycles ... ok
test selected_tiff_pages_use_their_own_profile_and_keep_complete_count ... ok
test identical_tiff_samples_with_different_page_profiles_produce_distinct_colors ... ok
test selected_tiff_budget_refusals_release_metadata_and_allow_retry ... ok
test independent_tiff_precision_and_orientation_are_preserved ... ok
test independently_encoded_tiff_endian_bigtiff_and_compression_matrix ... ok
test public_selected_frame_honors_tiff_page_profiles_metadata_and_explicit_limits ... ok

test result: ok. 11 passed; 0 failed; 0 ignored; 0 measured; 0 filtered out; finished in 0.06s

