   Compiling rrrah-decode v0.1.0 (/workspace/crates/rrrah-decode)
warning: linker stderr: /validation/sysroot/usr/bin/ld: /validation/target/debug/deps/libjpegxr-61e4c82e0f52fb6c.rlib(2e643c6506a180d9-strenc.o): in function `StrIOEncInit':
         /validation/cargo/registry/src/index.crates.io-1949cf8c6b5b557f/jpegxr-0.3.1/jxrlib/image/encode/strenc.c:485:(.text.StrIOEncInit+0xf0): the use of `tmpnam' is dangerous, better use `mkstemp'
  |
  = note: `#[warn(linker_messages)]` on by default

warning: linker stdout: /validation/sysroot/usr/bin/ld: /validation/target/debug/deps/libjpegxr-61e4c82e0f52fb6c.rlib(2e643c6506a180d9-strenc.o): note: the message above does not take linker garbage collection into account

warning: `rrrah-decode` (lib test) generated 2 warnings
    Finished `test` profile [optimized + debuginfo] target(s) in 1m 52s
     Running unittests src/lib.rs (/validation/target/debug/deps/rrrah_decode-c11902d0fca8bb48)

running 7 tests
Arw: real pixel cancellation checkpoints 4024, targets [1, 2012, 4024]
test camtiff::fixture_regression::configured_arw_fixture_decodes_sensor_samples ... ok
Nef: real pixel cancellation checkpoints 9970, targets [1, 4985, 9970]
test camtiff::fixture_regression::configured_nef_fixture_decodes_sensor_samples ... ok
Raf: real pixel cancellation checkpoints 3288, targets [1, 1644, 3288]
test camtiff::fixture_regression::configured_raf_fixture_decodes_sensor_samples ... ok
Orf: real pixel cancellation checkpoints 3472, targets [1, 1736, 3472]
test camtiff::fixture_regression::configured_orf_fixture_decodes_sensor_samples ... ok
Rw2: real pixel cancellation checkpoints 3472, targets [1, 1736, 3472]
test camtiff::fixture_regression::configured_rw2_fixture_decodes_sensor_samples ... ok
Pef: real pixel cancellation checkpoints 2868, targets [1, 1434, 2868]
test camtiff::fixture_regression::configured_pef_fixture_decodes_sensor_samples ... ok
Cr2: real pixel cancellation checkpoints 16872, targets [1, 8436, 16872]
test camtiff::fixture_regression::configured_cr2_fixture_decodes_sensor_samples ... ok

test result: ok. 7 passed; 0 failed; 0 ignored; 0 measured; 813 filtered out; finished in 3.65s

