   Compiling rrrah-dedup v0.1.0 (/Users/themoretheless/Documents/Sources/rrrah/crates/rrrah-dedup)
warning: function `error` is never used
 --> crates/rrrah-decode/src/camtiff/mef_sensor.rs:4:4
  |
4 | fn error(message: &str) -> DecodeError {
  |    ^^^^^
  |
  = note: `#[warn(dead_code)]` (part of `#[warn(unused)]`) on by default

warning: function `packed_12` is never used
 --> crates/rrrah-decode/src/camtiff/mef_sensor.rs:9:4
  |
9 | fn packed_12(
  |    ^^^^^^^^^

warning: function `decode_zd` is never used
  --> crates/rrrah-decode/src/camtiff/mef_sensor.rs:48:15
   |
48 | pub(super) fn decode_zd(
   |               ^^^^^^^^^

warning: `rrrah-decode` (lib) generated 3 warnings
    Finished `dev` profile [optimized + debuginfo] target(s) in 3.78s
     Running `/tmp/rrrah-dedup-target/debug/examples/cache_hit_scale_probe`
{"bytes":1048576,"run":1,"single_read_ns":531792,"cache_hit_ns":1252583}
{"bytes":1048576,"run":2,"single_read_ns":564334,"cache_hit_ns":1137667}
{"bytes":1048576,"run":3,"single_read_ns":556583,"cache_hit_ns":1117625}
{"bytes":1048576,"run":4,"single_read_ns":541708,"cache_hit_ns":1044292}
{"bytes":1048576,"run":5,"single_read_ns":534125,"cache_hit_ns":1060167}
{"bytes":8388608,"run":1,"single_read_ns":4267000,"cache_hit_ns":8670083}
{"bytes":8388608,"run":2,"single_read_ns":4475708,"cache_hit_ns":8792916}
{"bytes":8388608,"run":3,"single_read_ns":4189958,"cache_hit_ns":8566541}
{"bytes":8388608,"run":4,"single_read_ns":4541167,"cache_hit_ns":8847042}
{"bytes":8388608,"run":5,"single_read_ns":4570250,"cache_hit_ns":8542083}
{"bytes":67108864,"run":1,"single_read_ns":34367208,"cache_hit_ns":68872000}
{"bytes":67108864,"run":2,"single_read_ns":34094875,"cache_hit_ns":70636500}
{"bytes":67108864,"run":3,"single_read_ns":36153375,"cache_hit_ns":69344458}
{"bytes":67108864,"run":4,"single_read_ns":34756208,"cache_hit_ns":71969167}
{"bytes":67108864,"run":5,"single_read_ns":34004833,"cache_hit_ns":68236750}
