   Compiling moxcms v0.8.1 (/workspace/vendor/moxcms)
   Compiling image v0.25.10
   Compiling hayro-interpret v0.7.0 (/workspace/vendor/hayro-interpret)
   Compiling rrrah-memory v0.1.0 (/workspace/crates/rrrah-memory)
   Compiling rrrah-core v0.1.0 (/workspace/crates/rrrah-core)
   Compiling hayro v0.7.1 (/workspace/vendor/hayro)
   Compiling jxl-oxide v0.12.6
   Compiling rrrah-dedup v0.1.0 (/workspace/crates/rrrah-dedup)
   Compiling rrrah-decode v0.1.0 (/workspace/crates/rrrah-decode)
warning: type does not implement `Debug`; consider adding `#[derive(Debug)]` or a manual implementation
  --> crates/rrrah-dedup/src/gradient_index.rs:17:1
   |
17 | / pub struct GradientDescriptorIndex<'a> {
18 | |     entries: &'a [(u64, GradientDescriptor)],
19 | |     order: SharedBuffer<usize>,
20 | |     axis: usize,
21 | |     recipe: GradientCellRecipe,
22 | | }
   | |_^
   |
   = note: requested on the command line with `-W missing-debug-implementations`

warning: `rrrah-dedup` (lib) generated 1 warning
warning: linker stderr: /validation/sysroot/usr/bin/ld: /validation/target/debug/deps/libjpegxr-8d01a0594e000fc4.rlib(2e643c6506a180d9-strenc.o): in function `StrIOEncInit':
         /validation/cargo/registry/src/index.crates.io-1949cf8c6b5b557f/jpegxr-0.3.1/jxrlib/image/encode/strenc.c:485:(.text.StrIOEncInit+0xf0): the use of `tmpnam' is dangerous, better use `mkstemp'
  |
  = note: `#[warn(linker_messages)]` on by default

warning: linker stdout: /validation/sysroot/usr/bin/ld: /validation/target/debug/deps/libjpegxr-8d01a0594e000fc4.rlib(2e643c6506a180d9-strenc.o): note: the message above does not take linker garbage collection into account

warning: `rrrah-dedup` (test "gradient") generated 2 warnings
warning: `rrrah-dedup` (test "gradient_empty") generated 2 warnings (2 duplicates)
warning: `rrrah-dedup` (test "gradient_interpolated") generated 2 warnings (2 duplicates)
warning: unused imports: `LocalFileError`, `ProjectiveComplementaryFilePolicy`, `ProjectivePortfolioFilePolicy`, `ProjectiveRegistrationPolicy`, `ProjectiveRegistrationPortfolioPolicy`, and `ProjectiveRegistrationTrustPolicy`
  --> crates/rrrah-dedup/tests/gradient_collection.rs:49:13
   |
49 |             LocalFileError, ProjectiveComplementaryFilePolicy, ProjectivePortfolioFilePolicy,
   |             ^^^^^^^^^^^^^^  ^^^^^^^^^^^^^^^^^^^^^^^^^^^^^^^^^  ^^^^^^^^^^^^^^^^^^^^^^^^^^^^^
...
54 |             ProjectiveRegistrationPolicy, ProjectiveRegistrationPortfolioPolicy,
   |             ^^^^^^^^^^^^^^^^^^^^^^^^^^^^  ^^^^^^^^^^^^^^^^^^^^^^^^^^^^^^^^^^^^^
55 |             ProjectiveRegistrationTrustPolicy,
   |             ^^^^^^^^^^^^^^^^^^^^^^^^^^^^^^^^^
   |
   = note: `#[warn(unused_imports)]` (part of `#[warn(unused)]`) on by default

warning: `rrrah-dedup` (test "gradient_collection") generated 3 warnings (2 duplicates) (run `cargo fix --test "gradient_collection" -p rrrah-dedup` to apply 1 suggestion)
    Finished `test` profile [optimized + debuginfo] target(s) in 6m 25s
     Running tests/gradient.rs (/validation/target/debug/deps/gradient-f2c90089fcd4e216)

running 9 tests
test dominant_gradient_orientation_analytic_angles_flat_and_limits ... ok
test gradient_matching_mutual_ties_admission_and_cancel ... ok
test gradient_affine_light_flat_refusals_and_cancel ... ok
test independently_rotated_texture_and_alpha_refusal ... ok
test rotated_uniform_patches_never_create_descriptors ... ok
test managed_spatial_pyramid_matches_unmanaged_and_releases_last_owner ... ok
test spatial_gradient_selection_preserves_recipe_and_cell_limits ... ok
test extracted_gradients_identity_unrelated_work_and_cancel ... ok
     Running tests/gradient_collection.rs (/validation/target/debug/deps/gradient_collection-bdd1882d5236c6f0)
test gradient_pyramid_independent_double_size_coordinates_and_work ... ok

test result: ok. 9 passed; 0 failed; 0 ignored; 0 measured; 0 filtered out; finished in 0.29s


running 1 test
test gradient_collection_matches_direct_pairs_and_atomic_admission ... ok

test result: ok. 1 passed; 0 failed; 0 ignored; 0 measured; 0 filtered out; finished in 51.50s

     Running tests/gradient_empty.rs (/validation/target/debug/deps/gradient_empty-06a5100c0a7a1eea)

running 1 test
test empty_gradient_inputs_honor_terminal_cancellation_and_retry ... ok

test result: ok. 1 passed; 0 failed; 0 ignored; 0 measured; 0 filtered out; finished in 0.00s

     Running tests/gradient_interpolated.rs (/validation/target/debug/deps/gradient_interpolated-164c7a82abcda3ef)

running 4 tests
test interpolated_cells_reduce_one_pixel_edge_localization_error ... ok
test interpolated_recipe_flat_alpha_work_and_cancellation_refusals ... ok
test interpolated_recipe_preserves_independent_quarter_turn_and_affine_light ... ok
test explicit_recipe_pyramid_preserves_positions_limits_cancel_and_managed_ownership ... ok

test result: ok. 4 passed; 0 failed; 0 ignored; 0 measured; 0 filtered out; finished in 0.03s

