   Compiling rrrah-dedup v0.1.0 (/Users/themoretheless/Documents/Sources/rrrah/crates/rrrah-dedup)
warning: type does not implement `Debug`; consider adding `#[derive(Debug)]` or a manual implementation
  --> crates/rrrah-dedup/src/gradient_index.rs:17:1
   |
17 | / pub struct GradientDescriptorIndex<'a> {
18 | |     entries: &'a [(u64, GradientDescriptor)],
19 | |     order: SharedBuffer<usize>,
20 | |     axis: usize,
21 | |     recipe: GradientCellRecipe,
22 | | }
   | |_^
   |
   = note: requested on the command line with `-W missing-debug-implementations`

warning: `rrrah-dedup` (lib) generated 1 warning
error[E0308]: mismatched types
    --> crates/rrrah-dedup/examples/photo_probe.rs:1654:92
     |
1654 | ...                   max_files:n,max_features:n.checked_mul(5000).unwrap(),max_hits:work.checked_mul(2).unwrap(),
     |                                                                                      ^^^^^^^^^^^^^^^^^^^^^^^^^^^^ expected `usize`, found `u64`

For more information about this error, try `rustc --explain E0308`.
error: could not compile `rrrah-dedup` (example "photo_probe") due to 1 previous error
