   Compiling moxcms v0.8.1 (/workspace/vendor/moxcms)
   Compiling image v0.25.10
   Compiling hayro-interpret v0.7.0 (/workspace/vendor/hayro-interpret)
   Compiling rrrah-memory v0.1.0 (/workspace/crates/rrrah-memory)
   Compiling rrrah-core v0.1.0 (/workspace/crates/rrrah-core)
   Compiling hayro v0.7.1 (/workspace/vendor/hayro)
   Compiling jxl-oxide v0.12.6
   Compiling rrrah-dedup v0.1.0 (/workspace/crates/rrrah-dedup)
   Compiling rrrah-decode v0.1.0 (/workspace/crates/rrrah-decode)
warning: type does not implement `Debug`; consider adding `#[derive(Debug)]` or a manual implementation
  --> crates/rrrah-dedup/src/gradient_index.rs:17:1
   |
17 | / pub struct GradientDescriptorIndex<'a> {
18 | |     entries: &'a [(u64, GradientDescriptor)],
19 | |     order: SharedBuffer<usize>,
20 | |     axis: usize,
21 | |     recipe: GradientCellRecipe,
22 | | }
   | |_^
   |
   = note: requested on the command line with `-W missing-debug-implementations`

warning: `rrrah-dedup` (lib) generated 1 warning
warning: linker stderr: /validation/sysroot/usr/bin/ld: /validation/target/debug/deps/libjpegxr-8d01a0594e000fc4.rlib(2e643c6506a180d9-strenc.o): in function `StrIOEncInit':
         /validation/cargo/registry/src/index.crates.io-1949cf8c6b5b557f/jpegxr-0.3.1/jxrlib/image/encode/strenc.c:485:(.text.StrIOEncInit+0xf0): the use of `tmpnam' is dangerous, better use `mkstemp'
  |
  = note: `#[warn(linker_messages)]` on by default

warning: linker stdout: /validation/sysroot/usr/bin/ld: /validation/target/debug/deps/libjpegxr-8d01a0594e000fc4.rlib(2e643c6506a180d9-strenc.o): note: the message above does not take linker garbage collection into account

warning: `rrrah-dedup` (test "candidate_union_files") generated 2 warnings
warning: `rrrah-dedup` (test "gradient_candidate_smoothing") generated 2 warnings (2 duplicates)
warning: `rrrah-dedup` (test "correspondence_union") generated 2 warnings (2 duplicates)
    Finished `test` profile [optimized + debuginfo] target(s) in 6m 40s
     Running tests/candidate_union_files.rs (/validation/target/debug/deps/candidate_union_files-6b1f66d621cb76bc)

running 2 tests
test fresh_union_regions_match_supplied_model_and_refuse_unrelated ... ok
test common_source_guard_cancellation_and_preio_aggregate_admission ... ok

test result: ok. 2 passed; 0 failed; 0 ignored; 0 measured; 0 filtered out; finished in 7.37s

     Running tests/correspondence_union.rs (/validation/target/debug/deps/correspondence_union-c08c1e7ba08fe9c5)

running 2 tests
test union_matches_independent_greedy_oracle_including_boundaries_duplicates_and_order ... ok
test checked_admission_invalid_inputs_every_cancellation_and_retry ... ok

test result: ok. 2 passed; 0 failed; 0 ignored; 0 measured; 0 filtered out; finished in 0.00s

     Running tests/gradient_candidate_smoothing.rs (/validation/target/debug/deps/gradient_candidate_smoothing-4c9c870b97e62b93)

running 2 tests
test smoothing_matches_independent_footprints_and_exact_last_owner_credit ... ok
test work_memory_opacity_and_every_cancellation_refuse_without_retained_output ... ok

test result: ok. 2 passed; 0 failed; 0 ignored; 0 measured; 0 filtered out; finished in 0.00s

