   Compiling moxcms v0.8.1 (/workspace/vendor/moxcms)
   Compiling image v0.25.10
   Compiling hayro-interpret v0.7.0 (/workspace/vendor/hayro-interpret)
   Compiling rrrah-memory v0.1.0 (/workspace/crates/rrrah-memory)
   Compiling rrrah-core v0.1.0 (/workspace/crates/rrrah-core)
   Compiling hayro v0.7.1
   Compiling jxl-oxide v0.12.6
   Compiling rrrah-dedup v0.1.0 (/workspace/crates/rrrah-dedup)
   Compiling rrrah-decode v0.1.0 (/workspace/crates/rrrah-decode)
warning: type does not implement `Debug`; consider adding `#[derive(Debug)]` or a manual implementation
  --> crates/rrrah-dedup/src/gradient_index.rs:17:1
   |
17 | / pub struct GradientDescriptorIndex<'a> {
18 | |     entries: &'a [(u64, GradientDescriptor)],
19 | |     order: SharedBuffer<usize>,
20 | |     axis: usize,
21 | |     recipe: GradientCellRecipe,
22 | | }
   | |_^
   |
   = note: requested on the command line with `-W missing-debug-implementations`

warning: `rrrah-dedup` (lib) generated 1 warning
warning: linker stderr: /validation/sysroot/usr/bin/ld: /validation/target/debug/deps/libjpegxr-8d01a0594e000fc4.rlib(2e643c6506a180d9-strenc.o): in function `StrIOEncInit':
         /validation/cargo/registry/src/index.crates.io-1949cf8c6b5b557f/jpegxr-0.3.1/jxrlib/image/encode/strenc.c:485:(.text.StrIOEncInit+0xf0): the use of `tmpnam' is dangerous, better use `mkstemp'
  |
  = note: `#[warn(linker_messages)]` on by default

warning: linker stdout: /validation/sysroot/usr/bin/ld: /validation/target/debug/deps/libjpegxr-8d01a0594e000fc4.rlib(2e643c6506a180d9-strenc.o): note: the message above does not take linker garbage collection into account

warning: `rrrah-dedup` (test "projective_files") generated 2 warnings
warning: `rrrah-dedup` (test "gradient_empty") generated 2 warnings (2 duplicates)
warning: unused imports: `LocalFileError`, `ProjectiveComplementaryFilePolicy`, `ProjectivePortfolioFilePolicy`, `ProjectiveRegistrationPolicy`, `ProjectiveRegistrationPortfolioPolicy`, and `ProjectiveRegistrationTrustPolicy`
  --> crates/rrrah-dedup/tests/gradient_collection.rs:49:13
   |
49 |             LocalFileError, ProjectiveComplementaryFilePolicy, ProjectivePortfolioFilePolicy,
   |             ^^^^^^^^^^^^^^  ^^^^^^^^^^^^^^^^^^^^^^^^^^^^^^^^^  ^^^^^^^^^^^^^^^^^^^^^^^^^^^^^
...
54 |             ProjectiveRegistrationPolicy, ProjectiveRegistrationPortfolioPolicy,
   |             ^^^^^^^^^^^^^^^^^^^^^^^^^^^^  ^^^^^^^^^^^^^^^^^^^^^^^^^^^^^^^^^^^^^
55 |             ProjectiveRegistrationTrustPolicy,
   |             ^^^^^^^^^^^^^^^^^^^^^^^^^^^^^^^^^
   |
   = note: `#[warn(unused_imports)]` (part of `#[warn(unused)]`) on by default

warning: `rrrah-dedup` (test "gradient_collection") generated 3 warnings (2 duplicates) (run `cargo fix --test "gradient_collection" -p rrrah-dedup` to apply 1 suggestion)
warning: `rrrah-dedup` (test "gradient") generated 2 warnings (2 duplicates)
warning: `rrrah-dedup` (test "gradient_interpolated") generated 2 warnings (2 duplicates)
    Finished `test` profile [optimized + debuginfo] target(s) in 7m 56s
     Running tests/gradient.rs (/validation/target/debug/deps/gradient-6df490ad4d8cd071)

running 2 tests
test managed_spatial_pyramid_matches_unmanaged_and_releases_last_owner ... ok
test gradient_pyramid_independent_double_size_coordinates_and_work ... ok

test result: ok. 2 passed; 0 failed; 0 ignored; 0 measured; 7 filtered out; finished in 0.07s

     Running tests/gradient_collection.rs (/validation/target/debug/deps/gradient_collection-0573905a24e32640)

running 0 tests

test result: ok. 0 passed; 0 failed; 0 ignored; 0 measured; 1 filtered out; finished in 0.00s

     Running tests/gradient_empty.rs (/validation/target/debug/deps/gradient_empty-3fb1be148a38189a)
     Running tests/gradient_interpolated.rs (/validation/target/debug/deps/gradient_interpolated-62018c3b41a607db)

running 0 tests

test result: ok. 0 passed; 0 failed; 0 ignored; 0 measured; 1 filtered out; finished in 0.00s


running 1 test
test explicit_recipe_pyramid_preserves_positions_limits_cancel_and_managed_ownership ... ok

test result: ok. 1 passed; 0 failed; 0 ignored; 0 measured; 3 filtered out; finished in 0.04s

     Running tests/projective_files.rs (/validation/target/debug/deps/projective_files-72e2f3cdc87e1fbb)

running 2 tests
test pyramid_photometric_files_preserve_identity_refusals_and_cancel_retry ... FAILED
test pyramid_collection_and_nested_roots_match_direct_pairs_and_refusals ... ok

failures:

---- pyramid_photometric_files_preserve_identity_refusals_and_cancel_retry stdout ----

thread 'pyramid_photometric_files_preserve_identity_refusals_and_cancel_retry' (1508) panicked at crates/rrrah-dedup/tests/projective_files.rs:185:324:
called `Result::unwrap()` on an `Err` value: Os { code: 13, kind: PermissionDenied, message: "Permission denied" }
note: run with `RUST_BACKTRACE=1` environment variable to display a backtrace


failures:
    pyramid_photometric_files_preserve_identity_refusals_and_cancel_retry

test result: FAILED. 1 passed; 1 failed; 0 ignored; 0 measured; 26 filtered out; finished in 3.15s

error: test failed, to rerun pass `-p rrrah-dedup --test projective_files`
