   Compiling rrrah-dedup v0.1.0 (/Users/themoretheless/Documents/Sources/rrrah/crates/rrrah-dedup)
error[E0277]: the trait bound `pixels::Fingerprint: Copy` is not satisfied in `(u64, pixels::Fingerprint)`
   --> crates/rrrah-dedup/src/local_index.rs:343:47
    |
343 |             let fingerprints=credit.try_adopt(fingerprints).map_err(|_|LocalError::Budget)?;
    |                                     --------- ^^^^^^^^^^^^ within `(u64, pixels::Fingerprint)`, the trait `Copy` is not implemented for `pixels::Fingerprint`
    |                                     |
    |                                     required by a bound introduced by this call
    |
    = note: required because it appears within the type `(u64, pixels::Fingerprint)`
note: required by a bound in `Reservation::try_adopt`
   --> crates/rrrah-memory/src/lib.rs:255:25
    |
255 |     pub fn try_adopt<T: Copy>(mut self, values: Vec<T>) -> Result<SharedBuffer<T>, BufferError> {
    |                         ^^^^ required by this bound in `Reservation::try_adopt`
help: consider annotating `pixels::Fingerprint` with `#[derive(Copy)]`
   --> crates/rrrah-dedup/src/pixels.rs:32:1
    |
 32 + #[derive(Copy)]
 33 | pub struct Fingerprint {
    |

error[E0599]: no variant, associated function, or constant named `MultiscaleBriefV1` found for enum `local::FeatureRecipe` in the current scope
   --> crates/rrrah-dedup/src/local_index.rs:499:73
    |
499 |         let mut mixed=files.clone();mixed[0].1[0].recipe=FeatureRecipe::MultiscaleBriefV1;
    |                                                                         ^^^^^^^^^^^^^^^^^ variant, associated function, or constant not found in `local::FeatureRecipe`
    |
   ::: crates/rrrah-dedup/src/local.rs:6:1
    |
  6 | pub enum FeatureRecipe {
    | ---------------------- variant, associated function, or constant `MultiscaleBriefV1` not found for this enum

Some errors have detailed explanations: E0277, E0599.
For more information about an error, try `rustc --explain E0277`.
error: could not compile `rrrah-dedup` (lib test) due to 2 previous errors
