error: no test target named `periodic_capture` in `rrrah-dedup` package
help: available test targets:
    animated
    build_context
    cache
    candidate_union_files
    container
    content_snapshot
    correspondence_union
    crop
    decode
    encoded_srgb
    exact_files
    filtered
    five_collection
    five_gradient_region_lifecycle
    five_lifecycle
    five_region_admission
    five_region_lifecycle
    geometry
    gradient
    gradient_candidate_smoothing
    gradient_collection
    gradient_distinct_locations
    gradient_empty
    gradient_index
    gradient_interpolated
    gradient_scale
    gradient_scale_files
    groups
    icc_oracle
    information
    jpeg_orientation
    linear
    local
    local_collection
    local_index
    local_scan
    managed_evidence
    ordinal
    oriented
    pages
    photo_collages
    photo_files
    photo_jpeg_oracle
    photometric
    photos_heldout
    pixel_search
    pixels
    presentation_digest
    presentation_kind
    projective_domains
    projective_files
    projective_geometry
    pyramid
    raster
    raster_equality
    region_grid
    region_grid_files
    region_transform
    scan
    sequence
    spatial
    visual
    wal_dependency
    warp
