    Blocking waiting for file lock on package cache
    Blocking waiting for file lock on package cache
    Blocking waiting for file lock on package cache
   Compiling rrrah-dedup v0.1.0 (/Users/themoretheless/Documents/Sources/rrrah/crates/rrrah-dedup)
   Compiling rrrah-decode v0.1.0 (/Users/themoretheless/Documents/Sources/rrrah/crates/rrrah-decode)
warning: taking a mutable reference to a `const` item
    --> crates/rrrah-dedup/src/managed_metric.rs:145:73
     |
 145 |                 let actual = index.search(query, radius, entries.len(), &mut usize::MAX, &budget, || false).unwrap().unwrap();
     |                                                                         ^^^^^^^^^^^^^^^
     |
     = note: each usage of a `const` item creates a new temporary
     = note: the mutable reference will refer to this temporary, not the original `const` item
note: `const` item defined here
    --> /Users/themoretheless/.rustup/toolchains/stable-aarch64-apple-darwin/lib/rustlib/src/rust/library/core/src/num/uint_macros.rs:51:9
     |
  51 |           pub const MAX: Self = !0;
     |           ^^^^^^^^^^^^^^^^^^^
     |
    ::: /Users/themoretheless/.rustup/toolchains/stable-aarch64-apple-darwin/lib/rustlib/src/rust/library/core/src/num/mod.rs:1449:5
     |
1449 | /     uint_impl! {
1450 | |         Self = usize,
1451 | |         ActualT = u64,
1452 | |         SignedT = isize,
...    |
1472 | |         bound_condition = " on 64-bit targets",
1473 | |     }
     | |_____- in this macro invocation
     = note: `#[warn(const_item_mutation)]` on by default
     = note: this warning originates in the macro `uint_impl` (in Nightly builds, run with -Z macro-backtrace for more info)

warning: taking a mutable reference to a `const` item
    --> crates/rrrah-dedup/src/managed_metric.rs:154:49
     |
 154 |         assert!(matches!(index.search(0, 64, 0, &mut usize::MAX, &budget, || false), Err(IndexError::Budget)));
     |                                                 ^^^^^^^^^^^^^^^
     |
     = note: each usage of a `const` item creates a new temporary
     = note: the mutable reference will refer to this temporary, not the original `const` item
note: `const` item defined here
    --> /Users/themoretheless/.rustup/toolchains/stable-aarch64-apple-darwin/lib/rustlib/src/rust/library/core/src/num/uint_macros.rs:51:9
     |
  51 |           pub const MAX: Self = !0;
     |           ^^^^^^^^^^^^^^^^^^^
     |
    ::: /Users/themoretheless/.rustup/toolchains/stable-aarch64-apple-darwin/lib/rustlib/src/rust/library/core/src/num/mod.rs:1449:5
     |
1449 | /     uint_impl! {
1450 | |         Self = usize,
1451 | |         ActualT = u64,
1452 | |         SignedT = isize,
...    |
1472 | |         bound_condition = " on 64-bit targets",
1473 | |     }
     | |_____- in this macro invocation
     = note: this warning originates in the macro `uint_impl` (in Nightly builds, run with -Z macro-backtrace for more info)

warning: taking a mutable reference to a `const` item
    --> crates/rrrah-dedup/src/managed_metric.rs:156:50
     |
 156 |         assert!(matches!(index.search(0, 64, 96, &mut usize::MAX, &budget, || true), Err(IndexError::Cancelled)));
     |                                                  ^^^^^^^^^^^^^^^
     |
     = note: each usage of a `const` item creates a new temporary
     = note: the mutable reference will refer to this temporary, not the original `const` item
note: `const` item defined here
    --> /Users/themoretheless/.rustup/toolchains/stable-aarch64-apple-darwin/lib/rustlib/src/rust/library/core/src/num/uint_macros.rs:51:9
     |
  51 |           pub const MAX: Self = !0;
     |           ^^^^^^^^^^^^^^^^^^^
     |
    ::: /Users/themoretheless/.rustup/toolchains/stable-aarch64-apple-darwin/lib/rustlib/src/rust/library/core/src/num/mod.rs:1449:5
     |
1449 | /     uint_impl! {
1450 | |         Self = usize,
1451 | |         ActualT = u64,
1452 | |         SignedT = isize,
...    |
1472 | |         bound_condition = " on 64-bit targets",
1473 | |     }
     | |_____- in this macro invocation
     = note: this warning originates in the macro `uint_impl` (in Nightly builds, run with -Z macro-backtrace for more info)

warning: type does not implement `Debug`; consider adding `#[derive(Debug)]` or a manual implementation
  --> crates/rrrah-dedup/src/gradient_index.rs:17:1
   |
17 | / pub struct GradientDescriptorIndex<'a> {
18 | |     entries: &'a [(u64, GradientDescriptor)],
19 | |     order: SharedBuffer<usize>,
20 | |     axis: usize,
21 | |     recipe: GradientCellRecipe,
22 | | }
   | |_^
   |
   = note: requested on the command line with `-W missing-debug-implementations`

warning: `rrrah-dedup` (lib test) generated 4 warnings
    Finished `test` profile [optimized + debuginfo] target(s) in 2m 18s
     Running unittests src/lib.rs (target/debug/deps/rrrah_dedup-f42f728954ca44e7)

running 1 test
test managed_metric::tests::managed_tree_equals_exhaustive_and_retains_results_credit ... ok

test result: ok. 1 passed; 0 failed; 0 ignored; 0 measured; 41 filtered out; finished in 0.00s

