    Blocking waiting for file lock on build directory
   Compiling rrrah-core v0.1.0 (/Users/themoretheless/Documents/Sources/rrrah/crates/rrrah-core)
   Compiling rrrah-dedup v0.1.0 (/Users/themoretheless/Documents/Sources/rrrah/crates/rrrah-dedup)
   Compiling rrrah-decode v0.1.0 (/Users/themoretheless/Documents/Sources/rrrah/crates/rrrah-decode)
warning: function `error` is never used
 --> crates/rrrah-decode/src/camtiff/mef_sensor.rs:4:4
  |
4 | fn error(message: &str) -> DecodeError {
  |    ^^^^^
  |
  = note: `#[warn(dead_code)]` (part of `#[warn(unused)]`) on by default

warning: function `packed_12` is never used
 --> crates/rrrah-decode/src/camtiff/mef_sensor.rs:9:4
  |
9 | fn packed_12(
  |    ^^^^^^^^^

warning: function `decode_zd` is never used
  --> crates/rrrah-decode/src/camtiff/mef_sensor.rs:48:15
   |
48 | pub(super) fn decode_zd(
   |               ^^^^^^^^^

warning: `rrrah-decode` (lib) generated 3 warnings
    Finished `test` profile [optimized + debuginfo] target(s) in 33.45s
     Running unittests src/lib.rs (/tmp/rrrah-dedup-target/debug/deps/rrrah_dedup-454c8ffc9a750145)

running 11 tests
test warp::encoded_signal_tests::extended_srgb_landmarks_match_independent_decimal_oracle_without_clipping ... ok
test tests::empty_and_duplicate_fingerprints ... ok
test local_scan::feature_memory_tests::grayscale_admission_accounts_for_other_owners_and_releases_on_cancel ... ok
test warp::encoded_signal_tests::transfer_precedes_premultiplication_and_bilinear_sampling ... ok
test warp::bounded_fit_tests::boundary_fit_matches_exhaustive_rectangle_and_beats_independent_clipping ... ok
test exact::collision_tests::final_content_validation_rejects_change_even_when_metadata_matches ... ok
test local_scan::feature_memory_tests::retained_feature_storage_keeps_credit_until_last_owner ... ok
test exact::collision_tests::verified_observations_detect_metadata_invisible_pruned_mutations ... ok
test tests::indexed_search_matches_independent_exhaustive_scan ... ok
test exact::collision_tests::colliding_samples_and_full_hashes_still_partition_by_bytes ... ok
test pixel_index::tests::injected_constant_keys_still_require_direct_pixel_confirmation ... ok

test result: ok. 11 passed; 0 failed; 0 ignored; 0 measured; 0 filtered out; finished in 0.01s

     Running tests/decode.rs (/tmp/rrrah-dedup-target/debug/deps/decode-5a0200c3e292c20e)

running 8 tests
test public_selected_decode_rejects_a_source_changed_after_output_admission ... ok
test corrupt_missing_cancelled_and_frame_out_of_range_are_errors ... ok
test mutation_during_processing_never_admits_cached_evidence ... ok
test actual_files_ignore_comments_but_not_changed_pixels ... ok
test tiff_shaped_raw_never_uses_generic_page_fallback ... ok
test pre_icc_fix_persisted_recipe_cannot_reuse_current_fingerprint ... ok
test icc_conversion_cancellation_releases_partial_output ... ok
test cached_file_fingerprints_reuse_only_current_content_and_recipe ... ok

test result: ok. 8 passed; 0 failed; 0 ignored; 0 measured; 0 filtered out; finished in 0.02s

     Running tests/local_collection.rs (/tmp/rrrah-dedup-target/debug/deps/local_collection-836142ca90df3a74)

running 9 tests
test recursive_collection_preserves_aliases_errors_and_request_settings ... ok
test recursive_spatial_collection_preserves_requests_and_rejects_substitution ... ok
test indexed_collection_changed_before_decode_is_invalidated_without_losing_healthy_pair ... ok
test indexed_collection_reports_bad_and_insufficient_sources_and_admission_errors ... ok
test spatial_collection_matches_exhaustive_spatial_pair_acceptance ... ok
test ranged_fit_collection_matches_pair_results_and_exposes_selected_domain ... ok
test display_projection_collection_matches_pairs_and_preserves_strict_evidence ... ok
test indexed_collection_retains_every_exhaustively_verified_crop_scale_rotation_pair ... ok
test indexed_collection_final_generation_and_one_shot_cancel_discard_report ... ok

test result: ok. 9 passed; 0 failed; 0 ignored; 0 measured; 0 filtered out; finished in 6.00s

     Running tests/local_scan.rs (/tmp/rrrah-dedup-target/debug/deps/local_scan-6ca78a88d5d9843f)

running 11 tests
test fitted_scan_validates_policy_before_consuming_input ... ok
test file_pair_limits_cancel_and_invalid_acceptance_are_inconclusive ... ok
test recursive_local_search_preserves_paths_aliases_and_decode_errors ... ok
test full_file_search_finds_crop_scale_rotation_and_rejects_unrelated_and_corrupt_sources ... ok
test spatial_file_policy_preserves_pixel_proof_errors_and_source_guards ... ok
test unfiltered_photometric_batch_uses_fitted_residuals_and_retains_strict_pixels ... ok
test batch_source_mutation_discards_all_stale_pairs_and_keeps_healthy_evidence ... ok
test final_generation_change_and_one_shot_cancellation_return_no_partial_report ... ok
test constrained_batch_mutation_discards_stale_pairs ... ok
test constrained_batch_final_generation_and_cancellation_discard_report ... ok
test fitted_batch_and_roots_preserve_signal_selection_and_corrupt_file_diagnostics ... ok

test result: ok. 11 passed; 0 failed; 0 ignored; 0 measured; 0 filtered out; finished in 9.90s

