   Compiling rrrah-decode v0.1.0 (/workspace/crates/rrrah-decode)
   Compiling rrrah-dedup v0.1.0 (/workspace/crates/rrrah-dedup)
warning: function `error` is never used
 --> crates/rrrah-decode/src/camtiff/mef_sensor.rs:4:4
  |
4 | fn error(message: &str) -> DecodeError {
  |    ^^^^^
  |
  = note: `#[warn(dead_code)]` (part of `#[warn(unused)]`) on by default

warning: function `packed_12` is never used
 --> crates/rrrah-decode/src/camtiff/mef_sensor.rs:9:4
  |
9 | fn packed_12(
  |    ^^^^^^^^^

warning: function `decode_zd` is never used
  --> crates/rrrah-decode/src/camtiff/mef_sensor.rs:48:15
   |
48 | pub(super) fn decode_zd(
   |               ^^^^^^^^^

warning: `rrrah-decode` (lib) generated 3 warnings
warning: linker stderr: /validation/sysroot/usr/bin/ld: /validation/target/debug/deps/libjpegxr-8d01a0594e000fc4.rlib(2e643c6506a180d9-strenc.o): in function `StrIOEncInit':
         /validation/cargo/registry/src/index.crates.io-1949cf8c6b5b557f/jpegxr-0.3.1/jxrlib/image/encode/strenc.c:485:(.text.StrIOEncInit+0xf0): the use of `tmpnam' is dangerous, better use `mkstemp'
  |
  = note: `#[warn(linker_messages)]` on by default

warning: linker stdout: /validation/sysroot/usr/bin/ld: /validation/target/debug/deps/libjpegxr-8d01a0594e000fc4.rlib(2e643c6506a180d9-strenc.o): note: the message above does not take linker garbage collection into account

warning: `rrrah-dedup` (test "presentation_digest") generated 2 warnings
warning: `rrrah-dedup` (test "decode") generated 2 warnings (2 duplicates)
error: could not compile `rrrah-dedup` (test "container")

Caused by:
  process didn't exit successfully: `/validation/toolchain/bin/rustc --crate-name container --edition=2024 crates/rrrah-dedup/tests/container.rs --error-format=json --json=diagnostic-rendered-ansi,artifacts,future-incompat --emit=dep-info,link -C opt-level=1 -C embed-bitcode=no -C debuginfo=2 '--warn=clippy::pedantic' '--warn=clippy::all' --deny=unsafe_code '--allow=clippy::must_use_candidate' '--allow=clippy::module_name_repetitions' --warn=missing_debug_implementations -C debug-assertions=on --test --cfg 'feature="decode"' --cfg 'feature="default"' --cfg 'feature="raster"' --check-cfg 'cfg(docsrs,test)' --check-cfg 'cfg(feature, values("decode", "default", "raster"))' -C metadata=effd5f6b5c3059e7 -C extra-filename=-355d995398ebc4e5 --out-dir /validation/target/debug/deps -C linker=/validation/sysroot/usr/bin/gcc -C incremental=/validation/target/debug/incremental -L dependency=/validation/target/debug/deps --extern blake3=/validation/target/debug/deps/libblake3-e77978c56f2c723d.rlib --extern libc=/validation/target/debug/deps/liblibc-3d9860e5578cb1c6.rlib --extern rrrah_core=/validation/target/debug/deps/librrrah_core-ac58a6b212349601.rlib --extern rrrah_decode=/validation/target/debug/deps/librrrah_decode-6ac47b5c5d432b39.rlib --extern rrrah_dedup=/validation/target/debug/deps/librrrah_dedup-9e46293fc51f6053.rlib --extern tempfile=/validation/target/debug/deps/libtempfile-27e123ff820aaa26.rlib --extern thiserror=/validation/target/debug/deps/libthiserror-b9a608b837d800ca.rlib -C link-arg=--sysroot=/validation/sysroot -L native=/validation/target/debug/build/blake3-c3c9ae2f28c25e08/out -L native=/validation/target/debug/build/astcenc-sys-24fae1d5e6ba535d/out -L native=/validation/target/debug/build/basis-universal-sys-8361ab6ae15b4701/out -L native=/validation/target/debug/build/charls-sys-cf55e293bb2d9b67/out/lib -L native=/validation/target/debug/build/link-cplusplus-0531fabc74235086/out -L native=/validation/target/debug/build/openjpeg-sys-a7431f41eac9e29b/out -L native=/validation/target/debug/build/jpegxr-adfed0393c951d29/out -L native=/validation/sysroot/usr/lib/aarch64-linux-gnu -L native=/validation/sysroot/usr/lib/aarch64-linux-gnu` (signal: 9, SIGKILL: kill)
