   Compiling rrrah-decode v0.1.0 (/Users/themoretheless/Documents/Sources/rrrah/crates/rrrah-decode)
   Compiling rrrah-dedup v0.1.0 (/Users/themoretheless/Documents/Sources/rrrah/crates/rrrah-dedup)
warning: type does not implement `std::fmt::Debug`; consider adding `#[derive(Debug)]` or a manual implementation
  --> crates/rrrah-decode/src/eps_tokens.rs:38:1
   |
38 | / pub struct EpsTokens<'a, F> {
39 | |     bytes: &'a [u8],
40 | |     position: usize,
41 | |     remaining: usize,
...  |
44 | |     cancelled: F,
45 | | }
   | |_^
   |
   = note: requested on the command line with `-W missing-debug-implementations`

warning: type does not implement `Debug`; consider adding `#[derive(Debug)]` or a manual implementation
  --> crates/rrrah-dedup/src/gradient_index.rs:17:1
   |
17 | / pub struct GradientDescriptorIndex<'a> {
18 | |     entries: &'a [(u64, GradientDescriptor)],
19 | |     order: SharedBuffer<usize>,
20 | |     axis: usize,
21 | |     recipe: GradientCellRecipe,
22 | | }
   | |_^
   |
   = note: requested on the command line with `-W missing-debug-implementations`

warning: `rrrah-dedup` (lib) generated 1 warning
warning: `rrrah-decode` (lib) generated 1 warning
    Finished `dev` profile [optimized + debuginfo] target(s) in 40.12s
