   Compiling rrrah-dedup v0.1.0 (/Users/themoretheless/Documents/Sources/rrrah/crates/rrrah-dedup)
warning: function `error` is never used
 --> crates/rrrah-decode/src/camtiff/mef_sensor.rs:4:4
  |
4 | fn error(message: &str) -> DecodeError {
  |    ^^^^^
  |
  = note: `#[warn(dead_code)]` (part of `#[warn(unused)]`) on by default

warning: function `packed_12` is never used
 --> crates/rrrah-decode/src/camtiff/mef_sensor.rs:9:4
  |
9 | fn packed_12(
  |    ^^^^^^^^^

warning: function `decode_zd` is never used
  --> crates/rrrah-decode/src/camtiff/mef_sensor.rs:48:15
   |
48 | pub(super) fn decode_zd(
   |               ^^^^^^^^^

warning: `rrrah-decode` (lib) generated 3 warnings
    Finished `test` profile [optimized + debuginfo] target(s) in 4.56s
     Running tests/projective_files.rs (target/debug/deps/projective_files-af2b447668e34079)

running 1 test
oracle-perspective 2414: forward=45073/64738 reverse=66647/67298
oracle-perspective 2418: forward=49078/64738 reverse=66035/67298
oracle-perspective 2883: forward=15773/18228 reverse=18306/18592
oracle-perspective 5025: forward=67175/72885 reverse=73150/75481
oracle-perspective 1425: forward=66684/72885 reverse=73553/75481
oracle-perspective 5495: forward=52437/72885 reverse=74299/75481
test perspective_generator_geometry_diagnostic ... ok

test result: ok. 1 passed; 0 failed; 0 ignored; 0 measured; 2 filtered out; finished in 0.07s

