error: no test target named `local_file` in `rrrah-dedup` package
help: available test targets:
    animated
    build_context
    cache
    container
    content_snapshot
    crop
    decode
    encoded_srgb
    exact_files
    filtered
    geometry
    groups
    icc_oracle
    information
    linear
    local
    local_collection
    local_index
    local_scan
    ordinal
    oriented
    pages
    photo_collages
    photo_files
    photo_jpeg_oracle
    photometric
    photos_heldout
    pixel_search
    pixels
    presentation_digest
    presentation_kind
    projective_files
    projective_geometry
    pyramid
    raster
    raster_equality
    scan
    sequence
    spatial
    visual
    wal_dependency
    warp
