warning: function `error` is never used
 --> crates/rrrah-decode/src/camtiff/mef_sensor.rs:4:4
  |
4 | fn error(message: &str) -> DecodeError {
  |    ^^^^^
  |
  = note: `#[warn(dead_code)]` (part of `#[warn(unused)]`) on by default

warning: function `packed_12` is never used
 --> crates/rrrah-decode/src/camtiff/mef_sensor.rs:9:4
  |
9 | fn packed_12(
  |    ^^^^^^^^^

warning: function `decode_zd` is never used
  --> crates/rrrah-decode/src/camtiff/mef_sensor.rs:48:15
   |
48 | pub(super) fn decode_zd(
   |               ^^^^^^^^^

warning: `rrrah-decode` (lib) generated 3 warnings
   Compiling rrrah v0.1.0 (/Users/themoretheless/Documents/Sources/rrrah/crates/rrrah-app)
    Finished `dev` profile [optimized + debuginfo] target(s) in 2.25s
     Running `/tmp/rrrah-required-corpus-target/debug/examples/hdr_surface_probe`
adapter: AdapterInfo { name: "Apple M4 Max", vendor: 0, device: 0, device_type: IntegratedGpu, device_pci_bus_id: "", driver: "", driver_info: "", backend: Metal, subgroup_min_size: 4, subgroup_max_size: 64, transient_saves_memory: Some(true), limit_bucket: None }
display before configure: DisplayHdrInfo { luminance: None, headroom: Some(DisplayHeadroom { current: Some(1.0), potential: Some(16.0), reference: None }), chromaticity: None, coarse: Some(DisplayCoarseRange { high_dynamic_range: Some(false), gamut: None }), bits_per_color: None }
format/color capabilities: [SurfaceFormatCapabilities { format: Bgra8UnormSrgb, color_spaces: SurfaceColorSpaces(SRGB | DISPLAY_P3) }, SurfaceFormatCapabilities { format: Bgra8Unorm, color_spaces: SurfaceColorSpaces(SRGB | DISPLAY_P3) }, SurfaceFormatCapabilities { format: Rgba16Float, color_spaces: SurfaceColorSpaces(SRGB | EXTENDED_SRGB_LINEAR | DISPLAY_P3 | BT2100_PQ | BT2100_HLG | EXTENDED_SRGB | EXTENDED_DISPLAY_P3) }, SurfaceFormatCapabilities { format: Rgb10a2Unorm, color_spaces: SurfaceColorSpaces(SRGB | DISPLAY_P3 | BT2100_PQ | BT2100_HLG) }]
display after configure: DisplayHdrInfo { luminance: None, headroom: Some(DisplayHeadroom { current: Some(1.0), potential: Some(16.0), reference: None }), chromaticity: None, coarse: Some(DisplayCoarseRange { high_dynamic_range: Some(false), gamut: None }), bits_per_color: None }
display after present: DisplayHdrInfo { luminance: None, headroom: Some(DisplayHeadroom { current: Some(1.0), potential: Some(16.0), reference: None }), chromaticity: None, coarse: Some(DisplayCoarseRange { high_dynamic_range: Some(false), gamut: None }), bits_per_color: None }
presented: RGBA16Float / ExtendedSrgbLinear; no validation errors
