warning: function `error` is never used
 --> crates/rrrah-decode/src/camtiff/mef_sensor.rs:4:4
  |
4 | fn error(message: &str) -> DecodeError {
  |    ^^^^^
  |
  = note: `#[warn(dead_code)]` (part of `#[warn(unused)]`) on by default

warning: function `packed_12` is never used
 --> crates/rrrah-decode/src/camtiff/mef_sensor.rs:9:4
  |
9 | fn packed_12(
  |    ^^^^^^^^^

warning: function `decode_zd` is never used
  --> crates/rrrah-decode/src/camtiff/mef_sensor.rs:48:15
   |
48 | pub(super) fn decode_zd(
   |               ^^^^^^^^^

warning: `rrrah-decode` (lib) generated 3 warnings
    Finished `test` profile [optimized + debuginfo] target(s) in 2.31s
     Running unittests src/main.rs (/tmp/rrrah-required-corpus-target/debug/deps/rrrah-9f57a70452950339)

running 3 tests
test managed_model_ttl_tests::disabled_ttl_waits_for_request_without_maintenance ... ok
test managed_model_ttl_tests::expired_model_entry_preserves_visible_and_external_geometry_owners ... ok
test managed_model_ttl_tests::idle_receive_expires_managed_model_and_accepts_next_request ... ok

test result: ok. 3 passed; 0 failed; 0 ignored; 0 measured; 160 filtered out; finished in 0.04s

