   Compiling num-traits v0.2.19
   Compiling hashbrown v0.17.1
   Compiling log v0.4.33
   Compiling smallvec v1.15.2
   Compiling syn v3.0.2
   Compiling syn v2.0.119
   Compiling parking_lot_core v0.9.12
   Compiling parking_lot v0.12.5
   Compiling indexmap v2.14.0
   Compiling thiserror-impl v2.0.19
   Compiling serde_derive v1.0.229
   Compiling zerocopy-derive v0.8.55
   Compiling thiserror v2.0.19
   Compiling naga-types v30.0.0
   Compiling bytemuck_derive v1.11.0
   Compiling serde v1.0.229
   Compiling zerocopy v0.8.55
   Compiling bytemuck v1.25.2
   Compiling rrrah-core v0.1.0 (/Users/themoretheless/Documents/Sources/rrrah/crates/rrrah-core)
   Compiling wgpu-types v30.0.0
   Compiling half v2.7.1
   Compiling naga v30.0.0
   Compiling wgpu-naga-bridge v30.0.0
   Compiling wgpu-hal v30.0.0
   Compiling wgpu-core-deps-apple v30.0.0
   Compiling wgpu-core v30.0.0
   Compiling wgpu v30.0.0
   Compiling rrrah-gpu v0.1.0 (/Users/themoretheless/Documents/Sources/rrrah/crates/rrrah-gpu)
    Finished `test` profile [optimized + debuginfo] target(s) in 1m 41s
     Running tests/compute_readback.rs (/tmp/rrrah-required-corpus-target/debug/deps/compute_readback-0f0df8525b3523e2)

running 1 test
interleaved compute adapter: AdapterInfo { name: "Apple M4 Max", vendor: 0, device: 0, device_type: IntegratedGpu, device_pci_bus_id: "", driver: "", driver_info: "", backend: Metal, subgroup_min_size: 4, subgroup_max_size: 64, transient_saves_memory: Some(true), limit_bucket: None }
test interleaved_exposure_preserves_bits_and_managed_raster_ownership ... ok

test result: ok. 1 passed; 0 failed; 0 ignored; 0 measured; 3 filtered out; finished in 0.12s

