   Compiling rrrah-gpu v0.1.0 (/Users/themoretheless/Documents/Sources/rrrah/crates/rrrah-gpu)
    Finished `test` profile [optimized + debuginfo] target(s) in 3.03s
     Running tests/compute_readback.rs (/tmp/rrrah-required-corpus-target/debug/deps/compute_readback-0f0df8525b3523e2)

running 3 tests
test full_sensor_linear_exposure_chunked_readback ... ignored, allocates about 0.8 GB of GPU buffers; full-resolution local qualification
test full_sensor_managed_exposure_budgets_and_checks_every_pixel ... ignored, full-resolution managed compute uses about 2 GB of tracked buffers
compute adapter: AdapterInfo { name: "Apple M4 Max", vendor: 0, device: 0, device_type: IntegratedGpu, device_pci_bus_id: "", driver: "", driver_info: "", backend: Metal, subgroup_min_size: 4, subgroup_max_size: 64, transient_saves_memory: Some(true), limit_bucket: None }
test linear_exposure_compute_preserves_hdr_alpha_and_dispatch_tail ... ok

test result: ok. 1 passed; 0 failed; 2 ignored; 0 measured; 0 filtered out; finished in 1.26s

     Running tests/raster_readback.rs (/tmp/rrrah-required-corpus-target/debug/deps/raster_readback-96fa399a25885f6d)

running 8 tests
test qualified_sd10_linear_raster_full_frame_display_readback ... ignored, requires qualified SD10 linear sRGB PPM and a physical GPU
raster queue adapter: AdapterInfo { name: "Apple M4 Max", vendor: 0, device: 0, device_type: IntegratedGpu, device_pci_bus_id: "", driver: "", driver_info: "", backend: Metal, subgroup_min_size: 4, subgroup_max_size: 64, transient_saves_memory: Some(true), limit_bucket: None }
texture budget adapter: AdapterInfo { name: "Apple M4 Max", vendor: 0, device: 0, device_type: IntegratedGpu, device_pci_bus_id: "", driver: "", driver_info: "", backend: Metal, subgroup_min_size: 4, subgroup_max_size: 64, transient_saves_memory: Some(true), limit_bucket: None }
HDR raster adapter: AdapterInfo { name: "Apple M4 Max", vendor: 0, device: 0, device_type: IntegratedGpu, device_pci_bus_id: "", driver: "", driver_info: "", backend: Metal, subgroup_min_size: 4, subgroup_max_size: 64, transient_saves_memory: Some(true), limit_bucket: None }
raster readback adapter: Metal Apple M4 Max
test raster_queue_admission_accounts_alignment_and_completion_ownership ... ok
test texture_budget_preserves_loaded_image_on_refusal_and_releases_owners ... ok
test linear_hdr_attachment_preserves_bright_negative_and_exposed_channels ... ok
test transparent_rgb_is_removed_before_bilinear_interpolation ... ok
test uploaded_rows_and_rgb_channels_keep_their_positions ... ok
test linear_gray_and_straight_alpha_composite_match_display_reference ... ok
test developed_raw_exposure_precedes_tone_and_monotone_curve ... ok

test result: ok. 7 passed; 0 failed; 1 ignored; 0 measured; 0 filtered out; finished in 1.79s

     Running tests/raw_linear_readback.rs (/tmp/rrrah-required-corpus-target/debug/deps/raw_linear_readback-9fd8b6185e48ed18)

running 2 tests
test binary16_reference_covers_signed_hdr_and_subnormals ... ok
RAW linear adapter: AdapterInfo { name: "Apple M4 Max", vendor: 0, device: 0, device_type: IntegratedGpu, device_pci_bus_id: "", driver: "", driver_info: "", backend: Metal, subgroup_min_size: 4, subgroup_max_size: 64, transient_saves_memory: Some(true), limit_bucket: None }
test raw_linear_float_target_preserves_hdr_and_negative_rgbe_color ... ok

test result: ok. 2 passed; 0 failed; 0 ignored; 0 measured; 0 filtered out; finished in 1.24s

     Running tests/rgbe_compute_readback.rs (/tmp/rrrah-required-corpus-target/debug/deps/rgbe_compute_readback-5d310ff784bafb7a)

running 4 tests
test full_f828_managed_rgbe_matches_cpu_reference ... ignored, requires independent DSC-F828 full-sensor dump; authored four-channel normalization, not as-shot color qualification
RGBE compute adapter: AdapterInfo { name: "Apple M4 Max", vendor: 0, device: 0, device_type: IntegratedGpu, device_pci_bus_id: "", driver: "", driver_info: "", backend: Metal, subgroup_min_size: 4, subgroup_max_size: 64, transient_saves_memory: Some(true), limit_bucket: None }
test cancelled_large_rgbe_validation_does_not_admit_output_resources ... ok
test managed_rgbe_admission_completion_and_output_owner ... ok
test four_plane_compute_matches_cpu_lattices_edges_hdr_and_tail ... ok

test result: ok. 3 passed; 0 failed; 1 ignored; 0 measured; 0 filtered out; finished in 1.35s

