   Compiling moxcms v0.8.1
   Compiling image v0.25.10
   Compiling hayro-interpret v0.7.0
   Compiling jxl-oxide v0.12.6
   Compiling hayro v0.7.1
   Compiling rrrah-decode v0.1.0 (/Users/themoretheless/Documents/Sources/rrrah/crates/rrrah-decode)
    Finished `dev` profile [optimized + debuginfo] target(s) in 19.06s
     Running `/tmp/rrrah-required-corpus-target/debug/examples/cmyk_transform_probe /Users/themoretheless/.cargo/registry/src/index.crates.io-1949cf8c6b5b557f/hayro-interpret-0.7.0/assets/CGATS001Compat-v2-micro.icc docs/research/pdf-cmyk-float-littlecms-2026-10-07.json /tmp/rrrah-cmyk-options`
{
  "byte_rgb8": [
    0,
    170,
    234,
    0,
    164,
    226,
    3,
    157,
    218,
    60,
    151,
    210,
    101,
    142,
    202,
    125,
    134,
    194,
    145,
    125,
    186,
    164,
    115,
    178,
    181,
    103,
    170,
    198,
    89,
    161,
    212,
    68,
    153,
    227,
    34,
    144
  ],
  "float_rgb": [
    0.0,
    0.6657510995864868,
    0.9189403653144836,
    0.0,
    0.6419458985328674,
    0.8874443173408508,
    0.011780504137277603,
    0.617530345916748,
    0.856558620929718,
    0.23585423827171326,
    0.5900018215179443,
    0.8247573375701904,
    0.3927241563796997,
    0.5578343272209167,
    0.7905145287513733,
    0.49056950211524963,
    0.5244460701942444,
    0.7590795159339905,
    0.5701031684875488,
    0.49020326137542725,
    0.7284990549087524,
    0.6411523818969727,
    0.452176034450531,
    0.6980406641960144,
    0.7113471031188965,
    0.404565691947937,
    0.6659342050552368,
    0.7727522253990173,
    0.3462125360965729,
    0.6325459480285645,
    0.8322651386260986,
    0.2690593898296356,
    0.5989745259284973,
    0.8915949463844299,
    0.13318684697151184,
    0.565830409526825
  ],
  "float_rgb8": [
    0,
    170,
    234,
    0,
    164,
    226,
    3,
    157,
    218,
    60,
    150,
    210,
    100,
    142,
    202,
    125,
    134,
    194,
    145,
    125,
    186,
    163,
    115,
    178,
    181,
    103,
    170,
    197,
    88,
    161,
    212,
    69,
    153,
    227,
    34,
    144
  ],
  "input": [
    0.9583333134651184,
    0.0416666679084301,
    0.0,
    0.0,
    0.875,
    0.125,
    0.0,
    0.0,
    0.7916666865348816,
    0.2083333283662796,
    0.0,
    0.0,
    0.7083333134651184,
    0.2916666567325592,
    0.0,
    0.0,
    0.625,
    0.375,
    0.0,
    0.0,
    0.5416666865348816,
    0.4583333432674408,
    0.0,
    0.0,
    0.4583333432674408,
    0.5416666865348816,
    0.0,
    0.0,
    0.375,
    0.625,
    0.0,
    0.0,
    0.2916666567325592,
    0.7083333134651184,
    0.0,
    0.0,
    0.2083333283662796,
    0.7916666865348816,
    0.0,
    0.0,
    0.125,
    0.875,
    0.0,
    0.0,
    0.0416666679084301,
    0.9583333134651184,
    0.0,
    0.0
  ],
  "quantized_cmyk8": [
    244,
    11,
    0,
    0,
    223,
    32,
    0,
    0,
    202,
    53,
    0,
    0,
    181,
    74,
    0,
    0,
    159,
    96,
    0,
    0,
    138,
    117,
    0,
    0,
    117,
    138,
    0,
    0,
    96,
    159,
    0,
    0,
    74,
    181,
    0,
    0,
    53,
    202,
    0,
    0,
    32,
    223,
    0,
    0,
    11,
    244,
    0,
    0
  ],
  "scope": "Direct moxcms 0.8.1, default options, same profile, no PDF parser or renderer",
  "variants": [
    {
      "float_rgb": [
        0.0,
        0.6657877564430237,
        0.9189400672912598,
        0.0,
        0.6419857740402222,
        0.8873810172080994,
        0.011755768209695816,
        0.617506742477417,
        0.8566074967384338,
        0.23582850396633148,
        0.5899658203125,
        0.8247624039649963,
        0.3926868736743927,
        0.557794451713562,
        0.790483295917511,
        0.4905810058116913,
        0.5244704484939575,
        0.7590786218643188,
        0.5701155066490173,
        0.49020230770111084,
        0.7285095453262329,
        0.6412320733070374,
        0.452161967754364,
        0.6980301141738892,
        0.7114013433456421,
        0.40457117557525635,
        0.6659198999404907,
        0.7727453708648682,
        0.34620046615600586,
        0.6325893998146057,
        0.8322539925575256,
        0.2691277861595154,
        0.598946213722229,
        0.8915657997131348,
        0.13320395350456238,
        0.5658284425735474
      ],
      "mode": "linear-fixedfalse-low",
      "rgb8": [
        0,
        170,
        234,
        0,
        164,
        226,
        3,
        157,
        218,
        60,
        150,
        210,
        100,
        142,
        202,
        125,
        134,
        194,
        145,
        125,
        186,
        164,
        115,
        178,
        181,
        103,
        170,
        197,
        88,
        161,
        212,
        69,
        153,
        227,
        34,
        144
      ]
    },
    {
      "float_rgb": [
        0.0,
        0.6663182973861694,
        0.9195969700813293,
        0.0,
        0.6421194672584534,
        0.887560248374939,
        0.012326899915933609,
        0.6173495650291443,
        0.8564215302467346,
        0.23979608714580536,
        0.5894572734832764,
        0.8241872787475586,
        0.3907831311225891,
        0.5583662986755371,
        0.7910424470901489,
        0.4900723099708557,
        0.5246663093566895,
        0.7592591643333435,
        0.5705534219741821,
        0.4899909198284149,
        0.7283275127410889,
        0.6424505710601807,
        0.45144230127334595,
        0.6974807381629944,
        0.7102687358856201,
        0.4054851531982422,
        0.6664922833442688,
        0.772394597530365,
        0.3465893268585205,
        0.6327939629554749,
        0.8326014280319214,
        0.26862627267837524,
        0.5987446308135986,
        0.8927576541900635,
        0.12906217575073242,
        0.5652442574501038
      ],
      "mode": "linear-fixedfalse-high",
      "rgb8": [
        0,
        170,
        234,
        0,
        164,
        226,
        3,
        157,
        218,
        61,
        150,
        210,
        100,
        142,
        202,
        125,
        134,
        194,
        145,
        125,
        186,
        164,
        115,
        178,
        181,
        103,
        170,
        197,
        88,
        161,
        212,
        68,
        153,
        228,
        33,
        144
      ]
    },
    {
      "float_rgb": [
        0.0,
        0.6657510995864868,
        0.9189403653144836,
        0.0,
        0.6419458985328674,
        0.8874443173408508,
        0.011780504137277603,
        0.617530345916748,
        0.856558620929718,
        0.23585423827171326,
        0.5900018215179443,
        0.8247573375701904,
        0.3927241563796997,
        0.5578343272209167,
        0.7905145287513733,
        0.49056950211524963,
        0.5244460701942444,
        0.7590795159339905,
        0.5701031684875488,
        0.49020326137542725,
        0.7284990549087524,
        0.6411523818969727,
        0.452176034450531,
        0.6980406641960144,
        0.7113471031188965,
        0.404565691947937,
        0.6659342050552368,
        0.7727522253990173,
        0.3462125360965729,
        0.6325459480285645,
        0.8322651386260986,
        0.2690593898296356,
        0.5989745259284973,
        0.8915949463844299,
        0.13318684697151184,
        0.565830409526825
      ],
      "mode": "linear-fixedtrue-low",
      "rgb8": [
        0,
        170,
        234,
        0,
        164,
        226,
        3,
        157,
        218,
        60,
        150,
        210,
        100,
        142,
        202,
        125,
        134,
        194,
        145,
        125,
        186,
        163,
        115,
        178,
        181,
        103,
        170,
        197,
        88,
        161,
        212,
        69,
        153,
        227,
        34,
        144
      ]
    },
    {
      "float_rgb": [
        0.0,
        0.6663004159927368,
        0.9196118116378784,
        0.0,
        0.6421290636062622,
        0.8875663876533508,
        0.01232985407114029,
        0.617408275604248,
        0.856436550617218,
        0.23982176184654236,
        0.5894525051116943,
        0.8241469860076904,
        0.39077091217041016,
        0.5583837032318115,
        0.7910639047622681,
        0.49008119106292725,
        0.5246902108192444,
        0.7592626214027405,
        0.5705304145812988,
        0.48995909094810486,
        0.7282549142837524,
        0.6424342393875122,
        0.45144355297088623,
        0.6974912881851196,
        0.7102484107017517,
        0.4054812788963318,
        0.6664835214614868,
        0.7723860144615173,
        0.34657877683639526,
        0.6327900886535645,
        0.8326314091682434,
        0.26863211393356323,
        0.5987303853034973,
        0.8927546739578247,
        0.12903618812561035,
        0.565220057964325
      ],
      "mode": "linear-fixedtrue-high",
      "rgb8": [
        0,
        170,
        235,
        0,
        164,
        226,
        3,
        157,
        218,
        61,
        150,
        210,
        100,
        142,
        202,
        125,
        134,
        194,
        145,
        125,
        186,
        164,
        115,
        178,
        181,
        103,
        170,
        197,
        88,
        161,
        212,
        69,
        153,
        228,
        33,
        144
      ]
    },
    {
      "float_rgb": [
        0.0,
        0.6658891439437866,
        0.9189723134040833,
        0.0,
        0.6419858336448669,
        0.8873810768127441,
        0.0,
        0.6176232695579529,
        0.8566428422927856,
        0.2405807226896286,
        0.5901090502738953,
        0.8248059153556824,
        0.3926891088485718,
        0.5577950477600098,
        0.7904834151268005,
        0.4908813536167145,
        0.5246018767356873,
        0.7591231465339661,
        0.5703384280204773,
        0.4903537333011627,
        0.7285553812980652,
        0.6412329077720642,
        0.4521627426147461,
        0.6980302929878235,
        0.7115444540977478,
        0.4048149287700653,
        0.6659797430038452,
        0.7728535532951355,
        0.34645912051200867,
        0.6326447129249573,
        0.8322540521621704,
        0.2691279649734497,
        0.598946213722229,
        0.8916490077972412,
        0.13554668426513672,
        0.565876305103302
      ],
      "mode": "tetrahedral-fixedfalse-low",
      "rgb8": [
        0,
        170,
        234,
        0,
        164,
        226,
        0,
        157,
        218,
        61,
        150,
        210,
        100,
        142,
        202,
        125,
        134,
        194,
        145,
        125,
        186,
        164,
        115,
        178,
        181,
        103,
        170,
        197,
        88,
        161,
        212,
        69,
        153,
        227,
        35,
        144
      ]
    },
    {
      "float_rgb": [
        0.0,
        0.6664356589317322,
        0.9196342825889587,
        0.0,
        0.6421195268630981,
        0.887560248374939,
        0.0,
        0.6174716949462891,
        0.8564585447311401,
        0.24394457042217255,
        0.5895823240280151,
        0.8242252469062805,
        0.3907831311225891,
        0.5583663582801819,
        0.7910424470901489,
        0.4903590679168701,
        0.5247917771339417,
        0.7593017220497131,
        0.570766270160675,
        0.49013546109199524,
        0.7283713221549988,
        0.6424506306648254,
        0.45144233107566833,
        0.6974807381629944,
        0.7103936672210693,
        0.4056979715824127,
        0.666544497013092,
        0.7725080251693726,
        0.34686052799224854,
        0.6328519582748413,
        0.8326014280319214,
        0.26862627267837524,
        0.5987446308135986,
        0.892853856086731,
        0.13177278637886047,
        0.5652995705604553
      ],
      "mode": "tetrahedral-fixedfalse-high",
      "rgb8": [
        0,
        170,
        235,
        0,
        164,
        226,
        0,
        157,
        218,
        62,
        150,
        210,
        100,
        142,
        202,
        125,
        134,
        194,
        146,
        125,
        186,
        164,
        115,
        178,
        181,
        103,
        170,
        197,
        88,
        161,
        212,
        68,
        153,
        228,
        34,
        144
      ]
    },
    {
      "float_rgb": [
        0.0,
        0.6658731698989868,
        0.9190014004707336,
        0.0,
        0.6420069336891174,
        0.8873832821846008,
        0.0,
        0.617591381072998,
        0.856680691242218,
        0.24061527848243713,
        0.5901238918304443,
        0.8248184323310852,
        0.3927241563796997,
        0.5578343272209167,
        0.7905145287513733,
        0.49087467789649963,
        0.5246291756629944,
        0.7591405510902405,
        0.5703473091125488,
        0.49038636684417725,
        0.7285600900650024,
        0.6412134766578674,
        0.452176034450531,
        0.6980406641960144,
        0.7115302681922913,
        0.4048098623752594,
        0.6659952402114868,
        0.7728742957115173,
        0.34645670652389526,
        0.6326680183410645,
        0.8322651386260986,
        0.2691204249858856,
        0.5989134907722473,
        0.8916559815406799,
        0.13556735217571259,
        0.565891444683075
      ],
      "mode": "tetrahedral-fixedtrue-low",
      "rgb8": [
        0,
        170,
        234,
        0,
        164,
        226,
        0,
        157,
        218,
        61,
        150,
        210,
        100,
        142,
        202,
        125,
        134,
        194,
        145,
        125,
        186,
        164,
        115,
        178,
        181,
        103,
        170,
        197,
        88,
        161,
        212,
        69,
        153,
        227,
        35,
        144
      ]
    },
    {
      "float_rgb": [
        0.0,
        0.6664835214614868,
        0.9196118116378784,
        0.0,
        0.6421290636062622,
        0.8875663876533508,
        0.0,
        0.617469310760498,
        0.856436550617218,
        0.24391137063503265,
        0.5895745754241943,
        0.8242080211639404,
        0.39077091217041016,
        0.5583837032318115,
        0.7910639047622681,
        0.49032533168792725,
        0.5248122811317444,
        0.7592626214027405,
        0.5707135200500488,
        0.49014222621917725,
        0.7283769845962524,
        0.6424342393875122,
        0.45144355297088623,
        0.6974912881851196,
        0.7103704810142517,
        0.4057254493236542,
        0.6665445566177368,
        0.7725080847740173,
        0.34688395261764526,
        0.6328511238098145,
        0.8326314091682434,
        0.26863211393356323,
        0.5987303853034973,
        0.8928767442703247,
        0.13172191381454468,
        0.565281093120575
      ],
      "mode": "tetrahedral-fixedtrue-high",
      "rgb8": [
        0,
        170,
        235,
        0,
        164,
        226,
        0,
        157,
        218,
        62,
        150,
        210,
        100,
        142,
        202,
        125,
        134,
        194,
        146,
        125,
        186,
        164,
        115,
        178,
        181,
        103,
        170,
        197,
        88,
        161,
        212,
        69,
        153,
        228,
        34,
        144
      ]
    },
    {
      "float_rgb": [
        0.0,
        0.6657878160476685,
        0.9189400672912598,
        0.0,
        0.6419857740402222,
        0.8873810172080994,
        0.011755770072340965,
        0.6175068020820618,
        0.8566075563430786,
        0.23582850396633148,
        0.5899658203125,
        0.8247624039649963,
        0.3926868736743927,
        0.557794451713562,
        0.790483295917511,
        0.4905810058116913,
        0.5244703888893127,
        0.7590785622596741,
        0.5701155662536621,
        0.4902023375034332,
        0.7285094857215881,
        0.6412320733070374,
        0.452161967754364,
        0.6980301141738892,
        0.7114013433456421,
        0.40457117557525635,
        0.6659198999404907,
        0.7727453708648682,
        0.34620046615600586,
        0.6325893998146057,
        0.8322539925575256,
        0.269127756357193,
        0.598946213722229,
        0.8915657997131348,
        0.13320395350456238,
        0.5658284425735474
      ],
      "mode": "pyramid-fixedfalse-low",
      "rgb8": [
        0,
        170,
        234,
        0,
        164,
        226,
        3,
        157,
        218,
        60,
        150,
        210,
        100,
        142,
        202,
        125,
        134,
        194,
        145,
        125,
        186,
        164,
        115,
        178,
        181,
        103,
        170,
        197,
        88,
        161,
        212,
        69,
        153,
        227,
        34,
        144
      ]
    },
    {
      "float_rgb": [
        0.0,
        0.6663183569908142,
        0.9195969700813293,
        0.0,
        0.6421195268630981,
        0.887560248374939,
        0.012326899915933609,
        0.6173495650291443,
        0.8564215302467346,
        0.23979608714580536,
        0.5894572734832764,
        0.8241872787475586,
        0.3907831311225891,
        0.5583663582801819,
        0.7910424470901489,
        0.4900723099708557,
        0.5246662497520447,
        0.7592591643333435,
        0.5705534815788269,
        0.48999089002609253,
        0.7283275127410889,
        0.6424505710601807,
        0.45144230127334595,
        0.6974807977676392,
        0.7102687358856201,
        0.4054851830005646,
        0.6664922833442688,
        0.772394597530365,
        0.3465892970561981,
        0.6327939629554749,
        0.8326013684272766,
        0.26862627267837524,
        0.5987446308135986,
        0.8927576541900635,
        0.12906219065189362,
        0.565244197845459
      ],
      "mode": "pyramid-fixedfalse-high",
      "rgb8": [
        0,
        170,
        234,
        0,
        164,
        226,
        3,
        157,
        218,
        61,
        150,
        210,
        100,
        142,
        202,
        125,
        134,
        194,
        145,
        125,
        186,
        164,
        115,
        178,
        181,
        103,
        170,
        197,
        88,
        161,
        212,
        68,
        153,
        228,
        33,
        144
      ]
    },
    {
      "float_rgb": [
        0.0,
        0.6658121347427368,
        0.9189403653144836,
        0.0,
        0.6420069336891174,
        0.8873832821846008,
        0.011780504137277603,
        0.617530345916748,
        0.856619656085968,
        0.23585423827171326,
        0.5899407863616943,
        0.8247573375701904,
        0.3927241563796997,
        0.5577732920646667,
        0.7905145287513733,
        0.49063053727149963,
        0.5244460701942444,
        0.7591405510902405,
        0.5701031684875488,
        0.49020326137542725,
        0.7284380197525024,
        0.6412134766578674,
        0.452237069606781,
        0.6980406641960144,
        0.7114081382751465,
        0.404565691947937,
        0.6659342050552368,
        0.7728132605552673,
        0.3462125360965729,
        0.6326069831848145,
        0.8322651386260986,
        0.2690593898296356,
        0.5989134907722473,
        0.8915949463844299,
        0.13318684697151184,
        0.565830409526825
      ],
      "mode": "pyramid-fixedtrue-low",
      "rgb8": [
        0,
        170,
        234,
        0,
        164,
        226,
        3,
        157,
        218,
        60,
        150,
        210,
        100,
        142,
        202,
        125,
        134,
        194,
        145,
        125,
        186,
        164,
        115,
        178,
        181,
        103,
        170,
        197,
        88,
        161,
        212,
        69,
        153,
        227,
        34,
        144
      ]
    },
    {
      "float_rgb": [
        0.0,
        0.6663614511489868,
        0.9195507764816284,
        0.0,
        0.6421290636062622,
        0.8875663876533508,
        0.01232985407114029,
        0.617347240447998,
        0.856375515460968,
        0.23982176184654236,
        0.5893914699554443,
        0.8242080211639404,
        0.39077091217041016,
        0.5583837032318115,
        0.7910639047622681,
        0.49008119106292725,
        0.5246902108192444,
        0.7592626214027405,
        0.5705304145812988,
        0.49002015590667725,
        0.7283159494400024,
        0.6424342393875122,
        0.45144355297088623,
        0.6974912881851196,
        0.7102484107017517,
        0.4054812788963318,
        0.6665445566177368,
        0.7724470496177673,
        0.34657877683639526,
        0.6327900886535645,
        0.8326314091682434,
        0.26863211393356323,
        0.5987303853034973,
        0.8927546739578247,
        0.12903618812561035,
        0.565281093120575
      ],
      "mode": "pyramid-fixedtrue-high",
      "rgb8": [
        0,
        170,
        234,
        0,
        164,
        226,
        3,
        157,
        218,
        61,
        150,
        210,
        100,
        142,
        202,
        125,
        134,
        194,
        145,
        125,
        186,
        164,
        115,
        178,
        181,
        103,
        170,
        197,
        88,
        161,
        212,
        69,
        153,
        228,
        33,
        144
      ]
    },
    {
      "float_rgb": [
        0.0,
        0.6657878160476685,
        0.9189400672912598,
        0.0,
        0.6419857740402222,
        0.8873810172080994,
        0.011755770072340965,
        0.6175068020820618,
        0.8566075563430786,
        0.23582850396633148,
        0.5899658203125,
        0.8247624039649963,
        0.3926868736743927,
        0.557794451713562,
        0.790483295917511,
        0.4905810058116913,
        0.5244703888893127,
        0.7590785622596741,
        0.5701155662536621,
        0.4902023375034332,
        0.7285094857215881,
        0.6412320733070374,
        0.452161967754364,
        0.6980301141738892,
        0.7114013433456421,
        0.40457117557525635,
        0.6659198999404907,
        0.7727453708648682,
        0.34620046615600586,
        0.6325893998146057,
        0.8322539925575256,
        0.269127756357193,
        0.598946213722229,
        0.8915657997131348,
        0.13320395350456238,
        0.5658284425735474
      ],
      "mode": "prism-fixedfalse-low",
      "rgb8": [
        0,
        170,
        234,
        0,
        164,
        226,
        3,
        157,
        218,
        60,
        150,
        210,
        100,
        142,
        202,
        125,
        134,
        194,
        145,
        125,
        186,
        164,
        115,
        178,
        181,
        103,
        170,
        197,
        88,
        161,
        212,
        69,
        153,
        227,
        34,
        144
      ]
    },
    {
      "float_rgb": [
        0.0,
        0.6663183569908142,
        0.9195969700813293,
        0.0,
        0.6421195268630981,
        0.887560248374939,
        0.012326899915933609,
        0.6173495650291443,
        0.8564215302467346,
        0.23979608714580536,
        0.5894572734832764,
        0.8241872787475586,
        0.3907831311225891,
        0.5583663582801819,
        0.7910424470901489,
        0.4900723099708557,
        0.5246662497520447,
        0.7592591643333435,
        0.5705534815788269,
        0.48999089002609253,
        0.7283275127410889,
        0.6424505710601807,
        0.45144230127334595,
        0.6974807977676392,
        0.7102687358856201,
        0.4054851830005646,
        0.6664922833442688,
        0.772394597530365,
        0.3465892970561981,
        0.6327939629554749,
        0.8326013684272766,
        0.26862627267837524,
        0.5987446308135986,
        0.8927576541900635,
        0.12906219065189362,
        0.565244197845459
      ],
      "mode": "prism-fixedfalse-high",
      "rgb8": [
        0,
        170,
        234,
        0,
        164,
        226,
        3,
        157,
        218,
        61,
        150,
        210,
        100,
        142,
        202,
        125,
        134,
        194,
        145,
        125,
        186,
        164,
        115,
        178,
        181,
        103,
        170,
        197,
        88,
        161,
        212,
        68,
        153,
        228,
        33,
        144
      ]
    },
    {
      "float_rgb": [
        0.0,
        0.6658121347427368,
        0.9189403653144836,
        0.0,
        0.6420069336891174,
        0.8873832821846008,
        0.011780504137277603,
        0.617530345916748,
        0.856619656085968,
        0.23585423827171326,
        0.5899407863616943,
        0.8247573375701904,
        0.3927241563796997,
        0.5577732920646667,
        0.7905145287513733,
        0.49063053727149963,
        0.5244460701942444,
        0.7591405510902405,
        0.5701031684875488,
        0.49020326137542725,
        0.7284380197525024,
        0.6412134766578674,
        0.452237069606781,
        0.6980406641960144,
        0.7114081382751465,
        0.404565691947937,
        0.6659342050552368,
        0.7728132605552673,
        0.3462125360965729,
        0.6326069831848145,
        0.8322651386260986,
        0.2690593898296356,
        0.5989134907722473,
        0.8915949463844299,
        0.13318684697151184,
        0.565830409526825
      ],
      "mode": "prism-fixedtrue-low",
      "rgb8": [
        0,
        170,
        234,
        0,
        164,
        226,
        3,
        157,
        218,
        60,
        150,
        210,
        100,
        142,
        202,
        125,
        134,
        194,
        145,
        125,
        186,
        164,
        115,
        178,
        181,
        103,
        170,
        197,
        88,
        161,
        212,
        69,
        153,
        227,
        34,
        144
      ]
    },
    {
      "float_rgb": [
        0.0,
        0.6663614511489868,
        0.9195507764816284,
        0.0,
        0.6421290636062622,
        0.8875663876533508,
        0.01232985407114029,
        0.617347240447998,
        0.856375515460968,
        0.23982176184654236,
        0.5893914699554443,
        0.8242080211639404,
        0.39077091217041016,
        0.5583837032318115,
        0.7910639047622681,
        0.49008119106292725,
        0.5246902108192444,
        0.7592626214027405,
        0.5705304145812988,
        0.49002015590667725,
        0.7283159494400024,
        0.6424342393875122,
        0.45144355297088623,
        0.6974912881851196,
        0.7102484107017517,
        0.4054812788963318,
        0.6665445566177368,
        0.7724470496177673,
        0.34657877683639526,
        0.6327900886535645,
        0.8326314091682434,
        0.26863211393356323,
        0.5987303853034973,
        0.8927546739578247,
        0.12903618812561035,
        0.565281093120575
      ],
      "mode": "prism-fixedtrue-high",
      "rgb8": [
        0,
        170,
        234,
        0,
        164,
        226,
        3,
        157,
        218,
        61,
        150,
        210,
        100,
        142,
        202,
        125,
        134,
        194,
        145,
        125,
        186,
        164,
        115,
        178,
        181,
        103,
        170,
        197,
        88,
        161,
        212,
        69,
        153,
        228,
        33,
        144
      ]
    }
  ]
}
