     Locking 15 packages to latest Rust 1.98.1 compatible versions
   Compiling autocfg v1.5.1
   Compiling serde_core v1.0.229
   Compiling zmij v1.0.23
   Compiling serde_json v1.0.151
   Compiling pxfm v0.1.30
   Compiling itoa v1.0.18
   Compiling memchr v2.8.3
   Compiling num-traits v0.2.19
   Compiling moxcms v0.8.1 (/tmp/rrrah-cmyk-staged-probe/moxcms)
   Compiling rrrah-cmyk-staged-probe v0.1.0 (/tmp/rrrah-cmyk-staged-probe)
    Finished `dev` profile [optimized + debuginfo] target(s) in 6.05s
     Running `/tmp/rrrah-cmyk-staged-target/debug/rrrah-cmyk-staged-probe /Users/themoretheless/.cargo/registry/src/index.crates.io-1949cf8c6b5b557f/hayro-interpret-0.7.0/assets/CGATS001Compat-v2-micro.icc /Users/themoretheless/Documents/Sources/rrrah/docs/research/pdf-cmyk-float-littlecms-2026-10-07.json /tmp/rrrah-cmyk-staged`
{
  "byte_rgb8": [
    0,
    169,
    234,
    0,
    164,
    226,
    0,
    157,
    218,
    62,
    150,
    210,
    100,
    142,
    202,
    125,
    134,
    194,
    145,
    125,
    186,
    163,
    115,
    178,
    181,
    103,
    170,
    197,
    88,
    161,
    212,
    69,
    153,
    227,
    38,
    144
  ],
  "float_rgb": [
    0.0,
    0.6642237901687622,
    0.9180486798286438,
    0.0,
    0.6421200037002563,
    0.8875609636306763,
    0.0,
    0.6172521114349365,
    0.8564004302024841,
    0.24791991710662842,
    0.5895295143127441,
    0.8242263793945312,
    0.3907756805419922,
    0.5583685636520386,
    0.7910446524620056,
    0.49090641736984253,
    0.5243203639984131,
    0.7591041326522827,
    0.5707762241363525,
    0.48999425768852234,
    0.7282848954200745,
    0.6424553394317627,
    0.4514394998550415,
    0.6974785923957825,
    0.7103925347328186,
    0.40600430965423584,
    0.6666266322135925,
    0.7721858620643616,
    0.3472393751144409,
    0.6326854825019836,
    0.8326027989387512,
    0.26862430572509766,
    0.5987438559532166,
    0.8904138207435608,
    0.14519979059696198,
    0.5648277997970581
  ],
  "float_rgb8": [
    0,
    169,
    234,
    0,
    164,
    226,
    0,
    157,
    218,
    63,
    150,
    210,
    100,
    142,
    202,
    125,
    134,
    194,
    146,
    125,
    186,
    164,
    115,
    178,
    181,
    104,
    170,
    197,
    89,
    161,
    212,
    68,
    153,
    227,
    37,
    144
  ],
  "input": [
    0.9583333134651184,
    0.0416666679084301,
    0.0,
    0.0,
    0.875,
    0.125,
    0.0,
    0.0,
    0.7916666865348816,
    0.2083333283662796,
    0.0,
    0.0,
    0.7083333134651184,
    0.2916666567325592,
    0.0,
    0.0,
    0.625,
    0.375,
    0.0,
    0.0,
    0.5416666865348816,
    0.4583333432674408,
    0.0,
    0.0,
    0.4583333432674408,
    0.5416666865348816,
    0.0,
    0.0,
    0.375,
    0.625,
    0.0,
    0.0,
    0.2916666567325592,
    0.7083333134651184,
    0.0,
    0.0,
    0.2083333283662796,
    0.7916666865348816,
    0.0,
    0.0,
    0.125,
    0.875,
    0.0,
    0.0,
    0.0416666679084301,
    0.9583333134651184,
    0.0,
    0.0
  ],
  "quantized_cmyk8": [
    244,
    11,
    0,
    0,
    223,
    32,
    0,
    0,
    202,
    53,
    0,
    0,
    181,
    74,
    0,
    0,
    159,
    96,
    0,
    0,
    138,
    117,
    0,
    0,
    117,
    138,
    0,
    0,
    96,
    159,
    0,
    0,
    74,
    181,
    0,
    0,
    53,
    202,
    0,
    0,
    32,
    223,
    0,
    0,
    11,
    244,
    0,
    0
  ],
  "scope": "Direct moxcms 0.8.1, default options, same profile, no PDF parser or renderer",
  "variants": [
    {
      "float_rgb": [
        0.0,
        0.6642237901687622,
        0.9180486798286438,
        0.0,
        0.6421200037002563,
        0.8875609636306763,
        0.0,
        0.6172521114349365,
        0.8564004302024841,
        0.24791991710662842,
        0.5895295143127441,
        0.8242263793945312,
        0.3907756805419922,
        0.5583685636520386,
        0.7910446524620056,
        0.49090641736984253,
        0.5243203639984131,
        0.7591041326522827,
        0.5707762241363525,
        0.48999425768852234,
        0.7282848954200745,
        0.6424553394317627,
        0.4514394998550415,
        0.6974785923957825,
        0.7103925347328186,
        0.40600430965423584,
        0.6666266322135925,
        0.7721858620643616,
        0.3472393751144409,
        0.6326854825019836,
        0.8326027989387512,
        0.26862430572509766,
        0.5987438559532166,
        0.8904138207435608,
        0.14519979059696198,
        0.5648277997970581
      ],
      "lab": {
        "values": [
          0.09834971278905869,
          0.14883378148078918,
          0.31225335597991943,
          0.10391293466091156,
          0.14456142485141754,
          0.2897103428840637,
          0.10985968261957169,
          0.13992013037204742,
          0.26760777831077576,
          0.11614099144935608,
          0.13500498235225677,
          0.2457936555147171,
          0.12210347503423691,
          0.12946008145809174,
          0.2243213951587677,
          0.12894077599048615,
          0.12419799715280533,
          0.2046293169260025,
          0.13669171929359436,
          0.12002731114625931,
          0.18665669858455658,
          0.14560265839099884,
          0.11624675989151001,
          0.16960643231868744,
          0.156055748462677,
          0.11281579732894897,
          0.1533946543931961,
          0.16620320081710815,
          0.10830114781856537,
          0.13652396202087402,
          0.1779400110244751,
          0.10409024357795715,
          0.12067263573408127,
          0.1910194307565689,
          0.10055018216371536,
          0.10587729513645172
        ]
      },
      "mode": "linear-fixedfalse-low",
      "rgb8": [
        0,
        169,
        234,
        0,
        164,
        226,
        0,
        157,
        218,
        63,
        150,
        210,
        100,
        142,
        202,
        125,
        134,
        194,
        146,
        125,
        186,
        164,
        115,
        178,
        181,
        104,
        170,
        197,
        89,
        161,
        212,
        68,
        153,
        227,
        37,
        144
      ]
    },
    {
      "float_rgb": [
        0.0,
        0.6642237901687622,
        0.9180486798286438,
        0.0,
        0.6421200037002563,
        0.8875609636306763,
        0.0,
        0.6172521114349365,
        0.8564004302024841,
        0.24791991710662842,
        0.5895295143127441,
        0.8242263793945312,
        0.3907756805419922,
        0.5583685636520386,
        0.7910446524620056,
        0.49090641736984253,
        0.5243203639984131,
        0.7591041326522827,
        0.5707762241363525,
        0.48999425768852234,
        0.7282848954200745,
        0.6424553394317627,
        0.4514394998550415,
        0.6974785923957825,
        0.7103925347328186,
        0.40600430965423584,
        0.6666266322135925,
        0.7721858620643616,
        0.3472393751144409,
        0.6326854825019836,
        0.8326027989387512,
        0.26862430572509766,
        0.5987438559532166,
        0.8904138207435608,
        0.14519979059696198,
        0.5648277997970581
      ],
      "lab": {
        "values": [
          0.09834971278905869,
          0.14883378148078918,
          0.31225335597991943,
          0.10391293466091156,
          0.14456142485141754,
          0.2897103428840637,
          0.10985968261957169,
          0.13992013037204742,
          0.26760777831077576,
          0.11614099144935608,
          0.13500498235225677,
          0.2457936555147171,
          0.12210347503423691,
          0.12946008145809174,
          0.2243213951587677,
          0.12894077599048615,
          0.12419799715280533,
          0.2046293169260025,
          0.13669171929359436,
          0.12002731114625931,
          0.18665669858455658,
          0.14560265839099884,
          0.11624675989151001,
          0.16960643231868744,
          0.156055748462677,
          0.11281579732894897,
          0.1533946543931961,
          0.16620320081710815,
          0.10830114781856537,
          0.13652396202087402,
          0.1779400110244751,
          0.10409024357795715,
          0.12067263573408127,
          0.1910194307565689,
          0.10055018216371536,
          0.10587729513645172
        ]
      },
      "mode": "linear-fixedfalse-high",
      "rgb8": [
        0,
        169,
        234,
        0,
        164,
        226,
        0,
        157,
        218,
        63,
        150,
        210,
        100,
        142,
        202,
        125,
        134,
        194,
        146,
        125,
        186,
        164,
        115,
        178,
        181,
        104,
        170,
        197,
        89,
        161,
        212,
        68,
        153,
        227,
        37,
        144
      ]
    },
    {
      "float_rgb": [
        0.0,
        0.6642237901687622,
        0.9180486798286438,
        0.0,
        0.6421200037002563,
        0.8875609636306763,
        0.0,
        0.6172521114349365,
        0.8564004302024841,
        0.24791991710662842,
        0.5895295143127441,
        0.8242263793945312,
        0.3907756805419922,
        0.5583685636520386,
        0.7910446524620056,
        0.49090641736984253,
        0.5243203639984131,
        0.7591041326522827,
        0.5707762241363525,
        0.48999425768852234,
        0.7282848954200745,
        0.6424553394317627,
        0.4514394998550415,
        0.6974785923957825,
        0.7103925347328186,
        0.40600430965423584,
        0.6666266322135925,
        0.7721858620643616,
        0.3472393751144409,
        0.6326854825019836,
        0.8326027989387512,
        0.26862430572509766,
        0.5987438559532166,
        0.8904138207435608,
        0.14519979059696198,
        0.5648277997970581
      ],
      "lab": {
        "values": [
          0.09834971278905869,
          0.14883378148078918,
          0.31225335597991943,
          0.10391293466091156,
          0.14456142485141754,
          0.2897103428840637,
          0.10985968261957169,
          0.13992013037204742,
          0.26760777831077576,
          0.11614099144935608,
          0.13500498235225677,
          0.2457936555147171,
          0.12210347503423691,
          0.12946008145809174,
          0.2243213951587677,
          0.12894077599048615,
          0.12419799715280533,
          0.2046293169260025,
          0.13669171929359436,
          0.12002731114625931,
          0.18665669858455658,
          0.14560265839099884,
          0.11624675989151001,
          0.16960643231868744,
          0.156055748462677,
          0.11281579732894897,
          0.1533946543931961,
          0.16620320081710815,
          0.10830114781856537,
          0.13652396202087402,
          0.1779400110244751,
          0.10409024357795715,
          0.12067263573408127,
          0.1910194307565689,
          0.10055018216371536,
          0.10587729513645172
        ]
      },
      "mode": "linear-fixedtrue-low",
      "rgb8": [
        0,
        169,
        234,
        0,
        164,
        226,
        0,
        157,
        218,
        63,
        150,
        210,
        100,
        142,
        202,
        125,
        134,
        194,
        146,
        125,
        186,
        164,
        115,
        178,
        181,
        104,
        170,
        197,
        89,
        161,
        212,
        68,
        153,
        227,
        37,
        144
      ]
    },
    {
      "float_rgb": [
        0.0,
        0.6642237901687622,
        0.9180486798286438,
        0.0,
        0.6421200037002563,
        0.8875609636306763,
        0.0,
        0.6172521114349365,
        0.8564004302024841,
        0.24791991710662842,
        0.5895295143127441,
        0.8242263793945312,
        0.3907756805419922,
        0.5583685636520386,
        0.7910446524620056,
        0.49090641736984253,
        0.5243203639984131,
        0.7591041326522827,
        0.5707762241363525,
        0.48999425768852234,
        0.7282848954200745,
        0.6424553394317627,
        0.4514394998550415,
        0.6974785923957825,
        0.7103925347328186,
        0.40600430965423584,
        0.6666266322135925,
        0.7721858620643616,
        0.3472393751144409,
        0.6326854825019836,
        0.8326027989387512,
        0.26862430572509766,
        0.5987438559532166,
        0.8904138207435608,
        0.14519979059696198,
        0.5648277997970581
      ],
      "lab": {
        "values": [
          0.09834971278905869,
          0.14883378148078918,
          0.31225335597991943,
          0.10391293466091156,
          0.14456142485141754,
          0.2897103428840637,
          0.10985968261957169,
          0.13992013037204742,
          0.26760777831077576,
          0.11614099144935608,
          0.13500498235225677,
          0.2457936555147171,
          0.12210347503423691,
          0.12946008145809174,
          0.2243213951587677,
          0.12894077599048615,
          0.12419799715280533,
          0.2046293169260025,
          0.13669171929359436,
          0.12002731114625931,
          0.18665669858455658,
          0.14560265839099884,
          0.11624675989151001,
          0.16960643231868744,
          0.156055748462677,
          0.11281579732894897,
          0.1533946543931961,
          0.16620320081710815,
          0.10830114781856537,
          0.13652396202087402,
          0.1779400110244751,
          0.10409024357795715,
          0.12067263573408127,
          0.1910194307565689,
          0.10055018216371536,
          0.10587729513645172
        ]
      },
      "mode": "linear-fixedtrue-high",
      "rgb8": [
        0,
        169,
        234,
        0,
        164,
        226,
        0,
        157,
        218,
        63,
        150,
        210,
        100,
        142,
        202,
        125,
        134,
        194,
        146,
        125,
        186,
        164,
        115,
        178,
        181,
        104,
        170,
        197,
        89,
        161,
        212,
        68,
        153,
        227,
        37,
        144
      ]
    },
    {
      "float_rgb": [
        0.0,
        0.6642237901687622,
        0.9180486798286438,
        0.0,
        0.6421200037002563,
        0.8875609636306763,
        0.0,
        0.6172521114349365,
        0.8564004302024841,
        0.24791991710662842,
        0.5895295143127441,
        0.8242263793945312,
        0.3907756805419922,
        0.5583685636520386,
        0.7910446524620056,
        0.49090641736984253,
        0.5243203639984131,
        0.7591041326522827,
        0.5707762241363525,
        0.48999425768852234,
        0.7282848954200745,
        0.6424553394317627,
        0.4514394998550415,
        0.6974785923957825,
        0.7103925347328186,
        0.40600430965423584,
        0.6666266322135925,
        0.7721858620643616,
        0.3472393751144409,
        0.6326854825019836,
        0.8326027989387512,
        0.26862430572509766,
        0.5987438559532166,
        0.8904138207435608,
        0.14519979059696198,
        0.5648277997970581
      ],
      "lab": {
        "values": [
          0.09834971278905869,
          0.14883378148078918,
          0.31225335597991943,
          0.10391293466091156,
          0.14456142485141754,
          0.2897103428840637,
          0.10985968261957169,
          0.13992013037204742,
          0.26760777831077576,
          0.11614099144935608,
          0.13500498235225677,
          0.2457936555147171,
          0.12210347503423691,
          0.12946008145809174,
          0.2243213951587677,
          0.12894077599048615,
          0.12419799715280533,
          0.2046293169260025,
          0.13669171929359436,
          0.12002731114625931,
          0.18665669858455658,
          0.14560265839099884,
          0.11624675989151001,
          0.16960643231868744,
          0.156055748462677,
          0.11281579732894897,
          0.1533946543931961,
          0.16620320081710815,
          0.10830114781856537,
          0.13652396202087402,
          0.1779400110244751,
          0.10409024357795715,
          0.12067263573408127,
          0.1910194307565689,
          0.10055018216371536,
          0.10587729513645172
        ]
      },
      "mode": "tetrahedral-fixedfalse-low",
      "rgb8": [
        0,
        169,
        234,
        0,
        164,
        226,
        0,
        157,
        218,
        63,
        150,
        210,
        100,
        142,
        202,
        125,
        134,
        194,
        146,
        125,
        186,
        164,
        115,
        178,
        181,
        104,
        170,
        197,
        89,
        161,
        212,
        68,
        153,
        227,
        37,
        144
      ]
    },
    {
      "float_rgb": [
        0.0,
        0.6642237901687622,
        0.9180486798286438,
        0.0,
        0.6421200037002563,
        0.8875609636306763,
        0.0,
        0.6172521114349365,
        0.8564004302024841,
        0.24791991710662842,
        0.5895295143127441,
        0.8242263793945312,
        0.3907756805419922,
        0.5583685636520386,
        0.7910446524620056,
        0.49090641736984253,
        0.5243203639984131,
        0.7591041326522827,
        0.5707762241363525,
        0.48999425768852234,
        0.7282848954200745,
        0.6424553394317627,
        0.4514394998550415,
        0.6974785923957825,
        0.7103925347328186,
        0.40600430965423584,
        0.6666266322135925,
        0.7721858620643616,
        0.3472393751144409,
        0.6326854825019836,
        0.8326027989387512,
        0.26862430572509766,
        0.5987438559532166,
        0.8904138207435608,
        0.14519979059696198,
        0.5648277997970581
      ],
      "lab": {
        "values": [
          0.09834971278905869,
          0.14883378148078918,
          0.31225335597991943,
          0.10391293466091156,
          0.14456142485141754,
          0.2897103428840637,
          0.10985968261957169,
          0.13992013037204742,
          0.26760777831077576,
          0.11614099144935608,
          0.13500498235225677,
          0.2457936555147171,
          0.12210347503423691,
          0.12946008145809174,
          0.2243213951587677,
          0.12894077599048615,
          0.12419799715280533,
          0.2046293169260025,
          0.13669171929359436,
          0.12002731114625931,
          0.18665669858455658,
          0.14560265839099884,
          0.11624675989151001,
          0.16960643231868744,
          0.156055748462677,
          0.11281579732894897,
          0.1533946543931961,
          0.16620320081710815,
          0.10830114781856537,
          0.13652396202087402,
          0.1779400110244751,
          0.10409024357795715,
          0.12067263573408127,
          0.1910194307565689,
          0.10055018216371536,
          0.10587729513645172
        ]
      },
      "mode": "tetrahedral-fixedfalse-high",
      "rgb8": [
        0,
        169,
        234,
        0,
        164,
        226,
        0,
        157,
        218,
        63,
        150,
        210,
        100,
        142,
        202,
        125,
        134,
        194,
        146,
        125,
        186,
        164,
        115,
        178,
        181,
        104,
        170,
        197,
        89,
        161,
        212,
        68,
        153,
        227,
        37,
        144
      ]
    },
    {
      "float_rgb": [
        0.0,
        0.6642237901687622,
        0.9180486798286438,
        0.0,
        0.6421200037002563,
        0.8875609636306763,
        0.0,
        0.6172521114349365,
        0.8564004302024841,
        0.24791991710662842,
        0.5895295143127441,
        0.8242263793945312,
        0.3907756805419922,
        0.5583685636520386,
        0.7910446524620056,
        0.49090641736984253,
        0.5243203639984131,
        0.7591041326522827,
        0.5707762241363525,
        0.48999425768852234,
        0.7282848954200745,
        0.6424553394317627,
        0.4514394998550415,
        0.6974785923957825,
        0.7103925347328186,
        0.40600430965423584,
        0.6666266322135925,
        0.7721858620643616,
        0.3472393751144409,
        0.6326854825019836,
        0.8326027989387512,
        0.26862430572509766,
        0.5987438559532166,
        0.8904138207435608,
        0.14519979059696198,
        0.5648277997970581
      ],
      "lab": {
        "values": [
          0.09834971278905869,
          0.14883378148078918,
          0.31225335597991943,
          0.10391293466091156,
          0.14456142485141754,
          0.2897103428840637,
          0.10985968261957169,
          0.13992013037204742,
          0.26760777831077576,
          0.11614099144935608,
          0.13500498235225677,
          0.2457936555147171,
          0.12210347503423691,
          0.12946008145809174,
          0.2243213951587677,
          0.12894077599048615,
          0.12419799715280533,
          0.2046293169260025,
          0.13669171929359436,
          0.12002731114625931,
          0.18665669858455658,
          0.14560265839099884,
          0.11624675989151001,
          0.16960643231868744,
          0.156055748462677,
          0.11281579732894897,
          0.1533946543931961,
          0.16620320081710815,
          0.10830114781856537,
          0.13652396202087402,
          0.1779400110244751,
          0.10409024357795715,
          0.12067263573408127,
          0.1910194307565689,
          0.10055018216371536,
          0.10587729513645172
        ]
      },
      "mode": "tetrahedral-fixedtrue-low",
      "rgb8": [
        0,
        169,
        234,
        0,
        164,
        226,
        0,
        157,
        218,
        63,
        150,
        210,
        100,
        142,
        202,
        125,
        134,
        194,
        146,
        125,
        186,
        164,
        115,
        178,
        181,
        104,
        170,
        197,
        89,
        161,
        212,
        68,
        153,
        227,
        37,
        144
      ]
    },
    {
      "float_rgb": [
        0.0,
        0.6642237901687622,
        0.9180486798286438,
        0.0,
        0.6421200037002563,
        0.8875609636306763,
        0.0,
        0.6172521114349365,
        0.8564004302024841,
        0.24791991710662842,
        0.5895295143127441,
        0.8242263793945312,
        0.3907756805419922,
        0.5583685636520386,
        0.7910446524620056,
        0.49090641736984253,
        0.5243203639984131,
        0.7591041326522827,
        0.5707762241363525,
        0.48999425768852234,
        0.7282848954200745,
        0.6424553394317627,
        0.4514394998550415,
        0.6974785923957825,
        0.7103925347328186,
        0.40600430965423584,
        0.6666266322135925,
        0.7721858620643616,
        0.3472393751144409,
        0.6326854825019836,
        0.8326027989387512,
        0.26862430572509766,
        0.5987438559532166,
        0.8904138207435608,
        0.14519979059696198,
        0.5648277997970581
      ],
      "lab": {
        "values": [
          0.09834971278905869,
          0.14883378148078918,
          0.31225335597991943,
          0.10391293466091156,
          0.14456142485141754,
          0.2897103428840637,
          0.10985968261957169,
          0.13992013037204742,
          0.26760777831077576,
          0.11614099144935608,
          0.13500498235225677,
          0.2457936555147171,
          0.12210347503423691,
          0.12946008145809174,
          0.2243213951587677,
          0.12894077599048615,
          0.12419799715280533,
          0.2046293169260025,
          0.13669171929359436,
          0.12002731114625931,
          0.18665669858455658,
          0.14560265839099884,
          0.11624675989151001,
          0.16960643231868744,
          0.156055748462677,
          0.11281579732894897,
          0.1533946543931961,
          0.16620320081710815,
          0.10830114781856537,
          0.13652396202087402,
          0.1779400110244751,
          0.10409024357795715,
          0.12067263573408127,
          0.1910194307565689,
          0.10055018216371536,
          0.10587729513645172
        ]
      },
      "mode": "tetrahedral-fixedtrue-high",
      "rgb8": [
        0,
        169,
        234,
        0,
        164,
        226,
        0,
        157,
        218,
        63,
        150,
        210,
        100,
        142,
        202,
        125,
        134,
        194,
        146,
        125,
        186,
        164,
        115,
        178,
        181,
        104,
        170,
        197,
        89,
        161,
        212,
        68,
        153,
        227,
        37,
        144
      ]
    },
    {
      "float_rgb": [
        0.0,
        0.6642237901687622,
        0.9180486798286438,
        0.0,
        0.6421200037002563,
        0.8875609636306763,
        0.0,
        0.6172521114349365,
        0.8564004302024841,
        0.24791991710662842,
        0.5895295143127441,
        0.8242263793945312,
        0.3907756805419922,
        0.5583685636520386,
        0.7910446524620056,
        0.49090641736984253,
        0.5243203639984131,
        0.7591041326522827,
        0.5707762241363525,
        0.48999425768852234,
        0.7282848954200745,
        0.6424553394317627,
        0.4514394998550415,
        0.6974785923957825,
        0.7103925347328186,
        0.40600430965423584,
        0.6666266322135925,
        0.7721858620643616,
        0.3472393751144409,
        0.6326854825019836,
        0.8326027989387512,
        0.26862430572509766,
        0.5987438559532166,
        0.8904138207435608,
        0.14519979059696198,
        0.5648277997970581
      ],
      "lab": {
        "values": [
          0.09834971278905869,
          0.14883378148078918,
          0.31225335597991943,
          0.10391293466091156,
          0.14456142485141754,
          0.2897103428840637,
          0.10985968261957169,
          0.13992013037204742,
          0.26760777831077576,
          0.11614099144935608,
          0.13500498235225677,
          0.2457936555147171,
          0.12210347503423691,
          0.12946008145809174,
          0.2243213951587677,
          0.12894077599048615,
          0.12419799715280533,
          0.2046293169260025,
          0.13669171929359436,
          0.12002731114625931,
          0.18665669858455658,
          0.14560265839099884,
          0.11624675989151001,
          0.16960643231868744,
          0.156055748462677,
          0.11281579732894897,
          0.1533946543931961,
          0.16620320081710815,
          0.10830114781856537,
          0.13652396202087402,
          0.1779400110244751,
          0.10409024357795715,
          0.12067263573408127,
          0.1910194307565689,
          0.10055018216371536,
          0.10587729513645172
        ]
      },
      "mode": "pyramid-fixedfalse-low",
      "rgb8": [
        0,
        169,
        234,
        0,
        164,
        226,
        0,
        157,
        218,
        63,
        150,
        210,
        100,
        142,
        202,
        125,
        134,
        194,
        146,
        125,
        186,
        164,
        115,
        178,
        181,
        104,
        170,
        197,
        89,
        161,
        212,
        68,
        153,
        227,
        37,
        144
      ]
    },
    {
      "float_rgb": [
        0.0,
        0.6642237901687622,
        0.9180486798286438,
        0.0,
        0.6421200037002563,
        0.8875609636306763,
        0.0,
        0.6172521114349365,
        0.8564004302024841,
        0.24791991710662842,
        0.5895295143127441,
        0.8242263793945312,
        0.3907756805419922,
        0.5583685636520386,
        0.7910446524620056,
        0.49090641736984253,
        0.5243203639984131,
        0.7591041326522827,
        0.5707762241363525,
        0.48999425768852234,
        0.7282848954200745,
        0.6424553394317627,
        0.4514394998550415,
        0.6974785923957825,
        0.7103925347328186,
        0.40600430965423584,
        0.6666266322135925,
        0.7721858620643616,
        0.3472393751144409,
        0.6326854825019836,
        0.8326027989387512,
        0.26862430572509766,
        0.5987438559532166,
        0.8904138207435608,
        0.14519979059696198,
        0.5648277997970581
      ],
      "lab": {
        "values": [
          0.09834971278905869,
          0.14883378148078918,
          0.31225335597991943,
          0.10391293466091156,
          0.14456142485141754,
          0.2897103428840637,
          0.10985968261957169,
          0.13992013037204742,
          0.26760777831077576,
          0.11614099144935608,
          0.13500498235225677,
          0.2457936555147171,
          0.12210347503423691,
          0.12946008145809174,
          0.2243213951587677,
          0.12894077599048615,
          0.12419799715280533,
          0.2046293169260025,
          0.13669171929359436,
          0.12002731114625931,
          0.18665669858455658,
          0.14560265839099884,
          0.11624675989151001,
          0.16960643231868744,
          0.156055748462677,
          0.11281579732894897,
          0.1533946543931961,
          0.16620320081710815,
          0.10830114781856537,
          0.13652396202087402,
          0.1779400110244751,
          0.10409024357795715,
          0.12067263573408127,
          0.1910194307565689,
          0.10055018216371536,
          0.10587729513645172
        ]
      },
      "mode": "pyramid-fixedfalse-high",
      "rgb8": [
        0,
        169,
        234,
        0,
        164,
        226,
        0,
        157,
        218,
        63,
        150,
        210,
        100,
        142,
        202,
        125,
        134,
        194,
        146,
        125,
        186,
        164,
        115,
        178,
        181,
        104,
        170,
        197,
        89,
        161,
        212,
        68,
        153,
        227,
        37,
        144
      ]
    },
    {
      "float_rgb": [
        0.0,
        0.6642237901687622,
        0.9180486798286438,
        0.0,
        0.6421200037002563,
        0.8875609636306763,
        0.0,
        0.6172521114349365,
        0.8564004302024841,
        0.24791991710662842,
        0.5895295143127441,
        0.8242263793945312,
        0.3907756805419922,
        0.5583685636520386,
        0.7910446524620056,
        0.49090641736984253,
        0.5243203639984131,
        0.7591041326522827,
        0.5707762241363525,
        0.48999425768852234,
        0.7282848954200745,
        0.6424553394317627,
        0.4514394998550415,
        0.6974785923957825,
        0.7103925347328186,
        0.40600430965423584,
        0.6666266322135925,
        0.7721858620643616,
        0.3472393751144409,
        0.6326854825019836,
        0.8326027989387512,
        0.26862430572509766,
        0.5987438559532166,
        0.8904138207435608,
        0.14519979059696198,
        0.5648277997970581
      ],
      "lab": {
        "values": [
          0.09834971278905869,
          0.14883378148078918,
          0.31225335597991943,
          0.10391293466091156,
          0.14456142485141754,
          0.2897103428840637,
          0.10985968261957169,
          0.13992013037204742,
          0.26760777831077576,
          0.11614099144935608,
          0.13500498235225677,
          0.2457936555147171,
          0.12210347503423691,
          0.12946008145809174,
          0.2243213951587677,
          0.12894077599048615,
          0.12419799715280533,
          0.2046293169260025,
          0.13669171929359436,
          0.12002731114625931,
          0.18665669858455658,
          0.14560265839099884,
          0.11624675989151001,
          0.16960643231868744,
          0.156055748462677,
          0.11281579732894897,
          0.1533946543931961,
          0.16620320081710815,
          0.10830114781856537,
          0.13652396202087402,
          0.1779400110244751,
          0.10409024357795715,
          0.12067263573408127,
          0.1910194307565689,
          0.10055018216371536,
          0.10587729513645172
        ]
      },
      "mode": "pyramid-fixedtrue-low",
      "rgb8": [
        0,
        169,
        234,
        0,
        164,
        226,
        0,
        157,
        218,
        63,
        150,
        210,
        100,
        142,
        202,
        125,
        134,
        194,
        146,
        125,
        186,
        164,
        115,
        178,
        181,
        104,
        170,
        197,
        89,
        161,
        212,
        68,
        153,
        227,
        37,
        144
      ]
    },
    {
      "float_rgb": [
        0.0,
        0.6642237901687622,
        0.9180486798286438,
        0.0,
        0.6421200037002563,
        0.8875609636306763,
        0.0,
        0.6172521114349365,
        0.8564004302024841,
        0.24791991710662842,
        0.5895295143127441,
        0.8242263793945312,
        0.3907756805419922,
        0.5583685636520386,
        0.7910446524620056,
        0.49090641736984253,
        0.5243203639984131,
        0.7591041326522827,
        0.5707762241363525,
        0.48999425768852234,
        0.7282848954200745,
        0.6424553394317627,
        0.4514394998550415,
        0.6974785923957825,
        0.7103925347328186,
        0.40600430965423584,
        0.6666266322135925,
        0.7721858620643616,
        0.3472393751144409,
        0.6326854825019836,
        0.8326027989387512,
        0.26862430572509766,
        0.5987438559532166,
        0.8904138207435608,
        0.14519979059696198,
        0.5648277997970581
      ],
      "lab": {
        "values": [
          0.09834971278905869,
          0.14883378148078918,
          0.31225335597991943,
          0.10391293466091156,
          0.14456142485141754,
          0.2897103428840637,
          0.10985968261957169,
          0.13992013037204742,
          0.26760777831077576,
          0.11614099144935608,
          0.13500498235225677,
          0.2457936555147171,
          0.12210347503423691,
          0.12946008145809174,
          0.2243213951587677,
          0.12894077599048615,
          0.12419799715280533,
          0.2046293169260025,
          0.13669171929359436,
          0.12002731114625931,
          0.18665669858455658,
          0.14560265839099884,
          0.11624675989151001,
          0.16960643231868744,
          0.156055748462677,
          0.11281579732894897,
          0.1533946543931961,
          0.16620320081710815,
          0.10830114781856537,
          0.13652396202087402,
          0.1779400110244751,
          0.10409024357795715,
          0.12067263573408127,
          0.1910194307565689,
          0.10055018216371536,
          0.10587729513645172
        ]
      },
      "mode": "pyramid-fixedtrue-high",
      "rgb8": [
        0,
        169,
        234,
        0,
        164,
        226,
        0,
        157,
        218,
        63,
        150,
        210,
        100,
        142,
        202,
        125,
        134,
        194,
        146,
        125,
        186,
        164,
        115,
        178,
        181,
        104,
        170,
        197,
        89,
        161,
        212,
        68,
        153,
        227,
        37,
        144
      ]
    },
    {
      "float_rgb": [
        0.0,
        0.6642237901687622,
        0.9180486798286438,
        0.0,
        0.6421200037002563,
        0.8875609636306763,
        0.0,
        0.6172521114349365,
        0.8564004302024841,
        0.24791991710662842,
        0.5895295143127441,
        0.8242263793945312,
        0.3907756805419922,
        0.5583685636520386,
        0.7910446524620056,
        0.49090641736984253,
        0.5243203639984131,
        0.7591041326522827,
        0.5707762241363525,
        0.48999425768852234,
        0.7282848954200745,
        0.6424553394317627,
        0.4514394998550415,
        0.6974785923957825,
        0.7103925347328186,
        0.40600430965423584,
        0.6666266322135925,
        0.7721858620643616,
        0.3472393751144409,
        0.6326854825019836,
        0.8326027989387512,
        0.26862430572509766,
        0.5987438559532166,
        0.8904138207435608,
        0.14519979059696198,
        0.5648277997970581
      ],
      "lab": {
        "values": [
          0.09834971278905869,
          0.14883378148078918,
          0.31225335597991943,
          0.10391293466091156,
          0.14456142485141754,
          0.2897103428840637,
          0.10985968261957169,
          0.13992013037204742,
          0.26760777831077576,
          0.11614099144935608,
          0.13500498235225677,
          0.2457936555147171,
          0.12210347503423691,
          0.12946008145809174,
          0.2243213951587677,
          0.12894077599048615,
          0.12419799715280533,
          0.2046293169260025,
          0.13669171929359436,
          0.12002731114625931,
          0.18665669858455658,
          0.14560265839099884,
          0.11624675989151001,
          0.16960643231868744,
          0.156055748462677,
          0.11281579732894897,
          0.1533946543931961,
          0.16620320081710815,
          0.10830114781856537,
          0.13652396202087402,
          0.1779400110244751,
          0.10409024357795715,
          0.12067263573408127,
          0.1910194307565689,
          0.10055018216371536,
          0.10587729513645172
        ]
      },
      "mode": "prism-fixedfalse-low",
      "rgb8": [
        0,
        169,
        234,
        0,
        164,
        226,
        0,
        157,
        218,
        63,
        150,
        210,
        100,
        142,
        202,
        125,
        134,
        194,
        146,
        125,
        186,
        164,
        115,
        178,
        181,
        104,
        170,
        197,
        89,
        161,
        212,
        68,
        153,
        227,
        37,
        144
      ]
    },
    {
      "float_rgb": [
        0.0,
        0.6642237901687622,
        0.9180486798286438,
        0.0,
        0.6421200037002563,
        0.8875609636306763,
        0.0,
        0.6172521114349365,
        0.8564004302024841,
        0.24791991710662842,
        0.5895295143127441,
        0.8242263793945312,
        0.3907756805419922,
        0.5583685636520386,
        0.7910446524620056,
        0.49090641736984253,
        0.5243203639984131,
        0.7591041326522827,
        0.5707762241363525,
        0.48999425768852234,
        0.7282848954200745,
        0.6424553394317627,
        0.4514394998550415,
        0.6974785923957825,
        0.7103925347328186,
        0.40600430965423584,
        0.6666266322135925,
        0.7721858620643616,
        0.3472393751144409,
        0.6326854825019836,
        0.8326027989387512,
        0.26862430572509766,
        0.5987438559532166,
        0.8904138207435608,
        0.14519979059696198,
        0.5648277997970581
      ],
      "lab": {
        "values": [
          0.09834971278905869,
          0.14883378148078918,
          0.31225335597991943,
          0.10391293466091156,
          0.14456142485141754,
          0.2897103428840637,
          0.10985968261957169,
          0.13992013037204742,
          0.26760777831077576,
          0.11614099144935608,
          0.13500498235225677,
          0.2457936555147171,
          0.12210347503423691,
          0.12946008145809174,
          0.2243213951587677,
          0.12894077599048615,
          0.12419799715280533,
          0.2046293169260025,
          0.13669171929359436,
          0.12002731114625931,
          0.18665669858455658,
          0.14560265839099884,
          0.11624675989151001,
          0.16960643231868744,
          0.156055748462677,
          0.11281579732894897,
          0.1533946543931961,
          0.16620320081710815,
          0.10830114781856537,
          0.13652396202087402,
          0.1779400110244751,
          0.10409024357795715,
          0.12067263573408127,
          0.1910194307565689,
          0.10055018216371536,
          0.10587729513645172
        ]
      },
      "mode": "prism-fixedfalse-high",
      "rgb8": [
        0,
        169,
        234,
        0,
        164,
        226,
        0,
        157,
        218,
        63,
        150,
        210,
        100,
        142,
        202,
        125,
        134,
        194,
        146,
        125,
        186,
        164,
        115,
        178,
        181,
        104,
        170,
        197,
        89,
        161,
        212,
        68,
        153,
        227,
        37,
        144
      ]
    },
    {
      "float_rgb": [
        0.0,
        0.6642237901687622,
        0.9180486798286438,
        0.0,
        0.6421200037002563,
        0.8875609636306763,
        0.0,
        0.6172521114349365,
        0.8564004302024841,
        0.24791991710662842,
        0.5895295143127441,
        0.8242263793945312,
        0.3907756805419922,
        0.5583685636520386,
        0.7910446524620056,
        0.49090641736984253,
        0.5243203639984131,
        0.7591041326522827,
        0.5707762241363525,
        0.48999425768852234,
        0.7282848954200745,
        0.6424553394317627,
        0.4514394998550415,
        0.6974785923957825,
        0.7103925347328186,
        0.40600430965423584,
        0.6666266322135925,
        0.7721858620643616,
        0.3472393751144409,
        0.6326854825019836,
        0.8326027989387512,
        0.26862430572509766,
        0.5987438559532166,
        0.8904138207435608,
        0.14519979059696198,
        0.5648277997970581
      ],
      "lab": {
        "values": [
          0.09834971278905869,
          0.14883378148078918,
          0.31225335597991943,
          0.10391293466091156,
          0.14456142485141754,
          0.2897103428840637,
          0.10985968261957169,
          0.13992013037204742,
          0.26760777831077576,
          0.11614099144935608,
          0.13500498235225677,
          0.2457936555147171,
          0.12210347503423691,
          0.12946008145809174,
          0.2243213951587677,
          0.12894077599048615,
          0.12419799715280533,
          0.2046293169260025,
          0.13669171929359436,
          0.12002731114625931,
          0.18665669858455658,
          0.14560265839099884,
          0.11624675989151001,
          0.16960643231868744,
          0.156055748462677,
          0.11281579732894897,
          0.1533946543931961,
          0.16620320081710815,
          0.10830114781856537,
          0.13652396202087402,
          0.1779400110244751,
          0.10409024357795715,
          0.12067263573408127,
          0.1910194307565689,
          0.10055018216371536,
          0.10587729513645172
        ]
      },
      "mode": "prism-fixedtrue-low",
      "rgb8": [
        0,
        169,
        234,
        0,
        164,
        226,
        0,
        157,
        218,
        63,
        150,
        210,
        100,
        142,
        202,
        125,
        134,
        194,
        146,
        125,
        186,
        164,
        115,
        178,
        181,
        104,
        170,
        197,
        89,
        161,
        212,
        68,
        153,
        227,
        37,
        144
      ]
    },
    {
      "float_rgb": [
        0.0,
        0.6642237901687622,
        0.9180486798286438,
        0.0,
        0.6421200037002563,
        0.8875609636306763,
        0.0,
        0.6172521114349365,
        0.8564004302024841,
        0.24791991710662842,
        0.5895295143127441,
        0.8242263793945312,
        0.3907756805419922,
        0.5583685636520386,
        0.7910446524620056,
        0.49090641736984253,
        0.5243203639984131,
        0.7591041326522827,
        0.5707762241363525,
        0.48999425768852234,
        0.7282848954200745,
        0.6424553394317627,
        0.4514394998550415,
        0.6974785923957825,
        0.7103925347328186,
        0.40600430965423584,
        0.6666266322135925,
        0.7721858620643616,
        0.3472393751144409,
        0.6326854825019836,
        0.8326027989387512,
        0.26862430572509766,
        0.5987438559532166,
        0.8904138207435608,
        0.14519979059696198,
        0.5648277997970581
      ],
      "lab": {
        "values": [
          0.09834971278905869,
          0.14883378148078918,
          0.31225335597991943,
          0.10391293466091156,
          0.14456142485141754,
          0.2897103428840637,
          0.10985968261957169,
          0.13992013037204742,
          0.26760777831077576,
          0.11614099144935608,
          0.13500498235225677,
          0.2457936555147171,
          0.12210347503423691,
          0.12946008145809174,
          0.2243213951587677,
          0.12894077599048615,
          0.12419799715280533,
          0.2046293169260025,
          0.13669171929359436,
          0.12002731114625931,
          0.18665669858455658,
          0.14560265839099884,
          0.11624675989151001,
          0.16960643231868744,
          0.156055748462677,
          0.11281579732894897,
          0.1533946543931961,
          0.16620320081710815,
          0.10830114781856537,
          0.13652396202087402,
          0.1779400110244751,
          0.10409024357795715,
          0.12067263573408127,
          0.1910194307565689,
          0.10055018216371536,
          0.10587729513645172
        ]
      },
      "mode": "prism-fixedtrue-high",
      "rgb8": [
        0,
        169,
        234,
        0,
        164,
        226,
        0,
        157,
        218,
        63,
        150,
        210,
        100,
        142,
        202,
        125,
        134,
        194,
        146,
        125,
        186,
        164,
        115,
        178,
        181,
        104,
        170,
        197,
        89,
        161,
        212,
        68,
        153,
        227,
        37,
        144
      ]
    }
  ]
}
