     Locking 15 packages to latest Rust 1.98.1 compatible versions
   Compiling autocfg v1.5.1
   Compiling serde_core v1.0.229
   Compiling zmij v1.0.23
   Compiling serde_json v1.0.151
   Compiling itoa v1.0.18
   Compiling pxfm v0.1.30
   Compiling memchr v2.8.3
   Compiling num-traits v0.2.19
   Compiling moxcms v0.8.1 (/tmp/rrrah-cmyk-grid33-probe/moxcms)
   Compiling rrrah-cmyk-grid33-probe v0.1.0 (/tmp/rrrah-cmyk-grid33-probe)
warning: unused imports: `BarycentricWeightScale` and `InterpolationMethod`
 --> src/main.rs:2:14
  |
2 | use moxcms::{BarycentricWeightScale, ColorProfile, InterpolationMethod, Layout, TransformOptions};
  |              ^^^^^^^^^^^^^^^^^^^^^^                ^^^^^^^^^^^^^^^^^^^
  |
  = note: `#[warn(unused_imports)]` (part of `#[warn(unused)]`) on by default

warning: `rrrah-cmyk-grid33-probe` (bin "rrrah-cmyk-grid33-probe") generated 1 warning (run `cargo fix --bin "rrrah-cmyk-grid33-probe" -p rrrah-cmyk-grid33-probe` to apply 1 suggestion)
    Finished `dev` profile [optimized + debuginfo] target(s) in 5.84s
     Running `/tmp/rrrah-cmyk-grid33-target/debug/rrrah-cmyk-grid33-probe /Users/themoretheless/.cargo/registry/src/index.crates.io-1949cf8c6b5b557f/hayro-interpret-0.7.0/assets/CGATS001Compat-v2-micro.icc /Users/themoretheless/Documents/Sources/rrrah/docs/research/pdf-cmyk-float-littlecms-2026-10-07.json /tmp/rrrah-cmyk-grid33`
{
  "byte_rgb8": [
    0,
    169,
    234,
    0,
    164,
    226,
    0,
    157,
    218,
    62,
    150,
    210,
    100,
    142,
    202,
    125,
    134,
    194,
    145,
    125,
    186,
    164,
    115,
    178,
    181,
    103,
    170,
    197,
    89,
    161,
    212,
    68,
    153,
    227,
    37,
    144
  ],
  "float_rgb": [
    0.0,
    0.6635800004005432,
    0.9172393679618835,
    0.0,
    0.6419853568077087,
    0.8873811364173889,
    0.0,
    0.6173930764198303,
    0.8565847873687744,
    0.24319107830524445,
    0.5900048017501831,
    0.8247765898704529,
    0.3927197754383087,
    0.5577930212020874,
    0.7904748320579529,
    0.491141676902771,
    0.5242940783500671,
    0.7589810490608215,
    0.570284366607666,
    0.4901811182498932,
    0.728457510471344,
    0.6412066221237183,
    0.4521600306034088,
    0.6980104446411133,
    0.7115278244018555,
    0.40501105785369873,
    0.666029691696167,
    0.7726831436157227,
    0.34664061665534973,
    0.6325364708900452,
    0.8322559595108032,
    0.26914137601852417,
    0.5989421606063843,
    0.8888338804244995,
    0.146150141954422,
    0.5655100345611572
  ],
  "float_rgb8": [
    0,
    169,
    234,
    0,
    164,
    226,
    0,
    157,
    218,
    62,
    150,
    210,
    100,
    142,
    202,
    125,
    134,
    194,
    145,
    125,
    186,
    164,
    115,
    178,
    181,
    103,
    170,
    197,
    88,
    161,
    212,
    69,
    153,
    227,
    37,
    144
  ],
  "input": [
    0.9583333134651184,
    0.0416666679084301,
    0.0,
    0.0,
    0.875,
    0.125,
    0.0,
    0.0,
    0.7916666865348816,
    0.2083333283662796,
    0.0,
    0.0,
    0.7083333134651184,
    0.2916666567325592,
    0.0,
    0.0,
    0.625,
    0.375,
    0.0,
    0.0,
    0.5416666865348816,
    0.4583333432674408,
    0.0,
    0.0,
    0.4583333432674408,
    0.5416666865348816,
    0.0,
    0.0,
    0.375,
    0.625,
    0.0,
    0.0,
    0.2916666567325592,
    0.7083333134651184,
    0.0,
    0.0,
    0.2083333283662796,
    0.7916666865348816,
    0.0,
    0.0,
    0.125,
    0.875,
    0.0,
    0.0,
    0.0416666679084301,
    0.9583333134651184,
    0.0,
    0.0
  ],
  "quantized_cmyk8": [
    244,
    11,
    0,
    0,
    223,
    32,
    0,
    0,
    202,
    53,
    0,
    0,
    181,
    74,
    0,
    0,
    159,
    96,
    0,
    0,
    138,
    117,
    0,
    0,
    117,
    138,
    0,
    0,
    96,
    159,
    0,
    0,
    74,
    181,
    0,
    0,
    53,
    202,
    0,
    0,
    32,
    223,
    0,
    0,
    11,
    244,
    0,
    0
  ],
  "scope": "Direct moxcms 0.8.1, default options, same profile, no PDF parser or renderer",
  "variants": []
}
