   Compiling rrrah-decode v0.1.0 (/Users/themoretheless/Documents/Sources/rrrah/crates/rrrah-decode)
    Finished `dev` profile [optimized + debuginfo] target(s) in 2.23s
     Running `/tmp/rrrah-required-corpus-target/debug/examples/cmyk_transform_probe /Users/themoretheless/.cargo/registry/src/index.crates.io-1949cf8c6b5b557f/hayro-interpret-0.7.0/assets/CGATS001Compat-v2-micro.icc docs/research/pdf-cmyk-float-littlecms-2026-10-07.json /tmp/rrrah-direct-cmyk`
{
  "byte_rgb8": [
    0,
    170,
    234,
    0,
    164,
    226,
    3,
    157,
    218,
    60,
    151,
    210,
    101,
    142,
    202,
    125,
    134,
    194,
    145,
    125,
    186,
    164,
    115,
    178,
    181,
    103,
    170,
    198,
    89,
    161,
    212,
    68,
    153,
    227,
    34,
    144
  ],
  "float_rgb": [
    0.0,
    0.6657510995864868,
    0.9189403653144836,
    0.0,
    0.6419458985328674,
    0.8874443173408508,
    0.011780504137277603,
    0.617530345916748,
    0.856558620929718,
    0.23585423827171326,
    0.5900018215179443,
    0.8247573375701904,
    0.3927241563796997,
    0.5578343272209167,
    0.7905145287513733,
    0.49056950211524963,
    0.5244460701942444,
    0.7590795159339905,
    0.5701031684875488,
    0.49020326137542725,
    0.7284990549087524,
    0.6411523818969727,
    0.452176034450531,
    0.6980406641960144,
    0.7113471031188965,
    0.404565691947937,
    0.6659342050552368,
    0.7727522253990173,
    0.3462125360965729,
    0.6325459480285645,
    0.8322651386260986,
    0.2690593898296356,
    0.5989745259284973,
    0.8915949463844299,
    0.13318684697151184,
    0.565830409526825
  ],
  "float_rgb8": [
    0,
    170,
    234,
    0,
    164,
    226,
    3,
    157,
    218,
    60,
    150,
    210,
    100,
    142,
    202,
    125,
    134,
    194,
    145,
    125,
    186,
    163,
    115,
    178,
    181,
    103,
    170,
    197,
    88,
    161,
    212,
    69,
    153,
    227,
    34,
    144
  ],
  "input": [
    0.9583333134651184,
    0.0416666679084301,
    0.0,
    0.0,
    0.875,
    0.125,
    0.0,
    0.0,
    0.7916666865348816,
    0.2083333283662796,
    0.0,
    0.0,
    0.7083333134651184,
    0.2916666567325592,
    0.0,
    0.0,
    0.625,
    0.375,
    0.0,
    0.0,
    0.5416666865348816,
    0.4583333432674408,
    0.0,
    0.0,
    0.4583333432674408,
    0.5416666865348816,
    0.0,
    0.0,
    0.375,
    0.625,
    0.0,
    0.0,
    0.2916666567325592,
    0.7083333134651184,
    0.0,
    0.0,
    0.2083333283662796,
    0.7916666865348816,
    0.0,
    0.0,
    0.125,
    0.875,
    0.0,
    0.0,
    0.0416666679084301,
    0.9583333134651184,
    0.0,
    0.0
  ],
  "quantized_cmyk8": [
    244,
    11,
    0,
    0,
    223,
    32,
    0,
    0,
    202,
    53,
    0,
    0,
    181,
    74,
    0,
    0,
    159,
    96,
    0,
    0,
    138,
    117,
    0,
    0,
    117,
    138,
    0,
    0,
    96,
    159,
    0,
    0,
    74,
    181,
    0,
    0,
    53,
    202,
    0,
    0,
    32,
    223,
    0,
    0,
    11,
    244,
    0,
    0
  ],
  "scope": "Direct moxcms 0.8.1, default options, same profile, no PDF parser or renderer"
}
