   Compiling rrrah-core v0.1.0 (/Users/themoretheless/Documents/Sources/rrrah/crates/rrrah-core)
    Finished `test` profile [optimized + debuginfo] target(s) in 2.48s
     Running unittests src/lib.rs (/tmp/rrrah-required-corpus-target/debug/deps/rrrah_core-8f1ba64f95836195)

running 82 tests
test color::four_plane_tests::four_plane_transform_rejects_incomplete_and_rank_deficient_profiles ... ok
test color::tests::aces_tone_map_rgb_desaturates_negative_components_to_gamut ... ok
test color::four_plane_tests::rgbe_transform_matches_independent_sony_and_numpy_oracles ... ok
test color::tests::aces_tone_map_rgb_preserves_channel_ratios_for_in_gamut_colors ... ok
test color::tests::aces_tone_map_rgb_reduces_to_per_channel_aces_on_grays ... ok
test color::tests::aces_is_bounded_and_monotonic_on_reference_range ... ok
test color::tests::bradford_adaptation_composition_round_trips ... ok
test color::tests::adapted_matrix_maps_a_neutral_scene_to_d65_white ... ok
test color::tests::bradford_f64_round_trips_white_point_to_reference_precision ... ok
test color::tests::bradford_preserves_equal_white_point ... ok
test color::tests::bradford_rejects_invalid_white_point ... ok
test color::tests::camera_transform_rejects_non_finite_and_near_singular_profiles ... ok
test color::tests::consistent_green_planes_are_accepted ... ok
test color::tests::d65_color_matrix_is_used_verbatim_without_adaptation ... ok
test color::tests::divergent_green_planes_are_refused_not_silently_reduced ... ok
test color::tests::exposure_does_not_propagate_non_finite_control ... ok
test color::tests::exposure_is_exactly_one_stop_for_finite_signal ... ok
test color::tests::f64_inverse_round_trip_meets_reference_contract ... ok
test color::tests::green_plane_diagnosis_classifies_absent_consistent_divergent ... ok
test color::tests::illuminant_a_color_matrix_is_bradford_adapted_to_d65_reference ... ok
test color::tests::illuminant_white_points_match_cie_chromaticities ... ok
test color::tests::inverse_round_trip_is_identity ... ok
test color::tests::inverse_srgb_matrix_yields_identity_camera_transform ... ok
test color::tests::precise_transform_matches_f32_wrapper_on_healthy_profile ... ok
test color::tests::precise_transform_reports_singular_and_non_finite ... ok
test color::tests::rejects_singular_calibration ... ok
test color::tests::unknown_illuminants_keep_legacy_verbatim_selection ... ok
test color::tests::wb_gains_become_exposure_neutral_after_luminance_normalization ... ok
test color::tests::wb_gains_reject_invalid_input ... ok
test develop::tests::fully_clipped_image_stays_finite_and_neutral_after_wb ... ok
test develop::pipeline_tests::scene_linear_output_retains_g2_hdr_and_managed_ownership ... ok
test develop::tests::bad_pixels_use_same_phase_and_radial_vignette_is_spatial ... ok
test develop::pipeline_tests::gain_map_does_not_turn_unclipped_hdr_into_clipping ... ok
test develop::tests::monotone_curves_have_no_overshoot_and_reject_bad_points ... ok
test develop::pipeline_tests::rgbe_full_development_preserves_emerald_color_crop_and_budget ... ok
test develop::tests::opcode_wire_is_strict_and_gain_interpolates ... ok
test develop::tests::spatial_highlights_preserve_unclipped_channels_and_use_nearby_color ... ok
test develop::pipeline_tests::xtrans_has_a_sensor_developed_thumbnail_and_linear_view ... ok
test frame::rgbe_tests::rgbe_keeps_distinct_plane_identity_and_refuses_bayer_reduction ... ok
test frame::tests::decoded_mosaic_rejects_extreme_dimensions_without_allocating ... ok
test frame::tests::decoded_mosaic_rejects_pixel_count_and_invalid_metadata ... ok
test frame::tests::decoded_mosaic_preserves_the_decoder_pixel_allocation ... ok
test frame::tests::level_grid_repeats_in_sensor_coordinates ... ok
test frame::tests::managed_mosaic_clones_retain_pixel_reservation_and_exact_allocation ... ok
test frame::tests::metadata_rejects_non_finite_calibration_and_white_level ... ok
test frame::tests::only_quarter_turns_swap_dimensions ... ok
test frame::tests::metadata_rejects_zero_or_negative_wb_including_second_green ... ok
test frame::tests::orientation_mapping_matches_exif_corner_convention ... ok
test frame::tests::orientation_maps_stay_in_normalized_domain ... ok
test frame::tests::recognizes_all_four_bayer_phases ... ok
test frame::tests::rejects_malformed_cfa_and_level_grid_before_indexing ... ok
test frame::tests::thumbnail_is_bounded_and_rgba ... ok
test geometry::tests::rejects_overflow_and_out_of_bounds ... ok
test raster::fast_display_tests::pq_absolute_luminance_gamut_alpha_and_budget_contract ... ok
test raster::fast_display_tests::srgb8_table_matches_previous_formula_bit_for_bit ... ok
test raster::fast_display_tests::validated_linear_float_display_shares_storage_and_preserves_metadata ... ok
test raster::managed_ownership_tests::reservation_follows_last_raster_owner_and_preserves_hdr_bits ... ok
test raster::tests::exclusive_native_mutation_preserves_managed_credit_and_refuses_shared_owners ... ok
test raster::tests::image_selection_is_bounded_and_survives_color_preparation ... ok
test raster::tests::linear_hdr_remains_unclipped_and_unpremultiplied ... ok
test raster::tests::raster_capacity_counts_spare_storage_and_preserves_hdr_bits ... ok
test raster::tests::srgb_gray_is_linearized_but_alpha_stays_coverage ... ok
test raster::tests::unqualified_colors_and_invalid_alpha_are_rejected ... ok
test raster::tests::validates_shape_and_retains_hdr_and_alpha ... ok
test recipe::tests::manifest_v1_has_fixed_language_neutral_layout ... ok
test recipe::tests::parser_rejects_every_reserved_byte_and_unknown_discriminant ... ok
test recipe::tests::parser_rejects_magic_kind_zero_fields_and_zero_dependency_digest ... ok
test rgbe::calibration_tests::all_four_color_terms_negative_and_hdr_are_preserved ... ok
test rgbe::calibration_tests::cancelled_thumbnail_releases_admitted_preview ... ok
test rgbe::calibration_tests::malformed_calibration_is_rejected ... ok
test rgbe::calibration_tests::managed_admission_cancel_and_last_owner_release ... ok
test rgbe::calibration_tests::managed_thumbnail_reserves_before_output_and_releases_on_failure ... ok
test rgbe::calibration_tests::source_phase_levels_and_four_gains_preserve_hdr ... ok
test rgbe::tests::analytic_plane_ramps_reconstruct_and_measured_sites_remain_exact ... ok
test rgbe::tests::distinct_constants_hdr_and_edges_preserve_each_plane ... ok
test rgbe::tests::invalid_geometry_planes_or_nonfinite_samples_are_rejected ... ok
test thumbnail::numerical_tests::bilinear_average_does_not_overflow_finite_hdr_samples ... ok
test raster::fast_display_tests::pq_colors_match_independent_decimal_and_chromaticity_oracle ... ok
test raster::tests::bt709_all_u16_values_match_f64_reference_and_release_managed_buffers ... ok
test develop::tests::constant_color_and_measured_sites_survive_quality_demosaic ... ok
test develop::tests::quality_cancellation_is_checked_inside_tiles_and_rows ... ok
test develop::pipeline_tests::random_ahd_tiles_equal_a_single_full_frame_evaluation ... ok

test result: ok. 82 passed; 0 failed; 0 ignored; 0 measured; 0 filtered out; finished in 0.01s

