   Compiling rrrah-decode v0.1.0 (/Users/themoretheless/Documents/Sources/rrrah/crates/rrrah-decode)
    Finished `test` profile [optimized + debuginfo] target(s) in 48.20s
     Running unittests src/lib.rs (/tmp/rrrah-required-corpus-target/debug/deps/rrrah_decode-fef1cf096a77eef0)

running 834 tests
test avif_color::tests::exact_clean_aperture_signed_offsets_and_bounds ... ok
test apng::tests::truncation_crc_trailing_and_cancellation_are_explicit ... ok
test avif_color::tests::invalid_transform_reserved_bits_are_rejected ... ok
test avif_color::tests::invalid_nclx_and_unknown_transfer ... ok
test avif_color::tests::clean_aperture_follows_primary_association_and_rejects_duplicates ... ok
test aseprite::tests::truncated_and_invalid_fields_reject ... ok
test avif_color::tests::primary_color_association_and_icc_precedence ... ok
test avif_color::tests::primary_transform_order_is_validated_before_codec_decode ... ok
test avif_color::tests::truncated_and_overflowing_boxes_are_errors ... ok
test aseprite::tests::cyclic_links_unsupported_blend_and_gamma_reject ... ok
test apng::malformed_controls::valid_crc_does_not_hide_invalid_animation_controls ... ok
test aseprite::tests::unselected_unrelated_compressed_streams_are_not_inflated ... ok
test camtiff::arw::tests::cancelled_callback_aborts_decode ... ok
test apng::lazy_tests::unrelated_frame_pixels_are_not_decoded_but_chunk_crc_still_is ... ok
test camtiff::arw::tests::decodes_sony_32767_uncompressed_twelve_bit_variant ... ok
test astc::tests::hdr_values_above_one_are_preserved ... ok
test camtiff::arw::tests::decodes_arw2_craw_delta_blocks ... ok
test aseprite::tests::source_color_reaches_display_without_changing_alpha ... ok
test camtiff::arw::tests::decodes_uncompressed_lsb_packed_twelve_bit ... ok
test camtiff::arw::tests::decodes_uncompressed_sixteen_bit_words ... ok
test camtiff::arw::tests::parses_header_selects_raw_ifd_and_reads_metadata ... ok
test camtiff::arw::tests::rejects_arw1_huffman_curve_variant_with_typed_error ... ok
test camtiff::arw::tests::rejects_arw2_width_not_multiple_of_32 ... ok
test camtiff::arw::tests::rejects_missing_cfa_tags_with_typed_error ... ok
test camtiff::arw::tests::rejects_arw2_block_with_equal_extrema_indices ... ok
test camtiff::arw::tests::rejects_unsupported_compression_with_typed_error ... ok
test astc::tests::malformed_blocks_payloads_and_volumes_are_rejected ... ok
test camtiff::color::tests::nikon_rational_white_balance_uses_green_relative_rb ... ok
test astc::tests::compressed_hdr_matches_reference_float_oracle ... ok
test camtiff::color::tests::panasonic_white_balance_reads_actual_directory_values ... ok
test camtiff::color::tests::sony_encrypted_metadata_has_correct_channel_order ... ok
test camtiff::color::tests::sony_rejects_invalid_metadata_ranges ... ok
test camtiff::color::tests::wb_uses_measured_channels ... ok
test astc::tests::ldr_constant_crop_preserves_straight_alpha ... ok
test camtiff::cr2::tests::parses_header_signature_and_selects_raw_ifd_via_pointer ... ok
test camtiff::cr2::tests::decodes_ljpeg_slices_into_row_major_sensor_order ... ok
test camtiff::cr2::tests::decodes_unsliced_stream_as_identity ... ok
test camtiff::cr2::tests::cancellation_during_decode_is_typed ... ok
test camtiff::cr2::tests::reads_metadata_from_dng_like_cr2_tags ... ok
test camtiff::cr2::tests::rejects_slice_geometry_mismatch ... ok
test camtiff::cr2::tests::rejects_non_cfa_photometric ... ok
test camtiff::dcs_sensor::tests::native_response_curve_matches_first_oracle_sample ... ignored, requires CC0 DCS520C source and independent sensor oracle
test camtiff::cr2::tests::rejects_dangling_raw_ifd_pointer ... ok
test camtiff::cr2::tests::rejects_wrong_signature_and_non_little_endian ... ok
test camtiff::dcs_sensor::tests::original_tiff_public_route_is_managed_and_matches_oracle ... ignored, requires original CC0 DCS520C TIFF and independent sensor oracle
test camtiff::cr2::tests::rejects_unsupported_compression ... ok
test camtiff::dcs_sensor::tests::real_sensor_and_wb_match_independent_oracle ... ignored, requires CC0 DCS520C source and independent sensor oracle
test camtiff::erf::tests::rd1_color_parameters_match_independent_oracle_and_reject_bad_wb ... ignored, requires pinned CC0 Epson R-D1 ERF object 2680
test camtiff::dcs_sensor::tests::cancelled_empty_source_has_no_allocation ... ok
test camtiff::fixture_regression::configured_arw_fixture_decodes_sensor_samples ... ok
test camtiff::fixture_regression::configured_cr2_fixture_decodes_sensor_samples ... ok
test camtiff::fixture_regression::configured_nef_fixture_decodes_sensor_samples ... ok
test camtiff::fixture_regression::configured_orf_fixture_decodes_sensor_samples ... ok
test camtiff::fixture_regression::configured_pef_fixture_decodes_sensor_samples ... ok
test camtiff::fixture_regression::configured_raf_fixture_decodes_sensor_samples ... ok
test camtiff::hasselblad::tests::real_3fr_retains_embedded_precision_and_rejects_zero_neutral ... ignored, requires external pinned CC0 Hasselblad X1D object 2058
test camtiff::fixture_regression::configured_rw2_fixture_decodes_sensor_samples ... ok
test camtiff::hasselblad_entropy::tests::complete_real_sensor_matches_oracle_and_truncation_cancels ... ignored, requires pinned CC0 Hasselblad CFV-50 FFF source and LibRaw dump
test camtiff::hasselblad_entropy::tests::paired_prefix_vs_bitwise_full_sensor_timing ... ignored, requires pinned CC0 FFF source; paired full-sensor performance run
test camtiff::hasselblad_entropy::tests::prefix_lookup_preserves_long_codes_and_short_final_tail ... ok
test camtiff::kodak_65000::tests::real_full_sensor_matches_libraw ... ignored, requires pinned Kodak DCS760C DCR object 1347 and LibRaw sensor dump
test camtiff::hasselblad_entropy::tests::tiny_predictor8_signed_pairs_and_row_reset ... ok
test camtiff::hasselblad_entropy::tests::tiny_predictor8_rejects_truncated_words_bad_codes_and_mismatched_dimensions ... ok
test camtiff::kodak_65000::tests::synthetic_packed_fallback_retains_all_twelve_bits ... ok
test camtiff::kodak_65000::tests::synthetic_invalid_prediction_dimensions_and_cancel_reject ... ok
test camtiff::kodak_dcr_color::tests::all_native_wb_selectors_match_independent_oracle ... ignored, requires CC0 Kodak DCS760C source; six independently pinned WB modes
test camtiff::kodak_dcr_color::tests::native_daylight_wb_matches_libraw ... ignored, requires CC0 Kodak DCS760C source
test camtiff::kodak_65000::tests::synthetic_prediction_and_partial_block_are_exact ... ok
test camtiff::leaf_packets::tests::real_native_packets_match_independent_wb ... ignored, requires pinned Leaf Aptus 22 MOS
test camtiff::makernote_color::tests::vendor_makernotes_read_as_shot_channels ... ok
test camtiff::mef_sensor::tests::packed_boundaries_admission_cancel_and_ownership ... ok
test camtiff::mef_sensor::tests::real_zd_full_sensor_matches_oracle ... ignored, requires external Mamiya ZD source and independent sensor oracle
test camtiff::makernote_color::tests::canon_unknown_colordata_version_is_rejected ... ok
test camtiff::leaf_packets::tests::native_wb_and_packet_boundaries ... ok
test camtiff::nef::tests::decodes_12bit_lossless_makernote_format1_plain ... ok
test camtiff::nef::tests::decodes_12bit_lossless_makernote_format3_mixed_byte_order ... ok
test camtiff::nef::tests::decodes_big_endian_packed_12bit_round_trip ... ok
test camtiff::nef::tests::decodes_12bit_lossy_interpolated_curve_with_split ... ok
test camtiff::nef::tests::decodes_little_endian_packed_12bit_round_trip ... ok
test camtiff::nef::tests::decodes_14bit_lossless_makernote_format2_last_curve_tag_wins ... ok
test camtiff::nef::tests::decodes_multi_strip_14bit ... ok
test camtiff::nef::tests::honors_cancelled_callback ... ok
test camtiff::nef::tests::nrw_guard_rejects_unqualified_nef_camera ... ok
test camtiff::nef::tests::rejects_broken_makernote_tiff_header ... ok
test camtiff::nef::tests::honors_cancelled_callback_compressed ... ok
test camtiff::nef::tests::p7800_unpacked_checks_mode_layout_endianness_and_cancellation ... ok
test camtiff::nef::tests::rejects_curve_out_of_range_samples ... ok
test camtiff::nef::tests::rejects_makernote_without_curve_tag ... ok
test camtiff::nef::tests::rejects_missing_cfa_tags ... ok
test camtiff::nef::tests::rejects_nikon_lossless_16bit ... ok
test avif_color::tests::clean_aperture_and_orientation_match_independent_libavif_metadata ... ok
test camtiff::nef::tests::rejects_nikon_lossless_multi_strip ... ok
test camtiff::nef::tests::rejects_nikon_lossless_without_makernote ... ok
test camtiff::nef::tests::rejects_non_rgb_bayer_cfa ... ok
test camtiff::nef::tests::rejects_truncated_curve_blob ... ok
test camtiff::nef::tests::rejects_other_compressions_with_typed_error ... ok
test camtiff::nef::tests::rejects_truncated_entropy_stream ... ok
test apng::tests::linear_light_composition_timing_and_loop_oracles ... ok
test camtiff::nef::tests::rejects_truncated_strip_data ... ok
test camtiff::nef::tests::rejects_unsupported_bit_depth ... ok
test camtiff::nef::tests::seed_order_matches_the_canonical_rawspeed_layout ... ok
test camtiff::nef::tests::selects_the_sub_ifd_raw_directory ... ok
test camtiff::nef::tests::undefined_cfa_pattern_preserves_bayer_cells_and_rejects_invalid_colors ... ok
test camtiff::olympus_entropy::tests::truncated_stream_and_cancellation_are_errors ... ok
test camtiff::olympus_entropy::tests::zero_residuals_predict_full_sensor_plane ... ok
test camtiff::orf::tests::olympus12_unpacking_matches_dcraw_reference ... ok
test camtiff::orf::tests::cancellation_is_typed ... ok
test camtiff::orf::tests::parse_container_rejects_non_orf_bytes ... ok
test camtiff::orf::tests::recognizes_orf_magics ... ok
test camtiff::orf::tests::rejects_missing_cfa_tags ... ok
test camtiff::orf::tests::rejects_non_bayer_cfa ... ok
test camtiff::orf::tests::rejects_unsupported_bit_depth ... ok
test camtiff::orf::tests::rejects_unsupported_compression ... ok
test camtiff::orf::tests::rejects_unverifiable_packed_byte_count ... ok
test camtiff::orf::tests::selects_subifd_and_reads_metadata ... ok
test camtiff::orf::tests::uncompressed16_decodes_little_endian ... ok
test camtiff::orf::tests::white_level_defaults_to_full_scale ... ok
test camtiff::pef::tests::compression_65535_ambiguous_table_is_a_typed_rejection ... ok
test camtiff::pef::tests::compression_65535_cancelled_returns_cancelled ... ok
test camtiff::pef::tests::cancellation_returns_cancelled ... ok
test camtiff::pef::tests::compression_65535_inline_short_table_is_a_typed_rejection ... ok
test camtiff::pef::tests::compression_65535_invalid_code_length_is_a_typed_rejection ... ok
test camtiff::pef::tests::compression_65535_multiple_strips_is_a_typed_rejection ... ok
test camtiff::pef::tests::compression_65535_odd_width_is_a_typed_rejection ... ok
test camtiff::pef::tests::compression_65535_out_of_range_sample_is_a_typed_rejection ... ok
test camtiff::pef::tests::compression_65535_truncated_stream_is_a_typed_rejection ... ok
test camtiff::pef::tests::compression_65535_truncated_table_is_a_typed_rejection ... ok
test camtiff::pef::tests::compression_65535_without_huffman_tag_is_a_typed_rejection ... ok
test camtiff::pef::tests::compression_65535_wrong_table_field_type_is_a_typed_rejection ... ok
test camtiff::pef::tests::compression_65535_without_makernote_is_a_typed_rejection ... ok
test camtiff::pef::tests::dng_level_and_white_balance_tags_override_defaults ... ok
test camtiff::pef::tests::lossless_jpeg_strip_round_trip ... ok
test camtiff::pef::tests::metadata_from_synthetic_pef ... ok
test camtiff::pef::tests::missing_cfa_tags_are_a_typed_rejection ... ok
test camtiff::pef::tests::multi_strip_packed_decode ... ok
test camtiff::pef::tests::packed_12_and_14_bit_round_trip ... ok
test camtiff::pef::tests::pentax_jpeg_extreme_samples_round_trip ... ok
test camtiff::phaseone::tests::public_iiq_router_managed_memory_and_full_sensor ... ignored, requires pinned P20+ IIQ and corrected oracle
test camtiff::phaseone::tests::real_clustered_columns_match_full_independent_sensors ... ignored, requires controlled P20+ clustered-column variants and LibRaw corrected oracles
test camtiff::phaseone::tests::real_native_pipeline_matches_independent_full_sensor_and_color ... ignored, requires pinned P20+ source and original full corrected oracle
test camtiff::phaseone::tests::real_pipeline_stage_timing_preserves_oracle ... ignored, external P20+ source/oracle; informational per-stage timing, no wall-clock gate
test camtiff::pef::tests::unknown_compression_is_a_typed_rejection ... ok
test camtiff::phaseone_calibration::tests::adjacent_columns_use_valid_diagonal_neighbours_at_sensor_edges ... ok
test camtiff::phaseone_calibration::tests::real_flat_field_specialization_paired ... ignored, P20+ external source and stage oracles; paired informational benchmark
test camtiff::pef::tests::pentax_jpeg_makernote_table_round_trip ... ok
test camtiff::phaseone_calibration::tests::black_saturation_chroma_and_field_bounds ... ok
test camtiff::phaseone_calibration::tests::isolated_columns_preserve_constant_sensor_and_validate_before_mutation ... ok
test camtiff::pef::tests::unsupported_bit_depth_is_a_typed_rejection ... ok
test camtiff::phaseone_calibration::tests::real_native_black_and_flat_fields_match_stage_oracles ... ignored, requires P20+ native sensor and independent black/flat-field stage oracles
test camtiff::phaseone_calibration::tests::pixel_defects_use_valid_neighbours_and_reject_malformed_records ... ok
test camtiff::phaseone_calibration::tests::real_pixel_repair_and_flat_fields_match_independent_sensor ... ignored, requires P20+ sensor and independent corrected oracle with column entries disabled
test camtiff::phaseone_container::tests::real_private_sensor_and_calibration_payloads ... ignored, requires pinned P20+ IIQ source
test camtiff::phaseone_container::tests::private_directory_bounds_and_duplicate_tags ... ok
test camtiff::phaseone_entropy::tests::real_format3_matches_full_independent_sensor ... ignored, requires pinned Phase One P20+ IIQ object 4366 and independent sensor oracle
test camtiff::phaseone_entropy::tests::absolute_tail_and_invalid_geometry ... ok
test camtiff::phaseone_entropy::tests::predictor_reuse_signed_steps_and_row_reset ... ok
test camtiff::raf::tests::rejects_fuji_proprietary_compression_without_soi ... ok
test camtiff::raf::tests::decodes_uncompressed_sixteen_bit_with_container_byte_order ... ok
test camtiff::raf::tests::rejects_broken_headers_with_typed_errors ... ok
test camtiff::raf::tests::rejects_cfa_pattern_with_non_rgb_colors ... ok
test camtiff::raf::tests::rejects_non_2x2_cfa_repeat_pattern_dim ... ok
test camtiff::raf::tests::parses_header_selects_fuji_ifd_and_decodes_lsb_packed_bayer ... ok
test camtiff::raf::tests::honours_cancellation_per_row ... ok
test camtiff::raf::tests::rejects_rotated_super_ccd_layout ... ok
test camtiff::raf::tests::rejects_unsupported_compression_tag ... ok
test camtiff::raf::tests::rejects_xtrans_via_raf_directory_tag ... ok
test camtiff::raf::tests::rejects_xtrans_via_thirty_six_black_levels ... ok
test camtiff::raf::tests::uncompressed_xtrans_preserves_directory_phase_and_black_grid ... ok
test camtiff::rw2::tests::decodes_lossless_jpeg_strip ... ok
test camtiff::rw2::tests::decodes_unpacked_16_bit_strips ... ok
test camtiff::rw2::tests::decodes_panasonic_packed_constant_rows ... ok
test camtiff::rw2::tests::honours_cancellation ... ok
test camtiff::rw2::tests::keeps_rgb_linearity_limits_and_rejects_partial_or_invalid_limits ... ok
test camtiff::rw2::tests::decodes_panasonic_packed_delta_paths ... ok
test camtiff::rw2::tests::parse_container_recognizes_iiu_signature ... ok
test camtiff::rw2::tests::reads_panasonic_metadata_tags ... ok
test camtiff::rw2::tests::legacy_panasonic_left_aligned_samples_and_black_level ... ok
test camtiff::rw2::tests::legacy_fz8_packed_pairs_are_bounded_and_cancellable ... ok
test camtiff::rw2::tests::rejects_missing_cfa ... ok
test camtiff::rw2::tests::rejects_non_rw2_signature ... ok
test camtiff::rw2::tests::rejects_multi_strip_lossless_jpeg ... ok
test camtiff::rw2::tests::rejects_unsupported_compression ... ok
test camtiff::rw2::tests::rejects_unsupported_uncompressed_bit_depth ... ok
test camtiff::rw2::tests::selects_the_directory_with_sensor_tags ... ok
test camtiff::srf_sensor::tests::real_full_encrypted_sensor_matches_independent_oracle ... ignored, requires pinned DSC-F828 SRF and independent LibRaw unpack oracle
test camtiff::srf_sensor::tests::cipher_continues_across_chunks_and_sensor_rejects_truncation ... ok
test camtiff::tests::camera_recipes_are_distinct_from_existing_backends ... ok
test camtiff::tests::camera_recipes_use_the_expected_backend_revisions ... ok
test camtiff::tests::generic_selection_prefers_the_large_cfa_directory ... ok
test camtiff::tests::parse_rejects_directory_cycles ... ok
test ciff::tests::both_orders_nested_payloads_and_all_prefixes ... ok
test ciff::tests::real_10d_auto_white_balance_matches_independent_oracle ... ignored, requires pinned CC0 EOS 10D CRW object 2027
test ciff::tests::real_d30_directory_tree_and_sensor_metadata ... ignored, requires pinned CC0 EOS D30 CRW object 1307
test ciff::tests::malicious_offsets_counts_and_inline_records ... ok
test ciff::tests::ten_d_calibration_transform_matches_independent_oracle ... ok
test ciff::tests::ten_d_wb_layout_refuses_missing_coefficients_and_unknown_presets ... ok
test ciff::tests::unique_lookup_is_cancellable_and_rejects_duplicates ... ok
test ciff::tests::lookup_caps_admit_boundary_and_refuse_next_level_or_record ... ok
test cr3::assemble::tests::cancellation_prevents_any_plane_from_starting ... ok
test cr3::assemble::tests::interleave_rejects_invalid_geometry_before_allocating ... ok
test cr3::assemble::tests::interleave_rejects_each_wrong_plane_length ... ok
test cineon::tests::header_bounds_channel_consistency_and_orientation ... ok
test cr3::assemble::tests::interleaves_each_plane_row_directly_into_the_final_mosaic ... ok
test cr3::assemble::tests::an_error_signals_inflight_decoders_and_is_attributed ... ok
test cr3::assemble::tests::interleaves_four_parities_in_rggb_sensor_order ... ok
test cr3::assemble::tests::a_plane_panic_is_contained_until_every_worker_joins ... ok
test cr3::assemble::tests::parallel_decode_is_bounded_and_returns_stable_plane_order ... ok
test cr3::assemble::tests::streaming_decode_attributes_a_plane_failure_without_hanging ... ok
test cr3::assemble::tests::streaming_decode_external_cancellation_unblocks_all_workers ... ok
test cr3::assemble::tests::streaming_decode_matches_four_plane_interleave ... ok
test cr3::assemble::tests::streaming_decode_rejects_an_extra_row ... ok
test cr3::assemble::tests::streaming_decode_rejects_an_individual_wrong_row_width ... ok
test cr3::assemble::tests::streaming_decode_attributes_a_plane_panic ... ok
test cr3::assemble::tests::streaming_decode_rejects_early_success_from_one_plane ... ok
test cr3::assemble::tests::zero_worker_request_still_uses_one_caller_worker ... ok
test cr3::assemble::tests::streaming_decode_rejects_out_of_order_rows ... ok
test cr3::bmff::tests::enforces_box_and_file_limits ... ok
test cr3::bmff::tests::handles_large_open_ended_and_uuid_headers ... ok
test cr3::bmff::tests::optionally_validates_a_real_cr3_fixture ... ok
test cr3::bmff::tests::linear_sample_iterator_reports_one_error_then_fuses ... ok
test cr3::assemble::tests::streaming_decode_rejects_reordering_inside_a_batch ... ok
test cr3::bmff::tests::parses_64_bit_chunk_offsets ... ok
test cr3::bmff::tests::rejects_boxes_smaller_than_headers_or_outside_parent ... ok
test cr3::bmff::tests::parses_track_extensions_and_resolves_samples ... ok
test cr3::bmff::tests::rejects_duplicate_structural_boxes_even_when_the_first_is_empty ... ok
test cr3::bmff::tests::rejects_malformed_table_counts_before_allocating ... ok
test cr3::bmff::tests::rejects_sample_end_overflow_and_out_of_file_range ... ok
test cr3::bmff::tests::rejects_truncated_base_and_extended_headers ... ok
test cr3::crx::tests::parses_both_eos_r8_track_configurations ... ok
test cr3::crx::tests::rejects_config_dimension_mismatch ... ok
test cr3::crx::tests::splits_a_small_four_plane_sample_into_bounded_chunks ... ok
test cr3::ctmd::tests::enforces_record_count_and_byte_limits ... ok
test cr3::ctmd::tests::parses_records_and_extracts_exact_eos_r8_ratios ... ok
test cr3::crx::tests::rejects_unbounded_or_internally_inconsistent_samples ... ok
test cr3::ctmd::tests::rejects_ambiguous_records_and_tags ... ok
test cr3::ctmd::tests::record_debug_does_not_expose_payload_bytes ... ok
test cr3::ctmd::tests::rejects_tiff_signature_with_truncated_header ... ok
test cr3::ctmd::tests::reads_dynamic_sensor_levels_and_rejects_invalid_ordering ... ok
test cr3::ctmd::tests::rejects_truncated_and_invalid_record_lengths ... ok
test cr3::ctmd::tests::rejects_unsupported_type_count_and_layout_marker ... ok
test cr3::ctmd::tests::rejects_zero_denominators ... ok
test cr3::fixture_regression::eos_r8_full_native_decode_matches_pixel_oracles ... ignored, requires owner-supplied private EOS R8 fixtures
test cr3::ctmd::tests::retains_second_green_gain_without_renormalizing_blue ... ok
test cr3::lossless::tests::adaptive_rice_increases_by_at_most_two_for_one_symbol ... ok
test cr3::lossless::tests::adaptive_rice_matches_confirmed_transition_rule ... ok
test cr3::lossless::tests::eos_r8_plane_zero_first_64_samples_match_black_box_oracle ... ok
test cr3::lossless::tests::full_plane_checks_cancellation_and_resource_limits_before_decode ... ok
test cr3::lossless::tests::msb_reader_failed_fixed_width_read_does_not_consume_buffered_bits ... ok
test cr3::lossless::tests::branchless_median_predictor_matches_the_piecewise_definition ... ok
test cr3::lossless::tests::msb_reader_fixed_width_reads_cross_reservoir_boundaries ... ok
test cr3::lossless::tests::msb_reader_is_bounded_and_crosses_bytes ... ok
test cr3::lossless::tests::msb_reader_unary_eof_reports_the_consumed_bit_position ... ok
test cr3::lossless::tests::msb_reader_unary_limit_consumes_the_offending_zero ... ok
test cr3::lossless::tests::msb_reader_unary_scan_crosses_a_zero_word ... ok
test cr3::lossless::tests::prefix_validation_rejects_unproven_layouts ... ok
test cr3::lossless::tests::rejects_impossible_width_before_allocating_samples ... ok
test cr3::lossless::tests::rejects_pathological_unary_run_at_the_confirmed_symbol_bound ... ok
test cr3::metadata::tests::malformed_tiff_and_missing_identity_have_explicit_errors ... ok
test cr3::metadata::tests::rejects_another_camera_before_applying_the_profile ... ok
test cr3::metadata::tests::maps_all_standard_tiff_orientations ... ok
test cr3::metadata::tests::extracts_identity_profile_and_preserves_unknown_fields ... ok
test cr3::metadata::tests::rejects_duplicate_interpreted_tags_instead_of_using_file_order ... ok
test cr3::metadata::tests::reports_missing_and_unmapped_white_balance_distinctly ... ok
test cr3::metadata::tests::rejects_missing_invalid_and_duplicate_orientation ... ok
test cr3::native::tests::cmt_payload_limit_is_checked_before_access ... ok
test cr3::native::tests::facade_limit_rejects_input_before_box_traversal ... ok
test cr3::native::tests::direct_cmt_lookup_requires_one_bounded_container_child ... ok
test cr3::select::tests::a_craw_jpeg_without_cmp1_or_cdi1_is_not_native ... ok
test cr3::select::tests::chooses_largest_native_track_and_ignores_jpeg_craw_preview ... ok
test cr3::select::tests::rejects_equal_best_candidates_instead_of_using_file_order ... ok
test cr3::select::tests::rejects_input_that_is_not_the_indexed_file ... ok
test aseprite::tests::selected_frame_oracles_and_metadata ... ok
test cr3::select::tests::rejects_extra_bytes_beyond_the_crx_declared_plane_sum ... ok
test cr3::select::tests::rejects_pathological_candidate_counts_before_walking_the_table ... ok
test cr3::select::tests::selects_real_fixture_when_environment_path_is_set ... ok
test cr3::tiff::tests::big_endian_arrays_and_signed_values ... ok
test cr3::tiff::tests::caller_can_follow_pointer_entry_explicitly ... ok
test cr3::tiff::tests::checked_range_reports_arithmetic_overflow ... ok
test cr3::native::tests::parses_both_local_eos_r8_fixtures_when_available ... ok
test cr3::tiff::tests::enforces_entry_depth_and_value_limits ... ok
test cr3::tiff::tests::follows_linked_ifds_and_rejects_cycles ... ok
test cr3::tiff::tests::little_endian_inline_and_out_of_line_values ... ok
test cr3::tiff::tests::rejects_truncated_header_directory_and_value ... ok
test cr3::tiff::tests::typed_accessors_reject_wrong_types_and_non_scalars ... ok
test cr3::tiff::tests::unsigned_rational_arrays_preserve_exact_components ... ok
test crw::router_tests::real_crw_public_route_matches_explicit_import ... ignored, requires pinned EOS 10D source via RRRAH_CRW_SOURCE
test crw::router_tests::real_crw_routed_budget_pressure_is_retryable_and_last_owner_charged ... ignored, requires pinned EOS 10D source via RRRAH_CRW_SOURCE
test crw::tests::admission_and_table_identity_refuse_before_source_io ... ok
test crw_entropy::tests::authored_difference_block_and_row_reset_with_carried_dc ... ok
test crw_entropy::tests::all_twelve_bit_values_and_legacy_low_value_boundary ... ok
test crw_entropy::tests::canonical_prefixes_and_deep_code_match_authored_bit_patterns ... ok
test crw_entropy::tests::empty_truncated_and_unstuffed_streams_refuse ... ok
test crw_entropy::tests::full_high_plane_cancellation_and_truncation ... ok
test crw_entropy::tests::impossible_entropy_geometry_refuses_before_reserving_output ... ok
test crw_entropy::tests::impossible_trees_and_symbol_count_mismatches_refuse ... ok
test crw_entropy::tests::managed_admission_and_cancel_release_partial_output ... ok
test crw_entropy::tests::real_10d_low_plane_matches_every_independent_sensor_sample ... ignored, requires pinned EOS 10D CRW and independent full sensor oracle
test crw_entropy::tests::predictor_refuses_overflow_without_advancing_state ... ok
test crw_entropy::tests::real_full_sensor_entropy_matches_independent_oracle ... ignored, requires CRW source, independent sensor and external camera table data
test cursor::tests::invalid_offsets_and_hotspots ... ok
test dcx::tests::directory_validation_rejects_bad_offsets ... ok
test dds::tests::bc1_transparency ... ok
test dds::tests::bc2_explicit_alpha ... ok
test dds::tests::bc3_alpha_endpoints ... ok
test crw::router_tests::ciff_signature_routes_even_with_unknown_extension ... ok
test dds::tests::dx10_color_and_opaque_alpha ... ok
test dds::tests::invalid_mip_count_trailing_storage_and_ambiguous_pitch_are_rejected ... ok
test dds::tests::malformed_and_unsupported_dx10_are_typed_errors ... ok
test cursor::tests::tga_with_overlapping_signature_is_not_a_cursor ... ok
test dcx::tests::public_api_selects_each_page_against_pillow_oracle ... ok
test dds::tests::uncompressed_dx10_transfer_and_bgrx_alpha ... ok
test dds::tests::uncompressed_masks_pitch_and_bounds ... ok
test dng::fixture_regression::lossy_jpeg_dng_is_rejected_instead_of_misdecoded ... ignored, requires separately downloaded non-lossless DNG fixture
test dng::fixture_regression::real_dng_pixels_match_exact_oracles ... ignored, requires separately downloaded CC0 DNG fixtures
test dng::lossless_jpeg::tests::accepts_marker_fill_before_initial_soi ... ok
test dng::lossless_jpeg::tests::accepts_the_complete_huffman_table_shape_used_by_canon ... ok
test dng::lossless_jpeg::tests::applies_linearization_curve_with_checked_bounds ... ok
test bay::tests::eight_bit_layouts_preserve_all_values_and_exact_storage_dimensions ... ok
test dng::lossless_jpeg::tests::applies_point_transform_after_prediction ... ok
test dng::lossless_jpeg::tests::applies_point_transform_per_noninterleaved_component_scan ... ok
test dng::lossless_jpeg::tests::container_geometry_is_checked_before_entropy_decode ... ok
test dng::lossless_jpeg::tests::decodes_all_seven_annex_h_predictors ... ok
test dicom::tests::rescale_overflow_and_unsupported_color_release_admitted_output ... ok
test dng::lossless_jpeg::tests::cancellation_is_polled_during_entropy_decode ... ok
test dng::lossless_jpeg::tests::decodes_category_sixteen_modulo_difference ... ok
test dng::lossless_jpeg::tests::decodes_noninterleaved_component_scans_in_any_order ... ok
test dicom::tests::malformed_native_elements_transfer_syntax_and_truncations_fail ... ok
test dng::lossless_jpeg::tests::decodes_stream_without_dht_using_external_table ... ok
test dng::lossless_jpeg::tests::decodes_one_through_four_interleaved_components ... ok
test dng::lossless_jpeg::tests::entropy_reader_unstuffs_ff_and_finds_eoi ... ok
test dng::lossless_jpeg::tests::external_table_symbol_count_must_match_counts ... ok
test dng::lossless_jpeg::tests::huffman_fallback_decodes_codes_longer_than_fast_lookup ... ok
test dng::lossless_jpeg::tests::in_stream_dht_overrides_external_table_unless_forced ... ok
test dng::lossless_jpeg::tests::leaf_mos_compatibility_matches_independent_sensor ... ignored, requires pinned Leaf Aptus 22 MOS and full-sensor oracle
test dng::lossless_jpeg::tests::leaf_mos_nonstandard_quantization_selector_is_rejected ... ignored, requires pinned Leaf Aptus 22 MOS source
test dng::lossless_jpeg::tests::linearization_curve_honours_cancellation ... ok
test dng::lossless_jpeg::tests::mos_header_compatibility_does_not_relax_strict_dng ... ok
test dng::lossless_jpeg::tests::parses_multiple_tables_and_allows_later_dht_redefinition ... ok
test dng::lossless_jpeg::tests::predictor_formulas_cover_negative_odd_deltas_independently ... ok
test dng::lossless_jpeg::tests::rejects_component_subsampling ... ok
test dng::lossless_jpeg::tests::rejects_interleaved_scan_components_out_of_sof_order ... ok
test dng::lossless_jpeg::tests::rejects_restart_interval_inside_a_lossless_row ... ok
test dng::lossless_jpeg::tests::rejects_stuffed_zero_after_entropy_marker_fill ... ok
test dng::lossless_jpeg::tests::rejects_truncated_and_non_sof3_inputs ... ok
test dng::lossless_jpeg::tests::rejects_wrong_restart_number ... ok
test dng::lossless_jpeg::tests::rejects_zero_padding_and_marker_inside_a_symbol ... ok
test dng::lossless_jpeg::tests::resets_prediction_at_row_aligned_restart_markers ... ok
test dng::lossless_jpeg::tests::restart_sequence_wraps_from_rst7_to_rst0 ... ok
test dng::parallel::tests::effective_workers_clamps_to_hardware_and_units ... ok
test dng::parallel::tests::effective_workers_stays_sequential_for_small_jobs ... ok
test dng::lossless_jpeg::tests::word_refill_matches_bytewise_on_stuffed_restart_stream ... ok
test dng::parallel::tests::run_units_surfaces_cancellation_without_units_observing_it ... ok
test dng::parallel::tests::split_row_bands_covers_the_output_exactly_once ... ok
test dng::parallel::tests::run_units_reports_the_lowest_index_failure ... ok
test dng::tests::camera_classification_admits_linked_subifds_but_rejects_cycles ... ok
test dng::tests::cancellation_stops_before_pixel_allocation ... ok
test dng::tests::clamps_linearization_indices_to_the_last_table_entry ... ok
test dng::tests::oversized_subifd_fanout_refuses_before_offset_vector_allocation ... ok
test dng::tests::exact_directory_cap_accepts_but_extra_next_link_refuses ... ok
test dicom::tests::pydicom_scalar_rescale_window_and_managed_frame_oracles ... ok
test dng::tests::rejects_a_sub_ifd_chain ... ok
test dng::parallel::tests::run_units_processes_every_unit_once_at_any_worker_count ... ok
test dng::tests::selects_raw_sub_ifd_and_parses_required_metadata ... ok
test crw_entropy::tests::stuffed_bytes_cross_byte_reads_and_signed_amplitudes ... ok
test basis::tests::colored_alpha_blocks_preserve_channels_and_non_aligned_dimensions ... ok
test dds::tests::selected_mips_match_standalone_pillow_oracles ... ok
test basis::tests::corruption_truncation_and_unrecognized_enums_refuse ... ok
test basis::tests::codecs_mips_color_and_managed_output ... ok
test dng::tiff::tests::accepts_orf_camera_magics_as_classic_tiff ... ok
test dng::tiff::tests::accepts_rw2_magic_as_classic_tiff ... ok
test dng::tiff::tests::parses_big_tiff_and_ifd8_offsets ... ok
test dng::tiff::tests::parses_classic_little_endian_inline_and_out_of_line_values ... ok
test dng::tiff::tests::rejects_out_of_range_values_before_borrowing ... ok
test dng::tiff::tests::still_rejects_unrelated_magics ... ok
test dng::uncompressed::tests::applies_linearization_after_unpacking ... ok
test dng::uncompressed::tests::decodes_big_endian_sixteen_bit_edge_tiles ... ok
test dng::uncompressed::tests::decodes_row_aligned_twelve_bit_strips ... ok
test camtiff::color::tests::profiles_are_exact_and_invertible ... ok
test camtiff::tests::implemented_quirks_fail_typed_without_not_implemented ... ok
test dng::uncompressed::tests::fixed_group_unpack_preserves_truncation_errors_and_partial_output ... ok
test dng_backend::tests::d65_color_matrix_2_wins_verbatim_over_illuminant_a_matrix_1 ... ok
test dng_backend::tests::dng_cfa_and_black_grid_are_anchored_to_full_sensor ... ok
test dng_backend::tests::dng_color_metadata_is_required_and_measured_wb_is_preserved ... ok
test dng_backend::tests::lone_illuminant_a_matrix_is_bradford_adapted ... ok
test dng_backend::tests::exact_geometry_rejects_fractional_values ... ok
test dng_backend::tests::missing_or_untagged_matrices_keep_legacy_behavior ... ok
test dng_backend::tests::nonzero_image_index_is_rejected_before_io ... ok
test dng_backend::tests::dng_managed_source_and_output_share_budget_and_retain_owners ... ok
test basis::tests::multiple_images_flatten_mips_without_aliasing ... ok
test dng_backend::tests::recipe_is_distinct_and_complete ... ok
test dng_backend::tests::stale_request_is_rejected_before_io ... ok
test dpx::tests::explicit_line_and_image_padding_and_abgr16 ... ok
test eip::tests::directory_admission_precedes_zip_metadata_allocation ... ok
test eip::tests::cancellation_before_and_during_inflation_releases_admission ... ok
test eip::tests::independent_zip_raw_matches_original_source ... ignored, requires independently authored ZIP containing pinned IIQ source
test eip::tests::memory_cr3_import_matches_both_independent_local_sensor_oracles ... ignored, requires authored local EOS R8 packages and independent sensor oracles
test eip::tests::memory_dng_import_matches_full_independent_sensor ... ignored, requires authored DNG ZIP and independent LibRaw full sensor oracle
test eip::tests::memory_mrw_import_matches_both_independent_sensor_oracles ... ignored, requires authored MRW packages and independent LibRaw full sensor oracles
test eip::tests::memory_sensor_import_matches_full_independent_sensor ... ignored, requires authored IIQ ZIP and independent corrected LibRaw sensor oracle
test dpx::tests::all_orientations_color_and_bounds ... ok
test eip::tests::managed_raw_exact_bytes_crc_and_last_owner_accounting ... ok
test eip::tests::rejects_encryption_unknown_codec_and_expansion_claims ... ok
test eip::tests::inventories_raw_and_assets_without_inflating ... ok
test eip::tests::sensor_import_refuses_unsupported_raw_before_inflation_and_releases_bad_camera ... ok
test eip::tests::rejects_unsafe_ambiguous_missing_and_duplicate_sources ... ok
test dng::tests::tiled_uncompressed_is_bit_identical_across_workers ... ok
test emf::tests::bezier_and_continuation_arrays_require_complete_segments ... ok
test emf::tests::custom_object_indices_colors_and_null_pen ... ok
test dng::tests::parallel_decode_reports_cancellation ... ok
test emf::tests::deleted_brush_defaults_and_invalid_indices_are_rejected ... ok
test dng::tests::stripped_uncompressed_is_bit_identical_across_workers ... ok
test emf::tests::context_indices_and_stack_limit_are_bounded ... ok
test emf::tests::extension_header_bounds_and_gl_metadata_are_explicit ... ok
test emf::tests::description_is_bounded_metadata_not_extension_fields ... ok
test emf::tests::continuation_updates_position_even_with_null_pen ... ok
test emf::tests::mapping_modes_extents_and_device_dimensions_are_validated ... ok
test emf::tests::truncated_records_eof_count_unknown_and_selection_refused ... ok
test emf::tests::polygon_lengths_modes_and_open_lines ... ok
test exr_color::tests::explicit_declarations_and_conflicts ... ok
test emf::tests::stock_rectangle_exact_pixels_and_admission ... ok
test exr_color::tests::truncation_invalid_types_duplicates_and_nonfinite_are_rejected ... ok
test fits::exact_scaling_tests::wide_integer_offset_preserves_small_differences ... ok
test fits::exact_scaling_tests::floating_bits_scaling_syntax_and_undefined_contracts ... ok
test fits::tests::structural_corruption_truncation_and_padding_fail ... ok
test heif::tests::hevc_brands_do_not_capture_avif ... ok
test fits::tests::tables_are_skipped_and_header_metadata_is_retained ... ok
test exr_color::real_fixture_tests::declared_rec709_exr_prepares_hdr_without_changing_samples ... ok
test gif_animation::tests::bounds_truncation_and_index ... ok
test fits::tests::common_router_and_explicit_window_preserve_selection ... ok
test iff::tests::byterun1_repeats_noops_and_rejects_row_overflow ... ok
test heif::tests::truncated_native_container_and_excessive_dimensions_are_rejected ... ok
test iff::tests::invalid_chunk_length_and_duplicate_header_are_rejected ... ok
test image_router::tests::camera_candidates_cover_all_native_backends_and_case ... ok
test gif_animation::tests::unselected_lzw_is_not_decoded_and_magic_routes_selection ... ok
test image_router::tests::cancelled_image_entrypoints_precede_header_io_and_memory_admission ... ok
test iff::tests::iff_identity_overrides_raw_suffix ... ok
test image_router::tests::unqualified_mef_refuses_public_view_without_preview_fallback_or_leak ... ignored, requires pinned Mamiya ZD source; set RRRAH_MEF_SOURCE
test heif::tests::twelve_bit_samples_remain_distinct ... ok
test image_router::tests::ordinary_tiff_is_raster_but_sensor_markers_never_fall_back ... ok
test image_router::tests::camera_tiff_aliases_are_sensor_without_whole_source_admission ... ok
test heif::tests::profiled_image_reaches_display ... ok
test jp2::tests::malformed_box_lengths_return_errors ... ok
test gif_animation::tests::independent_selected_presentations ... ok
test jng::tests::outer_color_declarations_and_header_fields_are_checked ... ok
test jng::tests::truncated_crc_header_and_index_reject ... ok
test jp2::tests::preflight_rejects_excessive_canvas_before_codec ... ok
test jp2::tests::retains_adjacent_sixteen_bit_values ... ok
test jp2::tests::codestream_magic_overrides_camera_extension ... ok
test jp2::tests::truncated_codestream_is_not_progressive_success ... ok
test jp2::tests::rgb_icc_reaches_display_without_modifying_alpha ... ok
test image_router::tests::strong_contents_override_misleading_extensions_in_both_directions ... ok
test jpegxr::tests::malformed_container_fields_reject ... ok
test jpegls::tests::truncated_and_oversized_sources_reject ... ok
test jpegls::tests::fragmented_icc_and_cancelled_requests_are_explicit ... ok
test image_router::tests::pdf_compatible_ai_candidate_routes_selected_pages_but_refuses_postscript ... ok
test jng::tests::independent_jpeg_and_alpha_samples ... ok
test jpegxr::tests::truncated_sources_reject_before_native_allocation ... ok
test jxl::tests::sixteen_bit_samples_remain_distinct ... ok
test kra::tests::invalid_identity_canvas_and_missing_merged_are_rejected ... ok
test jxl::tests::icc_profile_reaches_display_and_alpha_is_retained ... ok
test ktx2::tests::descriptor_mismatch_overlap_and_corrupt_deflate_are_rejected ... ok
test kra::tests::rgb_icc_composition_reaches_display ... ok
test kra::tests::legacy_root_and_native_mime_are_read ... ok
test ktx2::tests::float_hdr_survives_plain_and_deflate ... ok
test ktx2::tests::implicit_base_level_is_valid_for_uncompressed_storage ... ok
test ktx2::tests::only_selected_deflate_payload_is_inflated_but_all_ranges_are_checked ... ok
test ktx2::tests::sixteen_bit_samples_survive_plain_and_deflate ... ok
test ktx2::tests::srgb_alpha_reaches_linear_display ... ok
test ktx::tests::malformed_mip_size_array_and_trailing_data_are_rejected ... ok
test kra::tests::container_identity_overrides_raw_suffix ... ok
test ktx2::tests::selected_mip_keeps_pixels_transfer_and_selection ... ok
test ktx::tests::sixteen_bit_and_float_samples_survive_both_byte_orders ... ok
test ktx::tests::srgb_and_linear_transfers_remain_distinct ... ok
test linear_assumption_tests::explicit_linear_assumption_only_qualifies_unspecified_linear_primaries ... ok
test macpaint::tests::macbinary_crc_and_section_bounds_are_checked ... ok
test ktx::tests::selected_mip_routes_under_a_sensor_extension ... ok
test dng::tests::damaged_dngs_never_panic ... ok
test macpaint::tests::secondary_header_rounding_preserves_data_fork ... ok
test mng::tests::color_defaults_snapshot_nullification_precedence_and_local_override ... ok
test ktx::tests::every_chain_prefix_is_rejected_even_for_a_complete_first_mip ... ok
test mng::tests::global_palette_requires_lc_profile_and_live_palette ... ok
test mng::tests::inherited_icc_preserves_profile_and_last_owner_budget ... ok
test jpegxr::tests::typed_oracles_and_orientation ... ok
test mng::tests::intrapixel_filter_requires_simple_profile_and_releases_failed_admission ... ok
test macpaint::tests::bad_runs_truncation_and_trailing_data_fail_typed ... ok
test mng::tests::mixed_eight_and_sixteen_bit_layers_promote_without_quantization ... ok
test mng::tests::later_opaque_layer_cannot_repair_forbidden_initial_transparency ... ok
test mng::tests::authored_integer_frames_keep_selection_precision_and_managed_ownership ... ok
test mng::tests::palette_snapshots_and_transparency_nullification_do_not_recolor_earlier_layers ... ok
test mng::tests::partial_composition_admits_canvas_first_and_rejects_missing_background ... ok
test mng::tests::transparent_partial_layers_blend_in_linear_light_and_keep_last_owner_credit ... ok
test mng::tests::mng_magic_wins_over_raw_suffix_and_frames_reach_common_router ... ok
test mng::tests::zero_tick_full_canvas_layers_form_one_final_still ... ok
test mng::tests::truncated_crc_control_canvas_index_and_pressure_are_refused_without_retention ... ok
test model::managed_tests::cancelled_model_request_precedes_source_io_and_format_resolution ... ok
test model::managed_tests::nonzero_model_index_is_refused_before_source_io ... ok
test model::ownership_tests::model_weight_counts_reserved_geometry_even_without_triangles ... ok
test model::managed_tests::shared_legacy_mesh_is_rejected_and_managed_mesh_retains_original_budget ... ok
test mrc::tests::exhaustive_half_conversion_matches_numpy ... ok
test model::ownership_tests::model_clone_shares_original_geometry_without_reallocation ... ok
test fits::tests::independent_native_physical_and_window_oracles ... ok
test mrc::tests::malformed_bounds_modes_axes_and_selection_fail ... ok
test mrc::tests::nonfinite_array_is_retained_and_needs_window_policy ... ok
test mrw::tests::dynax_7d_matches_every_independent_sensor_sample ... ignored, requires CC0 MRW object 1826 and independent LibRaw sensor dump
test mrc::tests::selected_slice_routes_under_raw_extension_without_guessed_display ... ok
test native_backend::tests::adaptation_summary_cannot_borrow_the_source_buffer ... ok
test native_backend::tests::cr3_output_budget_reserves_before_decode_and_retains_owners ... ignored, requires local EOS R8 tests/IMG_9043.CR3 fixture
test mrw::tests::every_truncation_and_unqualified_storage_fail_before_allocation ... ok
test dng::uncompressed::tests::optimized_unpack_matches_bytewise_across_widths_depths_and_padding ... ok
test mrw::tests::managed_sensor_admission_cancellation_and_shared_ownership ... ok
test native_backend::tests::nonzero_image_index_is_rejected_before_io ... ok
test mng::tests::ffmpeg_qualified_alpha_sources_match_independent_linear_reference ... ok
test model::managed_tests::model_kinds_preserve_geometry_and_last_owner_admission ... ok
test native_backend::tests::plane_worker_knob_accepts_only_supported_values ... ok
test native_backend::tests::stale_request_is_rejected_before_io ... ok
test native_backend::tests::recipe_is_distinct_and_complete ... ok
test native_backend::tests::streaming_requires_full_plane_coverage_and_a_spare_thread ... ok
test native_router::tests::routes_extensions_case_insensitively ... ok
test native_router::tests::cancelled_router_refuses_before_opening_or_resolving_source ... ok
test native_router::tests::camera_placeholder_backends_fail_typed_end_to_end ... ok
test native_router::tests::maps_every_camera_extension ... ok
test native_router::tests::strong_magic_overrides_the_extension ... ok
test native_router::tests::mismatched_extension_is_corrected_by_magic ... ok
test native_router::tests::tiff_family_and_unreadable_files_keep_the_extension ... ok
test native_router::tests::unreadable_file_falls_back_to_extension_routing ... ok
test nrrd::tests::malformed_and_unsupported_contracts_are_rejected ... ok
test native_router::tests::unsupported_raw_index_precedes_format_resolution_and_source_io ... ok
test nrrd::tests::explicit_window_and_nonfinite_policy ... ok
test macpaint::tests::repeat_runs_and_noops_preserve_polarity ... ok
test nrrd::tests::public_router_selects_volume_under_raw_suffix ... ok
test obj::fixture_tests::cancelled_obj_never_opens_source ... ok
test obj::tests::continued_line_scratch_is_admitted_before_growth_and_released ... ok
test obj::tests::concave_polygon_retains_area_winding_and_cutout ... ok
test obj::tests::group_arrays_account_conversion_overlap_and_transfer_credit_to_faces ... ok
test obj::tests::malformed_geometry_and_unsupported_elements_fail ... ok
test obj::tests::line_continuations_collinear_edges_rotated_planes_and_limits ... ok
test obj::tests::managed_triangulation_bounds_scratch_and_cleans_up_failure_and_cancel ... ok
test jpegls::tests::independent_native_samples_and_layouts ... ok
test obj::tests::negative_indices_uv_normals_weights_and_state_are_retained ... ok
test obj::tests::object_material_credit_transfers_once_and_cleans_up_unused_state ... ok
test obj::tests::relative_index_extremes_reject_without_wrapping ... ok
test obj_swap::tests::empty_mesh_has_independently_specified_wire_layout ... ok
test obj_swap::tests::numeric_arrays_cross_block_boundary_and_release_truncated_allocations ... ok
test obj::tests::managed_obj_arrays_and_polygon_scratch_share_budget_and_owner_lifetime ... ok
test obj_swap::tests::shared_metadata_uses_previous_references_and_length_is_exact ... ok
test obj_swap::tests::native_obj_corpus_preserves_geometry_and_attribute_references ... ok
test ktx::tests::selected_mips_preserve_native_precision_orientation_and_transfer ... ok
test mrc::tests::independent_native_sample_oracles_and_metadata ... ok
test off::tests::attributes_binary_and_ascii_match_authored_data ... ok
test obj::tests::metadata_join_preserves_spacing_and_rejects_before_large_token_allocation ... ok
test off::tests::cancellation_budget_and_polygon_failures_are_explicit ... ok
test off::tests::face_color_storage_is_admitted_before_allocation ... ok
test off::tests::free_format_comments_headerless_dimension_and_malformed_inputs ... ok
test off::tests::integer_storage_boundaries_are_explicit ... ok
test off_swap::tests::block_writes_preserve_scalar_bits_across_boundaries ... ok
test off_swap::tests::blocked_arrays_preserve_records_across_non_aligned_boundaries ... ok
test off_swap::tests::every_native_face_color_kind_is_preserved ... ok
test obj::fixture_tests::common_model_matches_independent_geometry_oracles ... ok
test off::tests::managed_geometry_reserves_before_growth_and_transfers_credit_to_model ... ok
test off_swap::tests::native_attributes_and_polygon_storage_roundtrip_exactly ... ok
test ora::tests::decompression_limit_is_enforced_before_read ... ok
test ora::tests::invalid_mime_canvas_and_missing_composition_are_rejected ... ok
test ora::tests::expanded_member_holds_budget_until_drop_and_rejects_overcommit ... ok
test ora::tests::embedded_icc_is_preserved_for_display ... ok
test pcx::tests::independently_encoded_pillow_corpus_matches_pixel_oracle ... ok
test pcx::tests::indexed_rle_uses_trailing_palette_and_allows_cross_plane_runs ... ok
test pcx::tests::pcx_import_convention_reaches_linear_display ... ok
test pcx::tests::planar_bits_are_msb_first_and_plane_zero_is_least_significant ... ok
test pcx::tests::malformed_runs_and_header_shapes_fail ... ok
test pcx::tests::raw_encoding_does_not_interpret_rle_markers ... ok
test pcx::tests::rgb_planes_keep_padding_out_of_pixels_and_decode_escaped_literals ... ok
test pcx::tests::windows_version_four_uses_header_palette ... ok
test pdf::tests::half_alpha_red_is_straight_and_matches_poppler_white_composite ... ok
test pdf::tests::corrupt_embedded_image_refuses_incomplete_render_and_releases_credit ... ok
test nrrd::tests::independent_scalar_volume_oracles ... ok
test pdf::soft_mask_isolation_tests::luminosity_soft_mask_bands_preserve_alpha_and_managed_ownership ... ok
test pdf::tests::invalid_and_excessive_user_units_refuse_without_retained_credit ... ok
test pdf::tests::malformed_invoked_form_geometry_refuses_without_output_reservation ... ok
test pdf::tests::malformed_source_and_source_admission_release_credit ... ok
test off::tests::independent_geometry_oracles_preserve_surface_winding_and_float64 ... ok
test pdf::tests::missing_invoked_object_refuses_in_page_and_inherited_form ... ok
test pdf::tests::page_rotation_preserves_extent_and_matches_poppler ... ok
test pdf::tests::page_user_unit_scales_geometry_and_pixels ... ok
test pdf::tests::renderer_overflow_extents_are_rejected_before_output_allocation ... ok
test pdf::tests::nested_form_fonts_inherit_resources_and_cycles_refuse ... ok
test pdf::tests::unsupported_invoked_object_kind_refuses_without_rendering ... ok
test pfm::tests::both_endians_reverse_rows_and_preserve_hdr_and_scale ... ok
test pdf::tests::unsupported_selected_font_refuses_before_render_allocation ... ok
test pdf::tests::selected_pages_match_authored_samples_and_release_budget ... ok
test pict::command_tests::cancellation_and_visitor_failure_stop_before_next_command ... ok
test ora::tests::ora_and_kra_managed_source_and_expansion_preserve_pixels_and_profiles ... ok
test pfm::tests::grayscale_preserves_binary_whitespace_and_special_values ... ok
test pfm::tests::malformed_inputs_never_allocate_large_output ... ok
test pict::command_tests::borrowed_colors_rectangles_and_end_are_exact_and_bounded ... ok
test pict::packed_row_tests::byte_and_word_runs_preserve_units_and_exact_row_size ... ok
test pict::packed_row_tests::external_packed_rows_match_independent_rgba_oracles ... ignored, requires external PICT files and TwelveMonkeys RGBA oracle outputs
test pict::packed_row_tests::malformed_runs_cannot_overwrite_canaries_and_cancel_before_mutation ... ok
test pict::public_tests::external_96dpi_cropped_public_pixels_match_oracle ... ignored, requires external 96dpi PICT/TwelveMonkeys corpus
test pict::public_tests::external_mire_public_render_matches_independent_oracle_and_releases_scratch ... ignored, requires downloaded TwelveMonkeys PICT corpus
test pict::render_tests::authored_file_fixture_renders_full_rgba_and_releases_budget ... ok
test pict::public_tests::public_file_route_preserves_rgba_and_unspecified_color ... ok
test pict::render_tests::cancellation_during_allocated_fill_releases_output_and_allows_retry ... ok
test pdf::tests::fractional_page_extents_keep_partial_edge_pixels ... ok
test pict::render_tests::default_highlight_reset_preserves_paint_but_highlight_mode_refuses ... ok
test pict::public_tests::public_output_pressure_is_typed_and_retry_keeps_budget_clean ... ok
test pict::render_tests::direct_bits_crop_excludes_padded_columns_and_preserves_row_pitch ... ok
test bay::tests::all_ten_bit_values_storage_columns_padding_and_managed_ownership ... ok
test pict::public_tests::common_image_route_requires_explicit_color_assumption_for_display ... ok
test pict::public_tests::content_signature_routes_misleading_raw_and_unknown_suffixes ... ok
test pkm::tests::constant_alpha_reaches_linear_display ... ok
test pict::render_tests::direct_bits_unpacked_and_short_rows_preserve_rgb_and_ignore_pad_byte ... ok
test pict::render_tests::exact_fill_budget_ownership_and_unsupported_preflight ... ok
test pict::render_tests::extended_72dpi_matches_v2_and_other_resolution_refuses_before_allocation ... ok
test pict::tests::inverted_empty_and_full_signed_range_admission ... ok
test pict::render_tests::rectangular_clip_changes_apply_to_later_paints ... ok
test pict::tests::record_and_arbitrary_file_header_preserve_signed_origin_and_size ... ok
test pict::version_tests::version_headers_are_bounded_and_word_prefix_is_exact ... ok
test pix::tests::malformed_runs_are_rejected ... ok
test pix::tests::maximum_run_and_row_reset ... ok
test pkm::tests::invalid_etc1_differential_and_excessive_output_are_rejected ... ok
test ply::tests::native_integer_indices_preserve_signed_and_unsigned_boundaries ... ok
test pkm::tests::rejects_invalid_dimensions_and_payload ... ok
test ply::tests::face_before_vertex_negative_indices_nonfinite_positions_and_point_cloud_contract ... ok
test pict::public_tests::authored_unpacked_public_fixtures_match_authored_pixels ... ok
test ply::tests::header_memory_rejection_precedes_body_validation_and_cleans_up ... ok
test ply::tests::cancellation_before_io_and_during_polygon_tessellation ... ok
test ktx2::tests::all_stored_mips_match_native_sample_contracts ... ok
test ply_swap::tests::all_scalar_types_preserve_native_bits_in_independent_layout ... ok
test png_color::tests::cicp_overrides_srgb_and_unknown_primaries_do_not_become_srgb ... ok
test psd::tests::independent_prediction_retains_high_precision ... ok
test ply_swap::tests::blocked_scalar_restore_preserves_bits_and_bounds_reader_calls ... ok
test psd::tests::retains_float_values ... ok
test png_color::tests::corrupt_duplicate_and_invalid_color_chunks_are_rejected ... ok
test psd::tests::packbits_repeats_noop_and_row_limits ... ok
test psd::tests::retains_sixteen_bit_precision ... ok
test ply::tests::managed_typed_columns_lists_and_polygons_retain_exact_credit ... ok
test psd::tests::zip_rejects_truncation_and_trailing_stream_data ... ok
test raster::output_budget_tests::output_admission_precedes_png_entropy_decode_and_errors_release_reservation ... ok
test pvr::tests::associated_linear_hdr_is_unassociated_and_invalid_alpha_is_rejected ... ok
test raster::output_budget_tests::big_tiff_header_maps_to_tiff_decoder ... ok
test pvr::tests::bounds_mips_flags_channels_and_metadata_fail_explicitly ... ok
test pvr::tests::cancellation_precedes_io_and_header_validation ... ok
test pvr::tests::compressed_variable_types_do_not_bypass_codec_interpretation ... ok
test pvr::tests::selected_mip_routes_under_raw_suffix_and_is_bounded ... ok
test raster::output_budget_tests::raster_output_pressure_releases_input_and_retained_owners_hold_budget ... ok
test raster::tests::avif_integer_normalization_covers_every_10_and_12_bit_code ... ok
test camtiff::arw::tests::dsc_r1_words_are_big_endian_inside_little_endian_tiff ... ok
test raster::tests::applies_exif_rotation_and_retains_icc_bytes ... ok
test raster::tests::declared_png_srgb_and_linear_cicp_reach_linear_pixel_conversion ... ok
test raster::tests::lossless_containers_preserve_pixels_and_alpha_despite_wrong_extension ... ok
test raster::output_budget_tests::standard_pnm_variants_prepare_bt709_without_srgb_assumption ... ok
test raster::tests::rejects_stale_requests_and_unselectable_image_indices ... ok
test raster::tests::pillow_tiff_retains_embedded_icc_for_display ... ok
test raster::tests::tiny_tiff_retains_icc_and_applies_orientation_with_managed_output ... ok
test raster::tests::qoi_transfer_flag_changes_color_interpretation_without_changing_alpha ... ok
test raster::tests::radiance_hdr_values_are_not_clipped_to_one ... ok
test raster::tests::malformed_and_oversized_sources_fail_without_output_allocation ... ok
test dng::tests::decode_hook_checksum_matches_across_workers ... ok
test pvr::tests::every_fixture_prefix_is_rejected_before_partial_mip_output ... ok
test raster::tiff_alpha::tests::integer_and_hdr_unassociation_preserve_precision_and_reject_invalid_input ... ok
test raster::tests::png_retains_all_sixteen_bits ... ok
test raster_color::budget_tests::managed_linear_hdr_reuses_pixels_without_another_reservation ... ok
test raster::tests::pfm_magic_routes_through_public_api_despite_jpeg_extension ... ok
test raster_color::tests::adjacent_sixteen_bit_samples_remain_distinct_after_icc_conversion ... ok
test raster_color::tests::invalid_float_icc_input_is_refused_before_output_memory_admission ... ok
test raster_color::tests::independent_littlecms_profile_matches_srgb_reference_across_the_pattern ... ok
test raster_color::tests::wide_gamut_red_is_not_clipped_and_invalid_profiles_fail ... ok
test raster_color::budget_tests::srgb_and_icc_output_admission_preserve_samples_and_last_owner ... ok
test raster_color::tests::srgb_icc_converts_gray_without_gamma_correcting_alpha ... ok
test raster_corpus::dpx_signature_overrides_camera_suffix ... ok
test raster_corpus::dcx_selection_under_camera_suffix_preserves_page_metadata ... ok
test dng::tests::stripped_lossless_jpeg_is_bit_identical_across_workers ... ok
test raster_corpus::exr_zero_alpha_emission_is_not_silently_discarded ... ok
test raster_corpus::farbfeld_interoperability_color_and_straight_alpha_reach_display ... ok
test raster_corpus::cursor_hotspot_survives_decode_and_display_transform ... ok
test ply::tests::truncated_binary_headers_payload_and_invalid_schema_reject ... ok
test raster_corpus::openraster_mime_magic_overrides_camera_suffix ... ok
test ply::tests::all_native_columns_and_encodings_match_independent_oracles ... ok
test raster_corpus::exr_straight_alpha_matches_associated_reference_composition ... ok
test raster_corpus::nclx_srgb_avif_reaches_display_without_icc ... ok
test raster_corpus::macbinary_magic_wins_over_a_misleading_raw_extension ... ok
test raster_corpus::rla_premultiplied_interpretation_preserves_compositing ... ok
test raster_corpus::cineon_samples_match_openimageio_and_camera_suffix_routes_raster ... ok
test raster_corpus::softimage_signature_overrides_raw_extension ... ok
test raster_corpus::independent_pq10_avif_retains_precision_metadata_and_releases_credit ... ok
test rla::tests::common_raster_route_requires_explicit_alpha_then_matches_direct_api ... ok
test dng::tests::tiled_lossless_jpeg_is_bit_identical_across_workers ... ok
test raster_corpus::independent_precision_corpus_preserves_every_native_sample ... ok
test raster_corpus::rla_indexed_rows_and_byte_planes_match_openimageio ... ok
test raster_corpus::profiled_avif_reaches_linear_display_and_preserves_alpha ... ok
test rla::tests::explicit_float_byte_order_preserves_hdr_and_manages_public_output ... ok
test raster_corpus::wal_with_explicit_palette_matches_pillow_and_preserves_transparent_rgb ... ok
test rla::tests::malformed_directory_headers_and_planes_are_rejected ... ok
test rla::tests::offset_active_window_places_rows_in_transparent_full_canvas ... ok
test sgi::tests::verbatim_precision_and_bottom_up ... ok
test rla::tests::explicit_rla_api_manages_pixels_and_refuses_short_output_budget ... ok
test rla::tests::premultiplied_zero_alpha_emission_is_explicitly_rejected ... ok
test raster_corpus::wad3_selected_textures_match_vgio_indices_and_authored_palette ... ok
test sgi::tests::rle_bounds_and_termination ... ok
test sgi::tests::shared_rle_rows_and_malformed_tables ... ok
test sniff::tests::detects_orf_magics ... ok
test scientific::tests::public_window_api_selects_scientific_planes_only ... ok
test sniff::tests::detects_raf_header ... ok
test sniff::tests::detects_cr2_signature_at_offset_8 ... ok
test sniff::tests::detects_cr3_iso_bmff_brand ... ok
test sniff::tests::detects_rw2_magic ... ok
test sniff::tests::detects_tiff_family_variants ... ok
test sniff::tests::short_and_empty_inputs_never_panic ... ok
test sniff::tests::unrelated_content_is_unknown ... ok
test softimage::tests::bounded_packets_and_runs ... ok
test pvr::tests::native_sample_and_powervr_pvrtc_oracles_match ... ok
test sti::tests::indexed_and_etrle_selection_budget_and_last_owner ... ok
test raster_corpus::wal_game_tree_resolves_palette_through_public_router ... ok
test sti::tests::rgb24_zlib_preserves_samples_and_bounds_application_data ... ok
test sti::tests::rgb_masks_preserve_normalized_precision_alpha_and_budget ... ok
test sti::tests::zlib_matches_indexed_samples_and_rejects_checksum_length_and_pressure ... ok
test stl::tests::binary_and_ascii_preserve_geometry ... ok
test stl::tests::preserves_attributes_empty_mesh_and_cancellation ... ok
test stl::tests::rejects_truncation_nonfinite_and_trailing_data ... ok
test stl_swap::tests::corrupt_truncated_and_pressure_cleanup ... ok
test stl_swap::tests::exact_bits_and_last_owner_credit ... ok
test stl::tests::ascii_model_reserves_exact_facets_before_coordinate_decode ... ok
test stl::tests::public_file_api_and_cancellation_before_io ... ok
test stl_swap::tests::forged_counts_fail_before_admission_and_empty_mesh_is_managed ... ok
test sun::tests::excessive_dimensions_are_rejected_before_allocation ... ok
test stl::tests::binary_model_admits_before_facets_and_retains_reservation ... ok
test sun::tests::rle_escape_repeat_and_padding ... ok
test svg::tests::oversized_viewport ... ok
test sun::tests::bit_order_and_odd_width_alignment ... ok
test svg::tests::unsupported_content_is_not_silently_dropped ... ok
test svg::tests::fill_and_straight_alpha ... ok
test sun::tests::rejects_truncation_overrun_and_unknown_layout ... ok
test tests::generation_token_cancels_stale_work ... ok
test svg::tests::output_admission_precedes_pixmap_allocation_and_last_owner_retains_credit ... ok
test raster_corpus::softimage_packets_match_openimageio_native_samples ... ok
test tests::combined_generation_tokens_cancel_from_either_owner_and_deduplicate ... ok
test stl_swap::tests::facet_block_boundaries_preserve_all_bits_and_attributes ... ok
test tests::stale_request_is_rejected_without_io ... ok
test wad::tests::malformed_directory_mips_and_palette_fail ... ok
test wal::tests::malformed_mip_directory_and_sizes_are_rejected ... ok
test raster_corpus::dpx_storage_matches_independent_ffmpeg_samples ... ok
test wmf::tests::deletion_reuses_free_slots_and_refuses_live_objects ... ok
test wmf::tests::truncation_checksum_unknown_record_and_index_are_refused ... ok
test wmf::tests::rectangle_pixels_budget_and_last_owner ... ok
test wmf::tests::polygon_counts_are_signed_bounded_and_exact ... ok
test x3f::tests::bad_pixels_neighbor_mask_origin_edges_signed_means_and_cancel ... ok
test wmf::tests::viewport_translation_scale_and_reflection ... ok
test x3f::tests::black_smoothing_constant_outlier_invalid_and_cancel ... ok
test x3f::tests::black_scene_adjustment_sample_stride_signed_values_and_refusal ... ok
test wmf::tests::saved_context_indices_and_stack_bounds ... ok
test wmf::tests::rounded_rectangle_clamps_ellipse_and_clears_corners ... ok
test webp_animation::tests::icc_color_and_animated_orientation_are_explicit ... ok
test webp_animation::tests::truncated_ranges_and_lazy_source_restart ... ok
test x3f::tests::borrowed_unknown_section_and_all_truncated_prefixes ... ok
test x3f::tests::camf_float_access_refuses_nonfinite_wrong_type_and_bad_indices ... ok
test x3f::tests::camf_matrix_rejects_corrupt_dimensions_ranges_and_overflow ... ok
test x3f::tests::camf_property_links_refuse_truncation_offsets_and_cancel ... ok
test x3f::tests::chroma_guide_bottom_up_partial_blocks_budget_and_cancel ... ok
test x3f::tests::crop_channels_exact_rows_bounds_budget_cancel_and_lease ... ok
test x3f::tests::dark_drift_interpolates_all_channels_and_rejects_bad_rows ... ok
test x3f::tests::camf_type2_budget_cancellation_and_round_trip ... ok
test x3f::tests::chroma_smoothing_zero_border_budget_and_cancellation ... ok
test x3f::tests::highlights_threshold_transition_saturation_and_invalid_calibration ... ok
test x3f::tests::image_header_refuses_truncation_and_reports_reserved_sensor_encoding ... ok
test x3f::tests::hue_smoothing_constant_impulse_edges_budget_and_cancel ... ok
test x3f::tests::invalid_ranges_versions_dimensions_and_cancellation ... ok
test sniff::kodak_identity_tests::bounded_probe_requires_unique_native_identity_and_excludes_dng ... ok
test x3f::tests::legacy_tables_refuse_prefix_collisions_row_aliasing_and_cancel ... ok
test x3f::tests::linear_output_matrix_truncation_clamp_budget_release ... ok
test x3f::tests::noise_curve_domain_symmetry_finite_budget_and_cancellation ... ok
test x3f::tests::linear_raster_preserves_values_color_alpha_and_lease ... ok
test x3f::tests::pixel_transform_rounding_clamps_validation_and_cancel ... ok
test x3f::tests::post_polynomial_fixed_point_terms_and_overflow ... ok
test x3f::tests::properties_validate_offsets_unicode_and_cancellation ... ok
test x3f::tests::red_sharpen_constant_impulse_edges_other_channels_budget_and_cancel ... ok
test x3f::tests::shield_mean_signed_samples_bounds_and_cancellation ... ok
test x3f::tests::rotation_clockwise_non_square_budget_cancel ... ok
test x3f::tests::sigma_sd10_inventory_distinguishes_sensor_from_previews ... ignored, requires pinned Sigma SD10 X3F and independent LibRaw channel dump
test x3f::tests::sigma_sd14_native_sensor_matches_full_independent_unpack ... ignored, requires pinned CC0 Sigma SD14 source and independent enabled LibRaw unpack
test x3f::tests::shield_columns_filter_trim_and_invalid_ranges ... ok
test x3f::tests::spatial_gain_bilinear_grid_boundaries_and_invalid_values ... ok
test x3f::tests::wide_hue_smoothing_constant_impulse_border_and_release ... ok
test xbm::tests::malformed_and_oversized_source ... ok
test xbm::tests::x10_short_padding_and_lsb_order ... ok
test xcf::selected_layer_tests::hidden_only_canvas_still_checks_global_compression_before_allocation ... ok
test xcf::selected_layer_tests::selected_gimp_layers_preserve_mask_and_rollback_partial_cancellation ... ignored, requires pinned external GIMP gimp-2-6-file.xcf fixture
test xcf::selected_layer_tests::hidden_layer_pixels_do_not_consume_flatten_working_budget ... ok
test xcf::selected_layer_tests::legacy_grayscale_flatten_preserves_levels_alpha_and_last_owner ... ok
test xcf::selected_layer_tests::legacy_half_opacity_mask_preserves_uncovered_and_composited_pixels ... ok
test xcf::selected_layer_tests::legacy_flatten_preserves_indexed_pixels_and_releases_working_canvas ... ok
test xcf::selected_layer_tests::legacy_flatten_masks_visibility_and_negative_offset_keep_managed_ownership ... ok
test xcf::tests::borrowed_properties_accept_historic_palette_size_and_stop_at_end ... ok
test xcf::selected_layer_tests::legacy_normal_flatten_composes_bottom_to_top ... ok
test xcf::selected_layer_tests::selected_indexed_layers_preserve_native_bytes_and_managed_ownership ... ok
test xcf::tests::composition_attributes_preserve_auto_and_unknown_values_without_fallback ... ok
test xcf::selected_layer_tests::legacy_composition_defaults_are_explicit_and_unknown_choices_refuse_before_allocation ... ok
test xcf::tests::channel_hierarchy_decodes_under_shared_budget_and_releases_last_owner ... ok
test xcf::tests::excessive_layer_sizes_and_name_lengths_fail_before_payload_reads ... ok
test xcf::tests::channel_records_validate_parent_dimensions_and_borrow_metadata ... ok
test xcf::tests::duplicate_and_overlapping_object_offsets_are_rejected ... ok
test xcf::tests::empty_main_level_uses_one_null_pointer_and_no_tile_scratch ... ok
test xcf::tests::embedded_icc_is_borrowed_and_invalid_parasites_never_become_no_profile ... ok
test xcf::tests::float_composite_preserves_hdr_and_validates_all_samples_before_writes ... ok
test xcf::tests::high_precision_samples_preserve_hdr_and_reject_ambiguous_or_nonfinite_values ... ok
test xcf::tests::layer_attributes_preserve_signed_offsets_and_float_opacity_precedence ... ok
test xcf::tests::group_membership_borrows_paths_and_rejects_duplicate_or_unbounded_records ... ok
test xcf::tests::legacy_u8_expansion_covers_modes_palette_alpha_and_budget_rollback ... ok
test xcf::tests::hierarchy_checks_main_level_and_edge_tile_tables ... ok
test xcf::tests::layer_records_borrow_names_and_preserve_mask_references ... ok
test xcf::tests::long_rle_runs_and_invalid_lengths_are_bounded ... ok
test xcf::tests::managed_tree_resolves_groups_and_rolls_back_missing_parent_or_cancellation ... ok
test xcf::tests::malformed_and_excessive_headers_refuse_without_panics ... ok
test xcf::tests::managed_level_assembly_keeps_edge_rows_and_rolls_back_failures ... ok
test xcf::tests::premultiplied_group_scales_color_once_and_matches_straight_source_over ... ok
test xcf::tests::normal_composite_preserves_alpha_mask_clipping_and_input_validation ... ok
test xcf::tests::rgba_preparation_transfers_shared_owner_at_full_ram_capacity ... ok
test xcf::tests::object_tables_are_borrowed_and_validate_both_offset_widths ... ok
test xcf::tests::palette_extraction_refuses_duplicates_and_trailing_malformed_properties ... ok
test xcf::tests::tile_codecs_match_interleaved_pixels_and_leave_source_untouched ... ok
test xcf::tests::valid_indexed_v1_files_preserve_native_palette_and_bounded_rgba ... ok
test raster_corpus::avif_clean_aperture_file_refusals_release_managed_input_and_output ... ok
test xcf::tests::version_specific_precision_and_offset_layouts ... ok
test raster_corpus::precision_containers_reject_truncated_headers_and_pixels ... ok
test xpm::tests::malformed_palette_rows_and_colors ... ok
test xpm::tests::sixteen_bit_palette_preserves_adjacent_samples_and_transparency ... ok
test xpm::tests::twelve_bit_palette_scales_to_full_sixteen_bit_range ... ok
test xcf::tests::property_truncation_and_count_limit_are_terminal_errors ... ok
test xcf::selected_layer_tests::common_raster_route_preserves_xcf_pixels_profile_and_budget ... ok
test xpm::tests::xpm2_multichar_transparency ... ok
test xcf::tests::every_half_pattern_matches_independent_python_ieee_oracle_or_is_refused ... ok
test webp_animation::tests::selected_linear_presentations_timing_and_disposal ... ok
test raster_corpus::each_independent_container_rejects_a_truncated_header ... ok
test ply_swap::tests::native_fixture_framing_length_matches_all_encodings_and_precision ... ok
test raster_corpus::independent_raster_corpus_matches_dimensions_alpha_and_pixels ... ok

test result: ok. 787 passed; 0 failed; 47 ignored; 0 measured; 0 filtered out; finished in 0.24s

