   Compiling rrrah-decode v0.1.0 (/Users/themoretheless/Documents/Sources/rrrah/crates/rrrah-decode)
   Compiling rrrah v0.1.0 (/Users/themoretheless/Documents/Sources/rrrah/crates/rrrah-app)
    Finished `test` profile [optimized + debuginfo] target(s) in 4.69s
     Running tests/pdf_readback.rs (/tmp/rrrah-required-corpus-target/debug/deps/pdf_readback-819b7e4dc0937007)

running 1 test
Independent raster adapter: Metal Apple M4 Max
cairo-rect: independent GPU max channel error 0
rotate90: independent GPU max channel error 0
geometry-unit: independent GPU max channel error 0
gradient-center-strips-cmyk: independent GPU max channel error 0
cmyk-image8: independent GPU max channel error 1
cmyk-app14-profiled: independent GPU max channel error 0
ycck-app14-profiled: independent GPU max channel error 0
cmyk-profiled-orientation-1: independent GPU max channel error 1
cmyk-profiled-orientation-2: independent GPU max channel error 1
cmyk-profiled-orientation-3: independent GPU max channel error 1
cmyk-profiled-orientation-4: independent GPU max channel error 1
cmyk-profiled-orientation-5: independent GPU max channel error 1
cmyk-profiled-orientation-6: independent GPU max channel error 1
cmyk-profiled-orientation-7: independent GPU max channel error 1
cmyk-profiled-orientation-8: independent GPU max channel error 1
ycck-profiled-orientation-1: independent GPU max channel error 1
ycck-profiled-orientation-2: independent GPU max channel error 1
ycck-profiled-orientation-3: independent GPU max channel error 1
ycck-profiled-orientation-4: independent GPU max channel error 1
ycck-profiled-orientation-5: independent GPU max channel error 1
ycck-profiled-orientation-6: independent GPU max channel error 1
ycck-profiled-orientation-7: independent GPU max channel error 1
ycck-profiled-orientation-8: independent GPU max channel error 1
test independently_referenced_pdfs_and_profiled_jpegs_match_through_ram_swap_and_metal ... ok

test result: ok. 1 passed; 0 failed; 0 ignored; 0 measured; 2 filtered out; finished in 0.39s

