   Compiling proc-macro2 v1.0.107
   Compiling unicode-ident v1.0.24
   Compiling quote v1.0.47
   Compiling cfg-if v1.0.4
   Compiling bitflags v2.13.1
   Compiling libm v0.2.16
   Compiling libc v0.2.190
   Compiling once_cell v1.21.4
   Compiling autocfg v1.5.1
   Compiling find-msvc-tools v0.1.9
   Compiling shlex v2.0.1
   Compiling log v0.4.33
   Compiling smallvec v1.15.2
   Compiling arrayvec v0.7.8
   Compiling simd-adler32 v0.3.10
   Compiling zerocopy v0.8.55
   Compiling version_check v0.9.5
   Compiling adler2 v2.0.1
   Compiling thiserror v2.0.19
   Compiling objc2-encode v4.1.0
   Compiling crc32fast v1.5.2
   Compiling cfg_aliases v0.2.2
   Compiling target-lexicon v0.13.5
   Compiling miniz_oxide v0.9.1
   Compiling tracing-core v0.1.36
   Compiling zlib-rs v0.6.8
   Compiling foldhash v0.2.0
   Compiling winnow v1.0.4
   Compiling heck v0.5.0
   Compiling pin-project-lite v0.2.17
   Compiling tracing v0.1.44
   Compiling toml_parser v1.1.2+spec-1.1.0
   Compiling num-traits v0.2.19
   Compiling hashbrown v0.17.1
   Compiling serde_spanned v1.1.1
   Compiling toml_datetime v1.1.1+spec-1.1.0
   Compiling toml v1.1.3+spec-1.1.0
   Compiling version-compare v0.2.1
   Compiling objc2 v0.6.4
   Compiling pkg-config v0.3.33
   Compiling glob v0.3.4
   Compiling prettyplease v0.2.37
   Compiling static_assertions v1.1.0
   Compiling memchr v2.8.3
   Compiling clang-sys v1.9.1
   Compiling syn v2.0.119
   Compiling syn v3.0.2
   Compiling equivalent v1.0.2
   Compiling indexmap v2.14.0
   Compiling jxl-bitstream v1.1.0
   Compiling miniz_oxide v0.8.9
   Compiling flate2 v1.1.10
   Compiling libloading v0.8.9
   Compiling either v1.16.0
   Compiling minimal-lexical v0.2.1
   Compiling cfg-expr v0.20.9
   Compiling regex-syntax v0.8.11
   Compiling nom v7.1.3
   Compiling fdeflate v0.3.7
   Compiling siphasher v1.0.4
   Compiling itertools v0.10.5
   Compiling jxl-oxide-common v1.0.0
   Compiling jxl-grid v0.6.2
   Compiling ahash v0.8.12
   Compiling alloc-no-stdlib v2.0.4
   Compiling shlex v1.3.0
   Compiling rustc-hash v1.1.0
   Compiling paste v1.0.15
   Compiling regex-automata v0.4.16
   Compiling alloc-stdlib v0.2.4
   Compiling system-deps v7.0.8
   Compiling jxl-coding v1.0.1
   Compiling jxl-threadpool v1.0.0
   Compiling cexpr v0.6.0
   Compiling jobserver v0.1.35
   Compiling cc v1.3.0
   Compiling num-integer v0.1.47
   Compiling naga v30.0.0
   Compiling rustc-hash v2.1.3
   Compiling arrayref v0.3.9
   Compiling parking_lot_core v0.9.12
   Compiling weezl v0.1.12
   Compiling objc2-core-foundation v0.3.2
   Compiling block2 v0.6.2
   Compiling unicode-width v0.2.2
   Compiling bit-vec v0.9.1
   Compiling regex v1.13.1
   Compiling rustix v0.38.44
   Compiling raw-window-handle v0.6.2
   Compiling serde_core v1.0.229
   Compiling fearless_simd v0.4.1
   Compiling zune-core v0.5.3
   Compiling bitflags v1.3.2
   Compiling bit-set v0.10.0
   Compiling zune-jpeg v0.5.15
   Compiling objc2-foundation v0.3.2
   Compiling objc2-core-graphics v0.3.2
   Compiling codespan-reporting v0.13.1
   Compiling num-bigint v0.4.8
   Compiling errno v0.3.14
   Compiling brotli-decompressor v5.0.3
   Compiling synstructure v0.14.0
   Compiling pulp v0.22.3
   Compiling polycool v0.4.0
   Compiling system-deps v8.0.0
   Compiling objc-sys v0.3.5
   Compiling scopeguard v1.2.0
   Compiling pxfm v0.1.30
   Compiling quick-error v2.0.1
   Compiling color_quant v1.1.0
   Compiling dav1d-sys v0.8.3
   Compiling num-rational v0.4.2
   Compiling objc2-metal v0.3.2
   Compiling lock_api v0.4.14
   Compiling kurbo v0.13.1
   Compiling jxl-modular v0.11.3
   Compiling jxl-image v0.13.0
   Compiling png v0.18.1
   Compiling phf_shared v0.13.1
   Compiling core_maths v0.1.1
   Compiling slotmap v1.1.1
   Compiling wgpu-hal v30.0.0
   Compiling reborrow v0.5.5
   Compiling lazy_static v1.5.1
   Compiling serde v1.0.229
   Compiling fastrand v2.5.0
   Compiling byteorder-lite v0.1.0
   Compiling link-cplusplus v1.0.12
   Compiling pulp-wasm-simd-flag v0.1.1
   Compiling rrrah-memory v0.1.0 (/Users/themoretheless/Documents/Sources/rrrah/crates/rrrah-memory)
   Compiling bindgen v0.72.1
   Compiling bytes v1.12.1
   Compiling float-cmp v0.9.0
   Compiling home v0.5.12
   Compiling bindgen v0.69.5
   Compiling objc2-quartz-core v0.3.2
   Compiling byte-slice-cast v1.2.3
   Compiling which v4.4.2
   Compiling strict-num v0.1.1
   Compiling raw-window-metal v1.1.0
   Compiling image-webp v0.2.4
   Compiling blake3 v1.8.5
   Compiling phf_generator v0.13.1
   Compiling ttf-parser v0.25.1
   Compiling moxcms v0.8.1
   Compiling jxl-vardct v0.11.1
   Compiling parking_lot v0.12.5
   Compiling cmake v0.1.58
   Compiling euclid v0.22.14
   Compiling zune-inflate v0.2.54
   Compiling bitreader v0.3.11
   Compiling profiling v1.0.18
   Compiling fax v0.2.7
   Compiling getrandom v0.4.3
   Compiling hayro-ccitt v0.3.0
   Compiling utf8parse v0.2.2
   Compiling lebe v0.5.3
   Compiling bit_field v0.10.3
   Compiling byteorder v1.5.0
   Compiling thiserror v1.0.69
   Compiling rustix v1.1.4
   Compiling linebender_resource_handle v0.1.1
   Compiling lazycell v1.3.0
   Compiling anstyle-parse v1.0.0
   Compiling hayro-jbig2 v0.3.0
   Compiling guillotiere v0.7.0
   Compiling jxl-frame v0.13.3
   Compiling objc2 v0.5.2
   Compiling charls-sys v2.4.5
   Compiling basis-universal-sys v0.3.1
   Compiling openjpeg-sys v1.0.12
   Compiling hayro-jpeg2000 v0.3.5
   Compiling gif v0.14.2
   Compiling brotli v8.0.4
   Compiling aho-corasick v1.1.4
   Compiling thiserror-impl v2.0.19
   Compiling zerofrom-derive v0.1.8
   Compiling serde_derive v1.0.229
   Compiling libheif-sys v5.3.1+1.23.1
   Compiling yoke-derive v0.8.4
   Compiling wgpu-core v30.0.0
   Compiling kurbo v0.11.3
   Compiling zmij v1.0.23
   Compiling anstyle-query v1.1.5
   Compiling anstyle v1.0.14
   Compiling constant_time_eq v0.4.2
   Compiling is_terminal_polyfill v1.70.2
   Compiling litrs v1.0.0
   Compiling unicode-bidi-mirroring v0.4.0
   Compiling core-foundation-sys v0.8.7
   Compiling unicode-script v0.5.8
   Compiling unicode-ccc v0.4.0
   Compiling hayro-postscript v0.1.0
   Compiling tinyvec v1.13.3
   Compiling unicode-properties v0.1.4
   Compiling stable_deref_trait v1.2.1
   Compiling colorchoice v1.0.5
   Compiling anyhow v1.0.104
   Compiling fontdb v0.23.0
   Compiling anstream v1.0.0
   Compiling document-features v0.2.12
   Compiling hayro-cmap v0.1.0
   Compiling core-foundation v0.9.4
   Compiling svgtypes v0.15.3
   Compiling hayro-syntax v0.7.2
   Compiling block2 v0.5.1
   Compiling jxl-color v0.11.0
   Compiling zerofrom v0.1.8
   Compiling naga-types v30.0.0
   Compiling png v0.17.16
   Compiling wgpu v30.0.0
   Compiling simplecss v0.2.2
   Compiling yoke v0.8.3
   Compiling pico-args v0.5.0
   Compiling data-url v0.3.2
   Compiling foreign-types-shared v0.3.1
   Compiling crossbeam-utils v0.8.22
   Compiling dispatch v0.2.0
   Compiling zune-core v0.4.12
   Compiling roxmltree v0.20.0
   Compiling imagesize v0.13.0
   Compiling base64 v0.22.1
   Compiling unicode-vo v0.1.0
   Compiling xmlwriter v0.1.0
   Compiling unicode-bidi v0.3.18
   Compiling serde_json v1.0.151
   Compiling tempfile v3.27.0
   Compiling zune-jpeg v0.4.21
   Compiling objc2-foundation v0.2.2
   Compiling core-graphics-types v0.1.3
   Compiling jxl-jbr v0.2.1
   Compiling pic-scale v0.7.12
   Compiling gif v0.13.3
   Compiling winit v0.30.13
   Compiling four-cc v0.4.0
   Compiling itoa v1.0.18
   Compiling jiff-core v0.1.0
   Compiling option-ext v0.2.0
   Compiling clap_lex v1.1.0
   Compiling strsim v0.11.1
   Compiling clap_builder v4.6.2
   Compiling bytemuck_derive v1.11.0
   Compiling zerocopy-derive v0.8.55
   Compiling num-derive v0.4.2
   Compiling thiserror-impl v1.0.69
   Compiling phf_macros v0.13.1
   Compiling rrrah-core v0.1.0 (/Users/themoretheless/Documents/Sources/rrrah/crates/rrrah-core)
   Compiling foreign-types-macros v0.2.3
   Compiling av-data v0.4.4
   Compiling dav1d v0.11.1
   Compiling enumn v0.1.14
   Compiling phf v0.13.1
   Compiling charls v0.4.2
   Compiling objc2-app-kit v0.2.2
   Compiling jiff v0.2.34
   Compiling foreign-types v0.5.0
   Compiling core-graphics v0.23.2
   Compiling clap_derive v4.6.3
   Compiling dirs-sys v0.5.0
   Compiling libheif-rs v3.0.0
   Compiling env_filter v2.0.0
   Compiling rrrah-swap v0.1.0 (/Users/themoretheless/Documents/Sources/rrrah/crates/rrrah-swap)
   Compiling texture2ddecoder v0.1.2
   Compiling bytemuck v1.25.2
   Compiling zip v6.0.0
   Compiling smol_str v0.2.2
   Compiling dpi v0.1.2
   Compiling cursor-icon v1.2.0
   Compiling env_logger v0.11.11
   Compiling num-complex v0.4.6
   Compiling wgpu-types v30.0.0
   Compiling color v0.3.3
   Compiling font-types v0.11.3
   Compiling read-fonts v0.39.2
   Compiling peniko v0.6.1
   Compiling tiny-skia-path v0.11.4
   Compiling qoi v0.4.1
   Compiling vello_common v0.0.8
   Compiling rustybuzz v0.20.1
   Compiling vello_cpu v0.0.8
   Compiling usvg v0.45.1
   Compiling tiny-skia v0.11.4
   Compiling rgb v0.8.53
   Compiling jxl-render v0.12.4
   Compiling jpeg2k v0.10.1
   Compiling resvg v0.45.1
   Compiling rrrah-cache v0.1.0 (/Users/themoretheless/Documents/Sources/rrrah/crates/rrrah-cache)
   Compiling crossbeam-channel v0.5.16
   Compiling directories v6.0.0
   Compiling rrrah-cuda v0.1.0 (/Users/themoretheless/Documents/Sources/rrrah/crates/rrrah-cuda)
   Compiling pollster v0.4.0
   Compiling half v2.7.1
   Compiling hashbrown v0.13.2
   Compiling jpegxr v0.3.1
   Compiling fallible_collections v0.4.9
   Compiling exr v1.74.2
   Compiling mp4parse v0.17.0
   Compiling tiff v0.11.3
   Compiling skrifa v0.42.1
   Compiling clap v4.6.3
   Compiling astcenc-sys v0.2.0
   Compiling image v0.25.10
   Compiling hayro-interpret v0.7.0
   Compiling wgpu-naga-bridge v30.0.0
   Compiling wgpu-core-deps-apple v30.0.0
   Compiling hayro v0.7.1
   Compiling jxl-oxide v0.12.6
   Compiling basis-universal v0.3.1
   Compiling rrrah-decode v0.1.0 (/Users/themoretheless/Documents/Sources/rrrah/crates/rrrah-decode)
   Compiling rrrah-gpu v0.1.0 (/Users/themoretheless/Documents/Sources/rrrah/crates/rrrah-gpu)
   Compiling rrrah v0.1.0 (/Users/themoretheless/Documents/Sources/rrrah/crates/rrrah-app)
    Finished `test` profile [optimized + debuginfo] target(s) in 3m 09s
     Running unittests src/main.rs (/tmp/rrrah-required-corpus-target/debug/deps/rrrah-9f57a70452950339)

running 5 tests
test foreground_loader_tests::rla_cache_alpha_policy_cannot_bypass_strict_refusal ... ok
test foreground_loader_tests::rla_float_byte_order_isolated_in_actual_display_cache ... ok
test foreground_loader_tests::rla_offset_canvas_thumbnail_preserves_extent_and_releases_budget ... ok
test foreground_loader_tests::rla_cli_policy_reaches_requests_and_thumbnail_loader ... ok
test foreground_loader_tests::rla_straight_and_premultiplied_use_distinct_cached_pixels ... ok

test result: ok. 5 passed; 0 failed; 0 ignored; 0 measured; 164 filtered out; finished in 0.00s

