warning: function `error` is never used
 --> crates/rrrah-decode/src/camtiff/mef_sensor.rs:4:4
  |
4 | fn error(message: &str) -> DecodeError {
  |    ^^^^^
  |
  = note: `#[warn(dead_code)]` (part of `#[warn(unused)]`) on by default

warning: function `packed_12` is never used
 --> crates/rrrah-decode/src/camtiff/mef_sensor.rs:9:4
  |
9 | fn packed_12(
  |    ^^^^^^^^^

warning: function `decode_zd` is never used
  --> crates/rrrah-decode/src/camtiff/mef_sensor.rs:48:15
   |
48 | pub(super) fn decode_zd(
   |               ^^^^^^^^^

warning: `rrrah-decode` (lib) generated 3 warnings
   Compiling rrrah v0.1.0 (/Users/themoretheless/Documents/Sources/rrrah/crates/rrrah-app)
    Finished `dev` profile [optimized + debuginfo] target(s) in 1.17s
     Running `/tmp/rrrah-required-corpus-target/debug/examples/raw_view_timing --cache-only /tmp/rrrah-10d.crw`
rrrah-10d.crw decode p50=124.646416ms p95=129.345666ms
rrrah-10d.crw disk p50=8.198834ms p95=8.800208ms
rrrah-10d.crw swap p50=8.114625ms p95=8.406625ms
rrrah-10d.crw ram p50=0.000167ms p95=0.000206ms
rrrah-10d.crw managed root used=0 peak=33860674 limit=536870912; restore used=0 peak=13036672 limit=26073344
