    Blocking waiting for file lock on package cache
warning: function `error` is never used
 --> crates/rrrah-decode/src/camtiff/mef_sensor.rs:4:4
  |
4 | fn error(message: &str) -> DecodeError {
  |    ^^^^^
  |
  = note: `#[warn(dead_code)]` (part of `#[warn(unused)]`) on by default

warning: function `packed_12` is never used
 --> crates/rrrah-decode/src/camtiff/mef_sensor.rs:9:4
  |
9 | fn packed_12(
  |    ^^^^^^^^^

warning: function `decode_zd` is never used
  --> crates/rrrah-decode/src/camtiff/mef_sensor.rs:48:15
   |
48 | pub(super) fn decode_zd(
   |               ^^^^^^^^^

warning: `rrrah-decode` (lib) generated 3 warnings
   Compiling rrrah v0.1.0 (/Users/themoretheless/Documents/Sources/rrrah/crates/rrrah-app)
    Finished `dev` profile [optimized + debuginfo] target(s) in 2.54s
     Running `/tmp/rrrah-required-corpus-target/debug/examples/raw_view_timing --swap-view /tmp/rrrah-10d.crw`
adapter: Metal Apple M4 Max
rrrah-10d.crw: 15 samples / 3 warmups; swap_restore p50/p95 8.396/8.806 ms; upload enqueue 3.378/3.869 ms; frame completion 4.156/4.246 ms; total 15.981/16.576 ms
rrrah-10d.crw: resident zoom/pan 60 frames; p50/p95 1.186/2.951 ms
managed_cpu: used=0 peak=66154376 limit=67108864
managed_gpu: used=0 peak=39790864 limit=134217728
