    Blocking waiting for file lock on build directory
   Compiling rrrah-core v0.1.0 (/Users/themoretheless/Documents/Sources/rrrah/crates/rrrah-core)
   Compiling rrrah-swap v0.1.0 (/Users/themoretheless/Documents/Sources/rrrah/crates/rrrah-swap)
   Compiling rrrah-gpu v0.1.0 (/Users/themoretheless/Documents/Sources/rrrah/crates/rrrah-gpu)
   Compiling rrrah-cache v0.1.0 (/Users/themoretheless/Documents/Sources/rrrah/crates/rrrah-cache)
   Compiling rrrah-decode v0.1.0 (/Users/themoretheless/Documents/Sources/rrrah/crates/rrrah-decode)
warning: function `error` is never used
 --> crates/rrrah-decode/src/camtiff/mef_sensor.rs:4:4
  |
4 | fn error(message: &str) -> DecodeError {
  |    ^^^^^
  |
  = note: `#[warn(dead_code)]` (part of `#[warn(unused)]`) on by default

warning: function `packed_12` is never used
 --> crates/rrrah-decode/src/camtiff/mef_sensor.rs:9:4
  |
9 | fn packed_12(
  |    ^^^^^^^^^

warning: function `decode_zd` is never used
  --> crates/rrrah-decode/src/camtiff/mef_sensor.rs:48:15
   |
48 | pub(super) fn decode_zd(
   |               ^^^^^^^^^

warning: `rrrah-decode` (lib) generated 3 warnings
   Compiling rrrah v0.1.0 (/Users/themoretheless/Documents/Sources/rrrah/crates/rrrah-app)
    Finished `dev` profile [optimized + debuginfo] target(s) in 11.18s
     Running `/tmp/rrrah-required-corpus-target/debug/examples/raw_view_timing --cache-only tests/IMG_9074.CR3`
IMG_9074.CR3 decode p50=44.160333ms p95=45.460792ms
IMG_9074.CR3 disk p50=33.678000ms p95=35.740917ms
IMG_9074.CR3 swap p50=32.987291ms p95=33.915792ms
IMG_9074.CR3 ram p50=0.000175ms p95=0.000195ms
IMG_9074.CR3 managed root used=0 peak=123346706 limit=536870912; restore used=0 peak=50989120 limit=101978240
