warning: function `error` is never used
 --> crates/rrrah-decode/src/camtiff/mef_sensor.rs:4:4
  |
4 | fn error(message: &str) -> DecodeError {
  |    ^^^^^
  |
  = note: `#[warn(dead_code)]` (part of `#[warn(unused)]`) on by default

warning: function `packed_12` is never used
 --> crates/rrrah-decode/src/camtiff/mef_sensor.rs:9:4
  |
9 | fn packed_12(
  |    ^^^^^^^^^

warning: function `decode_zd` is never used
  --> crates/rrrah-decode/src/camtiff/mef_sensor.rs:48:15
   |
48 | pub(super) fn decode_zd(
   |               ^^^^^^^^^

warning: `rrrah-decode` (lib) generated 3 warnings
    Finished `dev` profile [optimized + debuginfo] target(s) in 0.24s
     Running `/tmp/rrrah-required-corpus-target/debug/examples/raw_view_timing --cache-only tests/IMG_9074.CR3`
IMG_9074.CR3 decode p50=55.273958ms p95=60.111750ms
IMG_9074.CR3 disk p50=38.859458ms p95=42.814416ms
IMG_9074.CR3 swap p50=37.942958ms p95=40.180625ms
IMG_9074.CR3 ram p50=0.000199ms p95=0.000259ms
IMG_9074.CR3 managed root used=0 peak=123346706 limit=268435456; restore used=0 peak=50989120 limit=101978240
