warning: function `error` is never used
 --> crates/rrrah-decode/src/camtiff/mef_sensor.rs:4:4
  |
4 | fn error(message: &str) -> DecodeError {
  |    ^^^^^
  |
  = note: `#[warn(dead_code)]` (part of `#[warn(unused)]`) on by default

warning: function `packed_12` is never used
 --> crates/rrrah-decode/src/camtiff/mef_sensor.rs:9:4
  |
9 | fn packed_12(
  |    ^^^^^^^^^

warning: function `decode_zd` is never used
  --> crates/rrrah-decode/src/camtiff/mef_sensor.rs:48:15
   |
48 | pub(super) fn decode_zd(
   |               ^^^^^^^^^

warning: `rrrah-decode` (lib) generated 3 warnings
   Compiling rrrah v0.1.0 (/Users/themoretheless/Documents/Sources/rrrah/crates/rrrah-app)
    Finished `test` profile [optimized + debuginfo] target(s) in 3.37s
     Running unittests src/main.rs (/tmp/rrrah-required-corpus-target/debug/deps/rrrah-14505e7826a95226)

running 1 test
SD10 application RAM hit and count-pressure swap roundtrip exact; all leases released
test raster_swap_viewer_tests::real_x3f_display_ram_hit_and_swap_restore_exact ... ok

test result: ok. 1 passed; 0 failed; 0 ignored; 0 measured; 157 filtered out; finished in 1.01s

