   Compiling rrrah-decode v0.1.0 (/Users/themoretheless/Documents/Sources/rrrah/crates/rrrah-decode)
    Finished `test` profile [optimized + debuginfo] target(s) in 18.55s
     Running unittests src/lib.rs (/tmp/rrrah-required-corpus-target/debug/deps/rrrah_decode-fef1cf096a77eef0)

running 17 tests
test x3f::tests::black_scene_adjustment_sample_stride_signed_values_and_refusal ... ok
test x3f::tests::borrowed_unknown_section_and_all_truncated_prefixes ... ok
test x3f::tests::black_smoothing_constant_outlier_invalid_and_cancel ... ok
test x3f::tests::camf_float_access_refuses_nonfinite_wrong_type_and_bad_indices ... ok
test x3f::tests::camf_property_links_refuse_truncation_offsets_and_cancel ... ok
test x3f::tests::camf_matrix_rejects_corrupt_dimensions_ranges_and_overflow ... ok
test x3f::tests::dark_drift_interpolates_all_channels_and_rejects_bad_rows ... ok
test x3f::tests::invalid_ranges_versions_dimensions_and_cancellation ... ok
test x3f::tests::image_header_refuses_truncation_and_reports_reserved_sensor_encoding ... ok
test x3f::tests::legacy_tables_refuse_prefix_collisions_row_aliasing_and_cancel ... ok
test x3f::tests::post_polynomial_fixed_point_terms_and_overflow ... ok
test x3f::tests::properties_validate_offsets_unicode_and_cancellation ... ok
test x3f::tests::shield_columns_filter_trim_and_invalid_ranges ... ok
test x3f::tests::shield_mean_signed_samples_bounds_and_cancellation ... ok
test x3f::tests::camf_type2_budget_cancellation_and_round_trip ... ok
test x3f::tests::spatial_gain_bilinear_grid_boundaries_and_invalid_values ... ok
test x3f::tests::sigma_sd10_inventory_distinguishes_sensor_from_previews ... ok

test result: ok. 17 passed; 0 failed; 0 ignored; 0 measured; 788 filtered out; finished in 1.01s

