warning: function `error` is never used
 --> crates/rrrah-decode/src/camtiff/mef_sensor.rs:4:4
  |
4 | fn error(message: &str) -> DecodeError {
  |    ^^^^^
  |
  = note: `#[warn(dead_code)]` (part of `#[warn(unused)]`) on by default

warning: function `packed_12` is never used
 --> crates/rrrah-decode/src/camtiff/mef_sensor.rs:9:4
  |
9 | fn packed_12(
  |    ^^^^^^^^^

warning: function `decode_zd` is never used
  --> crates/rrrah-decode/src/camtiff/mef_sensor.rs:48:15
   |
48 | pub(super) fn decode_zd(
   |               ^^^^^^^^^

warning: `rrrah-decode` (lib) generated 3 warnings
   Compiling rrrah v0.1.0 (/Users/themoretheless/Documents/Sources/rrrah/crates/rrrah-app)
    Finished `dev` profile [optimized + debuginfo] target(s) in 2.64s
     Running `/tmp/rrrah-required-corpus-target/debug/examples/raw_view_timing --raster-view /tmp/rrrah-sigma-sd10.x3f`
adapter: Metal Apple M4 Max
/tmp/rrrah-sigma-sd10.x3f raster decode+prepare+upload+completed-frame p50=932.374 p95=942.220 ms n=15
raster managed CPU peak=113978248 GPU peak=109759072; released CPU=0 GPU=0
